C_ACCEPT_CONTRACT = 63788
C_ACCEPT_FRIEND = 59298
C_ACCEPT_GUILD_APPLY = 33737
C_ADD_CRYSTAL_COMBINE_MATERIAL = 26742
C_ADD_FRIEND = 32760
C_ADD_FRIEND_GROUP = 29597
C_ADD_INTER_PARTY_MATCH_POOL = 39500
C_ADD_ITEM_TO_VM_BUY_BASKET = 49619
C_ADD_ITEM_TO_VM_SELL_BASKET = 45431
C_ADD_TELEPORT_TO_POS_LIST = 31642
C_ADD_TRADE_BAG = 21930
C_ADMIN = 50257
C_ADMIN_ADD_CUSTOM_BOOKMARK = 29037
C_ADMIN_CHAT_BAN = 34859
C_ADMIN_CHECK_USERNAME = 59980
C_ADMIN_GET_DUNGEON_USER_LIST = 47647
C_ADMIN_GET_USER_INFO_BY_DBID = 47412
C_ADMIN_GET_USER_INFO_LIST_BY_DISTANCE = 58135
C_ADMIN_GMEVENT_NOTICE = 37848
C_ADMIN_GMEVENT_OFF = 57293
C_ADMIN_GMEVENT_OX_QUIZ_NEXT_QUIZ = 32699
C_ADMIN_GMEVENT_OX_QUIZ_NEXT_REPE_QUIZ = 45397
C_ADMIN_GMEVENT_STATUS = 56551
C_ADMIN_GMEVENT_USER_KICK = 63790
C_ADMIN_GMEVENT_USER_SUMMON = 58180
C_ADMIN_GM_MAPTELEPORT = 34643
C_ADMIN_GM_SKILL = 37789
C_ADMIN_GM_TELEPORT = 37018
C_ADMIN_HOLD_CHARACTER = 59514
C_ADMIN_KILL_NPC = 40198
C_ADMIN_LOBBY = 52870
C_ADMIN_REMOVE_CUSTOM_BOOKMARK = 22857
C_ADMIN_REMOVE_NPC = 38459
C_ADMIN_REQUEST_CUSTOM_BOOKMARK = 24326
C_ADMIN_REQUEST_DEFAULT_BOOKMARK = 26469
C_ADMIN_REQUEST_USERACTION = 54534
C_ADMIN_REQUEST_USERINFO = 28504
C_ADMIN_SPAWN_NPC = 48157
C_ADMIN_VANISH_PET = 35204
C_ADMIN_WARNING_MESSAGE = 55098
C_ANSWER_BANNING_PARTY_MEMBER = 50193
C_ANS_QUEST_SHARE = 33510
C_APPLY_GUILD = 63429
C_APPLY_PARTY = 65479
C_APPLY_TITLE = 37713
C_ASK_HANCOIN_AMOUNT = 52726
C_ASK_INTERACTIVE = 63155
C_AVAILABLE_EVENT_MATCHING_LIST = 42957
C_AWESOMIUM_WEB_COUNTING = 57219
C_BANISH_GUILD_MEMBER = 41086
C_BAN_FROM_GROUP_DUEL = 21423
C_BAN_PARTY_MEMBER = 51090
C_BATTLE_FIELD_BOARD_REQUEST = 42092
C_BATTLE_FIELD_CANCEL_OCCUPATION = 53707
C_BATTLE_FIELD_HELP = 55799
C_BATTLE_FIELD_MAP_ALARM = 64281
C_BATTLE_FIELD_POINT_STORE_BUY_ADD_BASKET = 28763
C_BATTLE_FIELD_POINT_STORE_BUY_DEL_BASKET = 54266
C_BATTLE_FIELD_POINT_STORE_COMMIT = 24917
C_BATTLE_FIELD_REWARD = 58834
C_BATTLE_FIELD_START_OCCUPATION = 50953
C_BETTING_TRY = 23121
C_BIND_ITEM_BEGIN_PROGRESS = 42871
C_BIND_ITEM_EXECUTE = 47858
C_BLOCK_USER = 60216
C_BOARD_ITEM_LIST = 46466
C_BROADCAST_CLIMBING = 25783
C_BUY_INGAMESTORE_MONEYPRODUCT = 24798
C_BUY_INGAMESTORE_TCATPRODUCT = 27883
C_BUY_VILLAGER_BUFF = 30442
C_CANCEL_CHANGE_USER_APPEARANCE = 25686
C_CANCEL_CONTRACT = 53915
C_CANCEL_DELETE_USER = 23500
C_CANCEL_DUNGEON_RETRY = 37721
C_CANCEL_EXIT = 37375
C_CANCEL_FIX_VEHICLE = 27564
C_CANCEL_LOCKON_TARGET = 27782
C_CANCEL_PENDING = 35547
C_CANCEL_PREPARE_CHANGE_USER_APPEARANCE = 27289
C_CANCEL_QUEST = 42491
C_CANCEL_RETURN_TO_LOBBY = 29056
C_CANCEL_REVIVE = 46880
C_CANCEL_SELECT_CHANNEL = 49543
C_CANCEL_SKILL = 62759
C_CAN_CREATE_USER = 41356
C_CAN_LOCKON_TARGET = 63961
C_CHANGE_CHANNEL_PASSWORD = 59886
C_CHANGE_CHARACTER = 53444
C_CHANGE_EQUIP_PRESET = 40774
C_CHANGE_FRIEND_MEMO = 51225
C_CHANGE_GROUP_DUEL_SETTING = 33670
C_CHANGE_GUILDGROUP = 50412
C_CHANGE_GUILDNAME = 60731
C_CHANGE_GUILD_CHIEF = 32781
C_CHANGE_ITEM_COLORING_POTION = 42451
C_CHANGE_ITEM_PASSIVE_LIST = 23012
C_CHANGE_LOOKS_PREMIUM_TRY = 45019
C_CHANGE_MY_PROFILE = 64134
C_CHANGE_MY_STATE = 50496
C_CHANGE_PARTY_MANAGER = 55699
C_CHANGE_PARTY_MEMBER_AUTHORITY = 34819
C_CHANGE_SERVANT_NAME = 63610
C_CHANGE_USER_LOBBY_SLOT_ID = 32465
C_CHANGE_USER_NAME = 38153
C_CHANGE_VM_MODE = 61793
C_CHAT = 35550
C_CHAT_REPORT = 44419
C_CHECK_CHANGE_GUILDNAME = 64909
C_CHECK_EVENT_MATCHING_LIST_CHECKBOX = 33648
C_CHECK_EVENT_SYSTEM_REWARD = 54420
C_CHECK_TO_DECLARE_GUILD_WAR = 58451
C_CHECK_TO_OPPOSITE_DECLARE_GUILD_WAR = 53831
C_CHECK_TO_READY_PARTY = 38874
C_CHECK_TO_READY_PARTY_ANSWER = 57501
C_CHECK_USERNAME = 61680
C_CHECK_VERSION = 19900
C_CITY_WAR_INFO_HISTROY = 60530
C_CITY_WAR_SEASON_HISTROY = 33504
C_CLEAR_SEND_PARCEL = 20473
C_CLOSE_SEND_PARCEL = 33374
C_CLOSE_VM = 59165
C_COLLECTION_PICKEND = 40266
C_COLLECTION_PICKSTART = 54192
C_COMMIT_ACCESSORY_TRANSFORM = 38059
C_COMMIT_CHANGE_USER_APPEARANCE = 42242
C_COMMIT_FACE_BONE_DATA = 25432
C_COMMIT_INGAME_CHANGE_USER_APPEARANCE = 55076
C_COMMIT_VM_TRADE = 20476
C_COMPLETE_DAILY_EVENT = 20520
C_COMPLETE_EXTRA_EVENT = 51351
C_COMPLETE_QUEST = 59518
C_CONFIRM_EVENT_SYSTEM = 34654
C_CONFIRM_INVITE_CODE = 26273
C_CONFIRM_UPDATE_NOTIFICATION = 47835
C_CREATE_GROUP_DUEL = 38052
C_CREATE_GUILDGROUP = 49698
C_CREATE_PRIVATE_CHANNEL = 57504
C_CREATE_USER = 39061
C_CREST_APPLY = 38064
C_CREST_APPLY_LIST = 32393
C_CREST_DISAPPLY_ALL = 60984
C_CRYSTAL_COMBINE_EXECUTE = 47973
C_CURRENT_CHANNEL = 24087
C_CUSTOM_USER_CUSTOMIZING = 25974
C_DECLARE_GUILD_WAR = 50880
C_DECOMPOSE_REGISTER_ITEM = 56274
C_DECOMPOSE_UNREGISTER_ITEM = 45328
C_DELETE_COUPON = 46678
C_DELETE_FRIEND = 41386
C_DELETE_FRIEND_GROUP = 28909
C_DELETE_PARCEL = 40412
C_DELETE_TELEPORT_TO_POS_LIST = 54661
C_DELETE_USER = 29263
C_DEL_CRYSTAL_COMBINE_MATERIAL = 45983
C_DEL_INTER_PARTY_MATCH_POOL = 20422
C_DEL_ITEM = 48306
C_DESPAWN_BUILD_OBJECT = 61186
C_DESTROY_GUILD = 46291
C_DIALOG = 62340
C_DIALOG_EVENT = 59217
C_DISMISS_PARTY = 58991
C_DISTRIBUTOR_ANSWER = 23496
C_DUEL_CANCEL = 23442
C_DUNGEON_CLEAR_COUNT_LIST = 31379
C_DUNGEON_COOL_TIME_LIST = 25819
C_DUNGEON_RANK_RECORD_LIST = 62034
C_DUNGEON_RANK_SEASON_LIST = 49643
C_DUNGEON_SUMMON_PARTY = 26173
C_DUNGEON_UI_OPENED = 50388
C_DUNGEON_WORK_ENTER = 23743
C_DUNGEON_WORK_LEAVE = 44456
C_DUNGEON_WORK_POINT_STORE_BUY_ADD_BASKET = 53615
C_DUNGEON_WORK_POINT_STORE_BUY_DEL_BASKET = 35667
C_DUNGEON_WORK_POINT_STORE_COMMIT = 39079
C_DUNGEON_WORK_RETRY = 62530
C_EDIT_BLOCKED_USER_MEMO = 44502
C_EDIT_FRIEND_GROUP = 58610
C_EDIT_PRIVATE_CHANNEL = 29426
C_ENCHANTER_USE = 59417
C_END_CLIMBING = 26803
C_END_CUSTOMIZING_PARTS_SHAPE = 34988
C_END_ITEM_BIDDING = 39166
C_END_MOVIE = 57806
C_END_RESTORE_CUSTOMIZING_PARTS_SHAPE = 42132
C_ENTER_BATTLE_FIELD = 64994
C_ENTER_DUNGEON = 56877
C_ENTER_SCENARIO_DUNGEON = 24358
C_ENTER_TELEPORTTERRITORY = 43603
C_EQUIP_ITEM = 61165
C_EVENT_GUIDE = 61867
C_EVENT_MATCHING_BATTLEFIELD_DETAIL_INFO = 65108
C_EVENT_MATCHING_DUNGEON_DETAIL_INFO = 38743
C_EXIT = 58317
C_EXPAND_INVEN_SIZE = 48390
C_EXTEND_PARTY = 37894
C_FACIAL_ATTACHMENT = 44966
C_FIELD_EVENT_BAN = 64277
C_FINDNAME = 48033
C_FLOATING_CASTLE_PARTS_STORE_BUY_ADD_BASKET = 33621
C_FLOATING_CASTLE_PARTS_STORE_BUY_DEL_BASKET = 44028
C_FLOATING_CASTLE_PARTS_STORE_COMMIT = 60721
C_GACHA_CANCEL = 24744
C_GACHA_TRY = 20865
C_GAMBLE_CANCEL = 54214
C_GAMBLE_CHANGE_BET_ITEM = 27937
C_GAMBLE_GO = 42832
C_GAMBLE_STOP = 46791
C_GAMBLE_TRY = 51525
C_GET_ATTENDANCE_REWARD = 47643
C_GET_EVENT_DETAIL = 53949
C_GET_EVENT_SYSTEM_REWARD = 61575
C_GET_GUILD_HISTORY = 39937
C_GET_GUILD_WARE_HISTORY = 48941
C_GET_IN_SHUTTLE = 23620
C_GET_OUT_SHUTTLE = 40404
C_GET_USER_GUILD_LOGO = 20380
C_GET_USER_LIST = 57412
C_GET_WARE_ITEM = 47104
C_GIVE_UP_GUILD_WAR = 62803
C_GMEVENT_LEAVE_EVENT = 61639
C_GMEVENT_MOVE_TO_STADIUM = 61258
C_GMEVENT_OX_REPE_QUIZ_ANSWER = 25874
C_GROUP_DUEL_ADD_BETTING_ITEM = 49172
C_GROUP_DUEL_BETTING = 22474
C_GROUP_DUEL_BETTING_MONEY = 22426
C_GROUP_DUEL_CHANGE_REPRESENT = 58098
C_GROUP_DUEL_DEL_BETTING_ITEM = 44530
C_GROUP_DUEL_RECORD = 59364
C_GUARD_PK_POLICY = 29339
C_GUILD_APPLY_LIST = 63719
C_GUILD_APPLY_LIST_PAGE = 33058
C_GUILD_STORE_BUY_ADD_BASKET = 57232
C_GUILD_STORE_BUY_DEL_BASKET = 26434
C_GUILD_STORE_COMMIT = 31955
C_HARDWARE_INFO = 42425
C_HIT_USER_PROJECTILE = 59172
C_INGAME_CHANGE_USER_APPEARANCE_CANCEL = 54176
C_INGAME_CHANGE_USER_APPEARANCE_TRY = 55618
C_INVALID_BUILD_VERSION = 32873
C_INVENTORY_AUTO_SORT = 31929
C_INVITE_FRIEND_CODE = 38494
C_INVITE_USER_TO_GUILD = 30845
C_ITEMSYNTHESIZER_REQUEST_CANCEL = 35727
C_ITEMSYNTHESIZER_REQUEST_MATERIAL = 37843
C_ITEMSYNTHESIZER_REQUEST_START = 32464
C_ITEM_COLORING_ADD_ITEM = 28489
C_ITEM_COLORING_REMOVE_ITEM = 38520
C_ITEM_COLORING_SET_COLOR = 46976
C_JOIN_GROUP_DUEL = 57653
C_JOIN_PRIVATE_CHANNEL = 34669
C_KICK_CHANNEL_MEMBER = 46597
C_LEARN_EP_PERK = 65040
C_LEAVE_GROUP_DUEL = 53186
C_LEAVE_GUILD = 27555
C_LEAVE_PARTY = 21825
C_LEAVE_PRIVATE_CHANNEL = 35163
C_LEAVE_TELEPORTTERRITORY = 53595
C_LIST_CHANNEL = 22307
C_LIST_PARCEL = 49282
C_LOAD_EP_INFO = 27638
C_LOAD_TOPO_FIN = 38647
C_LOGIN_ARBITER = 61022
C_LORD_CALC_TAX = 25480
C_LORD_CANDIDATE_LIST = 28770
C_LORD_CANDIDATE_PLEDGE = 60804
C_LORD_CHANGE_GREETINGS = 31967
C_LORD_CHANGE_POLICY = 58856
C_LORD_GUARD_INFO = 59012
C_LORD_RANK_INFO = 63722
C_LORD_REGISTER = 55312
C_LORD_REGISTER_INFO = 47303
C_LORD_TAX_SET = 61733
C_LORD_VOTE = 24843
C_LORD_VOTE_CANDIDATE_LIST = 53513
C_MAIN_MENU_COMMAND_EXEC = 52150
C_MEDAL_STORE_BUY_ADD_BASKET = 45175
C_MEDAL_STORE_BUY_DEL_BASKET = 50324
C_MEDAL_STORE_COMMIT = 62665
C_MEET_BOSS_INFO = 26230
C_MERGE_ITEM = 29785
C_MERGE_ITEM_EXECUTE = 57033
C_MERGE_PARTY_TO_RAID = 29329
C_MOUNT_VEHICLE_EX = 21666
C_MOVE_INVEN_POS = 61177
C_MOVE_SLOT_IN_GROUP_DUEL = 23074
C_MOVE_WARE_POS = 28552
C_NOTIFY_LOCATION_IN_ACTION = 65137
C_NOTIFY_LOCATION_IN_DASH = 58308
C_NOTIFY_LOCATION_IN_REACTION = 57122
C_NOTIFY_SPIRIT_LOCATION_IN_ACTION = 40576
C_NOTIMELINE_SKILL = 24648
C_NPCGUILD_LIST = 59884
C_NPC_CONTACT = 27828
C_OPEN_GUILD_WAR_WINDOW = 39532
C_OPPOSITE_DECLARE_GUILD_WAR = 43592
C_OP_COMMAND = 22842
C_PARCEL_REPORT = 48230
C_PARTY_APPLICATION_DENIED = 47638
C_PARTY_LOOTING_METHOD = 31430
C_PARTY_LOOTING_METHOD_VOTE = 43754
C_PARTY_MARKER = 41792
C_PARTY_MATCH_WINDOW_CLOSED = 42515
C_PAY_WAREHOUSE_COMMISION = 46502
C_PCBANGINVENTORY_USE_SLOT = 46407
C_PETITION_CANCEL = 61303
C_PETITION_CHAT_USER_MESSAGE = 37528
C_PETITION_CHECK_CREATABLE = 37822
C_PETITION_CHECK_SURVEYABLE = 58528
C_PETITION_COMPLETE_CONFIRM = 44401
C_PETITION_CREATE = 20515
C_PETITION_FEEDBACK = 58021
C_PET_EQUIP = 62286
C_PET_INCUBATOR_GET = 31197
C_PET_INCUBATOR_PUT = 58771
C_PET_INCUBATOR_START = 30828
C_PET_INCUBATOR_TAKEALL = 38065
C_PET_ORB_ATTACH = 55696
C_PET_ORB_DELETE = 44144
C_PET_REPAIR = 60128
C_PET_UNEQUIP = 40933
C_PLAYER_FLYING_LOCATION = 27418
C_PLAYER_LOCATION = 53374
C_PLAY_TIME = 52703
C_POINT_STORE_BUY_ADD_BASKET = 39180
C_POINT_STORE_BUY_DEL_BASKET = 48588
C_POINT_STORE_COMMIT = 20828
C_POLITICS_POINT_STORE_BUY_ADD_BASKET = 36038
C_POLITICS_POINT_STORE_BUY_DEL_BASKET = 35076
C_POLITICS_POINT_STORE_COMMIT = 31235
C_PONG = 46612
C_PRECONFIRM_INVITE_CODE = 48580
C_PREMIUM_COMPOSE_ADD_ITEM = 26035
C_PREMIUM_COMPOSE_CANCEL = 30736
C_PREMIUM_COMPOSE_DEL_ITEM = 41139
C_PREMIUM_COMPOSE_RESET = 40050
C_PREMIUM_COMPOSE_TRY = 42045
C_PREMIUM_SLOT_USE_SLOT = 52568
C_PREPARE_WORKOBJECT = 59728
C_PRESS_SKILL = 50220
C_PREVIEW_ITEM = 56884
C_PROMOTION_CANCEL = 25987
C_PROMOTION_INFO = 37212
C_PROMOTION_RESET = 26107
C_PROMOTION_START = 55526
C_PURCHASE_PROD = 22311
C_PUT_INTO_PRISON = 23264
C_PUT_WARE_ITEM = 34145
C_QUERY_COIN = 53313
C_RECEIVE_PCBANG_STYLE_SHOP_ITEMS = 21221
C_RECEIVE_PLAYTIME_EVENT_REWARD = 61473
C_RECOMMEND_GUILD = 28942
C_RECOMMEND_USER_GUILD = 47936
C_RECV_PARCEL = 58593
C_REGISTER_ENCHANT_ITEM = 32009
C_REGISTER_PARTY_INFO = 32363
C_REGISTER_UPGRADE_ITEM = 56679
C_REGISTER_VM_BUY_ITEM = 44424
C_REGISTER_VM_SELL_ITEM = 49489
C_REGIST_CUSTOMIZING_PARTS_SHAPE_ITEM = 36264
C_REIGN_INFO = 61643
C_REJECT_CONTRACT = 24447
C_REJECT_INVITE_USER_TO_GUILD = 49792
C_RELEASE_FROM_PRISON = 42625
C_REMOVE_BLOCKED_USER = 52446
C_REMOVE_COLORING_POTION = 23238
C_REMOVE_GUILDGROUP = 23401
C_REMOVE_ITEM_FROM_VM_BUY_BASKET = 64805
C_REMOVE_ITEM_FROM_VM_SELL_BASKET = 56729
C_RENAME_TELEPORT_TO_POS_LIST = 57255
C_REPLY_INTER_PARTY_MAKE = 44432
C_REPLY_TELEPORT = 27155
C_REPLY_TELEPORT_NEAR_TOWN = 39628
C_REPLY_TELEPORT_WALK_THROUGH = 40168
C_REPLY_THROUGH_ARBITER_CONTRACT = 23469
C_REQUEST_ACCESSORY_COST_INFO = 59286
C_REQUEST_ACHIEVEMENT_LIST = 53164
C_REQUEST_ARENA_BETTING_INFO = 23827
C_REQUEST_BATTLE_FIELD_CHAT_BAN = 48641
C_REQUEST_BATTLE_FIELD_PARTY_MARKER = 58510
C_REQUEST_BATTLE_FIELD_PARTY_MARKER_CLEAR = 40569
C_REQUEST_BOSS_GAGE_INFO = 55054
C_REQUEST_BUY_VIP_STORE_ITEM = 29651
C_REQUEST_CANCEL_GUILD_QUEST = 40538
C_REQUEST_CANDIDATE_LIST = 30435
C_REQUEST_CHANGE_CHARACTER_NAME = 40502
C_REQUEST_CHANGE_DUAL_OPTION_IDX = 25886
C_REQUEST_CHANGE_PARTY_MATCH_RULE = 46986
C_REQUEST_CITY_WAR_MAP_INFO = 51235
C_REQUEST_CONTRACT = 29018
C_REQUEST_COOLTIME_TO_JOIN_GUILD = 37336
C_REQUEST_COUPON_DATA = 24594
C_REQUEST_COUPON_LIST = 32194
C_REQUEST_DECOMPOSITION = 41629
C_REQUEST_DEMOLISH_GUILD_TOWER = 52405
C_REQUEST_DEMOLIST_GUILD_TOWER_POPUP = 24902
C_REQUEST_DICE_THROW = 65290
C_REQUEST_DUNGEON_WORK_LIST = 20544
C_REQUEST_ENCHANT = 24183
C_REQUEST_ENTER_VIP_DUNGEON = 21941
C_REQUEST_EQUIPMENT_INHERITANCE = 28211
C_REQUEST_EVENT_MATCHING_TELEPORT = 22346
C_REQUEST_FIELD_POINT_REWARD = 53029
C_REQUEST_FINISH_GUILD_QUEST = 58438
C_REQUEST_FLOATING_CASTLE_PARTS_COOL_TIME = 31089
C_REQUEST_GAMESTAT_PING = 32912
C_REQUEST_GUILD_FLAG_IMAGE_DATA = 26774
C_REQUEST_GUILD_INCENTIVE = 24532
C_REQUEST_GUILD_INFO = 48315
C_REQUEST_GUILD_INFO_BEFORE_APPLY_GUILD = 29964
C_REQUEST_GUILD_LEVEL_RANKING = 23749
C_REQUEST_GUILD_LIST = 51705
C_REQUEST_GUILD_LIST_PAGE = 36273
C_REQUEST_GUILD_LIST_SORT = 29630
C_REQUEST_GUILD_PERK_LIST = 38599
C_REQUEST_GUILD_WANTED_WRITING_LIST = 41188
C_REQUEST_GUILD_WANTED_WRITING_LIST_PAGE = 40850
C_REQUEST_GUILD_WAR_PENALTY_INFO = 24229
C_REQUEST_IMAGE_DATA = 33364
C_REQUEST_INGAMESTORE_PRODUCT_DETAIL = 45959
C_REQUEST_INGAMESTORE_PRODUCT_LIST = 47302
C_REQUEST_INVITE_GUILD_LIST = 21278
C_REQUEST_INVITE_GUILD_LIST_PAGE = 55490
C_REQUEST_ITEM_COLORING_VALUE = 63133
C_REQUEST_LATEST_UPDATE_NOTIFICATION = 49836
C_REQUEST_LEARN_GUILD_PERK = 32129
C_REQUEST_MEGAPHONE = 40955
C_REQUEST_MISSION_QUEST_TELEPORT = 28447
C_REQUEST_MY_PARTY_MATCH_INFO = 49575
C_REQUEST_NAME_PREEMPTION = 32866
C_REQUEST_NONDB_ITEM_INFO = 60494
C_REQUEST_ONGOING_FIELD_EVENT_LIST = 46996
C_REQUEST_OPEN_DUAL_OPTION = 62421
C_REQUEST_OPEN_DUAL_OPTION_MATERIAL_INFO = 63174
C_REQUEST_PARTY_INFO = 50771
C_REQUEST_PARTY_MATCH_INFO = 62876
C_REQUEST_PARTY_MATCH_INFO_PAGE = 29265
C_REQUEST_PARTY_MATCH_LINK = 57832
C_REQUEST_PLAYTIME = 47783
C_REQUEST_PRIVATE_CHANNEL_INFO = 38469
C_REQUEST_PVE_RANKING = 57584
C_REQUEST_PVP_RANKING = 54306
C_REQUEST_QUEST_BACKUP_ITEM = 41883
C_REQUEST_RECV_DAILY_TOKEN = 59779
C_REQUEST_RENAME_GUILD = 31645
C_REQUEST_RENEW_ALL_PARTS_ITEM = 57769
C_REQUEST_REPUTATION_STORE_TELEPORT = 24820
C_REQUEST_RESET_EPPERK = 36879
C_REQUEST_RESET_VIP_STORE = 28209
C_REQUEST_RET_VILLAGE_INFO = 25791
C_REQUEST_RIGHT_ITEM_LIST = 20691
C_REQUEST_ROUND_PVE_SKILL_LIST = 23279
C_REQUEST_SEREN_GUIDE = 53232
C_REQUEST_SET_GUILD_WANTED_WRITING = 62078
C_REQUEST_SHARE_QUEST = 59110
C_REQUEST_STACK_ATTENDANCE_EVENT_INFO_UPDATE = 22539
C_REQUEST_STACK_ATTENDANCE_EVENT_REWARD = 26835
C_REQUEST_START_GUILD_QUEST = 62609
C_REQUEST_TOKEN_TARGET_ITEM = 56471
C_REQUEST_UPDATE_ANNOUNCE = 42039
C_REQUEST_UPDATE_INTRODUCE = 58932
C_REQUEST_UPGRADE = 48000
C_REQUEST_USABLE_CHARACTER_NAME = 54457
C_REQUEST_USABLE_GUILD_NAME = 51808
C_REQUEST_USER_ITEMLEVEL_INFO = 63909
C_REQUEST_USER_PAPERDOLL_INFO = 45539
C_REQUEST_USER_PAPERDOLL_INFO_WITH_GAMEID = 58984
C_REQUEST_VIP_STORE_ITEM_LIST = 47624
C_REQUEST_VIP_SYSTEM_INFO = 28116
C_REQUEST_WRITE_BOARD = 40301
C_RESET_ALL_DUNGEON = 39007
C_RESPONSE_SPAWN_DROPITEM = 59363
C_RETURN_PARCEL = 58842
C_RETURN_TO_LOBBY = 40039
C_RETURN_USER_GIFT = 57954
C_REUQUEST_JOINED_CHANNEL_LIST = 32707
C_REVIVE_NOW = 55030
C_REWRITE_ITEM_STRING = 20073
C_RIDE_PEGASUS = 35676
C_ROLLBACK_QUEST = 38087
C_ROUND_PVE_SKILL_SELECT = 28826
C_SAVE_CLIENT_ACCOUNT_SETTING = 64551
C_SAVE_CLIENT_USER_SETTING = 31526
C_SECOND_PASSWORD_AUTH = 64582
C_SECOND_PASSWORD_REGISTER = 54676
C_SELECT_CHANNEL = 64211
C_SELECT_EVENT_MATCHING = 27027
C_SELECT_USER = 37947
C_SEND_PARCEL = 45993
C_SEND_UI_LOG = 62389
C_SERVANT_ABILITY = 57248
C_SERVER_TIME = 50256
C_SETTLE_UP_BUY_VM = 37155
C_SETTLE_UP_SELL_VM = 40348
C_SET_GUILDGROUP_AUTHORITY = 49949
C_SET_GUILD_JOIN_CONDITION = 32109
C_SET_ITEM_STRING = 26001
C_SET_RECIPE_BOOKMARK = 31376
C_SET_SEND_PARCEL_ITEM = 26963
C_SET_SEND_PARCEL_MONEY = 50934
C_SET_SEND_PARCEL_TYPE = 24995
C_SET_TARGET_INFO = 64523
C_SET_VISIBLE_RANGE = 45805
C_SHARE_USER_PING = 26830
C_SHOW_AWESOMIUMWEB_SHOP = 37076
C_SHOW_GUILD_QUEST_LIST = 63362
C_SHOW_INVEN = 50707
C_SHOW_ITEM_TOOLTIP_EX = 44618
C_SHOW_PARCEL_MESSAGE = 45614
C_SHOW_PETMANAGER = 65041
C_SHOW_QUEST_INFO_DIALOG = 25521
C_SHOW_STYLE = 41276
C_SHOW_TRADE_ITEM = 49122
C_SHOW_TRADE_LOG = 23657
C_SIMPLE_TIP_DONT_REPEAT = 52138
C_SIMPLE_TIP_REPEAT_CHECK = 30281
C_SKILL_LEARN_LIST = 39527
C_SKILL_LEARN_REQUEST = 27557
C_SOCIAL = 35461
C_SPAWN_BUILD_OBJECT = 29517
C_START_CLIMBING = 23317
C_START_COMBO_INSTANT_SKILL = 48028
C_START_COMMANDER_SKILL = 24345
C_START_DECOMPOSE = 56396
C_START_ENCHANT = 34764
C_START_FIX_SPIRIT = 30370
C_START_FIX_VEHICLE = 26057
C_START_GUILD_SKILL = 20913
C_START_INSTANCE_SKILL = 32514
C_START_INSTANCE_SKILL_EX = 50517
C_START_PRODUCE = 42958
C_START_SKILL = 25288
C_START_SKILL_BY_VEHICLE_EX = 58410
C_START_TARGETED_SKILL = 24850
C_START_UPGRADE = 23284
C_START_VM_BUY = 38405
C_START_VM_SELL = 51924
C_STOP_VM = 28711
C_STORE_BUY_ADD_BASKET = 35115
C_STORE_BUY_DEL_BASKET = 42191
C_STORE_COMMIT = 54131
C_STORE_SELL_ADD_BASKET = 61949
C_STORE_SELL_DEL_BASKET = 31778
C_STR_EVALUATE_LIST = 41523
C_STYLE_SHOP_BUY_REPUTATION_ITEM = 34404
C_STYLE_SHOP_BUY_TCAT_ITEM = 29835
C_SUGGEST_DARK_RIFT_PARTY_MATCHING = 36162
C_SURVEY_ANSWER = 50913
C_SWAP_PARTY = 60022
C_TELEPORT_DARK_RIFT = 63519
C_TELEPORT_TO_CAMP = 45400
C_TELEPORT_TO_POS = 47602
C_TELEPORT_TO_VILLAGE = 20122
C_TEL_CAMP = 50910
C_TOGGLE_GROUP_DUEL_READY = 48363
C_TOGGLE_GROUP_DUEL_SLOT = 46887
C_TOGGLE_TASK_INFO_WINDOW = 32710
C_TRADE_BAG_CLOSE = 30395
C_TRADE_BAG_DONE = 64113
C_TRADE_BROKER_BOUGHT_ITEM_LIST = 38826
C_TRADE_BROKER_BUY_IT_NOW = 61036
C_TRADE_BROKER_CALC_BOUGHT_ITEM = 50235
C_TRADE_BROKER_CALC_SOLD_ITEM = 57883
C_TRADE_BROKER_CLOSE = 52603
C_TRADE_BROKER_DEAL_CONFIRM = 24402
C_TRADE_BROKER_DEAL_PRICE_UPDATE = 62160
C_TRADE_BROKER_HIGHEST_ITEM_LEVEL = 20228
C_TRADE_BROKER_HISTORY_ITEM_LIST_NEW = 50330
C_TRADE_BROKER_HISTORY_ITEM_LIST_PAGE = 29182
C_TRADE_BROKER_HISTORY_ITEM_LIST_SORT = 34236
C_TRADE_BROKER_INPUT_PRICE = 60833
C_TRADE_BROKER_REGISTERED_ITEM_LIST = 41773
C_TRADE_BROKER_REGISTER_ITEM = 38956
C_TRADE_BROKER_REJECT_SUGGEST = 29602
C_TRADE_BROKER_SOLD_ITEM_LIST = 49572
C_TRADE_BROKER_SUGGEST_DEAL = 46075
C_TRADE_BROKER_UNREGISTER_ITEM = 53342
C_TRADE_BROKER_WAITING_ITEM_LIST_NEW = 28977
C_TRADE_BROKER_WAITING_ITEM_LIST_PAGE = 52923
C_TRADE_BROKER_WAITING_ITEM_LIST_SORT = 46109
C_TRANSFER_VEHICLE_EX = 33752
C_TRY_ITEM_BIDDING = 54858
C_TRY_LOOT_DROPITEM = 24328
C_TRY_TELEPORT_FIELD_EVENT = 30942
C_UNBIND_ITEM = 50472
C_UNEQUIP_ITEM = 51339
C_UNMOUNT_VEHICLE = 62026
C_UNREGISTER_ENCHANT_ITEM = 44818
C_UNREGISTER_PARTY_INFO = 31336
C_UNREGISTER_UPGRADE_ITEM = 26901
C_UNREGISTER_VM_BUY_ITEM = 65004
C_UNREGISTER_VM_SELL_ITEM = 25023
C_UNREGIST_CUSTOMIZING_PARTS_SHAPE_ITEM = 55454
C_UPDATE_CONTENTS_PLAYTIME = 25794
C_UPDATE_FRIEND_INFO = 23680
C_UPDATE_GUILD_FLAG = 29103
C_UPDATE_GUILD_LOGO = 20608
C_UPDATE_MY_DESCRIPTION = 46198
C_UPDATE_REACTION_POS = 23957
C_UPDATE_SKILL_SCRIPT = 45340
C_USER_AIM = 61495
C_USER_AIM_TO = 39160
C_USER_REPORT = 45981
C_USE_COUPON = 44157
C_USE_ITEM = 23704
C_USE_RIGHT_ITEM = 20530
C_VEHICLEEX_LOCATION = 33295
C_VEHICLE_EX_ARROW_HIT = 22246
C_VIEW_BATTLEFIELD_STORE = 55900
C_VIEW_BATTLE_FIELD_RESULT = 24906
C_VIEW_DUNGEONWORK_STORE = 39382
C_VIEW_GUILD_WAR = 47203
C_VIEW_INTER_PARTY_MATCH_BATTLEFIELD_LIST = 53046
C_VIEW_INTER_PARTY_MATCH_DUNGEON_LIST = 43960
C_VIEW_PARTY_INVITE = 49152
C_VIEW_WARE = 26727
C_VISIT_NEW_SECTION = 65239
C_VOTE_DISMISS_PARTY = 60078
C_VOTE_HISTORY = 58066
C_VOTE_RESET_ALL_DUNGEON = 32749
C_WATCHED_MOVIES = 39407
C_WHISPER = 64332
C_WITHDRAW_GUILD_WAR = 58124
C_WRITE_BOARD = 22817
I_CLOSE_SERVER_CONNECTION = 22
I_GFX_ADMIN_COMMAND = 18
I_GFX_COMMAND = 17
I_INPUT_COMMAND = 19
I_MOVE_KEY = 20
I_SKILL_KEY = 21
I_SPAWN_BARRACK_CHARACTER = 1
I_TELEPORT = 0
R_CAMERA_ROTATE = 4
R_PLAYER_LOCATION = 2
R_TELEPORT_REPLAY_LOCATION = 3
S_ABNORMALITY_BEGIN = 50288
S_ABNORMALITY_DAMAGE_ABSORB = 26278
S_ABNORMALITY_END = 22640
S_ABNORMALITY_EXTRA = 50267
S_ABNORMALITY_FAIL = 39126
S_ABNORMALITY_REFRESH = 47762
S_ABNORMALITY_RESIST = 60891
S_ABNORMALITY_SCALE_UP = 31899
S_ACCEPT_CONTRACT = 47971
S_ACCOMPLISH_ACHIEVEMENT = 35557
S_ACCOUNT_BENEFIT_LIST = 62397
S_ACCOUNT_PACKAGE_LIST = 61305
S_ACTION_END = 59353
S_ACTION_STAGE = 38267
S_ACTIVATE_BATTLE_FIELD_CHAT_BAN = 38368
S_ADD_AWAKEN_CHANGE_DATA = 62188
S_ADD_AWAKEN_ENCHANT_DATA = 33460
S_ADD_BLOCKED_USER = 54150
S_ADD_CRYSTAL_COMBINE_MATERIAL = 57918
S_ADD_FRIEND = 59905
S_ADD_GUILD_GROUP = 26784
S_ADD_GUILD_MEMBER = 35780
S_ADD_INTER_PARTY_MATCH_POOL = 52566
S_ADD_NEW_EVENT_MATCHING_QUEST = 52524
S_ADD_TRADE_BAG = 62037
S_ADMIN_CHECK_USERNAME = 48856
S_ADMIN_CUSTOM_BOOKMARK_LIST = 43081
S_ADMIN_DEFAULT_BOOKMARK_LIST = 28931
S_ADMIN_DELETE_QUEST = 37553
S_ADMIN_GET_DUNGEON_USER_LIST = 46614
S_ADMIN_GET_USERINFO_INVEN = 49912
S_ADMIN_GET_USERINFO_SKILL = 36632
S_ADMIN_GET_USERINFO_WAREHOUSE = 52977
S_ADMIN_GET_USER_INFO_BY_DBID = 51981
S_ADMIN_GET_USER_INFO_LIST_BY_DISTANCE = 39872
S_ADMIN_GMEVENT_STATUS = 29741
S_ADMIN_GM_SKILL = 22036
S_ADMIN_HOLD_CHARACTER = 50224
S_ADMIN_NOTICE = 36990
S_ADMIN_PRIVILEGE = 51528
S_ADMIN_VIP_TEST = 64055
S_ADMIN_WARNING_MESSAGE = 53602
S_AERO = 48835
S_AIR_REACTION_END = 23234
S_ANNOUNCE_MESSAGE = 43350
S_ANNOUNCE_UPDATE_NOTIFICATION = 62302
S_ANSWER_INTERACTIVE = 43707
S_APPLY_TITLE = 63714
S_ARENA_END_FIGHT = 33380
S_ARENA_FIGHTER_CHANGE_HP = 43252
S_ARENA_FIGHT_ABNORMALITY_BEGIN = 25239
S_ARENA_FIGHT_ABNORMALITY_END = 57078
S_ARENA_FIGHT_ABNORMALITY_REFRESH = 36051
S_ARENA_OPTIMIZATION = 32114
S_ARENA_RESULT = 57233
S_ARENA_START_FIGHT = 52306
S_ARTISAN_RECIPE_LIST = 24775
S_ARTISAN_SKILL_LIST = 20793
S_ASK_BANNING_PARTY_MEMBER = 51288
S_ASK_BIDDING_RARE_ITEM = 35024
S_ASK_CODE_HASH = 60481
S_ASK_EXPAND_INVEN_SIZE = 34790
S_ASK_INTER_PARTY_MAKE = 27806
S_ASK_QUEST_SHARE = 60424
S_ASK_TELEPORT = 28173
S_ATTENDANCE_EVENT_REWARD_COUNT = 27219
S_AVAILABLE_EVENT_MATCHING_LIST = 40187
S_AVAILABLE_SOCIAL_LIST = 33848
S_AWAKEN_RESULT = 61791
S_BAN_PARTY = 46598
S_BAN_PARTY_MEMBER = 30898
S_BATTLE_FIELD_ADD_SCORE = 50292
S_BATTLE_FIELD_CANCEL_OCCUPATION = 48268
S_BATTLE_FIELD_CHANGE_NPC_HP_EVENT = 32732
S_BATTLE_FIELD_CHAT_BAN_INFO = 30487
S_BATTLE_FIELD_END_OCCUPATION = 21838
S_BATTLE_FIELD_ENTRANCE_INFO = 54989
S_BATTLE_FIELD_HELP = 53991
S_BATTLE_FIELD_JACKPOT_EVENT_START = 42741
S_BATTLE_FIELD_MAP_ALARM = 42588
S_BATTLE_FIELD_NPC_KILL_EVENT = 63807
S_BATTLE_FIELD_PARTY_MARKER = 20998
S_BATTLE_FIELD_PARTY_MARKER_CLEAR = 42660
S_BATTLE_FIELD_POINT_STORE_BASKET = 33696
S_BATTLE_FIELD_POINT_STORE_SELL_LIST = 62151
S_BATTLE_FIELD_RESULT = 26212
S_BATTLE_FIELD_SCORE = 58441
S_BATTLE_FIELD_START_OCCUPATION = 65379
S_BATTLE_FIELD_STATE = 54058
S_BATTLE_FIELD_STRONGHOLD_EVENT = 59639
S_BATTLE_FIELD_STRONGHOLD_NONE_STATE = 35360
S_BATTLE_FIELD_STRONGHOLD_STATE = 44610
S_BATTLE_FIELD_TEAM_MEMBERS_POS_INFO = 40641
S_BATTLE_FIELD_USER_ASSIST_EVENT = 59844
S_BATTLE_FIELD_USER_KILL_EVENT = 59812
S_BATTLE_FIELD_USER_LOAD_INFO = 32868
S_BEGIN_THROUGH_ARBITER_CONTRACT = 63616
S_BETTING_INFO = 54240
S_BETTING_START = 30276
S_BOARD_ITEM_LIST = 58997
S_BONFIRE_CHARM_ADDED = 49047
S_BONFIRE_CHARM_BURNED = 63923
S_BONFIRE_STATUS = 52847
S_BOSS_BATTLE_INFO = 45336
S_BOSS_GAGE_INFO = 31208
S_BOSS_GAGE_PRIORITY = 65283
S_BOSS_GAGE_STACK_INFO = 50201
S_BREAK_SHIELD = 38652
S_BREAK_SHIELD_END = 27600
S_BROADCAST_CLIMBING = 45676
S_BROADCAST_FLOATING_CASTLE_INFO = 20474
S_BROADCAST_FLOATING_CASTLE_NAMEPLATE = 56177
S_BROCAST_GUILD_FLAG = 55297
S_BROCAST_UPDATE_GUILD_FLAG = 41497
S_BUY_INGAMESTORE_MONEYPRODUCT = 61539
S_BUY_VIP_STORE_ITEM_SUCCESS = 29888
S_BYE_PET = 38349
S_CAMERA_SHAKE = 37743
S_CANCEL_CONTRACT = 34430
S_CANCEL_DELETE_USER = 35896
S_CANCEL_EXIT = 30907
S_CANCEL_PARTY_LOOTING_METHOD_VOTE = 27146
S_CANCEL_PARTY_MATCH_POOL = 42943
S_CANCEL_PARTY_MEMBER_BAN = 46847
S_CANCEL_PREPARE_CHANGE_USER_APPEARANCE = 29187
S_CANCEL_QUEST_SHARE = 33798
S_CANCEL_RETURN_TO_LOBBY = 51641
S_CANCEL_SELECT_CHANNEL = 42672
S_CANCEL_VOTE_DISMISS_PARTY = 54586
S_CANCEL_VOTE_RESET_ALL_DUNGEON = 59360
S_CANNON_BATTLE_FIELD_BOARD = 27332
S_CANNON_BATTLE_FIELD_CRASH_DOOR = 53348
S_CANNON_BATTLE_FIELD_GUARDTOWER_STATUS = 61432
S_CANNON_BATTLE_FIELD_STRONGHOLD_INFO = 39218
S_CANNOT_EQUIP_SAMEKIND = 60439
S_CANNOT_START_SKILL = 65494
S_CANNOT_USE_CHAT_CHANNEL = 64538
S_CANT_FLY_ANYMORE = 49281
S_CAN_CREATE_USER = 32122
S_CAN_DUNGEON_RETRY = 54329
S_CAN_LOCKON_TARGET = 35478
S_CHANGE_CHARACTER = 35053
S_CHANGE_CITY_WAR_STATE = 62833
S_CHANGE_DESTPOS_PROJECTILE = 44637
S_CHANGE_EP_EXP_DAILY_LIMIT = 63861
S_CHANGE_EP_POINT = 61377
S_CHANGE_EVENT_MATCHING_STATE = 37067
S_CHANGE_FREE_FIGHT_BATTLE_FIELD_RANKING = 41227
S_CHANGE_FRIEND_PROFILE = 22150
S_CHANGE_FRIEND_STATE = 35502
S_CHANGE_GUILDNAME = 24147
S_CHANGE_GUILD_CHIEF = 31413
S_CHANGE_ITEM_PASSIVE_LIST = 43284
S_CHANGE_LOOKS_PREMIUM_RESULT = 31857
S_CHANGE_LOOKS_PREMIUM_START = 60342
S_CHANGE_LOOT_ITEM_AMOUNT = 27535
S_CHANGE_MODE = 35455
S_CHANGE_NAME_STRING = 60316
S_CHANGE_PARTY_MANAGER = 40623
S_CHANGE_PARTY_MEMBER_AUTHORITY = 42192
S_CHANGE_PK_INFO = 52652
S_CHANGE_RELATION = 65070
S_CHANGE_SERVANT_ENERGY = 61602
S_CHANGE_SERVANT_NAME = 34474
S_CHANGE_USER_NAME_RESULT = 39333
S_CHANGE_VOICE_USE_QAC = 36828
S_CHAPTERHOUSE_QUEST_LIST = 54178
S_CHAT = 45927
S_CHAT_REPORT = 46253
S_CHECK_CHANGE_GUILDNAME = 51445
S_CHECK_EVENT_SYSTEM_REWARD = 54466
S_CHECK_NEW_GUILDNAME = 55257
S_CHECK_TO_DECLARE_GUILD_WAR = 21517
S_CHECK_TO_OPPOSITE_DECLARE_GUILD_WAR = 43703
S_CHECK_TO_READY_PARTY = 33987
S_CHECK_TO_READY_PARTY_FIN = 63724
S_CHECK_USERNAME = 46323
S_CHECK_VERSION = 19901
S_CITYWAR_WARNING_UNDERATTACK = 58344
S_CITY_WAR_INFO_HISTROY = 59474
S_CITY_WAR_NPC_INFO = 46302
S_CITY_WAR_NPC_KILL = 22463
S_CITY_WAR_SEASON_HISTROY = 55443
S_CLEAR_ALL_HOLDED_ABNORMALITY = 63687
S_CLEAR_QUEST_INFO = 65287
S_CLEAR_WORLD_QUEST_VILLAGER_INFO = 41199
S_CLIENT_COMMAND = 23214
S_CLOSE_VM_SETTING_WINDOW = 29267
S_COLLECTION_PICKEND = 44904
S_COLLECTION_PICKSTART = 26609
S_COLLECTION_PROGRESS = 49961
S_COMBO_START = 30246
S_COMMAND_HELP = 38192
S_COMMIT_ACCESSORY_TRANSFORM_RESULT = 62449
S_COMPLETED_MISSION_INFO = 39418
S_COMPLETE_CHRONOSCROLL_USE = 39680
S_COMPLETE_EVENT_MATCHING_QUEST = 59934
S_COMPLETE_LOOP_QUEST = 60259
S_COMPLETE_QUEST = 42380
S_COMPLETE_VOTE = 47167
S_CONFIRM_INVITE_CODE = 57614
S_CONFIRM_INVITE_CODE_BUTTON = 26253
S_CONNECT_SKILL_ARROW = 37514
S_CONTENTS_TIMER = 47696
S_CONTROL_DOOR = 41159
S_COUNTDOWN_GROUP_DUEL = 59642
S_COUPON_DATA = 26931
S_COUPON_LIST = 59629
S_COUPON_NOTIFY = 51117
S_CREATE_CHARACTER_RESTRICTION = 35279
S_CREATE_GUILD_RESULT = 23522
S_CREATE_USER = 44460
S_CREATURE_CHANGE_HP = 30770
S_CREATURE_LIFE = 52044
S_CREATURE_ROTATE = 43056
S_CREST_APPLY = 27715
S_CREST_ASK_DISAPPLY_ALL = 27884
S_CREST_CHANGE_FAIL = 22615
S_CREST_INFO = 40137
S_CREST_MESSAGE = 42218
S_CREST_UPGRADE_INFO = 41102
S_CRYSTAL_COMBINE_RESULT = 49110
S_CURRENT_CHANNEL = 32823
S_CURRENT_ELECTION_STATE = 24942
S_CUSTOMIZING_PARTS_SHAPE_ITEM_LIST = 58646
S_CUSTOM_MESSAGE = 20023
S_CUSTOM_STYLE_SYSTEM_MESSAGE = 23800
S_DAILY_QUEST_COMPLETE_COUNT = 50501
S_DARK_RIFT_ALL_DESPAWN_WORLD_NOTI = 44342
S_DARK_RIFT_AVAILABLE_QUEST_USER_COUNT = 36330
S_DARK_RIFT_CHANGE_AREA_WORLD_NOTI = 34129
S_DARK_RIFT_CLEAR_MAP_MARKER_WORLD_NOTI = 63040
S_DARK_RIFT_DEFENCE_OBJECT_CHANGE_HP = 61583
S_DARK_RIFT_DEFENCE_OBJECT_INIT = 60542
S_DARK_RIFT_DESPAWN_WORLD_NOTI = 47804
S_DARK_RIFT_DESTORY_OBJECT = 56733
S_DARK_RIFT_JOIN_LIST = 33948
S_DARK_RIFT_MAIN_DEFENCE_CHANGE_HP = 36337
S_DARK_RIFT_PROGRESS_STEP_WORLD_NOTI = 29683
S_DARK_RIFT_QUEST_INFO = 30457
S_DARK_RIFT_REWARD_RESULT = 20618
S_DARK_RIFT_SPAWN_WORLD_NOTI = 50849
S_DARK_RIFT_SYNC_TIME = 50228
S_DEAD_LOCATION = 54687
S_DECOMPOSE_REGISTERED_ITEM = 40133
S_DECREASE_COOLTIME_SKILL = 63840
S_DEFAULT_ANIM_CHANGE = 47421
S_DEFEND_SUCCESS = 55809
S_DELETE_ALL_PRODUCT = 20363
S_DELETE_AWAKEN_CHANGE_DATA = 23272
S_DELETE_AWAKEN_ENCHANT_DATA = 48231
S_DELETE_FRIEND = 46134
S_DELETE_GUILD_TOWER_MY_GUILD = 61754
S_DELETE_NPC_FROM_MAP = 59362
S_DELETE_PARCEL = 62413
S_DELETE_QUEST = 46577
S_DELETE_USER = 55689
S_DEL_CRYSTAL_COMBINE_MATERIAL = 52667
S_DEL_INTER_PARTY_MATCH_POOL = 45956
S_DEL_TRADE_BAG = 65147
S_DESPAWN_BONFIRE = 63084
S_DESPAWN_BUILD_OBJECT = 59460
S_DESPAWN_COLLECTION = 41694
S_DESPAWN_DOOR = 53878
S_DESPAWN_DROPITEM = 42618
S_DESPAWN_EVENT_SEED = 28280
S_DESPAWN_GAMBLE_BOX = 61945
S_DESPAWN_NPC = 59386
S_DESPAWN_PET = 41108
S_DESPAWN_PROJECTILE = 61825
S_DESPAWN_SERVANT = 25322
S_DESPAWN_SHUTTLE = 49316
S_DESPAWN_USER = 32511
S_DESPAWN_WORKOBJECT = 35302
S_DESTROY_GUILD = 59195
S_DESTROY_GUILD_TOWER = 26221
S_DIALOG = 31133
S_DIALOG_CLOSE = 31488
S_DIALOG_EVENT = 29974
S_DISTRIBUTOR_DATA = 47157
S_DONE_TEL_CAMP = 59969
S_DUEL_END = 56994
S_DUEL_START = 65246
S_DUEL_TAG = 24806
S_DUEL_TIME = 23019
S_DUNGEON_ADDITIONAL_WORK_UI = 25043
S_DUNGEON_CAMERA_SET = 61203
S_DUNGEON_CHANGE_NPC_ANIM = 27035
S_DUNGEON_CHANGE_NPC_CYLINDER = 58370
S_DUNGEON_CLEAR = 61312
S_DUNGEON_CLEAR_COUNT_LIST = 32459
S_DUNGEON_CONSOLE_EVENT = 56320
S_DUNGEON_COOL_TIME_LIST = 53945
S_DUNGEON_EVENT_GAGE = 33056
S_DUNGEON_EVENT_MESSAGE = 31435
S_DUNGEON_GUIDE_OFF = 41932
S_DUNGEON_GUIDE_ON = 30298
S_DUNGEON_JACKPOT_EVENT_START = 25461
S_DUNGEON_LOOK_AT_NPC = 46528
S_DUNGEON_NEWBIE = 59858
S_DUNGEON_RANK_END_POINT = 21442
S_DUNGEON_RANK_END_TIME = 27076
S_DUNGEON_RANK_MESSAGE = 43146
S_DUNGEON_RANK_RECORD_LIST = 64117
S_DUNGEON_RANK_SEASON_LIST = 61300
S_DUNGEON_RECORD_INFO = 63920
S_DUNGEON_STATUS = 27904
S_DUNGEON_SUMMON_PARTY = 36995
S_DUNGEON_TIMER = 27330
S_DUNGEON_UI_HIGHLIGHT = 20801
S_DUNGEON_VEHICLE_REPAIRABLE = 50093
S_DUNGEON_VISIBLE_BG = 34734
S_DUNGEON_WORK_ENTER = 30260
S_DUNGEON_WORK_LIST = 54398
S_DUNGEON_WORK_POINT_STORE_BASKET = 56930
S_DUNGEON_WORK_POINT_STORE_SELL_LIST = 35496
S_DUNGEON_WORK_RESULT = 39559
S_DUNGEON_WORK_UPDATE = 56706
S_DUNGEON_WORK_UPDATE_MEDAL_COUNT = 50074
S_EACH_SKILL_RESULT = 42715
S_EMITTER = 61479
S_EMITTER_SET_Z = 36256
S_EMPTY_GUILD_WINDOW = 24738
S_ENABLE_DISABLE_SELLABLE_ITEM_LIST = 21726
S_ENCHANT_BOOSTER_DROP_ITEM = 36322
S_ENCHANT_BOOSTER_REGISTER_ITEM = 57481
S_ENCHANT_BOOSTER_STATUS = 53824
S_ENCHANT_BOOSTER_SUCCESS = 24061
S_ENCHANT_SCROLL_RESULT = 50138
S_END_CHANGE_USER_APPEARANCE = 37346
S_END_CHAT_BAN = 63268
S_END_CUSTOMIZING_PARTS_SHAPE = 64299
S_END_DARKRIFT_USER_HP = 23452
S_END_DRIVE_AIRSHIP = 42029
S_END_FIX_SPIRIT = 36376
S_END_FIX_VEHICLE = 23831
S_END_LEVEL_COMPENSATION = 33499
S_END_PEGASUS = 49119
S_END_PRODUCT_SALE_INFO = 56347
S_END_RESTORE_CUSTOMIZING_PARTS_SHAPE = 60878
S_END_STACK_ATTENDANCE_EVENT_INFO = 59439
S_END_STYLE_SHOP_MARK_PRODUCT = 58347
S_END_THROUGH_ARBITER_CONTRACT = 32653
S_END_USER_PROJECTILE = 51799
S_ENEMY_BATTLE_FIELD_COMMANDER_CHANGED = 36369
S_ENTER_CITY_WAR = 61835
S_EP_SYSTEM_DAILY_EVENT_EXP_ON_OFF = 21166
S_EVENT_DIALOG = 31012
S_EVENT_GUIDE = 57774
S_EVENT_INFO = 31854
S_EVENT_MATCHING_BATTLEFIELD_DETAIL_INFO = 44851
S_EVENT_MATCHING_DUNGEON_DETAIL_INFO = 30520
S_EVENT_QUEST_SUMMARY = 24275
S_EXIT = 44697
S_F2P_PremiumUser_Permission = 35101
S_FACIAL_ATTACHMENT_BROADCAST = 21486
S_FAIL_ENCHANT = 56466
S_FAIL_GUILD_QUEST = 33225
S_FAIL_LOOT_NON_OWNERSHIP = 22611
S_FATIGABILITY_POINT = 57200
S_FEARMOVE_END = 29946
S_FEARMOVE_STAGE = 45420
S_FESTIVAL_LIST = 26926
S_FEUDAL_LORD_FLAG_INFO = 25013
S_FIELD_EVENT_CHANNEL_FULL_GUIDE = 62760
S_FIELD_EVENT_GUIDE = 33444
S_FIELD_EVENT_ON_ENTER = 58257
S_FIELD_EVENT_ON_LEAVE = 44017
S_FIELD_EVENT_PROGRESS_INFO = 57246
S_FIELD_EVENT_PROGRESS_TIMER = 25817
S_FIELD_EVENT_RANK_LIST = 49079
S_FIELD_POINT_INFO = 49884
S_FIELD_POINT_REWARD_INFO_LIST = 62324
S_FINDNAME = 62382
S_FINISH_GUILD_QUEST = 59866
S_FIN_CANNON_BATTLE_FIELD = 62960
S_FIN_FREE_FIGHT_BATTLE_FIELD = 34240
S_FIN_INTER_PARTY_MATCH = 30211
S_FIN_KUMAS_BATTLE_FIELD = 24927
S_FIN_KUMAS_BOSS_BATTLE_FIELD = 46829
S_FIN_ROUND_PVE_BATTLE_FIELD = 28953
S_FIN_ROUND_PVE_ROUND = 33768
S_FIN_ROUND_PVP_BATTLE_FIELD = 48084
S_FIN_SNOW_EVENT_BATTLE_FIELD = 59787
S_FIN_STRONGHOLD_OCCUPATION_BATTLE_FIELD = 39840
S_FIN_WORLD_OF_TANK_BATTLE_FIELD = 61041
S_FIX_SPIRIT_COMPLETE = 27379
S_FIX_SPIRIT_PROGRESS = 35176
S_FIX_VEHICLE_COMPLETE = 25741
S_FIX_VEHICLE_PROGRESS = 51016
S_FLOATING_CASTLE_PARTS_STORE_BASKET = 31314
S_FLOATING_CASTLE_PARTS_STORE_SELL_LIST = 29790
S_FONT_SWAP_INFO = 28305
S_FREENAMED_STATUS = 30552
S_FREE_FIGHT_BATTLE_FIELD_BOARD = 44077
S_FREE_FIGHT_BATTLE_FIELD_MY_WARPOINT_INFO = 64617
S_FRIEND_GROUP_LIST = 36670
S_FRIEND_LIST = 42624
S_GACHA_END = 54374
S_GACHA_START = 45500
S_GAMBLE_BEGIN = 43720
S_GAMBLE_CHANGE_BET_ITEM = 39651
S_GAMBLE_END = 61001
S_GAMBLE_RESULT = 62510
S_GATE_ATTACK_ALARM = 37775
S_GET_ATTENDANCE_REWARD = 28479
S_GET_EVENT_DETAIL = 55201
S_GET_IN_SHUTTLE = 25651
S_GET_OUT_SHUTTLE = 47745
S_GET_USER_GUILD_LOGO = 26917
S_GET_USER_LIST = 28991
S_GET_WARE_ITEM = 29287
S_GMEVENT_CONFIRM_LEAVE_EVENT = 34805
S_GMEVENT_END_EVENT = 50860
S_GMEVENT_ENTER_EVENT = 34310
S_GMEVENT_GUIDE_MESSAGE = 65279
S_GMEVENT_OFF_GUIDE_MESSAGE = 25702
S_GMEVENT_OX_QUIZ_OPEN = 42265
S_GMEVENT_OX_QUIZ_RESULT = 44165
S_GMEVENT_OX_QUIZ_USER_STATUS = 46870
S_GMEVENT_OX_REPE_QUIZ_OPEN = 65138
S_GMEVENT_OX_REPE_QUIZ_RESULT = 22388
S_GMEVENT_OX_RESURRECT_RESULT = 42581
S_GMEVENT_RECV_REWARD = 58231
S_GMEVENT_START_EVENT = 21602
S_GMEVENT_WRITE_EVENTBOARD = 38768
S_GRANT_SKILL = 45799
S_GROUP_DUEL_CURRENT_BETTING_ITEM = 58168
S_GROUP_DUEL_FIN = 41138
S_GROUP_DUEL_INIT = 20190
S_GROUP_DUEL_RECORD = 53157
S_GROUP_NPC_LOCATION = 62379
S_GUARDTOWER_ATTACK_ALARM = 21393
S_GUARD_PK_POLICY = 61787
S_GUILD_ACCOUNT_LIMIT_INFO_CHANGED = 54474
S_GUILD_ANNOUNCE = 26929
S_GUILD_APPLY_COUNT = 50356
S_GUILD_APPLY_LIST = 26502
S_GUILD_EMBLEM = 50335
S_GUILD_HISTORY = 21584
S_GUILD_INFO = 24444
S_GUILD_LEVEL_INFO_CHANGED = 45884
S_GUILD_LEVEL_RANKING_LIST = 51664
S_GUILD_MEMBER_LIST = 32975
S_GUILD_MONEY_INFO_CHANGED = 21537
S_GUILD_NAME = 58126
S_GUILD_PERK_LIST = 50249
S_GUILD_POINT_INFO_CHANGED = 63074
S_GUILD_QUEST_LIST = 41456
S_GUILD_STORE_BASKET = 27946
S_GUILD_STORE_SELL_LIST = 48187
S_GUILD_TOWER_INFO = 49012
S_GUILD_WARE_HISTORY = 51035
S_GUILD_WAR_PENALTY_INFO = 46692
S_HANCOIN_AMOUNT = 48554
S_HIDE_HP = 22127
S_HIT_COMBO = 25551
S_HOLD_ABNORMALITY_ADD = 37050
S_HOLD_ABNORMALITY_REMOVE = 51108
S_HUDDLE_ADDING = 43546
S_IMAGE_DATA = 33475
S_INGAMESHOP_CATEGORY_BEGIN = 30297
S_INGAMESHOP_CATEGORY_DATA = 27070
S_INGAMESHOP_CATEGORY_END = 60114
S_INGAMESHOP_PRODUCT_BEGIN = 60670
S_INGAMESHOP_PRODUCT_DATA = 20076
S_INGAMESHOP_PRODUCT_END = 33144
S_INGAMESHOP_PRODUCT_ITEMID = 52994
S_INGAMESHOP_PRODUCT_SUBPROD = 27752
S_INGAMESHOP_PRODUCT_TAG = 20233
S_INGAME_CHANGE_USER_APPEARANCE_CANCEL = 37116
S_INGAME_CHANGE_USER_APPEARANCE_START = 49612
S_INIT_CANNON_BATTLE_FIELD = 43404
S_INIT_FREE_FIGHT_BATTLE_FIELD = 24314
S_INIT_KUMAS_BATTLE_FIELD = 58377
S_INIT_KUMAS_BOSS_BATTLE_FIELD = 37667
S_INIT_KUMAS_BOSS_INFO = 26265
S_INIT_ROUND_PVE_BATTLE_FIELD = 58341
S_INIT_ROUND_PVP_BATTLE_FIELD = 49689
S_INIT_SEREN_GUIDE = 31935
S_INIT_SNOW_EVENT_BATTLE_FIELD = 63720
S_INIT_STRONGHOLD_OCCUPATION_BATTLE_FIELD = 30009
S_INIT_WORLD_OF_TANK_BATTLE_FIELD = 31005
S_INSTANCE_ARROW = 59398
S_INSTANT_CATCH = 63671
S_INSTANT_DASH = 62163
S_INSTANT_MOVE = 24547
S_INSTANT_PULL = 56742
S_INSTANT_THROW = 43406
S_INTEREST_INFO = 27900
S_INVALID_BUILD_VERSION = 58712
S_INVEN = 20763
S_INVEN_CHANGEDSLOT = 44557
S_INVITE_CODE_EXPIRE_TIME = 62170
S_INVITE_COMPENSATION_GUIDE = 58745
S_INVITE_FRIEND_CODE = 33612
S_IS_LORD = 24076
S_IS_NOT_LORD = 20148
S_ITEMSYNTHESIZER_MATERIAL = 57378
S_ITEMSYNTHESIZER_RESULT = 42062
S_ITEM_COLORING_BAG = 54724
S_ITEM_CUSTOM_STRING = 47026
S_ITEM_DECOMPOSE = 54414
S_ITEM_EXPLOSION_RESULT = 61723
S_ITEM_TRANSFORM_DATA = 61623
S_JOIN_PRIVATE_CHANNEL = 42671
S_KUMAS_BATTLE_FIELD_BOARD = 63814
S_KUMAS_BATTLE_FIELD_LOOT_ITEM = 47241
S_KUMAS_BATTLE_FIELD_RESULT = 32113
S_KUMAS_BOSS_BATTLE_FIELD_BOARD = 41938
S_KUMAS_BOSS_BATTLE_FIELD_RESULT = 35222
S_KUMAS_BOSS_CHANGE_INFO = 35434
S_LEARN_EP_PERK = 57319
S_LEAVE_CITY_WAR = 21659
S_LEAVE_GUILD = 51432
S_LEAVE_PARTY = 26684
S_LEAVE_PARTY_MEMBER = 40849
S_LEAVE_PRIVATE_CHANNEL = 23649
S_LIST_CHANNEL = 35291
S_LIST_PARCEL = 60515
S_LIST_PARCEL_EX = 31270
S_LOADING_SCREEN_CONTROL_INFO = 39202
S_LOAD_ACHIEVEMENT_LIST = 21460
S_LOAD_CLIENT_ACCOUNT_SETTING = 53288
S_LOAD_CLIENT_USER_SETTING = 35488
S_LOAD_DUNGEON_SOUND_HINT = 46518
S_LOAD_EP_INFO = 54951
S_LOAD_HINT = 41183
S_LOAD_SKILL_SCRIPT_LIST = 35244
S_LOAD_TELEPORT_TO_POS_LIST = 20278
S_LOAD_TOPO = 61620
S_LOCKON_ARROW = 25129
S_LOCKON_YOU = 64657
S_LOGIN = 23836
S_LOGIN_ACCOUNT_INFO = 51734
S_LOGIN_ARBITER = 49680
S_LOGOUT_PARTY_MEMBER = 46330
S_LOOT_DROPITEM = 29985
S_LORD_CANDIDATE_LIST = 46437
S_LORD_CANDIDATE_PLEDGE = 28492
S_LORD_GUARD_INFO = 32747
S_LORD_OPEN_CANDIDATE_WINDOW = 51615
S_LORD_OPEN_REGISTER_WINDOW = 61789
S_LORD_OPEN_VOTE_WINDOW = 32011
S_LORD_POLICY_SET = 50952
S_LORD_RANK_INFO = 64232
S_LORD_REGISTER_INFO = 44925
S_LORD_TAX_SET = 50505
S_LORD_VOTE_CANDIDATE_LIST = 26369
S_MAIN_MENU_COMMAND = 54423
S_MASSTIGE_STATUS = 61844
S_MATERIAL_CHANGE = 32765
S_MATERIAL_PARAM_CHANGE = 25600
S_MEDAL_STORE_BASKET = 28817
S_MEDAL_STORE_SELL_LIST = 55278
S_MERGE_PARTY_TO_RAID = 42593
S_MINIGAME_END = 24371
S_MINIGAME_FAIL = 62012
S_MINIGAME_RANK_END_POINT = 24152
S_MINIGAME_START = 29797
S_MINIGAME_WAIT = 37586
S_MODIFY_INTER_PARTY_MATCH_POOL = 52528
S_MOUNT_VEHICLE = 52575
S_MOUNT_VEHICLE_EX = 51308
S_MOVE_DISTANCE_DELTA = 35572
S_MOVE_SHUTTLE = 46484
S_MUTE = 29968
S_MY_DESCRIPTION = 46088
S_MY_PARTY_MATCH_INFO = 44650
S_NAME_PREEMPTION_EVENT_INFO = 45354
S_NEED_WAREHOUSE_COMMISION = 62747
S_NEW_GOLD_RACE_INFO = 58321
S_NOCTAN_VARIATION_INFO = 46889
S_NOTIFY_ACTIVE_BUILD_TERRITORY_STATE = 24643
S_NOTIFY_BATTLE_FIELD_CHAT_BAN = 50607
S_NOTIFY_BATTLE_FIELD_NPC_DESPAWN = 34029
S_NOTIFY_BATTLE_FIELD_NPC_SPAWN = 40764
S_NOTIFY_DISCONNECT_BY_LEVEL_LIMIT = 26149
S_NOTIFY_GUILD_WAR_INFO = 36153
S_NOTIFY_GUILD_WAR_STATUS_CHANGE = 50457
S_NOTIFY_QUEST_RESTART = 39897
S_NOTIFY_TO_FRIENDS_WALK_INTO_SAME_AREA = 59131
S_NOTIFY_VM_STATUS = 34826
S_NPCGUILD_LIST = 54855
S_NPC_AI_EVENT = 49511
S_NPC_CHANGE_MESH = 25351
S_NPC_LOCATION = 41971
S_NPC_MENU_SELECT = 29694
S_NPC_OCCUPIER_INFO = 35465
S_NPC_PARTIAL_DESTRUCT = 41636
S_NPC_PART_BLINK = 58319
S_NPC_PART_BREAK_ACTIVE = 44453
S_NPC_RESPAWN_PLAN_ALARM = 30146
S_NPC_SCALE = 28897
S_NPC_SITUATION = 23249
S_NPC_STATUS = 38128
S_NPC_TARGET_USER = 44188
S_NPC_TRANSLATIONZ = 53785
S_OBTAIN_TOKEN_ITEM = 38242
S_ONGOING_FIELD_EVENT_LIST = 21493
S_ONGOING_HUNTING_EVENT_LIST = 35089
S_ONGOING_LEVEL_EVENT_LIST = 34058
S_OPEN_AWESOMIUM_WEB_URL = 26711
S_OPEN_BOARD = 23501
S_OPEN_CHANGE_CHARACTER_NAME_POPUP = 41411
S_OPEN_CITY_WAR_SEASON_HISTORY = 51041
S_OPEN_DUAL_OPTION_MATERIAL_INFO = 23756
S_OPEN_EPPERK_RESET_POPUP = 64099
S_OPEN_FLOATING_CASTLE_STORE = 38227
S_OPEN_GUARD_INFO_WINDOW = 50706
S_OPEN_GUILD_FLAG_WINDOW = 52941
S_OPEN_GUILD_LOGO_WINDOW = 54670
S_OPEN_GUILD_WAR_WINDOW = 34057
S_OPEN_RENAME_GUILD_POPUP = 39941
S_OPEN_VM_SELLBUY_WINDOW = 27810
S_OPEN_VM_SETTING_WINDOW = 22567
S_OP_COMMAND = 55034
S_OTHER_USER_APPLY_PARTY = 64195
S_PARCEL_READ_RECV_STATUS = 39804
S_PARCEL_REPORT = 28934
S_PARTY_INFO = 28434
S_PARTY_LOOTING_METHOD = 38419
S_PARTY_LOOTING_METHOD_VOTE = 30180
S_PARTY_MARKER = 21708
S_PARTY_MATCH_LINK = 44792
S_PARTY_MEMBER_ABNORMAL_ADD = 33590
S_PARTY_MEMBER_ABNORMAL_CLEAR = 20615
S_PARTY_MEMBER_ABNORMAL_DEL = 42774
S_PARTY_MEMBER_ABNORMAL_REFRESH = 53718
S_PARTY_MEMBER_BUFF_UPDATE = 51198
S_PARTY_MEMBER_CHANGE_HP = 51950
S_PARTY_MEMBER_CHANGE_MP = 43897
S_PARTY_MEMBER_CHANGE_STAMINA = 53799
S_PARTY_MEMBER_INFO = 27260
S_PARTY_MEMBER_INTERVAL_POS_UPDATE = 20557
S_PARTY_MEMBER_LIST = 43789
S_PARTY_MEMBER_QUEST_DATA = 28045
S_PARTY_MEMBER_STAT_UPDATE = 56743
S_PARTY_NOTIFY_MY_POSITION = 51754
S_PCBANGINVENTORY_DATALIST = 24681
S_PENDING_TRANSFORM_DATA = 62374
S_PETITION_CANCEL = 40259
S_PETITION_CHAT_BEGIN = 37905
S_PETITION_CHAT_END = 40583
S_PETITION_CHAT_GM_MESSAGE = 65442
S_PETITION_CHECK_CREATABLE = 64998
S_PETITION_CHECK_SURVEYABLE = 24301
S_PETITION_COMPLETE = 23059
S_PETITION_CREATE = 50643
S_PETITION_FORCE_CREATE = 29576
S_PETITION_INFO = 45416
S_PET_ATTACKED = 27993
S_PET_DURABILITY_CHANGE = 38812
S_PET_INCUBATOR_INFO_CHANGE = 48134
S_PET_INCUBATOR_PROGRESS = 36823
S_PET_INCUBATOR_SHOW = 41712
S_PET_INFO_CHANGE = 39387
S_PET_INFO_CLEAR = 29400
S_PET_MANAGER_SHOW = 59498
S_PET_STOP_ALERT = 35414
S_PING = 61637
S_PK_END = 55053
S_PK_START = 36723
S_PK_TAG = 22088
S_PLAYER_AUTOPILOT = 28778
S_PLAYER_CHANGE_ALL_PROF = 32019
S_PLAYER_CHANGE_DRAIN = 59920
S_PLAYER_CHANGE_EP = 27033
S_PLAYER_CHANGE_EXP = 30243
S_PLAYER_CHANGE_FLIGHT_ENERGY = 40220
S_PLAYER_CHANGE_MP = 52921
S_PLAYER_CHANGE_NOCTAN_COUNT = 35939
S_PLAYER_CHANGE_PROF = 54473
S_PLAYER_CHANGE_STAMINA = 23079
S_PLAYER_RESET_EP = 43080
S_PLAYER_STAT_UPDATE = 32220
S_PLAYER_VEHICLE_EX_STAT_UPDATE = 41110
S_PLAYTIME = 57349
S_PLAYTIME_EVENT_END = 25302
S_PLAYTIME_EVENT_REWARD_DATA = 42371
S_PLAY_ANIMATION = 65370
S_PLAY_EFFECT = 35017
S_PLAY_EVENT_SOUND = 30205
S_PLAY_MAGNETIC = 36495
S_PLAY_MOVIE = 42098
S_PLAY_SOUND = 31879
S_PLAY_SOUND_BYNAME = 46039
S_PLAY_TIME = 46951
S_POINT_STORE_BASKET = 43788
S_POINT_STORE_SELL_LIST = 58770
S_POLITICS_POINT_STORE_BASKET = 60312
S_POLITICS_POINT_STORE_SELL_LIST = 31827
S_POSITION_SWAP = 22155
S_POST_PROCESS = 49736
S_POST_PROCESS_MATERIAL = 20111
S_PRECONFIRM_INVITE_CODE = 45999
S_PREMIUM_COMPOSE_ADD_ITEM = 40782
S_PREMIUM_COMPOSE_DEL_ITEM = 63083
S_PREMIUM_COMPOSE_RESET = 62262
S_PREMIUM_COMPOSE_RESULT = 21188
S_PREMIUM_COMPOSE_START = 38138
S_PREMIUM_COMPOSE_UI_INFO = 39451
S_PREMIUM_SLOT_DATALIST = 48181
S_PREMIUM_SLOT_OFF = 31472
S_PREPARE_CHANGE_USER_APPEARANCE = 48534
S_PREPARE_DONE_WORKOBJECT = 53028
S_PREPARE_EXIT = 27772
S_PREPARE_INGAME_CHANGE_USER_APPEARANCE = 32945
S_PREPARE_RETURN_TO_LOBBY = 51095
S_PREPARE_SELECT_CHANNEL = 45732
S_PREPARE_WORKOBJECT = 39119
S_PREVIEW_ITEM = 51472
S_PRIVATE_CHANNEL_NOTICE = 33792
S_PRIVATE_CHAT = 63643
S_PRODUCE_CRITICAL = 64911
S_PROMOTION_INFO = 60874
S_PROMOTION_PROCESS = 57761
S_PROMOTION_SUCCESS = 63264
S_PROTECT = 53027
S_PURCHASE_PROD = 53997
S_PUSHED_BY_SHIELD = 24740
S_PUT_WARE_ITEM = 21599
S_PVE_LEADER_BOARD_INFO = 54547
S_PVE_RANKING_LIST = 51662
S_PVP_LEADER_BOARD_INFO = 22918
S_PVP_RANKING_LIST = 52026
S_QA_SET_ADMIN_LEVEL = 36936
S_QUEST_BALLOON = 60564
S_QUEST_INFO = 25173
S_QUEST_VILLAGER_INFO = 52887
S_RACE_CHANGE_RESTRICTION = 39545
S_RANK_MESSAGE = 26944
S_RANK_POINT_STATUS = 58345
S_READY_PULL = 28200
S_RECEIVE_TOKEN_TARGET_ITEM = 21431
S_RECV_PARCEL = 34921
S_REGISTER_ENCHANT_ITEM = 28819
S_REGISTER_UPGRADE_ITEM = 20099
S_REIGN_INFO = 35681
S_REJECT_CONTRACT = 50210
S_REMAIN_PLAY_TIME = 60159
S_REMOVE_BLOCKED_USER = 35605
S_REMOVE_EFFECT = 65082
S_REMOVE_EVENT_MATCHING_QUEST = 44600
S_REMOVE_GUILD_GROUP = 40516
S_REMOVE_GUILD_MEMBER = 29235
S_REMOVE_SOUND_BYNAME = 49997
S_RENAME_ITEMSTRING_START = 33489
S_REPLY_GUILD_LIST = 36531
S_REPLY_GUILD_WANTED_WRITING_LIST = 36458
S_REPLY_INVITE_GUILD_LIST = 32070
S_REPLY_NONDB_ITEM_INFO = 22019
S_REPLY_REQUEST_CONTRACT = 58328
S_REPLY_RET_VILLAGE_INFO = 28445
S_REPLY_SET_GUILD_WANTED_WRITING = 54545
S_REQUEST_CHANGE_PARTY_MATCH_RULE = 45812
S_REQUEST_CITY_WAR_MAP_INFO = 51428
S_REQUEST_CITY_WAR_MAP_INFO_DETAIL = 23823
S_REQUEST_CITY_WAR_MAP_INFO_END = 52993
S_REQUEST_CONTRACT = 49856
S_REQUEST_COOLTIME_TO_JOIN_GUILD = 56746
S_REQUEST_DEMOLIST_GUILD_TOWER_POPUP = 61324
S_REQUEST_DUNGEON_MATCHING_UI = 54262
S_REQUEST_FLOATING_CASTLE_PARTS_COOL_TIME = 34186
S_REQUEST_GUILD_FLAG_IMAGE_DATA = 55367
S_REQUEST_GUILD_INFO_BEFORE_APPLY_GUILD = 47795
S_REQUEST_INGAMESTORE_PRODUCT_DETAIL = 55975
S_REQUEST_INGAMESTORE_SALE_PRODUCTLIST = 58335
S_REQUEST_INVITE_GUILD_TAG = 54383
S_REQUEST_JOINED_CHANNEL_LIST = 59059
S_REQUEST_JOIN_GUILD_NOTICE = 25102
S_REQUEST_NAME_PREEMPTION = 47487
S_REQUEST_PRIVATE_CHANNEL_INFO = 51159
S_REQUEST_REACTION_POS_TICK = 46781
S_REQUEST_RENEW_ALL_PARTS_ITEM = 24683
S_REQUEST_SECOND_PASSWORD_AUTH = 44517
S_REQUEST_SECOND_PASSWORD_REGISTER = 39948
S_REQUEST_STYLE_SHOP_MARK_PRODUCTLIST = 41416
S_REQUEST_UPDATE_CUSTOM_USER_CUSTOMIZING = 31397
S_REQUEST_WRITE_BOARD_RESULT = 31910
S_RESET_ALL_PRODUCT_MARK_EVENT = 29821
S_RESET_EP_PERK = 44003
S_RESET_GUILD_PERK = 40396
S_RESET_SKILL = 36731
S_RESPONSE_ACCESSORY_COST_INFO = 37466
S_RESPONSE_GAMESTAT_PONG = 39467
S_RESULT_BATTLE_FIELD_CHAT_BAN = 35283
S_RESULT_BIDDING_DICE_THROW = 21400
S_RESULT_CHANGE_CHARACTER_NAME = 28117
S_RESULT_CHANGE_DUAL_OPTION_IDX = 57178
S_RESULT_CHANGE_FRIEND_MEMO = 21730
S_RESULT_CHANGE_MY_PROFILE = 39074
S_RESULT_DECOMPOSITION = 44035
S_RESULT_ENCHANT = 41399
S_RESULT_EQUIPMENT_INHERITANCE = 25956
S_RESULT_EVENT_SEED = 32051
S_RESULT_GROUP_DUEL_MSG = 23287
S_RESULT_ITEM_BIDDING = 24472
S_RESULT_ITEM_COLORING = 42310
S_RESULT_LEARN_GUILD_PERK = 37918
S_RESULT_MATERIAL_AWAKEN = 26976
S_RESULT_OPEN_DUAL_OPTION = 39938
S_RESULT_RENAME_GUILD = 43367
S_RESULT_SEREN_GUIDE = 26211
S_RESULT_UPGRADE = 22052
S_RESULT_USABLE_CHARACTER_NAME = 59823
S_RESULT_USABLE_GUILD_NAME = 61441
S_RETURN_PARCEL = 24512
S_RETURN_TO_LOBBY = 57881
S_RETURN_USER = 64493
S_RETURN_USER_REWARD_END = 36134
S_REWARDNPC_SPAWN_ALARM = 54769
S_REWRITE_ITEM_STRING = 32044
S_RIGHT_ITEM_LIST = 47182
S_ROUND_PVE_BATTLE_FIELD_BOARD = 23554
S_ROUND_PVE_CLOSE_SKILL_UI = 50295
S_ROUND_PVE_OPEN_SKILL_UI = 33117
S_ROUND_PVE_SCORE = 42903
S_ROUND_PVP_BATTLE_FIELD_BOARD = 64330
S_ROUND_RESULT = 32844
S_ROUND_START = 49694
S_SCENARIO_DUNGEON_UI = 23498
S_SECOND_PASSWORD_AUTH_RESULT = 34092
S_SECOND_PASSWORD_REGISTER_RESULT = 44422
S_SELECT_CHANNEL = 62444
S_SELECT_EVENT_MATCHING = 41538
S_SELECT_USER = 40841
S_SEND_CHANGE_REPUTATION_EXP = 22121
S_SEND_CHANGE_REPUTATION_POINT = 41933
S_SEND_PARCEL = 50552
S_SEND_PARCEL_TAX = 20915
S_SEND_QUEST_ITEM_INFO = 23863
S_SEND_ROUND_PVE_SKILL_LIST = 44528
S_SEND_USER_PLAY_TIME = 51203
S_SEND_VIP_SYSTEM_INFO = 28653
S_SERVANT_ABILITY = 48446
S_SERVER_TIME = 43953
S_SET_AWESOMIUM_WEB_URL = 53890
S_SET_GUILD_JOIN_CONDITION = 23484
S_SET_ITEM_BIDDING_FLAG = 46031
S_SET_ITEM_STRING = 48165
S_SET_KUMAS_BATTLE_FIELD_TREASURE_SCORE = 29482
S_SET_NEW_TERA_USER = 42649
S_SET_POS = 33709
S_SET_RECIPE_BOOKMARK = 57800
S_SET_SEND_PARCEL_ITEM = 37904
S_SET_SEND_PARCEL_MONEY = 26206
S_SET_VISIBLE = 38734
S_SET_WORKOBJECT = 54766
S_SHARE_USER_PING = 65048
S_SHORTCUT_CHANGE = 53600
S_SHOW_ARTISAN_MENU = 27049
S_SHOW_AWESOMIUMWEB_SHOP = 27445
S_SHOW_CANDIDATE_LIST = 39005
S_SHOW_CHANGE_CHARACTER_UI = 53682
S_SHOW_CREST_LEARN = 35368
S_SHOW_DARKRIFT_USER_HP = 38607
S_SHOW_DEAD_CITY_WAR_UI = 25311
S_SHOW_DEAD_UI = 61480
S_SHOW_DUNGEON_RETRY_UI = 43634
S_SHOW_GUILD_QUEST_LIST = 23292
S_SHOW_HP = 51193
S_SHOW_ITEM_TOOLTIP = 40517
S_SHOW_NPC_TO_MAP = 39990
S_SHOW_PARCEL_MESSAGE = 31536
S_SHOW_PARTY_MATCH_INFO = 42749
S_SHOW_PCBANG_ICON = 53479
S_SHOW_PEGASUS_MAP = 43615
S_SHOW_REVIVE_UI = 51252
S_SHOW_TEMPER_WINDOW = 45564
S_SHOW_TRADE_ITEM = 47590
S_SHOW_TRADE_LOG = 40910
S_SHOW_USER_EP_INFO = 42646
S_SIMPLE_TIP_REPEAT_CHECK = 57486
S_SKILL_ATTENTION_TARGET = 59685
S_SKILL_CATEGORY = 28983
S_SKILL_CHASE_EFFECT_TARGET = 60752
S_SKILL_FORGET = 39921
S_SKILL_LEARN_LIST = 51398
S_SKILL_LEARN_RESULT = 51815
S_SKILL_LIST = 42060
S_SKILL_PERIOD = 65320
S_SKILL_TARGETING_AREA = 53907
S_SNOW_EVENT_BATTLE_FIELD_BOARD = 65506
S_SNOW_EVENT_BATTLE_FIELD_SPAWN_USER = 30580
S_SOCIAL = 24378
S_SOCIAL_CANCEL = 26572
S_SOCIAL_FORGET = 53397
S_SOCIAL_LEARN_RESULT = 64207
S_SPAWN_BONFIRE = 48457
S_SPAWN_BUILD_OBJECT = 41962
S_SPAWN_COLLECTION = 61702
S_SPAWN_DOOR = 64632
S_SPAWN_DROPITEM = 35408
S_SPAWN_EVENT_SEED = 42150
S_SPAWN_GAMBLE_BOX = 26702
S_SPAWN_ME = 38631
S_SPAWN_NPC = 55268
S_SPAWN_PET = 58008
S_SPAWN_PROJECTILE = 59966
S_SPAWN_REMOTE_PROJECTILE = 31039
S_SPAWN_SERVANT = 58505
S_SPAWN_SHUTTLE = 63834
S_SPAWN_USER = 20353
S_SPAWN_WORKOBJECT = 49684
S_STAGE_RESULT = 58785
S_START_ACTION_SCRIPT = 23391
S_START_CHANGE_USER_APPEARANCE = 50691
S_START_CHAT_BAN = 48168
S_START_CHAT_BAN_INFINITY = 22348
S_START_CLIENT_CUSTOM_SKILL = 39528
S_START_CLIMBING = 62158
S_START_COMMANDER_SKILL = 41084
S_START_COOLTIME_ITEM = 63878
S_START_COOLTIME_SKILL = 46525
S_START_DRIVE_AIRSHIP = 44227
S_START_FIX_SPIRIT = 23124
S_START_FIX_VEHICLE = 53025
S_START_GUILD_QUEST = 34591
S_START_GUILD_WAR = 20269
S_START_INVERSE_CAPTURE = 46321
S_START_LEVEL_COMPENSATION = 33421
S_START_PEGASUS = 40586
S_START_PRODUCE = 48241
S_START_ROUND_PVE_ROUND = 60659
S_START_STACK_ATTENDANCE_EVENT_INFO = 27004
S_START_USER_PROJECTILE = 56440
S_START_VM_BUY = 43421
S_START_VM_SELL = 21960
S_STEER_DEBUG_COMMAND = 39797
S_STICK_TO_USER_END = 22767
S_STICK_TO_USER_START = 39406
S_STOP_VM = 22803
S_STORE_BASKET = 44465
S_STORE_SELL_LIST = 40372
S_STRONGHOLD_OCCUPATION_BATTLE_FIELD_BOARD = 45952
S_STRONGHOLD_OCCUPATION_BATTLE_FIELD_STRONGHOLD_INFO = 63383
S_STR_EVALUATE_LIST = 54459
S_STYLE_SHOP_BUY_TCAT_ITEM = 48451
S_SUCCESS_COUNTER = 53488
S_SUCCESS_STYLE_SHOP_BUY_REPUTATION_ITEM = 59792
S_SUGGEST_DARK_RIFT_PARTY_MATCHING = 35831
S_SURVEY_QUESTION = 40400
S_SWITCH_INFO = 63547
S_SYNC_PEGASUS_TIME = 36764
S_SYSTEM_MESSAGE = 48959
S_SYSTEM_MESSAGE_CUSTOM = 37248
S_SYSTEM_MESSAGE_LOOT_ITEM = 27365
S_SYSTEM_MESSAGE_LOOT_SPECIAL_ITEM = 49469
S_SYSTEM_REWARD_MESSAGE = 35192
S_SYS_PARTY_INFO = 50665
S_TARGET_INFO = 47625
S_TASK_INFO_GUARD = 22544
S_TAX_INFO = 52254
S_TELEPORT_TO_CAMP = 27912
S_TEMPER_MATERIALS = 61107
S_TEMPER_RESULT = 57035
S_TERRITORY_STEP_ENTER = 63905
S_TERRITORY_STEP_LEAVE = 64068
S_TERRITORY_STEP_PROGRESS = 46070
S_TIMEOVER_CONTRACT = 45184
S_TOGGLE_TASK_INFO_WINDOW = 63410
S_TOKEN_POINT_STATUS = 21288
S_TOTAL_GUILD_WAR_DATA = 36046
S_TRADE_ACCEPT = 55287
S_TRADE_BAG_CLOSE = 49380
S_TRADE_BAG_DONE = 24706
S_TRADE_BOX = 63120
S_TRADE_BROKER_BOUGHT_ITEM_LIST = 20983
S_TRADE_BROKER_BUY_IT_NOW = 32952
S_TRADE_BROKER_CALC_NOTIFY = 57848
S_TRADE_BROKER_DEAL_INFO_UPDATE = 47020
S_TRADE_BROKER_DEAL_SUGGESTED = 43608
S_TRADE_BROKER_HIGHEST_ITEM_LEVEL = 36354
S_TRADE_BROKER_HISTORY_ITEM_LIST = 46691
S_TRADE_BROKER_INPUT_PRICE = 30573
S_TRADE_BROKER_REGISTERED_ITEM_LIST = 26315
S_TRADE_BROKER_REQUEST_DEAL_RESULT = 43091
S_TRADE_BROKER_SOLD_ITEM_LIST = 36114
S_TRADE_BROKER_SUGGEST_DEAL = 53887
S_TRADE_BROKER_WAITING_ITEM_LIST = 23772
S_TRADE_MESSAGE = 47498
S_TRANSFER_KUMAS_BATTLE_FIELD_TREASURE = 27871
S_TUTORIAL_PLAY_FINISHED = 28179
S_UNICAST_FLOATING_CASTLE_INFO = 25152
S_UNICAST_FLOATING_CASTLE_NAMEPLATE = 36377
S_UNICAST_TRANSFORM_DATA = 34041
S_UNMOUNT_VEHICLE = 37699
S_UNMOUNT_VEHICLE_EX = 27554
S_UNREGISTER_ENCHANT_ITEM = 40367
S_UNREGISTER_UPGRADE_ITEM = 44944
S_UPDATE_ACHIEVEMENT_PROGRESS = 45939
S_UPDATE_BIDDING_COUNT = 22901
S_UPDATE_CONTENTS_ON_OFF = 64322
S_UPDATE_EVENT_MATCHING_BONUS_INFO = 21462
S_UPDATE_EVENT_SEED_STATE = 30051
S_UPDATE_EVENT_SYSTEM = 59970
S_UPDATE_FRIENDSHIP_GAGE = 50812
S_UPDATE_FRIEND_INFO = 28631
S_UPDATE_GAMBLE_BOX_STATE = 34702
S_UPDATE_GUILD_ANNOUNCE = 63856
S_UPDATE_GUILD_FLAG = 64640
S_UPDATE_GUILD_GROUP = 64380
S_UPDATE_GUILD_MEMBER = 46941
S_UPDATE_GUILD_QUEST_STATUS = 28189
S_UPDATE_GUILD_TOWER_INFO = 40544
S_UPDATE_KUMAS_BATTLE_FIELD_TREASURE_INFO = 54844
S_UPDATE_KUMAS_BOSS_POS = 36710
S_UPDATE_NPCGUILD = 30796
S_UPDATE_PARTY_MEMBER_QUEST_DATA = 35021
S_UPDATE_PRODUCE = 57365
S_UPDATE_QUEST = 49520
S_UPDATE_STACK_ATTENDANCE_EVENT_INFO = 37675
S_UPDATE_STACK_ATTENDANCE_EVENT_RESET_TIME = 27744
S_UPDATE_STYLE_SHOP_MARK_PRODUCT = 46670
S_UPDATE_USER_AWAKEN_GRADE = 40263
S_UPDATE_VM_SELLBUY_WINDOW = 58342
S_UPDATE_VM_SETTING_WINDOW = 31034
S_UPDATE_VM_STATUS = 52268
S_USER_AIM = 51993
S_USER_AIM_TO = 53415
S_USER_APPEARANCE_CHANGE = 24375
S_USER_BLOCK_LIST = 25378
S_USER_CHANGE_FACE_CUSTOM = 58567
S_USER_CHANGE_NAME = 42317
S_USER_EFFECT = 24149
S_USER_EXTERNAL_CHANGE = 61386
S_USER_FLYING_LOCATION = 53270
S_USER_ITEMLEVEL_INFO = 64968
S_USER_ITEM_EQUIP_CHANGER = 31499
S_USER_LEVELUP = 47639
S_USER_LOCATION = 63397
S_USER_LOCATION_IN_ACTION = 36576
S_USER_MOVETYPE = 35799
S_USER_PAPERDOLL_INFO = 45868
S_USER_PVE_RANKING = 51670
S_USER_PVP_RANKING = 40107
S_USER_REPORT = 32131
S_USER_SITUATION = 45306
S_USER_STATUS = 59057
S_USER_WEAPON_APPEARANCE_CHANGE = 63503
S_USE_CHRONOSCROLL_RESULT = 63436
S_USE_COUPON = 37876
S_USE_RIGHT_ITEM = 61906
S_VEHICLE_EX_ARROW = 47488
S_VERSION_INFO = 26119
S_VIEW_BATTLE_FIELD_RESULT = 28736
S_VIEW_GUILD_WAR = 57853
S_VIEW_INTER_PARTY_MATCH_BATTLEFIELD_LIST = 52833
S_VIEW_INTER_PARTY_MATCH_DUNGOEN_LIST = 43701
S_VIEW_PARTY_INVITE = 46306
S_VIEW_VM_SETTING_WINDOW = 22799
S_VIEW_WARE = 55401
S_VIEW_WARE_EX = 64453
S_VILLAGER_BUFF_INFO = 29614
S_VILLAGER_POPUP_DIALOG = 32438
S_VILLAGE_LIST_TO_TELEPORT = 37853
S_VIP_STORE_ITEM_LIST = 62443
S_VISITED_SECTION_LIST = 53442
S_VISIT_NEW_SECTION = 22122
S_VISIT_NEW_TEL_CAMP = 27109
S_VM_BUY_BASKET_INFO = 61947
S_VM_SELL_BASKET_INFO = 50596
S_VOID_GUARD_INFO = 33044
S_VOTE_DISMISS_PARTY = 34365
S_VOTE_HISTORY = 21683
S_VOTE_RESET_ALL_DUNGEON = 22843
S_WAITING_LIST = 56737
S_WATCHED_MOVIES = 20343
S_WEAK_POINT = 27794
S_WELCOME_PET_OWNER = 43178
S_WHISPER = 53085
S_WORK_WORKOBJECT = 38741
S_WORLD_OF_TANK_BATTLE_FIELD_BOARD = 43841
S_WORLD_OF_TANK_BATTLE_FIELD_RESULT = 41646
S_WORLD_QUEST_VILLAGER_INFO = 63190
