C_ACCEPT_CONTRACT 24157
C_ACCEPT_FRIEND 35353
C_ACCEPT_GUILD_APPLY 48827
C_ACCEPT_GUILD_WAR 41669
C_ACTIVATE_CARD_COMBINE_LIST 33483
C_ADD_CRYSTAL_COMBINE_MATERIAL 62005
C_ADD_FRIEND 23136
C_ADD_FRIEND_GROUP 34564
C_ADD_INTER_PARTY_MATCH_POOL 62373
C_ADD_ITEM_TO_VM_BUY_BASKET 46815
C_ADD_ITEM_TO_VM_SELL_BASKET 28220
C_ADD_MATERIAL_AWAKEN 30285
C_ADD_TELEPORT_TO_POS_LIST 63880
C_ADD_TO_TEMPER_MATERIAL_EX 52140
C_ADD_TRADE_BAG 65217
C_ADMIN 44741
C_ADMIN_ADD_CUSTOM_BOOKMARK 29979
C_ADMIN_CHAT_BAN 47122
C_ADMIN_CHECK_USERNAME 24338
C_ADMIN_GET_DUNGEON_USER_LIST 21030
C_ADMIN_GET_USER_INFO_BY_DBID 63634
C_ADMIN_GET_USER_INFO_LIST_BY_DISTANCE 29362
C_ADMIN_GMEVENT_NOTICE 58495
C_ADMIN_GMEVENT_OFF 52563
C_ADMIN_GMEVENT_OX_QUIZ_NEXT_QUIZ 55483
C_ADMIN_GMEVENT_OX_QUIZ_NEXT_REPE_QUIZ 53679
C_ADMIN_GMEVENT_STATUS 24540
C_ADMIN_GMEVENT_USER_KICK 41860
C_ADMIN_GMEVENT_USER_SUMMON 27023
C_ADMIN_GM_MAPTELEPORT 49728
C_ADMIN_GM_SKILL 32184
C_ADMIN_GM_TELEPORT 32696
C_ADMIN_HOLD_CHARACTER 22802
C_ADMIN_KILL_NPC 38619
C_ADMIN_LOBBY 55540
C_ADMIN_REMOVE_CUSTOM_BOOKMARK 38546
C_ADMIN_REMOVE_NPC 64385
C_ADMIN_REQUEST_CUSTOM_BOOKMARK 60089
C_ADMIN_REQUEST_DEFAULT_BOOKMARK 24247
C_ADMIN_REQUEST_USERACTION 22834
C_ADMIN_REQUEST_USERINFO 25400
C_ADMIN_SPAWN_NPC 54814
C_ADMIN_VANISH_PET 45520
C_ADMIN_WARNING_MESSAGE 64176
C_ANSWER_BANNING_PARTY_MEMBER 41673
C_ANSWER_CODE_HASH 63509
C_ANS_QUEST_SHARE 40201
C_APPLY_GUILD 63586
C_APPLY_INVEN_POCKET_SORT 51182
C_APPLY_PARTY 62513
C_APPLY_TITLE 34475
C_ARRIVE_AT_JUMPGEAR_DESTINATION 48387
C_ASK_HANCOIN_AMOUNT 42993
C_ASK_INTERACTIVE 54639
C_AVAILABLE_EVENT_MATCHING_LIST 20235
C_AWESOMIUM_WEB_COUNTING 57250
C_BANISH_GUILD_MEMBER 20386
C_BAN_FROM_GROUP_DUEL 23267
C_BAN_PARTY_MEMBER 31148
C_BATTLE_FIELD_BOARD_REQUEST 61078
C_BATTLE_FIELD_CANCEL_OCCUPATION 37395
C_BATTLE_FIELD_HELP 29236
C_BATTLE_FIELD_MAP_ALARM 54138
C_BATTLE_FIELD_POINT_STORE_BUY_ADD_BASKET 31546
C_BATTLE_FIELD_POINT_STORE_BUY_DEL_BASKET 28746
C_BATTLE_FIELD_POINT_STORE_COMMIT 62944
C_BATTLE_FIELD_REWARD 21648
C_BATTLE_FIELD_START_OCCUPATION 58262
C_BETTING_TRY 36863
C_BIND_ITEM_BEGIN_PROGRESS 38120
C_BIND_ITEM_CANCEL 62710
C_BIND_ITEM_EXECUTE 45649
C_BLOCK_USER 47721
C_BOARD_ITEM_LIST 27020
C_BOT_CANDIDATE_INFO 51853
C_BROADCAST_CLIMBING 34809
C_BUY_INGAMESTORE_MONEYPRODUCT 30319
C_BUY_INGAMESTORE_TCATPRODUCT 20759
C_BUY_VILLAGER_BUFF 48618
C_CANCEL_CHANGE_USER_APPEARANCE 27518
C_CANCEL_CONTRACT 28009
C_CANCEL_DELETE_USER 58328
C_CANCEL_DUNGEON_RETRY 65530
C_CANCEL_EXIT 25245
C_CANCEL_FIX_SPIRIT 57952
C_CANCEL_FIX_VEHICLE 35097
C_CANCEL_LOCKON_TARGET 32861
C_CANCEL_PENDING 34309
C_CANCEL_PREPARE_CHANGE_USER_APPEARANCE 58846
C_CANCEL_QUEST 30369
C_CANCEL_RETURN_TO_LOBBY 26046
C_CANCEL_REVIVE 25515
C_CANCEL_SELECT_CHANNEL 58503
C_CANCEL_SKILL 38751
C_CANCEL_TEMPER 55536
C_CAN_CREATE_USER 41876
C_CAN_LOCKON_TARGET 55469
C_CAST_FISHING_ROD 42562
C_CHANGE_CARD_PRESET 41945
C_CHANGE_CHANNEL_PASSWORD 47602
C_CHANGE_CHARACTER 41191
C_CHANGE_EQUIP_PRESET 53289
C_CHANGE_FRIEND_MEMO 49270
C_CHANGE_GROUP_DUEL_SETTING 32697
C_CHANGE_GUILDGROUP 58173
C_CHANGE_GUILDNAME 63433
C_CHANGE_GUILD_CHIEF 51391
C_CHANGE_ITEM_COLORING_POTION 46921
C_CHANGE_ITEM_PASSIVE_LIST 36391
C_CHANGE_LOOKS_PREMIUM_TRY 58166
C_CHANGE_LOOKS_SERVANT 48822
C_CHANGE_MODE 25321
C_CHANGE_MY_PROFILE 21321
C_CHANGE_MY_STATE 20188
C_CHANGE_PARTY_MANAGER 58481
C_CHANGE_PARTY_MEMBER_AUTHORITY 38772
C_CHANGE_POCKET_NAME 35019
C_CHANGE_SERVANT_CONDITIONAL_SKILL 40228
C_CHANGE_SERVANT_NAME 54790
C_CHANGE_USER_LOBBY_SLOT_ID 60165
C_CHANGE_USER_NAME 33966
C_CHANGE_VM_MODE 63240
C_CHAT 24524
C_CHAT_REPORT 31269
C_CHECK_CHANGE_GUILDNAME 46859
C_CHECK_EVENT_MATCHING_LIST_CHECKBOX 52554
C_CHECK_EVENT_SYSTEM_REWARD 33572
C_CHECK_EXTRACT 32466
C_CHECK_NEW_GUILDNAME 50871
C_CHECK_TO_DECLARE_GUILD_WAR 62178
C_CHECK_TO_OPPOSITE_DECLARE_GUILD_WAR 60753
C_CHECK_TO_RAISE_GUILD_WAR 32865
C_CHECK_TO_READY_PARTY 59543
C_CHECK_TO_READY_PARTY_ANSWER 24345
C_CHECK_USERNAME 53110
C_CHECK_VERSION 19900
C_CITY_WAR_INFO_HISTROY 44276
C_CITY_WAR_SEASON_HISTROY 42433
C_CLEAR_SEND_PARCEL 61409
C_CLOSE_SEND_PARCEL 21448
C_CLOSE_VM 35526
C_COLLECTION_PICKEND 27185
C_COLLECTION_PICKSTART 58442
C_COMBATLOG_USER_INFO_RESET 33942
C_COMBINE_ITEM 27895
C_COMMIT_ACCESSORY_TRANSFORM 52812
C_COMMIT_CHANGE_USER_APPEARANCE 43361
C_COMMIT_FACE_BONE_DATA 57814
C_COMMIT_INGAME_CHANGE_USER_APPEARANCE 28697
C_COMMIT_VM_TRADE 25419
C_COMPLETE_DAILY_EVENT 52756
C_COMPLETE_EXTRA_EVENT 44559
C_COMPLETE_QUEST 20716
C_CONFIRM_EVENT_SYSTEM 38317
C_CONFIRM_INVITE_CODE 46825
C_CONFIRM_SERVANT_AUTO_FEED_INFO 38851
C_CONFIRM_SERVANT_AUTO_POTION_INFO 65467
C_CONFIRM_UPDATE_NOTIFICATION 53923
C_CREATE_GROUP_DUEL 50385
C_CREATE_GUILDGROUP 51789
C_CREATE_PRIVATE_CHANNEL 47372
C_CREATE_USER 20626
C_CREST_APPLY 44886
C_CREST_APPLY_LIST 59967
C_CREST_DISAPPLY_ALL 36261
C_CRYSTAL_COMBINE_EXECUTE 34949
C_CURRENT_CHANNEL 53965
C_CUSTOM_USER_CUSTOMIZING 61845
C_DEACTIVATE_CARD_COMBINE_LIST 41133
C_DECLARE_GUILD_WAR 26170
C_DECOMPOSE_REGISTER_ITEM 40575
C_DECOMPOSE_UNREGISTER_ITEM 28161
C_DECOMPOSITION_ITEM 48442
C_DELETE_COUPON 29542
C_DELETE_FRIEND 44408
C_DELETE_FRIEND_GROUP 57153
C_DELETE_PARCEL 27078
C_DELETE_SERVANT 37648
C_DELETE_SERVANT_ABILITY 55136
C_DELETE_TELEPORT_TO_POS_LIST 61158
C_DELETE_USER 34369
C_DELIVERY_STORE_ADD_BASKET 60371
C_DELIVERY_STORE_COMMIT 51908
C_DELIVERY_STORE_DEL_BASKET 23082
C_DEL_CRYSTAL_COMBINE_MATERIAL 36238
C_DEL_FROM_AWAKEN 35191
C_DEL_FROM_TEMPER_MATERIAL 25492
C_DEL_INTER_PARTY_MATCH_POOL 64226
C_DEL_ITEM 27616
C_DEL_TRADE_BAG 24985
C_DESPAWN_BUILD_OBJECT 47840
C_DESTROY_GUILD 39732
C_DIALOG 39175
C_DIALOG_EVENT 25011
C_DISMISS_PARTY 42252
C_DISTRIBUTOR_ANSWER 36451
C_DUEL_CANCEL 62666
C_DUNGEON_CLEAR_COUNT_LIST 33431
C_DUNGEON_COOL_TIME_LIST 59488
C_DUNGEON_RANK_RECORD_LIST 51904
C_DUNGEON_RANK_SEASON_LIST 62647
C_DUNGEON_SUMMON_PARTY 42522
C_DUNGEON_UI_OPENED 26014
C_DUNGEON_WORK_ENTER 33995
C_DUNGEON_WORK_LEAVE 32943
C_DUNGEON_WORK_POINT_STORE_BUY_ADD_BASKET 22381
C_DUNGEON_WORK_POINT_STORE_BUY_DEL_BASKET 20560
C_DUNGEON_WORK_POINT_STORE_COMMIT 53067
C_DUNGEON_WORK_RETRY 52086
C_EDIT_BLOCKED_USER_MEMO 55744
C_EDIT_FRIEND_GROUP 62238
C_EDIT_PRIVATE_CHANNEL 20571
C_ENCHANTER_USE 57909
C_ENCHANT_BOOSTER_DROP_ITEM 26107
C_ENCHANT_BOOSTER_REGISTER_ITEM 57314
C_ENCHANT_BOOSTER_START 51472
C_END_CLIMBING 63889
C_END_CUSTOMIZING_PARTS_SHAPE 38782
C_END_FISHING_MINIGAME 44336
C_END_ITEM_BIDDING 57446
C_END_MOVIE 46407
C_END_RESTORE_CUSTOMIZING_PARTS_SHAPE 64874
C_END_STYLE_SHOP 48026
C_ENTER_BATTLE_FIELD 28701
C_ENTER_DUNGEON 47070
C_ENTER_SCENARIO_DUNGEON 41995
C_ENTER_TELEPORTTERRITORY 58915
C_EQUIPMENT_ENCHANT_SCROLL_USE 37088
C_EQUIP_ITEM 51456
C_EQUIP_SERVANT_ITEM 24216
C_EVENT_GUIDE 24246
C_EVENT_MATCHING_BATTLEFIELD_DETAIL_INFO 51784
C_EVENT_MATCHING_DUNGEON_DETAIL_INFO 51027
C_EXECUTE_AWAKEN 47540
C_EXECUTE_TEMPER 30664
C_EXIT 52737
C_EXPAND_INVEN_POCKET 52664
C_EXTEND_PARTY 52802
C_EXTRACT_REGISTER_ITEM 47734
C_EXTRACT_UNREGISTER_ITEM 44064
C_FACIAL_ATTACHMENT 23112
C_FIELD_EVENT_BAN 48267
C_FINDNAME 57171
C_FLOATING_CASTLE_PARTS_STORE_BUY_ADD_BASKET 30440
C_FLOATING_CASTLE_PARTS_STORE_BUY_DEL_BASKET 45672
C_FLOATING_CASTLE_PARTS_STORE_COMMIT 53373
C_GACHA_CANCEL 39843
C_GACHA_TRY 22652
C_GAMBLE_CANCEL 56964
C_GAMBLE_CHANGE_BET_ITEM 27434
C_GAMBLE_GO 34099
C_GAMBLE_STOP 42943
C_GAMBLE_TRY 33518
C_GET_AOI_INFO 62236
C_GET_ATTENDANCE_REWARD 24805
C_GET_EVENT_DETAIL 35154
C_GET_EVENT_SYSTEM_REWARD 33053
C_GET_GUILD_HISTORY 45959
C_GET_GUILD_QUEST_WEEKLY_REWARD 48183
C_GET_GUILD_WARE_HISTORY 63024
C_GET_IN_SHUTTLE 54980
C_GET_OUT_SHUTTLE 33371
C_GET_USER_GUILD_LOGO 58001
C_GET_USER_LIST 46562
C_GET_WARE_ITEM 56322
C_GIVE_UP_GUILD_WAR 40768
C_GMEVENT_ENTER_EVENT 63592
C_GMEVENT_LEAVE_EVENT 43498
C_GMEVENT_MOVE_TO_STADIUM 53563
C_GMEVENT_OX_REPE_QUIZ_ANSWER 26695
C_GROUP_DUEL_ADD_BETTING_ITEM 49205
C_GROUP_DUEL_BETTING 48016
C_GROUP_DUEL_BETTING_MONEY 49087
C_GROUP_DUEL_CHANGE_REPRESENT 23456
C_GROUP_DUEL_DEL_BETTING_ITEM 50806
C_GROUP_DUEL_RECORD 60117
C_GUARD_PK_POLICY 26126
C_GUILD_APPLY_LIST 40598
C_GUILD_APPLY_LIST_PAGE 22753
C_GUILD_STORE_BUY_ADD_BASKET 20304
C_GUILD_STORE_BUY_DEL_BASKET 37694
C_GUILD_STORE_COMMIT 56189
C_HARDWARE_INFO 25481
C_HIT_USER_PROJECTILE 34288
C_INGAME_CHANGE_USER_APPEARANCE_CANCEL 52919
C_INGAME_CHANGE_USER_APPEARANCE_TRY 53083
C_INVALID_BUILD_VERSION 62728
C_INVITE_FRIEND_CODE 42257
C_INVITE_USER_TO_GUILD 40202
C_ITEMSYNTHESIZER_REQUEST_CANCEL 39118
C_ITEMSYNTHESIZER_REQUEST_MATERIAL 32564
C_ITEMSYNTHESIZER_REQUEST_START 22272
C_ITEM_COLORING_ADD_ITEM 49832
C_ITEM_COLORING_REMOVE_ITEM 23150
C_ITEM_COLORING_SET_COLOR 58478
C_JOIN_GROUP_DUEL 30667
C_JOIN_PRIVATE_CHANNEL 55788
C_KICK_CHANNEL_MEMBER 63342
C_LEARN_EP_PERK 24121
C_LEAVE_GROUP_DUEL 23594
C_LEAVE_GUILD 42461
C_LEAVE_PARTY 42794
C_LEAVE_PRIVATE_CHANNEL 58991
C_LEAVE_TELEPORTTERRITORY 49905
C_LIST_CHANNEL 40684
C_LIST_PARCEL 28820
C_LOAD_EP_INFO 41253
C_LOAD_TOPO_FIN 56182
C_LOGIN_ARBITER 63749
C_LOGIN_WORLD 50791
C_LORD_CALC_TAX 39435
C_LORD_CANDIDATE_LIST 50757
C_LORD_CANDIDATE_PLEDGE 56417
C_LORD_CHANGE_GREETINGS 42278
C_LORD_CHANGE_POLICY 23970
C_LORD_GUARD_INFO 38955
C_LORD_RANK_INFO 36702
C_LORD_REGISTER 38213
C_LORD_REGISTER_INFO 63913
C_LORD_TAX_SET 52501
C_LORD_VOTE 30808
C_LORD_VOTE_CANDIDATE_LIST 35112
C_MAIN_MENU_COMMAND 34753
C_MAIN_MENU_COMMAND_EXEC 31941
C_MEDAL_STORE_BUY_ADD_BASKET 40212
C_MEDAL_STORE_BUY_DEL_BASKET 26350
C_MEDAL_STORE_COMMIT 33784
C_MEET_BOSS_INFO 35004
C_MERGE_ITEM 39961
C_MERGE_ITEM_EXECUTE 46932
C_MERGE_PARTY_TO_RAID 20302
C_MOUNT_CARD 59522
C_MOUNT_VEHICLE_EX 60964
C_MOVE_INVEN_POS 48159
C_MOVE_ITEM 37883
C_MOVE_SLOT_IN_GROUP_DUEL 54369
C_MOVE_WARE_POS 30280
C_MYTHICCRAFT_REGISTER_MATERIAL_ITEM 64165
C_MYTHICCRAFT_REGISTER_TARGET_ITEM 40636
C_MYTHICCRAFT_UNREGISTER_MATERIAL_ITEM 34445
C_MYTHICCRAFT_UNREGISTER_TARGET_ITEM 49844
C_NOTIFY_LOCATION_IN_ACTION 52253
C_NOTIFY_LOCATION_IN_DASH 50632
C_NOTIFY_LOCATION_IN_REACTION 37529
C_NOTIFY_SPIRIT_LOCATION_IN_ACTION 34039
C_NOTIMELINE_SKILL 64192
C_NPCGUILD_LIST 27865
C_NPC_CONTACT 51877
C_OPEN_GUILD_WAR_WINDOW 21069
C_OPPOSITE_DECLARE_GUILD_WAR 60167
C_OP_COMMAND 49722
C_PARCEL_READ_RECV_STATUS 30058
C_PARCEL_REPORT 36555
C_PARTY_APPLICATION_DENIED 25306
C_PARTY_LOOTING_METHOD 44610
C_PARTY_LOOTING_METHOD_VOTE 43189
C_PARTY_MARKER 31613
C_PARTY_MATCH_WINDOW_CLOSED 23250
C_PARTY_NOTIFY_MY_POSITION 51056
C_PAY_WAREHOUSE_COMMISION 43720
C_PDH_QUERY 63827
C_PETITION_CANCEL 53268
C_PETITION_CHAT_USER_MESSAGE 57703
C_PETITION_CHECK_CREATABLE 39982
C_PETITION_CHECK_SURVEYABLE 21452
C_PETITION_COMPLETE_CONFIRM 52715
C_PETITION_CREATE 30704
C_PETITION_FEEDBACK 44715
C_PET_EQUIP 22957
C_PET_INCUBATOR_GET 42673
C_PET_INCUBATOR_PUT 30573
C_PET_INCUBATOR_START 54713
C_PET_INCUBATOR_TAKEALL 63442
C_PET_LEVEL_UP_ITEM_ADD_TO_LIST 36787
C_PET_LEVEL_UP_ITEM_REMOVE_FROM_LIST 24286
C_PET_ORB_ATTACH 61912
C_PET_ORB_DELETE 30845
C_PET_REPAIR 52905
C_PET_UNEQUIP 55473
C_PET_USE_ORB 22161
C_PING 39032
C_PK_DECLARE 30412
C_PLAYER_FLYING_LOCATION 60200
C_PLAYER_LOCATION 23374
C_PLAY_EXECUTE_TEMPER 48233
C_PLAY_TIME 22470
C_POINT_STORE_BUY_ADD_BASKET 48655
C_POINT_STORE_BUY_DEL_BASKET 35597
C_POINT_STORE_COMMIT 37466
C_POLITICS_POINT_STORE_BUY_ADD_BASKET 55623
C_POLITICS_POINT_STORE_BUY_DEL_BASKET 25138
C_POLITICS_POINT_STORE_COMMIT 27562
C_PONG 32055
C_PRECONFIRM_INVITE_CODE 61888
C_PREMIUM_COMPOSE_ADD_ITEM 28058
C_PREMIUM_COMPOSE_CANCEL 43437
C_PREMIUM_COMPOSE_DEL_ITEM 24911
C_PREMIUM_COMPOSE_RESET 43168
C_PREMIUM_COMPOSE_TRY 35278
C_PREPARE_WORKOBJECT 46651
C_PRESS_SKILL 35013
C_PREVIEW_ITEM 62686
C_PROMOTION_CANCEL 42498
C_PROMOTION_INFO 59927
C_PROMOTION_RESET 20548
C_PROMOTION_START 63870
C_PURCHASE_PROD 48779
C_PUT_INTO_PRISON 59356
C_PUT_WARE_ITEM 29954
C_QUERY_COIN 47002
C_RAISE_GUILD_WAR 48812
C_RECEIVE_COLLECTION_BOOK_REWARD 55849
C_RECEIVE_FREE_STYLE_SHOP_ITEMS 41825
C_RECEIVE_PLAYTIME_EVENT_REWARD 64060
C_RECOMMEND_GUILD 50981
C_RECOMMEND_USER_GUILD 35770
C_RECV_PARCEL 20426
C_RECV_PARCEL_ALL 63970
C_RECV_PARCEL_EX 38663
C_REGISTER_COMBINE_ITEM 42603
C_REGISTER_ENCHANT_ITEM 57513
C_REGISTER_EVOLUTION_ITEM 64328
C_REGISTER_PARTY_INFO 43911
C_REGISTER_REPAIR_ITEM 54157
C_REGISTER_VM_BUY_ITEM 43275
C_REGISTER_VM_SELL_ITEM 37594
C_REGIST_CUSTOMIZING_PARTS_SHAPE_ITEM 60029
C_REIGN_INFO 20715
C_REJECT_CONTRACT 43197
C_REJECT_INVITE_USER_TO_GUILD 24144
C_RELEASE_FROM_PRISON 30405
C_REMOVE_BLOCKED_USER 51054
C_REMOVE_COLORING_POTION 57025
C_REMOVE_GUILDGROUP 60862
C_REMOVE_ITEM_FROM_VM_BUY_BASKET 64561
C_REMOVE_ITEM_FROM_VM_SELL_BASKET 36050
C_RENAME_TELEPORT_TO_POS_LIST 50326
C_REPLY_INTER_PARTY_MAKE 61466
C_REPLY_TELEPORT 35969
C_REPLY_TELEPORT_NEAR_TOWN 28019
C_REPLY_TELEPORT_WALK_THROUGH 47736
C_REPLY_THROUGH_ARBITER_CONTRACT 47350
C_REQUEST_ABILITY_TRANSFER 35307
C_REQUEST_ACCESSORY_COST_INFO 37410
C_REQUEST_ACHIEVEMENT_LIST 49837
C_REQUEST_ARENA_BETTING_INFO 34885
C_REQUEST_BATTLE_FIELD_CHAT_BAN 59173
C_REQUEST_BATTLE_FIELD_PARTY_MARKER 37639
C_REQUEST_BATTLE_FIELD_PARTY_MARKER_CLEAR 64396
C_REQUEST_BOSS_GAGE_INFO 49237
C_REQUEST_BUY_VIP_STORE_ITEM 26876
C_REQUEST_CANCEL_GUILD_QUEST 54211
C_REQUEST_CANDIDATE_LIST 31598
C_REQUEST_CHANGE_CHARACTER_NAME 49369
C_REQUEST_CHANGE_DUAL_OPTION_IDX 46628
C_REQUEST_CHANGE_LOOKS_SERVANT 44735
C_REQUEST_CHANGE_PARTY_MATCH_RULE 41340
C_REQUEST_CITY_WAR_MAP_INFO 22558
C_REQUEST_CLIENT_CHAT_OPTION_SETTING 36965
C_REQUEST_CLIENT_UI_SETTING 56542
C_REQUEST_CONTRACT 23641
C_REQUEST_COOLTIME_TO_JOIN_GUILD 49538
C_REQUEST_COUPON_DATA 35383
C_REQUEST_COUPON_LIST 60344
C_REQUEST_DEMOLISH_GUILD_TOWER 21709
C_REQUEST_DEMOLIST_GUILD_TOWER_POPUP 40465
C_REQUEST_DESPAWN_SERVANT 29147
C_REQUEST_DICE_THROW 40657
C_REQUEST_DUNGEON_WORK_LIST 32365
C_REQUEST_ENCHANT 23106
C_REQUEST_ENTER_VIP_DUNGEON 41306
C_REQUEST_EQUIPMENT_INHERITANCE 54768
C_REQUEST_EVENT_MATCHING_TELEPORT 26340
C_REQUEST_EVOLUTION 24017
C_REQUEST_FIELD_POINT_REWARD 27309
C_REQUEST_FINISH_GUILD_QUEST 30858
C_REQUEST_FLOATING_CASTLE_PARTS_COOL_TIME 34054
C_REQUEST_FLY_MOVE_INFO 45854
C_REQUEST_GAMESTAT_PING 43657
C_REQUEST_GUILD_FLAG_IMAGE_DATA 27133
C_REQUEST_GUILD_INCENTIVE 22732
C_REQUEST_GUILD_INFO 42371
C_REQUEST_GUILD_INFO_BEFORE_APPLY_GUILD 21405
C_REQUEST_GUILD_LEVEL_RANKING 25602
C_REQUEST_GUILD_LIST 49557
C_REQUEST_GUILD_LIST_PAGE 55943
C_REQUEST_GUILD_LIST_SORT 64307
C_REQUEST_GUILD_MEMBER_LIST 22066
C_REQUEST_GUILD_PERK_LIST 54717
C_REQUEST_GUILD_WANTED_WRITING_LIST 39773
C_REQUEST_GUILD_WANTED_WRITING_LIST_PAGE 57038
C_REQUEST_GUILD_WAR_PENALTY_INFO 58969
C_REQUEST_GUILD_WAR_TELEPORT 28365
C_REQUEST_GUILD_WAR_TRACKING_INFO 31797
C_REQUEST_IMAGE_DATA 23694
C_REQUEST_INCREASE_CARD_PRESET 26844
C_REQUEST_INGAMESTORE_PRODUCT_DETAIL 32035
C_REQUEST_INGAMESTORE_PRODUCT_LIST 55471
C_REQUEST_INVITE_GUILD_LIST 49432
C_REQUEST_INVITE_GUILD_LIST_PAGE 22203
C_REQUEST_ITEM_COLORING_VALUE 56316
C_REQUEST_LATEST_UPDATE_NOTIFICATION 37093
C_REQUEST_LEARN_GUILD_PERK 38739
C_REQUEST_MEGAPHONE 53527
C_REQUEST_MENTO_REWARD 35392
C_REQUEST_MISSION_QUEST_TELEPORT 61011
C_REQUEST_MYTHICCRAFT 32524
C_REQUEST_MY_ACTIVATE_CARD_COMBINE_LIST_DATA 43950
C_REQUEST_MY_PARTY_MATCH_INFO 50710
C_REQUEST_NAME_PREEMPTION 45838
C_REQUEST_NONDB_ITEM_INFO 28995
C_REQUEST_NONDB_MYTHICITEM_TOOLTIP 59860
C_REQUEST_ONGOING_FIELD_EVENT_LIST 64430
C_REQUEST_OPEN_DUAL_OPTION 62199
C_REQUEST_OPEN_DUAL_OPTION_MATERIAL_INFO 46571
C_REQUEST_OTHERS_ACTIVATE_CARD_COMBINE_LIST_DATA_WITH_GAMEID 45552
C_REQUEST_OTHERS_CARD_DATA 55291
C_REQUEST_OTHERS_CARD_DATA_WITH_GAMEID 32198
C_REQUEST_PARTY_INFO 64902
C_REQUEST_PARTY_MATCH_INFO 51679
C_REQUEST_PARTY_MATCH_INFO_PAGE 45988
C_REQUEST_PARTY_MATCH_LINK 43645
C_REQUEST_PERF 36018
C_REQUEST_PET_CONSUME_EXP_ITEM 28780
C_REQUEST_PING 49788
C_REQUEST_PLAYTIME 62711
C_REQUEST_PRIVATE_CHANNEL_INFO 53951
C_REQUEST_PVE_RANKING 27117
C_REQUEST_PVP_RANKING 49382
C_REQUEST_QUEST_BACKUP_ITEM 50259
C_REQUEST_RECV_DAILY_TOKEN 43951
C_REQUEST_RENAME_GUILD 56080
C_REQUEST_RENEW_ALL_PARTS_ITEM 35442
C_REQUEST_REPAIR_ITEM 62308
C_REQUEST_REPUTATION_STORE_TELEPORT 57211
C_REQUEST_RESET_EPPERK 47595
C_REQUEST_RESET_VIP_STORE 51103
C_REQUEST_RET_VILLAGE_INFO 43634
C_REQUEST_RIGHT_ITEM_LIST 25274
C_REQUEST_ROUND_PVE_SKILL_LIST 61894
C_REQUEST_SELL_LIST 54939
C_REQUEST_SEREN_GUIDE 34822
C_REQUEST_SERVANT_AUTO_FEED_INFO 50307
C_REQUEST_SERVANT_AUTO_POTION_INFO 29791
C_REQUEST_SERVANT_COMPOSE 58089
C_REQUEST_SERVANT_EVOLUTION 23302
C_REQUEST_SERVANT_INFO_LIST 48303
C_REQUEST_SERVANT_LEVEL_UP 64936
C_REQUEST_SERVER_ADMINTOOL_AWESOMIUM_URL 29903
C_REQUEST_SET_GUILD_WANTED_WRITING 29505
C_REQUEST_SHARE_QUEST 51727
C_REQUEST_SPAWN_SERVANT 51198
C_REQUEST_STACK_ATTENDANCE_EVENT_INFO_UPDATE 53328
C_REQUEST_STACK_ATTENDANCE_EVENT_REWARD 22284
C_REQUEST_START_GUILD_QUEST 24785
C_REQUEST_TOKEN_TARGET_ITEM 53873
C_REQUEST_TOTAL_GUILD_WAR_DATA 36748
C_REQUEST_UPDATE_ANNOUNCE 33782
C_REQUEST_UPDATE_INTRODUCE 36214
C_REQUEST_USABLE_CHARACTER_NAME 46169
C_REQUEST_USABLE_GUILD_NAME 64526
C_REQUEST_USER_ITEMLEVEL_INFO 30188
C_REQUEST_USER_PAPERDOLL_INFO 36993
C_REQUEST_USER_PAPERDOLL_INFO_WITH_GAMEID 32765
C_REQUEST_VIP_STORE_ITEM_LIST 36411
C_REQUEST_VIP_SYSTEM_INFO 20925
C_REQUEST_WRITE_BOARD 61941
C_RESET_ALL_DUNGEON 50167
C_RESET_EP_PERK 43741
C_RESPONSE_SPAWN_DROPITEM 28585
C_RESTORE_CUSTOMIZING_PARTS_SHAPE 25186
C_RETURN_PARCEL 42638
C_RETURN_TO_LOBBY 42801
C_RETURN_USER_GIFT 60876
C_REUQUEST_JOINED_CHANNEL_LIST 37075
C_REVIVE_NOW 49480
C_REWRITE_ITEM_STRING 23977
C_RIDE_PEGASUS 30496
C_ROLLBACK_QUEST 55749
C_ROUND_PVE_SKILL_SELECT 55990
C_RQ_ADD_ITEM_TO_DECOMPOSITION_CONTRACT 35467
C_RQ_COMMIT_DECOMPOSITION_CONTRACT 43845
C_RQ_DEL_ITEM_FROM_DECOMPOSITION_CONTRACT 30623
C_RQ_SKILL_POLISHING_CHANGE_OPTION 57514
C_RQ_SKILL_POLISHING_EXP_INFO 50747
C_RQ_SKILL_POLISHING_LIST 34699
C_RQ_SKILL_POLISHING_UNLOCK_OPTION 51599
C_RQ_SKILL_POLISHING_UPGRADE_LEVEL 32652
C_RQ_START_SOCIAL_ON_PROGRESS_DECOMPOSITION 56274
C_RQ_UPDATE_ITEM_TO_DECOMPOSITION_CONTRACT 27495
C_SAVE_CHAT_SETTING 33700
C_SAVE_CLIENT_ACCOUNT_SETTING 51586
C_SAVE_CLIENT_CHAT_OPTION_SETTING 51590
C_SAVE_CLIENT_UI_SETTING 24790
C_SAVE_CLIENT_USER_SETTING 27937
C_SECOND_PASSWORD_AUTH 60116
C_SECOND_PASSWORD_REGISTER 34628
C_SELECT_CHANNEL 51158
C_SELECT_EVENT_MATCHING 23104
C_SELECT_USER 55952
C_SEND_PARCEL 49660
C_SEND_UI_LOG 62441
C_SERVANT_ABILITY 41986
C_SERVER_TIME 30642
C_SETTLE_UP_BUY_VM 25421
C_SETTLE_UP_SELL_VM 24248
C_SET_GUILDGROUP_AUTHORITY 36075
C_SET_GUILD_JOIN_CONDITION 50145
C_SET_INVEN_POCKET_GET_FILTER 31238
C_SET_ITEM_STRING 48250
C_SET_POS 27067
C_SET_RECIPE_BOOKMARK 54701
C_SET_SEND_PARCEL_ITEM 40288
C_SET_SEND_PARCEL_MONEY 44658
C_SET_SEND_PARCEL_TYPE 39286
C_SET_SERVANT_SEQUENCE 42351
C_SET_TARGET_INFO 42776
C_SET_VISIBLE_RANGE 49086
C_SHARE_USER_PING 62469
C_SHOW_AWESOMIUMWEB_SHOP 63206
C_SHOW_GUILD_QUEST_LIST 51030
C_SHOW_INVEN 42041
C_SHOW_ITEMLIST 25532
C_SHOW_ITEM_TOOLTIP 37598
C_SHOW_ITEM_TOOLTIP_EX 30820
C_SHOW_NAME_PLATE_ICON 39176
C_SHOW_PARCEL_MESSAGE 33962
C_SHOW_PETMANAGER 38837
C_SHOW_QUEST_INFO_DIALOG 29041
C_SHOW_STYLE 62678
C_SHOW_TRADE_ITEM 20886
C_SHOW_TRADE_LOG 43507
C_SIMPLE_TIP_DONT_REPEAT 39311
C_SIMPLE_TIP_REPEAT_CHECK 28086
C_SKILL_LEARN_LIST 59683
C_SKILL_LEARN_REQUEST 40354
C_SLASH_COMMAND 49937
C_SOCIAL 50126
C_SPAWN_BUILD_OBJECT 52028
C_START_CLIMBING 57616
C_START_COMBINE_ITEM 27714
C_START_COMBO_INSTANT_SKILL 21620
C_START_COMMANDER_SKILL 38818
C_START_CUSTOMIZING_PARTS_SHAPE 32602
C_START_DECOMPOSE 40579
C_START_DRIVE_AIRSHIP 42891
C_START_ENCHANT 33829
C_START_EVOLUTION 31577
C_START_EXTRACT 38922
C_START_FISHING_MINIGAME 34988
C_START_FIX_SPIRIT 48152
C_START_FIX_VEHICLE 44175
C_START_GUILD_SKILL 54853
C_START_INSTANCE_SKILL 41490
C_START_INSTANCE_SKILL_EX 64086
C_START_MYTHICCRAFT 33467
C_START_PRODUCE 58640
C_START_REPAIR_ITEM 30374
C_START_SERVANT_ACTIVE_SKILL 51238
C_START_SKILL 21893
C_START_SKILL_BY_VEHICLE_EX 47163
C_START_TARGETED_SKILL 30591
C_START_VM_BUY 40473
C_START_VM_SELL 32802
C_STOP_FISHING 44597
C_STOP_VM 35010
C_STORE_BUY_ADD_BASKET 30489
C_STORE_BUY_DEL_BASKET 51635
C_STORE_COMMIT 20145
C_STORE_SELL_ADD_BASKET 30797
C_STORE_SELL_DEL_BASKET 64981
C_STR_EVALUATE_LIST 64816
C_STYLE_SHOP_BUY_REPUTATION_ITEM 26927
C_STYLE_SHOP_BUY_TCAT_ITEM 60635
C_SUGGEST_DARK_RIFT_PARTY_MATCHING 51364
C_SURVEY_ANSWER 64070
C_SWAP_PARTY 41040
C_TELEPORT_DARK_RIFT 57603
C_TELEPORT_TO_CAMP 22784
C_TELEPORT_TO_POS 60785
C_TELEPORT_TO_VILLAGE 29239
C_TEL_CAMP 28825
C_TOGGLE_GROUP_DUEL_READY 59323
C_TOGGLE_GROUP_DUEL_SLOT 23584
C_TOGGLE_TASK_INFO_WINDOW 38559
C_TRADE_BAG_CLOSE 26364
C_TRADE_BAG_DONE 41350
C_TRADE_BROKER_BOUGHT_ITEM_LIST 62051
C_TRADE_BROKER_BUY_IT_NOW 38530
C_TRADE_BROKER_CALC_BOUGHT_ITEM 44766
C_TRADE_BROKER_CALC_SOLD_ITEM 60477
C_TRADE_BROKER_CLOSE 60268
C_TRADE_BROKER_DEAL_CONFIRM 56493
C_TRADE_BROKER_DEAL_PRICE_UPDATE 42093
C_TRADE_BROKER_HIGHEST_ITEM_LEVEL 22365
C_TRADE_BROKER_HISTORY_ITEM_LIST_NEW 36469
C_TRADE_BROKER_HISTORY_ITEM_LIST_PAGE 45881
C_TRADE_BROKER_HISTORY_ITEM_LIST_SORT 54731
C_TRADE_BROKER_INPUT_PRICE 51895
C_TRADE_BROKER_REGISTERED_ITEM_LIST 51640
C_TRADE_BROKER_REGISTER_ITEM 30538
C_TRADE_BROKER_REJECT_SUGGEST 52362
C_TRADE_BROKER_SOLD_ITEM_LIST 60657
C_TRADE_BROKER_SUGGEST_DEAL 54131
C_TRADE_BROKER_UNREGISTER_ITEM 50593
C_TRADE_BROKER_WAITING_ITEM_LIST_NEW 65274
C_TRADE_BROKER_WAITING_ITEM_LIST_PAGE 41987
C_TRADE_BROKER_WAITING_ITEM_LIST_SORT 49870
C_TRANSFER_VEHICLE_EX 25870
C_TRY_ITEM_BIDDING 40421
C_TRY_LOOT_DROPITEM 60335
C_TRY_NPC_INTERACTION 42625
C_TRY_TELEPORT_FIELD_EVENT 48889
C_UNBIND_ITEM 54985
C_UNEQUIP_ITEM 24811
C_UNEQUIP_SERVANT_ITEM 43183
C_UNLOCK_POCKET 20380
C_UNMOUNT_CARD 45151
C_UNMOUNT_VEHICLE 27294
C_UNMOUNT_VEHICLE_EX 38390
C_UNREGISTER_COMBINE_ITEM 51356
C_UNREGISTER_ENCHANT_ITEM 63137
C_UNREGISTER_EVOLUTION_ITEM 34660
C_UNREGISTER_PARTY_INFO 28925
C_UNREGISTER_REPAIR_ITEM 30581
C_UNREGISTER_VM_BUY_ITEM 32791
C_UNREGISTER_VM_SELL_ITEM 35966
C_UNREGIST_CUSTOMIZING_PARTS_SHAPE_ITEM 51981
C_UPDATE_AFK_STATUS 25030
C_UPDATE_CONTENTS_PLAYTIME 63719
C_UPDATE_FRIEND_INFO 39427
C_UPDATE_GUILD_FLAG 29703
C_UPDATE_GUILD_LOGO 35567
C_UPDATE_GUILD_TITLE 44403
C_UPDATE_MY_DESCRIPTION 63356
C_UPDATE_REACTION_POS 40169
C_UPDATE_SKILL_SCRIPT 50040
C_USER_AIM 54200
C_USER_AIM_TO 62297
C_USER_REPORT 25149
C_USE_COUPON 21202
C_USE_ITEM 51689
C_USE_JUMPGEAR 27298
C_USE_PREMIUM_SLOT 33824
C_USE_RIGHT_ITEM 49682
C_USE_SERVANT_FEED_ITEM 64713
C_VEHICLEEX_LOCATION 36031
C_VEHICLE_EX_ARROW_HIT 49411
C_VIEW_BATTLEFIELD_STORE 27789
C_VIEW_BATTLE_FIELD_RESULT 63255
C_VIEW_DUNGEONWORK_STORE 35914
C_VIEW_GUILD_WAR 64197
C_VIEW_INTER_PARTY_MATCH_BATTLEFIELD_LIST 28683
C_VIEW_INTER_PARTY_MATCH_DUNGEON_LIST 25396
C_VIEW_PARTY_INVITE 25246
C_VIEW_WARE 56025
C_VISIT_NEW_SECTION 20803
C_VOTE_DISMISS_PARTY 32239
C_VOTE_HISTORY 20729
C_VOTE_RESET_ALL_DUNGEON 52496
C_WAREHOUSE_AUTO_SORT 37796
C_WATCHED_MOVIES 57493
C_WHISPER 30875
C_WITHDRAW_GUILD_WAR 47162
C_WRITE_BOARD 28743
C_XIGNCODE_SECURITY_DATA 38077
I_CLOSE_SERVER_CONNECTION 22
I_GFX_ADMIN_COMMAND 18
I_GFX_COMMAND 17
I_INPUT_COMMAND 19
I_MOVE_KEY 20
I_SKILL_KEY 21
I_SPAWN_BARRACK_CHARACTER 1
I_TELEPORT 0
S_ABNORMALITY_BEGIN 35419
S_ABNORMALITY_DAMAGE_ABSORB 30348
S_ABNORMALITY_END 42123
S_ABNORMALITY_EXTRA 33588
S_ABNORMALITY_FAIL 64772
S_ABNORMALITY_REFRESH 21491
S_ABNORMALITY_RESIST 52311
S_ABNORMALITY_SCALE_UP 64224
S_ACCEPT_CONTRACT 61578
S_ACCOMPLISH_ACHIEVEMENT 57604
S_ACCOUNT_BENEFIT_LIST 33106
S_ACCOUNT_PACKAGE_LIST 39861
S_ACTION_END 52374
S_ACTION_STAGE 31972
S_ACTIVATE_BATTLE_FIELD_CHAT_BAN 24006
S_ACTIVATE_CARD_COMBINE_LIST 51706
S_ACTIVATE_CARD_COMBINE_LIST_DATA 23169
S_ADD_AWAKEN_CHANGE_DATA 32157
S_ADD_AWAKEN_ENCHANT_DATA 21260
S_ADD_BLOCKED_USER 58243
S_ADD_CHARM_STATUS 40552
S_ADD_CRYSTAL_COMBINE_MATERIAL 20749
S_ADD_FRIEND 44876
S_ADD_GUILD_GROUP 54334
S_ADD_GUILD_MEMBER 44413
S_ADD_INTER_PARTY_MATCH_POOL 39528
S_ADD_NEW_EVENT_MATCHING_QUEST 40356
S_ADD_TO_TEMPER_MATERIAL_EX 35512
S_ADD_TRADE_BAG 20605
S_ADMIN_CHECK_USERNAME 24539
S_ADMIN_CUSTOM_BOOKMARK_LIST 51641
S_ADMIN_DEFAULT_BOOKMARK_LIST 20848
S_ADMIN_DELETE_QUEST 44746
S_ADMIN_GET_DUNGEON_USER_LIST 63588
S_ADMIN_GET_USERINFO_INVEN 45521
S_ADMIN_GET_USERINFO_QUEST 33598
S_ADMIN_GET_USERINFO_SKILL 25079
S_ADMIN_GET_USERINFO_WAREHOUSE 38282
S_ADMIN_GET_USER_INFO_BY_DBID 23000
S_ADMIN_GET_USER_INFO_LIST_BY_DISTANCE 24853
S_ADMIN_GMEVENT_STATUS 59825
S_ADMIN_GM_SKILL 40413
S_ADMIN_HOLD_CHARACTER 26881
S_ADMIN_NOTICE 62717
S_ADMIN_PRIVILEGE 38914
S_ADMIN_VIP_TEST 26592
S_ADMIN_WARNING_MESSAGE 35912
S_AERO 28633
S_AIR_REACTION_END 28295
S_ANNOUNCE_MESSAGE 44310
S_ANNOUNCE_UPDATE_NOTIFICATION 29023
S_ANSWER_INTERACTIVE 60281
S_APPLY_TITLE 31258
S_ARENA_END_FIGHT 31860
S_ARENA_FIGHTER_CHANGE_HP 40376
S_ARENA_FIGHT_ABNORMALITY_BEGIN 24537
S_ARENA_FIGHT_ABNORMALITY_END 22554
S_ARENA_FIGHT_ABNORMALITY_REFRESH 61725
S_ARENA_OPTIMIZATION 30023
S_ARENA_RESULT 53376
S_ARENA_START_FIGHT 62770
S_ARRIVE_AT_JUMPGEAR_DESTINATION 62230
S_ARTISAN_RECIPE_LIST 62910
S_ARTISAN_SKILL_LIST 55269
S_ASK_BANNING_PARTY_MEMBER 52798
S_ASK_BIDDING_RARE_ITEM 63742
S_ASK_CODE_HASH 59528
S_ASK_EXPAND_INVEN_SIZE 59317
S_ASK_INTER_PARTY_MAKE 56475
S_ASK_QUEST_SHARE 58900
S_ASK_TELEPORT 31416
S_ATTENDANCE_CHECK 42055
S_ATTENDANCE_EVENT_REWARD_COUNT 31761
S_AVAILABLE_EVENT_MATCHING_LIST 48611
S_AVAILABLE_SOCIAL_LIST 33054
S_AWAKEN_RESULT 30802
S_AWESOMIUM_DEBUG_MODE 58380
S_BANISH_GUILD_MEMBER 26114
S_BAN_PARTY 52113
S_BAN_PARTY_MEMBER 36939
S_BASE_POINT_BATTLE_FIELD_NODEPOINT_INFO 41440
S_BATTLE_FIELD_ADD_SCORE 37829
S_BATTLE_FIELD_CANCEL_OCCUPATION 63336
S_BATTLE_FIELD_CHANGE_NPC_HP_EVENT 62204
S_BATTLE_FIELD_CHAT_BAN_INFO 60627
S_BATTLE_FIELD_END_OCCUPATION 44226
S_BATTLE_FIELD_ENTRANCE_INFO 20984
S_BATTLE_FIELD_HELP 61199
S_BATTLE_FIELD_JACKPOT_EVENT_START 30537
S_BATTLE_FIELD_MAP_ALARM 55489
S_BATTLE_FIELD_NODEPOINT_GAUGE_INFO 22606
S_BATTLE_FIELD_NPC_KILL_EVENT 26964
S_BATTLE_FIELD_PARTY_MARKER 57190
S_BATTLE_FIELD_PARTY_MARKER_CLEAR 25240
S_BATTLE_FIELD_POINT_STORE_BASKET 35320
S_BATTLE_FIELD_POINT_STORE_SELL_LIST 42210
S_BATTLE_FIELD_RESULT 23370
S_BATTLE_FIELD_SCORE 65529
S_BATTLE_FIELD_START_OCCUPATION 27370
S_BATTLE_FIELD_STATE 58761
S_BATTLE_FIELD_STRONGHOLD_EVENT 36185
S_BATTLE_FIELD_STRONGHOLD_NONE_STATE 36094
S_BATTLE_FIELD_STRONGHOLD_STATE 55492
S_BATTLE_FIELD_TEAM_MEMBERS_POS_INFO 57640
S_BATTLE_FIELD_USER_ASSIST_EVENT 40826
S_BATTLE_FIELD_USER_KILL_EVENT 29579
S_BATTLE_FIELD_USER_KILL_MESSAGE 33470
S_BATTLE_FIELD_USER_LOAD_INFO 23528
S_BATTLE_FIELD_USER_OCCUPIABLE_ENTER 36116
S_BATTLE_FIELD_USER_OCCUPIABLE_LEAVE 32139
S_BEGIN_THROUGH_ARBITER_CONTRACT 34868
S_BETTING_INFO 23612
S_BETTING_START 20044
S_BIND_ITEM_BEGIN 21885
S_BIND_ITEM_END 48343
S_BOARD_ITEM_LIST 42365
S_BONFIRE_CHARM_ADDED 61108
S_BONFIRE_CHARM_BURNED 37275
S_BONFIRE_STATUS 61744
S_BOSS_BATTLE_INFO 47671
S_BOSS_GAGE_INFO 35120
S_BOSS_GAGE_PRIORITY 32588
S_BOSS_GAGE_STACK_INFO 30817
S_BREAK_SHIELD 59368
S_BREAK_SHIELD_END 64997
S_BROADCAST_CLIMBING 58623
S_BROADCAST_FLOATING_CASTLE_INFO 39108
S_BROADCAST_FLOATING_CASTLE_NAMEPLATE 58743
S_BROCAST_GUILD_FLAG 32256
S_BROCAST_UPDATE_GUILD_FLAG 35977
S_BUY_INGAMESTORE_MONEYPRODUCT 65145
S_BUY_VIP_STORE_ITEM_SUCCESS 49408
S_BYE_PET 24761
S_CAMERA_SHAKE 26515
S_CANCEL_CONTRACT 50567
S_CANCEL_DELETE_USER 40884
S_CANCEL_EXIT 65351
S_CANCEL_PARTY_LOOTING_METHOD_VOTE 46147
S_CANCEL_PARTY_MATCH_POOL 28807
S_CANCEL_PARTY_MEMBER_BAN 47928
S_CANCEL_PREPARE_CHANGE_USER_APPEARANCE 34267
S_CANCEL_QUEST_SHARE 32057
S_CANCEL_RETURN_TO_LOBBY 47637
S_CANCEL_SELECT_CHANNEL 50168
S_CANCEL_VOTE_DISMISS_PARTY 26356
S_CANCEL_VOTE_RESET_ALL_DUNGEON 27934
S_CANNON_BATTLE_FIELD_BOARD 65218
S_CANNON_BATTLE_FIELD_CRASH_DOOR 59005
S_CANNON_BATTLE_FIELD_GUARDTOWER_STATUS 28898
S_CANNON_BATTLE_FIELD_RESULT 50738
S_CANNON_BATTLE_FIELD_STRONGHOLD_INFO 51968
S_CANNOT_EQUIP_SAMEKIND 33615
S_CANNOT_START_SKILL 64976
S_CANNOT_USE_CHAT_CHANNEL 41880
S_CANT_FLY_ANYMORE 45073
S_CAN_CREATE_USER 47823
S_CAN_DUNGEON_RETRY 45642
S_CAN_LOCKON_TARGET 32838
S_CARD_COLLECTION_BOOK_LEVEL_UP 46884
S_CARD_DATA 64946
S_CARD_DATA_RESET 37183
S_CAST_FISHING_ROD 23051
S_CHANGE_CARD_PRESET 45558
S_CHANGE_CHARACTER 30140
S_CHANGE_CITY_WAR_STATE 30358
S_CHANGE_DESTPOS_PROJECTILE 40114
S_CHANGE_EP_EXP_DAILY_LIMIT 57311
S_CHANGE_EP_POINT 61529
S_CHANGE_EVENT_MATCHING_STATE 28750
S_CHANGE_FREE_FIGHT_BATTLE_FIELD_RANKING 30876
S_CHANGE_FRIEND_PROFILE 34731
S_CHANGE_FRIEND_STATE 23113
S_CHANGE_GUILDNAME 57974
S_CHANGE_GUILD_CHIEF 48025
S_CHANGE_ITEM_PASSIVE_LIST 27590
S_CHANGE_LOOKS_PREMIUM_RESULT 39813
S_CHANGE_LOOKS_PREMIUM_START 49424
S_CHANGE_LOOKS_SERVANT 27333
S_CHANGE_LOOT_ITEM_AMOUNT 49735
S_CHANGE_MODE 23097
S_CHANGE_NAME_STRING 45872
S_CHANGE_PARTY_MANAGER 39717
S_CHANGE_PARTY_MEMBER_AUTHORITY 21547
S_CHANGE_PK_INFO 29393
S_CHANGE_POCKET_NAME 59507
S_CHANGE_RELATION 24778
S_CHANGE_SERVANT_CONDITIONAL_SKILL 64671
S_CHANGE_SERVANT_ENERGY 42820
S_CHANGE_SERVANT_NAME 57232
S_CHANGE_USER_NAME_RESULT 49941
S_CHANGE_VOICE_USE_QAC 27689
S_CHAPTERHOUSE_QUEST_LIST 44001
S_CHAT 45729
S_CHAT_REPORT 44426
S_CHECK_CHANGE_GUILDNAME 51278
S_CHECK_EVENT_SYSTEM_REWARD 25910
S_CHECK_EXTRACT 36134
S_CHECK_NEW_GUILDNAME 35948
S_CHECK_TO_DECLARE_GUILD_WAR 35083
S_CHECK_TO_OPPOSITE_DECLARE_GUILD_WAR 44194
S_CHECK_TO_RAISE_GUILD_WAR 58701
S_CHECK_TO_READY_PARTY 22654
S_CHECK_TO_READY_PARTY_FIN 24526
S_CHECK_USERNAME 37718
S_CHECK_VERSION 19901
S_CITYWAR_WARNING_UNDERATTACK 25722
S_CITY_WAR_INFO_HISTROY 62749
S_CITY_WAR_NPC_INFO 52014
S_CITY_WAR_NPC_KILL 31509
S_CITY_WAR_SEASON_HISTROY 47235
S_CLEAR_ALL_HOLDED_ABNORMALITY 23428
S_CLEAR_QUEST_INFO 23529
S_CLEAR_WORLD_QUEST_VILLAGER_INFO 31389
S_CLIENT_COMMAND 25417
S_CLOSE_VM_SETTING_WINDOW 45651
S_COLLECTION_PICKEND 63216
S_COLLECTION_PICKSTART 27540
S_COMBATLOG_ADD_VALUE 62253
S_COMBATLOG_COMBAT_ENGAGED_MONSTER_LIST 48253
S_COMBATLOG_CURRENT_AGGRO_LIST 63869
S_COMBATLOG_START 52750
S_COMBATLOG_USER_INFO 38162
S_COMBO_START 61085
S_COMMAND_HELP 50568
S_COMMIT_ACCESSORY_TRANSFORM_RESULT 24767
S_COMPLETED_MISSION_INFO 54884
S_COMPLETE_CHRONOSCROLL_USE 48081
S_COMPLETE_EVENT_MATCHING_QUEST 63562
S_COMPLETE_LOOP_QUEST 61872
S_COMPLETE_QUEST 49074
S_COMPLETE_VOTE 49037
S_CONFIRM_INVITE_CODE 30333
S_CONFIRM_INVITE_CODE_BUTTON 40634
S_CONFIRM_SERVANT_AUTO_FEED_INFO 47553
S_CONFIRM_SERVANT_AUTO_POTION_INFO 50796
S_CONNECT_SKILL_ARROW 26345
S_CONTENTS_TIMER 25064
S_CONTRACT_PET_LEVEL_UP_ITEM_LIST_UPDATE 63521
S_CONTROL_DOOR 36276
S_COUNTDOWN_GROUP_DUEL 22206
S_COUPON_DATA 37035
S_COUPON_LIST 29346
S_COUPON_NOTIFY 46325
S_CREATE_CHARACTER_RESTRICTION 32291
S_CREATE_GUILD_RESULT 49375
S_CREATE_PRIVATE_CHANNEL 34561
S_CREATE_USER 58069
S_CREATURE_CHANGE_HP 56673
S_CREATURE_LIFE 26589
S_CREATURE_ROTATE 57359
S_CREST_APPLY 29733
S_CREST_ASK_DISAPPLY_ALL 38072
S_CREST_CHANGE_FAIL 33657
S_CREST_INFO 62132
S_CREST_MESSAGE 57730
S_CREST_UPGRADE_INFO 54335
S_CRYSTAL_COMBINE_RESULT 31945
S_CURRENT_CHANNEL 29684
S_CURRENT_ELECTION_STATE 30015
S_CURR_FLY_MOVE_INFO 40932
S_CUSTOMIZING_PARTS_SHAPE_ITEM_LIST 44900
S_CUSTOM_MESSAGE 51436
S_CUSTOM_STYLE_SYSTEM_MESSAGE 23369
S_DAILY_QUEST_COMPLETE_COUNT 24879
S_DARK_RIFT_ALL_DESPAWN_WORLD_NOTI 26120
S_DARK_RIFT_AVAILABLE_QUEST_USER_COUNT 50039
S_DARK_RIFT_CHANGE_AREA_WORLD_NOTI 39470
S_DARK_RIFT_CLEAR_MAP_MARKER_WORLD_NOTI 35263
S_DARK_RIFT_DEFENCE_OBJECT_CHANGE_HP 54954
S_DARK_RIFT_DEFENCE_OBJECT_INIT 36164
S_DARK_RIFT_DESPAWN_WORLD_NOTI 48508
S_DARK_RIFT_DESTORY_OBJECT 41703
S_DARK_RIFT_JOIN_LIST 54533
S_DARK_RIFT_MAIN_DEFENCE_CHANGE_HP 42369
S_DARK_RIFT_PROGRESS_STEP_WORLD_NOTI 33356
S_DARK_RIFT_QUEST_INFO 61984
S_DARK_RIFT_REWARD_RESULT 25318
S_DARK_RIFT_SPAWN_WORLD_NOTI 34189
S_DARK_RIFT_SYNC_TIME 65146
S_DEACTIVATE_CARD_COMBINE_LIST 51667
S_DEAD_LOCATION 33699
S_DEBUG_POS 62648
S_DEBUG_REMOTE_PROJECTILE_POS 55551
S_DECOMPOSE_REGISTERED_ITEM 39208
S_DECOMPOSITION_ITEM_RESULT 20019
S_DECO_UI_INFO 42803
S_DECREASE_COOLTIME_SKILL 51340
S_DEFAULT_ANIM_CHANGE 39452
S_DEFEND_SUCCESS 52443
S_DELETE_ALL_PRODUCT 62838
S_DELETE_AWAKEN_CHANGE_DATA 61493
S_DELETE_AWAKEN_ENCHANT_DATA 55895
S_DELETE_COUPON 32252
S_DELETE_FRIEND 55510
S_DELETE_GUILD_TOWER_MY_GUILD 60506
S_DELETE_NPC_FROM_MAP 59144
S_DELETE_PARCEL 30762
S_DELETE_QUEST 57322
S_DELETE_SERVANT 33114
S_DELETE_USER 59201
S_DELIVERY_STORE_BASKET 21711
S_DELIVERY_STORE_ITEM 43549
S_DEL_CRYSTAL_COMBINE_MATERIAL 44523
S_DEL_INTER_PARTY_MATCH_POOL 39135
S_DEL_TRADE_BAG 53604
S_DESPAWN_BONFIRE 32115
S_DESPAWN_BUILD_OBJECT 63553
S_DESPAWN_COLLECTION 55917
S_DESPAWN_DARK_RIFT_CLOUD 50629
S_DESPAWN_DOOR 56722
S_DESPAWN_DROPITEM 37617
S_DESPAWN_EGG 24232
S_DESPAWN_EVENT_SEED 57231
S_DESPAWN_GAMBLE_BOX 51235
S_DESPAWN_NPC 44872
S_DESPAWN_PET 53615
S_DESPAWN_PROJECTILE 34306
S_DESPAWN_SHUTTLE 62144
S_DESPAWN_STATUE 45124
S_DESPAWN_TARGET_OBJECT 63344
S_DESPAWN_USER 57070
S_DESPAWN_WORKOBJECT 46128
S_DESTROY_GUILD 36750
S_DESTROY_GUILD_TOWER 44834
S_DIALOG 39484
S_DIALOG_CLOSE 47227
S_DIALOG_EVENT 63673
S_DIRECTION_WEAKNESS_BEGIN 32288
S_DIRECTION_WEAKNESS_END 43983
S_DISTRIBUTOR_DATA 45574
S_DONE_TEL_CAMP 27267
S_DUEL_END 51533
S_DUEL_START 37636
S_DUEL_TAG 53994
S_DUEL_TIME 31000
S_DUNGEON_ADDITIONAL_WORK_UI 59107
S_DUNGEON_CAMERA_SET 48300
S_DUNGEON_CHANGE_NPC_ANIM 27471
S_DUNGEON_CHANGE_NPC_ANIMSET 25077
S_DUNGEON_CHANGE_NPC_CYLINDER 22484
S_DUNGEON_CLEAR 27977
S_DUNGEON_CLEAR_COUNT_LIST 35408
S_DUNGEON_CONSOLE_EVENT 39508
S_DUNGEON_COOL_TIME_LIST 47300
S_DUNGEON_EVENT_GAGE 30793
S_DUNGEON_EVENT_MESSAGE 32182
S_DUNGEON_GUIDE_OFF 52258
S_DUNGEON_GUIDE_ON 21395
S_DUNGEON_JACKPOT_EVENT_START 48782
S_DUNGEON_LOOK_AT_NPC 33638
S_DUNGEON_NEWBIE 54946
S_DUNGEON_RANK_END_POINT 45414
S_DUNGEON_RANK_END_TIME 60007
S_DUNGEON_RANK_MESSAGE 44365
S_DUNGEON_RANK_RECORDER 39465
S_DUNGEON_RANK_RECORD_LIST 41717
S_DUNGEON_RANK_SEASON_LIST 48390
S_DUNGEON_RECORD_INFO 47550
S_DUNGEON_STATUS 23358
S_DUNGEON_SUMMON_PARTY 35787
S_DUNGEON_TIMER 26527
S_DUNGEON_UI_HIGHLIGHT 51839
S_DUNGEON_VEHICLE_REPAIRABLE 34614
S_DUNGEON_VISIBLE_BG 28917
S_DUNGEON_WORK_ENTER 23192
S_DUNGEON_WORK_LIST 48126
S_DUNGEON_WORK_POINT_STORE_BASKET 42554
S_DUNGEON_WORK_POINT_STORE_SELL_LIST 22720
S_DUNGEON_WORK_RESULT 64762
S_DUNGEON_WORK_UPDATE 52479
S_DUNGEON_WORK_UPDATE_MEDAL_COUNT 41891
S_EACH_SKILL_RESULT 58135
S_ELEMENT_POINT 61477
S_EMITTER 25701
S_EMITTER_SET_Z 53942
S_EMPTY_GUILD_WINDOW 50619
S_ENABLE_CHARM_STATUS 58014
S_ENABLE_DISABLE_SELLABLE_ITEM_LIST 22877
S_ENCHANT_BOOSTER_DROP_ITEM 39976
S_ENCHANT_BOOSTER_REGISTER_ITEM 26296
S_ENCHANT_BOOSTER_STATUS 59762
S_ENCHANT_BOOSTER_SUCCESS 26818
S_ENCHANT_SCROLL_RESULT 65287
S_END_CHANGE_USER_APPEARANCE 48365
S_END_CHAT_BAN 61771
S_END_CUSTOMIZING_PARTS_SHAPE 25658
S_END_DARKRIFT_USER_HP 46760
S_END_DRIVE_AIRSHIP 64567
S_END_FIX_SPIRIT 49595
S_END_FIX_VEHICLE 26431
S_END_GUILD_WAR 58894
S_END_LEVEL_COMPENSATION 34253
S_END_PEGASUS 64972
S_END_PRODUCE 64901
S_END_PRODUCT_SALE_INFO 54605
S_END_RESTORE_CUSTOMIZING_PARTS_SHAPE 46108
S_END_STACK_ATTENDANCE_EVENT_INFO 45591
S_END_STYLE_SHOP_MARK_PRODUCT 31563
S_END_THROUGH_ARBITER_CONTRACT 38719
S_END_USER_PROJECTILE 22522
S_ENEMY_BATTLE_FIELD_COMMANDER_CHANGED 59473
S_ENTER_CITY_WAR 51721
S_ENTER_DUNGEON_POP_UP_REOPEN 62560
S_EP_SYSTEM_DAILY_EVENT_EXP_ON_OFF 25206
S_EQUIP_ITEM 35802
S_EQUIP_ITEM_SET 20072
S_EQUIP_SERVANT_ITEM 37538
S_EVENT_DIALOG 26255
S_EVENT_GUIDE 57206
S_EVENT_INFO 22426
S_EVENT_MATCHING_BATTLEFIELD_DETAIL_INFO 45209
S_EVENT_MATCHING_DUNGEON_DETAIL_INFO 20588
S_EVENT_QUEST_SUMMARY 59395
S_EXIT 44888
S_EXTRACT_REGISTERED_ITEM 20015
S_F2P_PremiumUser_Permission 22420
S_FACIAL_ATTACHMENT_BROADCAST 63116
S_FAIL_CHARM_STATUS 46031
S_FAIL_ENCHANT 54290
S_FAIL_GUILD_QUEST 25776
S_FAIL_LOOT_NON_OWNERSHIP 35625
S_FATIGABILITY_POINT 51495
S_FEARMOVE_END 33422
S_FEARMOVE_STAGE 61120
S_FESTIVAL_LIST 50771
S_FEUDAL_LORD_FLAG_INFO 51426
S_FIELD_EVENT_CHANNEL_FULL_GUIDE 52581
S_FIELD_EVENT_COMBO 28268
S_FIELD_EVENT_GUIDE 47167
S_FIELD_EVENT_ON_ENTER 20178
S_FIELD_EVENT_ON_LEAVE 45602
S_FIELD_EVENT_PROGRESS_INFO 44679
S_FIELD_EVENT_PROGRESS_TIMER 46320
S_FIELD_EVENT_RANK_LIST 41658
S_FIELD_POINT_INFO 51715
S_FIELD_POINT_REWARD_INFO_LIST 64291
S_FINDNAME 49640
S_FINISH_GUILD_QUEST 29351
S_FIN_BASE_POINT_BATTLE_FIELD 44572
S_FIN_CANNON_BATTLE_FIELD 29823
S_FIN_FREE_FIGHT_BATTLE_FIELD 33793
S_FIN_INTER_PARTY_MATCH 41361
S_FIN_KUMAS_BATTLE_FIELD 39071
S_FIN_KUMAS_BOSS_BATTLE_FIELD 23788
S_FIN_ROUND_PVE_BATTLE_FIELD 24288
S_FIN_ROUND_PVE_ROUND 32162
S_FIN_ROUND_PVP_BATTLE_FIELD 42627
S_FIN_SNOW_EVENT_BATTLE_FIELD 23926
S_FIN_STRONGHOLD_OCCUPATION_BATTLE_FIELD 52213
S_FIN_WORLD_OF_TANK_BATTLE_FIELD 41812
S_FISHING_BITE 21335
S_FISHING_CATCH 24258
S_FISHING_CATCH_FAIL 63581
S_FISHING_STOP 20294
S_FIX_SPIRIT_COMPLETE 46460
S_FIX_SPIRIT_PROGRESS 54603
S_FIX_VEHICLE_COMPLETE 63098
S_FIX_VEHICLE_PROGRESS 45580
S_FLOATING_CASTLE_PARTS_STORE_BASKET 65190
S_FLOATING_CASTLE_PARTS_STORE_SELL_LIST 65430
S_FONT_SWAP_INFO 54255
S_FREENAMED_STATUS 22219
S_FREE_FIGHT_BATTLE_FIELD_BOARD 53365
S_FREE_FIGHT_BATTLE_FIELD_MY_WARPOINT_INFO 31273
S_FRIEND_GROUP_LIST 39619
S_FRIEND_LIST 60337
S_GACHA_CANCEL 35579
S_GACHA_END 50716
S_GACHA_START 29195
S_GAMBLE_BEGIN 46374
S_GAMBLE_CHANGE_BET_ITEM 42524
S_GAMBLE_END 41119
S_GAMBLE_RESULT 51189
S_GATE_ATTACK_ALARM 53198
S_GET_AOI_INFO 43829
S_GET_ATTENDANCE_REWARD 22003
S_GET_EVENT_DETAIL 36900
S_GET_IN_SHUTTLE 45158
S_GET_OUT_SHUTTLE 38029
S_GET_USER_GUILD_LOGO 57648
S_GET_USER_LIST 44782
S_GET_WARE_ITEM 50737
S_GHOST 48785
S_GMEVENT_CONFIRM_LEAVE_EVENT 56238
S_GMEVENT_END_EVENT 46709
S_GMEVENT_ENTER_EVENT 37935
S_GMEVENT_GUIDE_MESSAGE 62192
S_GMEVENT_OFF_GUIDE_MESSAGE 39598
S_GMEVENT_OX_QUIZ_OPEN 32258
S_GMEVENT_OX_QUIZ_RESULT 31214
S_GMEVENT_OX_QUIZ_USER_STATUS 62033
S_GMEVENT_OX_REPE_QUIZ_OPEN 65492
S_GMEVENT_OX_REPE_QUIZ_RESULT 57324
S_GMEVENT_OX_RESURRECT_RESULT 53447
S_GMEVENT_RECV_REWARD 53982
S_GMEVENT_START_EVENT 64105
S_GMEVENT_WRITE_EVENTBOARD 27427
S_GRANT_SKILL 61220
S_GROUND_EFFECT 51357
S_GROUP_DUEL_CURRENT_BETTING_ITEM 47963
S_GROUP_DUEL_FIN 25241
S_GROUP_DUEL_INIT 28007
S_GROUP_DUEL_RECORD 51607
S_GROUP_NPC_LOCATION 64428
S_GUARDTOWER_ATTACK_ALARM 34804
S_GUARD_PK_POLICY 48108
S_GUILD_ACCOUNT_LIMIT_INFO_CHANGED 37724
S_GUILD_ANNOUNCE 25657
S_GUILD_APPLY_COUNT 27644
S_GUILD_APPLY_LIST 64121
S_GUILD_EMBLEM 21969
S_GUILD_HISTORY 38098
S_GUILD_INFO 51611
S_GUILD_LEVEL_INFO_CHANGED 42621
S_GUILD_LEVEL_RANKING_LIST 59814
S_GUILD_LOG 59151
S_GUILD_MEMBER_LIST 43853
S_GUILD_MONEY_INFO_CHANGED 28706
S_GUILD_NAME 36365
S_GUILD_PERK_LIST 23648
S_GUILD_POINT_INFO_CHANGED 20575
S_GUILD_QUEST_LIST 43011
S_GUILD_STORE_BASKET 49556
S_GUILD_STORE_SELL_LIST 32661
S_GUILD_TOWER_INFO 50316
S_GUILD_WARE_HISTORY 48218
S_GUILD_WAR_PENALTY_INFO 44094
S_HANCOIN_AMOUNT 36940
S_HIDE_HP 34067
S_HIT_COMBO 24989
S_HOLD_ABNORMALITY_ADD 51409
S_HOLD_ABNORMALITY_REMOVE 44113
S_HUDDLE_ADDING 39027
S_HUNTING_ZONE_EVENT_LIST 24445
S_IMAGE_DATA 41981
S_INCREASE_CARD_PRESET 40772
S_INCREASE_SERVANT_STORAGE_COUNT 25199
S_INGAMESHOP_CATEGORY_BEGIN 52769
S_INGAMESHOP_CATEGORY_DATA 45820
S_INGAMESHOP_CATEGORY_END 40250
S_INGAMESHOP_PRODUCT_BEGIN 54029
S_INGAMESHOP_PRODUCT_DATA 38174
S_INGAMESHOP_PRODUCT_END 48279
S_INGAMESHOP_PRODUCT_ITEMID 33611
S_INGAMESHOP_PRODUCT_SUBPROD 60225
S_INGAMESHOP_PRODUCT_TAG 33020
S_INGAME_CHANGE_USER_APPEARANCE_CANCEL 41447
S_INGAME_CHANGE_USER_APPEARANCE_START 54095
S_INITIALIZE_AWESOMIUM 45951
S_INIT_BASE_POINT_BATTLE_FIELD 34901
S_INIT_CANNON_BATTLE_FIELD 24319
S_INIT_FREE_FIGHT_BATTLE_FIELD 43592
S_INIT_KUMAS_BATTLE_FIELD 45077
S_INIT_KUMAS_BOSS_BATTLE_FIELD 38050
S_INIT_KUMAS_BOSS_INFO 49265
S_INIT_ROUND_PVE_BATTLE_FIELD 40786
S_INIT_ROUND_PVP_BATTLE_FIELD 61100
S_INIT_SEREN_GUIDE 29883
S_INIT_SNOW_EVENT_BATTLE_FIELD 34624
S_INIT_STRONGHOLD_OCCUPATION_BATTLE_FIELD 52343
S_INIT_WORLD_OF_TANK_BATTLE_FIELD 42609
S_INSTANCE_ARROW 60513
S_INSTANT_CATCH 36782
S_INSTANT_DASH 55439
S_INSTANT_MOVE 36067
S_INSTANT_PULL 20236
S_INSTANT_THROW 51834
S_INTERACTION_RESULT 36882
S_INTEREST_INFO 23789
S_INVALID_BUILD_VERSION 53796
S_INVEN 38369
S_INVEN_CHANGEDSLOT 43313
S_INVEN_USERDATA 25025
S_INVITE_CODE_EXPIRE_TIME 44779
S_INVITE_COMPENSATION_GUIDE 63417
S_INVITE_FRIEND_CODE 50107
S_IS_LORD 31829
S_IS_NOT_LORD 22159
S_ITEMLIST 59084
S_ITEMSYNTHESIZER_MATERIAL 53082
S_ITEMSYNTHESIZER_RESULT 29689
S_ITEM_COLORING_BAG 40341
S_ITEM_CUSTOM_STRING 22059
S_ITEM_DECOMPOSE 22442
S_ITEM_EXPLOSION_RESULT 30485
S_ITEM_EXTRACT 43125
S_ITEM_IDENTIFY_RESULT 43345
S_ITEM_RESET_RESULT 27076
S_ITEM_TRANSFORM_DATA 56703
S_ITEM_UNIDENTIFY_RESULT 48829
S_JOIN_PRIVATE_CHANNEL 50171
S_KNOCK_BACK 23392
S_KUMAS_BATTLE_FIELD_BOARD 33889
S_KUMAS_BATTLE_FIELD_LOOT_ITEM 28157
S_KUMAS_BATTLE_FIELD_RESULT 21433
S_KUMAS_BOSS_BATTLE_FIELD_BOARD 57494
S_KUMAS_BOSS_BATTLE_FIELD_RESULT 62417
S_KUMAS_BOSS_CHANGE_INFO 28933
S_LEARN_EP_PERK 60221
S_LEAVE_CITY_WAR 46788
S_LEAVE_GUILD 41688
S_LEAVE_PARTY 45542
S_LEAVE_PARTY_MEMBER 31461
S_LEAVE_PRIVATE_CHANNEL 32438
S_LIST_CHANNEL 45966
S_LIST_PARCEL 47317
S_LIST_PARCEL_EX 50955
S_LOADING_SCREEN_CONTROL_INFO 25171
S_LOAD_ACHIEVEMENT_LIST 64313
S_LOAD_CHAT_SETTING 24053
S_LOAD_CLIENT_ACCOUNT_SETTING 28836
S_LOAD_CLIENT_USER_SETTING 48850
S_LOAD_DUNGEON_SOUND_HINT 38346
S_LOAD_EP_INFO 47273
S_LOAD_HINT 20103
S_LOAD_SKILL_SCRIPT_LIST 40675
S_LOAD_TELEPORT_TO_POS_LIST 39608
S_LOAD_TOPO 33624
S_LOCKON_ARROW 50640
S_LOCKON_YOU 54936
S_LOGIN 40907
S_LOGIN_ACCOUNT_INFO 65008
S_LOGIN_ARBITER 45307
S_LOGOUT_PARTY_MEMBER 25478
S_LOOT_DROPITEM 63412
S_LORD_CANDIDATE_LIST 37569
S_LORD_CANDIDATE_PLEDGE 43725
S_LORD_GUARD_INFO 40435
S_LORD_OPEN_CANDIDATE_WINDOW 35528
S_LORD_OPEN_REGISTER_WINDOW 32808
S_LORD_OPEN_VOTE_WINDOW 54232
S_LORD_POLICY_SET 24340
S_LORD_RANK_INFO 47948
S_LORD_REGISTER_INFO 34673
S_LORD_TAX_SET 23868
S_LORD_VOTE_CANDIDATE_LIST 47813
S_MAIN_MENU_COMMAND 43556
S_MASSTIGE_STATUS 64820
S_MATERIAL_CHANGE 30625
S_MATERIAL_PARAM_CHANGE 29361
S_MEDAL_STORE_BASKET 43266
S_MEDAL_STORE_SELL_LIST 25505
S_MERGE_PARTY_TO_RAID 44730
S_MINIGAME_END 55742
S_MINIGAME_FAIL 54851
S_MINIGAME_RANK_END_POINT 53069
S_MINIGAME_START 58492
S_MINIGAME_WAIT 32590
S_MODIFY_INTER_PARTY_MATCH_POOL 39039
S_MOUNT_CARD 24116
S_MOUNT_VEHICLE 53068
S_MOUNT_VEHICLE_EX 29754
S_MOVE_DISTANCE_DELTA 62852
S_MOVE_SHUTTLE 22691
S_MUTE 37272
S_MYTHICCRAFT_REGISTER_MATERIAL_ITEM 35279
S_MYTHICCRAFT_REGISTER_TARGET_ITEM 40384
S_MYTHICCRAFT_UNREGISTER_MATERIAL_ITEM 21867
S_MYTHICCRAFT_UNREGISTER_TARGET_ITEM 20432
S_MY_CONDITION 59228
S_MY_DESCRIPTION 21112
S_MY_PARTY_MATCH_INFO 51438
S_NAME_PREEMPTION_EVENT_INFO 23129
S_NEED_WAREHOUSE_COMMISION 56214
S_NEW_GOLD_RACE_INFO 27438
S_NOCTAN_VARIATION_INFO 46641
S_NOTIFY_ACTIVE_BUILD_TERRITORY_STATE 42397
S_NOTIFY_BATTLE_FIELD_CHAT_BAN 44808
S_NOTIFY_BATTLE_FIELD_NPC_DESPAWN 20648
S_NOTIFY_BATTLE_FIELD_NPC_SPAWN 62246
S_NOTIFY_DISCONNECT_BY_LEVEL_LIMIT 38393
S_NOTIFY_GUILD_QUEST_URGENT 42409
S_NOTIFY_GUILD_WAR_INFO 38745
S_NOTIFY_GUILD_WAR_STATUS_CHANGE 22148
S_NOTIFY_QUEST_RESTART 59118
S_NOTIFY_TO_FRIENDS_WALK_INTO_SAME_AREA 21761
S_NOTIFY_USER_SKILL_POLISHING_LEVEL_UP 49576
S_NOTIFY_VM_STATUS 46311
S_NPCGUILD_LIST 64346
S_NPC_AI_EVENT 29893
S_NPC_CHANGE_MESH 55183
S_NPC_INTERACTION_COMBO_INFO 60330
S_NPC_LOCATION 21557
S_NPC_MENU_SELECT 54057
S_NPC_OCCUPIER_INFO 47701
S_NPC_PARTIAL_DESTRUCT 28314
S_NPC_PART_BLINK 55279
S_NPC_PART_BREAK_ACTIVE 33898
S_NPC_RESPAWN_PLAN_ALARM 28915
S_NPC_SCALE 40131
S_NPC_SITUATION 58139
S_NPC_STATUS 48506
S_NPC_TARGET_USER 37043
S_NPC_TRANSLATIONZ 30338
S_OBTAIN_TOKEN_ITEM 32031
S_ONGOING_FIELD_EVENT_LIST 48426
S_ONGOING_LEVEL_EVENT_LIST 54340
S_OPEN_AWESOMIUM_WEB_URL 26918
S_OPEN_BOARD 58668
S_OPEN_CHANGE_CHARACTER_NAME_POPUP 31697
S_OPEN_CITY_WAR_SEASON_HISTORY 42575
S_OPEN_CREST_WINDOW 43375
S_OPEN_DUAL_OPTION_MATERIAL_INFO 42934
S_OPEN_EPPERK_RESET_POPUP 28379
S_OPEN_EXPAND_INVEN_WINDOW 34855
S_OPEN_FLOATING_CASTLE_STORE 56868
S_OPEN_GUARD_INFO_WINDOW 47530
S_OPEN_GUILD_FLAG_WINDOW 22543
S_OPEN_GUILD_LOGO_WINDOW 60745
S_OPEN_GUILD_WAR_WINDOW 57830
S_OPEN_RENAME_GUILD_POPUP 46872
S_OPEN_VM_SELLBUY_WINDOW 56001
S_OPEN_VM_SETTING_WINDOW 51250
S_OP_COMMAND 54458
S_OTHER_USER_APPLY_PARTY 53061
S_PARCEL_READ_RECV_STATUS 30562
S_PARCEL_REPORT 47737
S_PARTY_INFO 21790
S_PARTY_LOOTING_METHOD 20948
S_PARTY_LOOTING_METHOD_VOTE 33846
S_PARTY_MARKER 36338
S_PARTY_MATCH_LINK 61997
S_PARTY_MEMBER_ABNORMAL_ADD 61870
S_PARTY_MEMBER_ABNORMAL_CLEAR 61617
S_PARTY_MEMBER_ABNORMAL_DEL 58105
S_PARTY_MEMBER_ABNORMAL_REFRESH 51538
S_PARTY_MEMBER_BUFF_UPDATE 47088
S_PARTY_MEMBER_CHANGE_HP 51343
S_PARTY_MEMBER_CHANGE_MP 47397
S_PARTY_MEMBER_CHANGE_STAMINA 33900
S_PARTY_MEMBER_CHARM_ADD 56150
S_PARTY_MEMBER_CHARM_DEL 61297
S_PARTY_MEMBER_CHARM_ENABLE 41118
S_PARTY_MEMBER_CHARM_RESET 53146
S_PARTY_MEMBER_INFO 49893
S_PARTY_MEMBER_INTERVAL_POS_UPDATE 30310
S_PARTY_MEMBER_LIST 21694
S_PARTY_MEMBER_QUEST_DATA 48020
S_PARTY_MEMBER_STAT_UPDATE 37354
S_PARTY_NOTIFY_MY_POSITION 24632
S_PENDING_TRANSFORM_DATA 45095
S_PETITION_CANCEL 29853
S_PETITION_CHAT_BEGIN 55608
S_PETITION_CHAT_END 61763
S_PETITION_CHAT_GM_MESSAGE 46047
S_PETITION_CHECK_CREATABLE 31428
S_PETITION_CHECK_SURVEYABLE 39999
S_PETITION_COMPLETE 37228
S_PETITION_CREATE 63865
S_PETITION_FORCE_CREATE 38921
S_PETITION_INFO 65495
S_PET_ATTACKED 62438
S_PET_DURABILITY_CHANGE 31017
S_PET_INCUBATOR_INFO_CHANGE 24199
S_PET_INCUBATOR_PROGRESS 56774
S_PET_INCUBATOR_SHOW 37225
S_PET_INFO_CHANGE 23536
S_PET_INFO_CLEAR 62117
S_PET_MANAGER_SHOW 38505
S_PET_STOP_ALERT 37429
S_PING 59313
S_PK_DECLARE 63048
S_PK_DECLARE_COUNT 48406
S_PK_END 63044
S_PK_POINT 63547
S_PK_READY 42024
S_PK_START 21157
S_PK_TAG 43194
S_PLAYER_AUTOPILOT 24359
S_PLAYER_CHANGE_ACTPOINT 54719
S_PLAYER_CHANGE_ALL_PROF 53540
S_PLAYER_CHANGE_DRAIN 61381
S_PLAYER_CHANGE_EP 37131
S_PLAYER_CHANGE_EXP 26516
S_PLAYER_CHANGE_FLIGHT_ENERGY 20877
S_PLAYER_CHANGE_MP 24176
S_PLAYER_CHANGE_NOCTAN_COUNT 62832
S_PLAYER_CHANGE_PROF 51070
S_PLAYER_CHANGE_STAMINA 27104
S_PLAYER_CHANGE_UNION_SKILL_COUNT 32948
S_PLAYER_CUSTOM_ITEM_SLOT 45645
S_PLAYER_LACK_OF_ACTPOINT 28604
S_PLAYER_RESET_EP 55310
S_PLAYER_STAT_UPDATE 65377
S_PLAYER_VEHICLE_EX_STAT_UPDATE 52203
S_PLAYTIME 36452
S_PLAYTIME_EVENT_END 34074
S_PLAYTIME_EVENT_REWARD_DATA 59262
S_PLAY_ANIMATION 34301
S_PLAY_EFFECT 57931
S_PLAY_EVENT_SOUND 30600
S_PLAY_MAGNETIC 21443
S_PLAY_MOVIE 46972
S_PLAY_SOUND 33056
S_PLAY_SOUND_BYNAME 48265
S_PLAY_TIME 25995
S_POINT_STORE_BASKET 32688
S_POINT_STORE_SELL_LIST 37614
S_POLITICS_POINT_STORE_BASKET 40961
S_POLITICS_POINT_STORE_SELL_LIST 26436
S_POSITION_SWAP 41570
S_POST_PROCESS 32886
S_POST_PROCESS_MATERIAL 34898
S_PRECONFIRM_INVITE_CODE 50081
S_PREMIUM_COMPOSE_ADD_ITEM 28486
S_PREMIUM_COMPOSE_DEL_ITEM 54661
S_PREMIUM_COMPOSE_RESET 57258
S_PREMIUM_COMPOSE_RESULT 54205
S_PREMIUM_COMPOSE_START 38372
S_PREMIUM_COMPOSE_UI_INFO 27964
S_PREMIUM_SLOT_DATALIST 39364
S_PREMIUM_SLOT_OFF 58589
S_PREPARE_CHANGE_USER_APPEARANCE 53724
S_PREPARE_DONE_WORKOBJECT 52765
S_PREPARE_EXIT 44707
S_PREPARE_INGAME_CHANGE_USER_APPEARANCE 32674
S_PREPARE_RETURN_TO_LOBBY 23425
S_PREPARE_SELECT_CHANNEL 46909
S_PREPARE_WORKOBJECT 59998
S_PREVIEW_ITEM 37003
S_PRIVATE_CHANNEL_NOTICE 54129
S_PRIVATE_CHAT 51880
S_PRODUCE_CRITICAL 34987
S_PROMOTION_INFO 49463
S_PROMOTION_PROCESS 37469
S_PROMOTION_SUCCESS 44436
S_PROTECT 46288
S_PURCHASE_PROD 20392
S_PUSHED_BY_SHIELD 29880
S_PUT_INTO_PRISON 56709
S_PVE_LEADER_BOARD_INFO 38433
S_PVE_RANKING_LIST 42014
S_PVP_LEADER_BOARD_INFO 65102
S_PVP_RANKING_LIST 36000
S_QA_SET_ADMIN_LEVEL 36433
S_QUEST_BALLOON 47717
S_QUEST_INFO 63536
S_QUEST_VILLAGER_INFO 56873
S_RACE_CHANGE_RESTRICTION 51224
S_RANK_MESSAGE 41889
S_RANK_POINT_STATUS 29308
S_READY_PULL 24704
S_RECEIVE_COLLECTION_BOOK_REWARD 58652
S_RECEIVE_TOKEN_TARGET_ITEM 59199
S_RECV_PARCEL 62365
S_RECV_PARCEL_ALL 25128
S_RECV_PARCEL_EX 33109
S_REGISTER_CARD 24994
S_REGISTER_COMBINE_ITEM 24124
S_REGISTER_ENCHANT_ITEM 22531
S_REGISTER_EVOLUTION_ITEM 41477
S_REGISTER_REPAIR_ITEM 39121
S_REGISTER_SERVANT_RESULT 58955
S_REIGN_INFO 45566
S_REJECT_CONTRACT 58251
S_RELEASE_FROM_PRISON 45424
S_REMAIN_PLAY_TIME 20064
S_REMOVE_BLOCKED_USER 27786
S_REMOVE_CHARM_STATUS 42382
S_REMOVE_EFFECT 21073
S_REMOVE_EVENT_MATCHING_QUEST 31933
S_REMOVE_GUILD_GROUP 34053
S_REMOVE_GUILD_MEMBER 55454
S_REMOVE_SOUND_BYNAME 46214
S_RENAME_ITEMSTRING_START 62436
S_REPLY_CLIENT_CHAT_OPTION_SETTING 44124
S_REPLY_CLIENT_UI_SETTING 22139
S_REPLY_GUILD_LIST 23299
S_REPLY_GUILD_WANTED_WRITING_LIST 28851
S_REPLY_INVITE_GUILD_LIST 63082
S_REPLY_NONDB_ITEM_INFO 60289
S_REPLY_REQUEST_CONTRACT 60377
S_REPLY_RET_VILLAGE_INFO 27759
S_REPLY_SET_GUILD_WANTED_WRITING 60953
S_REQUEST_ABILITY_TRANSFER 39550
S_REQUEST_CHANGE_LOOKS_SERVANT 23784
S_REQUEST_CHANGE_PARTY_MATCH_RULE 26334
S_REQUEST_CITY_WAR_MAP_INFO 30688
S_REQUEST_CITY_WAR_MAP_INFO_DETAIL 58528
S_REQUEST_CITY_WAR_MAP_INFO_END 62140
S_REQUEST_CONTRACT 44307
S_REQUEST_COOLTIME_TO_JOIN_GUILD 22715
S_REQUEST_DEMOLIST_GUILD_TOWER_POPUP 39893
S_REQUEST_DESPAWN_SERVANT 37460
S_REQUEST_DUNGEON_MATCHING_UI 21185
S_REQUEST_FLOATING_CASTLE_PARTS_COOL_TIME 24996
S_REQUEST_GUILD_FLAG_IMAGE_DATA 34498
S_REQUEST_GUILD_INFO_BEFORE_APPLY_GUILD 24185
S_REQUEST_INGAMESTORE_PRODUCT_DETAIL 29386
S_REQUEST_INGAMESTORE_SALE_PRODUCTLIST 25260
S_REQUEST_INVITE_GUILD_TAG 48309
S_REQUEST_JOINED_CHANNEL_LIST 48913
S_REQUEST_JOIN_GUILD_NOTICE 24596
S_REQUEST_NAME_PREEMPTION 61121
S_REQUEST_PET_CONSUME_EXP_ITEM 43557
S_REQUEST_PRIVATE_CHANNEL_INFO 47442
S_REQUEST_REACTION_POS_TICK 64399
S_REQUEST_RENEW_ALL_PARTS_ITEM 63453
S_REQUEST_SECOND_PASSWORD_AUTH 29932
S_REQUEST_SECOND_PASSWORD_REGISTER 21406
S_REQUEST_SERVANT_AUTO_FEED_INFO 31648
S_REQUEST_SERVANT_AUTO_POTION_INFO 50596
S_REQUEST_SERVANT_COMPOSE 22478
S_REQUEST_SERVANT_EVOLUTION 31406
S_REQUEST_SERVANT_INFO_LIST 57174
S_REQUEST_SERVANT_LEVEL_UP 43495
S_REQUEST_SPAWN_SERVANT 29341
S_REQUEST_STYLE_SHOP_MARK_PRODUCTLIST 27791
S_REQUEST_UPDATE_CUSTOM_USER_CUSTOMIZING 28619
S_REQUEST_WRITE_BOARD_RESULT 58645
S_RESET_ALL_PRODUCT_MARK_EVENT 43763
S_RESET_CHARM_STATUS 50776
S_RESET_EP_PERK 37247
S_RESET_GUILD_PERK 34298
S_RESET_SKILL 30126
S_RESPONSE_ACCESSORY_COST_INFO 34773
S_RESPONSE_GAMESTAT_PONG 41376
S_RESPONSE_PONG 51194
S_RESPONSE_SERVER_ADMINTOOL_AWESOMIUM_URL 37826
S_RESPONSE_USE_PREMIUM_SLOT 20453
S_RESTORE_CUSTOMIZING_PARTS_SHAPE 46398
S_RESULT_BATTLE_FIELD_CHAT_BAN 30973
S_RESULT_BIDDING_DICE_THROW 47873
S_RESULT_CHANGE_CHARACTER_NAME 41662
S_RESULT_CHANGE_DUAL_OPTION_IDX 56830
S_RESULT_CHANGE_FRIEND_MEMO 46068
S_RESULT_CHANGE_MY_PROFILE 58996
S_RESULT_COMBINE_ITEM 27324
S_RESULT_ENCHANT 60496
S_RESULT_EQUIPMENT_INHERITANCE 20491
S_RESULT_EVENT_SEED 60765
S_RESULT_EVOLUTION 41908
S_RESULT_GROUP_DUEL_MSG 31562
S_RESULT_GUILD_INCENTIVE 20939
S_RESULT_INGAME_CHANGE_USER_APPEARANCE 24448
S_RESULT_ITEM_BIDDING 22366
S_RESULT_ITEM_COLORING 23985
S_RESULT_LEARN_GUILD_PERK 33029
S_RESULT_MATERIAL_AWAKEN 26853
S_RESULT_MYTHICCRAFT 21109
S_RESULT_OPEN_DUAL_OPTION 46570
S_RESULT_RENAME_GUILD 64673
S_RESULT_REPAIR_ITEM 36049
S_RESULT_SEREN_GUIDE 30262
S_RESULT_USABLE_CHARACTER_NAME 43812
S_RESULT_USABLE_GUILD_NAME 56901
S_RETURN_PARCEL 48860
S_RETURN_TO_LOBBY 36875
S_RETURN_USER 27523
S_RETURN_USER_REWARD_END 57168
S_REWARDNPC_SPAWN_ALARM 36663
S_REWRITE_ITEM_STRING 47733
S_RIGHT_ITEM_LIST 49922
S_ROUND_PVE_BATTLE_FIELD_BOARD 29345
S_ROUND_PVE_BATTLE_FIELD_RESULT 57301
S_ROUND_PVE_CLOSE_SKILL_UI 21737
S_ROUND_PVE_OPEN_SKILL_UI 40033
S_ROUND_PVE_SCORE 28792
S_ROUND_PVE_SKILL_INVOKE 64424
S_ROUND_PVP_BATTLE_FIELD_BOARD 47210
S_ROUND_PVP_BATTLE_FIELD_RESULT 58929
S_ROUND_RESULT 34691
S_ROUND_START 57666
S_RP_ADD_ITEM_TO_DECOMPOSITION_CONTRACT 38187
S_RP_COMMIT_DECOMPOSITION_CONTRACT 64807
S_RP_DEL_ITEM_FROM_DECOMPOSITION_CONTRACT 44465
S_RP_SKILL_POLISHING_CHANGE_OPTION 26199
S_RP_SKILL_POLISHING_EXP_INFO 58819
S_RP_SKILL_POLISHING_LIST 40141
S_RP_SKILL_POLISHING_UNLOCK_OPTION 55485
S_RP_SKILL_POLISHING_UPGRADE_LEVEL 33198
S_RP_START_SOCIAL_ON_PROGRESS_DECOMPOSITION 49197
S_RP_UPDATE_ITEM_TO_DECOMPOSITION_CONTRACT 56721
S_SAVE_CLIENT_CHAT_OPTION_SETTING 58883
S_SAVE_CLIENT_UI_SETTING 21332
S_SCENARIO_DUNGEON_UI 48330
S_SECOND_PASSWORD_AUTH_RESULT 36922
S_SECOND_PASSWORD_REGISTER_RESULT 44923
S_SELECT_CHANNEL 47110
S_SELECT_EVENT_MATCHING 21998
S_SELECT_USER 24983
S_SEND_CHANGE_REPUTATION_EXP 30423
S_SEND_CHANGE_REPUTATION_POINT 26229
S_SEND_PARCEL 37224
S_SEND_PARCEL_TAX 24947
S_SEND_QUEST_ITEM_INFO 44762
S_SEND_ROUND_PVE_SKILL_LIST 61009
S_SEND_USER_PLAY_TIME 53438
S_SEND_VIP_SYSTEM_INFO 48221
S_SERVANT_ABILITY 37766
S_SERVER_TIME 36614
S_SET_AWESOMIUM_WEB_URL 29897
S_SET_FLY_MOVE_INFO 62096
S_SET_GUILD_JOIN_CONDITION 50258
S_SET_ITEM_BIDDING_FLAG 38094
S_SET_ITEM_STRING 48716
S_SET_KUMAS_BATTLE_FIELD_TREASURE_SCORE 33288
S_SET_NEW_TERA_USER 27213
S_SET_POS 46149
S_SET_RECIPE_BOOKMARK 22028
S_SET_SEND_PARCEL_ITEM 62779
S_SET_SEND_PARCEL_MONEY 23908
S_SET_VISIBLE 26161
S_SET_WORKOBJECT 43727
S_SHARE_USER_PING 36548
S_SHORTCUT_CHANGE 57130
S_SHOW_ARTISAN_MENU 28950
S_SHOW_AWESOMIUMWEB_SHOP 37298
S_SHOW_CANDIDATE_LIST 37582
S_SHOW_CHANGE_CHARACTER_UI 27591
S_SHOW_CREST_LEARN 36860
S_SHOW_DARKRIFT_USER_HP 56788
S_SHOW_DEAD_CITY_WAR_UI 53977
S_SHOW_DEAD_UI 22737
S_SHOW_DUNGEON_RETRY_UI 50666
S_SHOW_GAGE 50726
S_SHOW_GUILD_QUEST_LIST 23837
S_SHOW_HP 25223
S_SHOW_ITEM_TOOLTIP 22729
S_SHOW_NAME_PLATE_ICON 59944
S_SHOW_NPC_TO_MAP 40124
S_SHOW_PARCEL 32887
S_SHOW_PARCEL_MESSAGE 34504
S_SHOW_PARTY_MATCH_INFO 62839
S_SHOW_PEGASUS_MAP 33622
S_SHOW_REVIVE_UI 39058
S_SHOW_TEMPER_WINDOW 58496
S_SHOW_TRADE_ITEM 41586
S_SHOW_TRADE_LOG 50547
S_SHOW_USER_EP_INFO 60746
S_SIMPLE_TIP_REPEAT_CHECK 65340
S_SKILL_ATTENTION_TARGET 59916
S_SKILL_CATEGORY 34161
S_SKILL_CHASE_EFFECT_TARGET 49976
S_SKILL_FORGET 55780
S_SKILL_LEARN_LIST 36850
S_SKILL_LEARN_RESULT 56971
S_SKILL_LIST 49123
S_SKILL_PERIOD 32232
S_SKILL_TARGETING_AREA 27546
S_SNOW_EVENT_BATTLE_FIELD_BOARD 26238
S_SNOW_EVENT_BATTLE_FIELD_RESULT 43298
S_SNOW_EVENT_BATTLE_FIELD_SPAWN_USER 31423
S_SOCIAL 43481
S_SOCIAL_CANCEL 42396
S_SOCIAL_FORGET 27781
S_SOCIAL_LEARN_RESULT 32458
S_SPAWN_BONFIRE 65096
S_SPAWN_BUILD_OBJECT 42402
S_SPAWN_COLLECTION 46814
S_SPAWN_DARK_RIFT_CLOUD 28289
S_SPAWN_DOOR 22220
S_SPAWN_DROPITEM 48870
S_SPAWN_EGG 38975
S_SPAWN_EVENT_SEED 21031
S_SPAWN_GAMBLE_BOX 30479
S_SPAWN_ME 63938
S_SPAWN_NPC 49142
S_SPAWN_PET 26488
S_SPAWN_PROJECTILE 34431
S_SPAWN_REMOTE_PROJECTILE 56021
S_SPAWN_SHUTTLE 28156
S_SPAWN_STATUE 36708
S_SPAWN_TARGET_OBJECT 57535
S_SPAWN_USER 27305
S_SPAWN_WORKOBJECT 51294
S_STAGE_RESULT 55652
S_STAGE_START 36436
S_START_ACTION_SCRIPT 32375
S_START_CHANGE_USER_APPEARANCE 34179
S_START_CHAT_BAN 53718
S_START_CHAT_BAN_INFINITY 35514
S_START_CLIENT_CUSTOM_SKILL 27863
S_START_CLIMBING 64094
S_START_COMMANDER_SKILL 30689
S_START_COOLTIME_ITEM 45536
S_START_COOLTIME_SERVANT_SKILL 25979
S_START_COOLTIME_SKILL 28129
S_START_CUSTOMIZING_PARTS_SHAPE 43286
S_START_DRIVE_AIRSHIP 38336
S_START_FISHING_CHARGE 33057
S_START_FISHING_MINIGAME 31027
S_START_FIX_SPIRIT 45065
S_START_FIX_VEHICLE 25367
S_START_GUILD_QUEST 64969
S_START_GUILD_WAR 41122
S_START_INVERSE_CAPTURE 38825
S_START_LEVEL_COMPENSATION 36533
S_START_PEGASUS 62867
S_START_PRODUCE 21219
S_START_ROUND_PVE_ROUND 55735
S_START_STACK_ATTENDANCE_EVENT_INFO 62234
S_START_USER_PROJECTILE 40637
S_START_VM_BUY 35871
S_START_VM_SELL 33838
S_STEER_DEBUG_COMMAND 63758
S_STICK_TO_USER_END 64104
S_STICK_TO_USER_START 26713
S_STOP_VM 27209
S_STORE_BASKET 37908
S_STORE_COMMIT 26242
S_STORE_SELL_LIST 38093
S_STRONGHOLD_OCCUPATION_BATTLE_FIELD_BOARD 53665
S_STRONGHOLD_OCCUPATION_BATTLE_FIELD_STRONGHOLD_INFO 23297
S_STR_EVALUATE_LIST 42828
S_STYLE_SHOP_BUY_TCAT_ITEM 57440
S_SUCCESS_COUNTER 24171
S_SUCCESS_STYLE_SHOP_BUY_REPUTATION_ITEM 32877
S_SUGGEST_DARK_RIFT_PARTY_MATCHING 37622
S_SURVEY_QUESTION 57818
S_SWITCH_INFO 30759
S_SYNC_PEGASUS_TIME 52446
S_SYSTEM_MESSAGE 31880
S_SYSTEM_MESSAGE_CUSTOM 25343
S_SYSTEM_MESSAGE_LOOT_ITEM 33651
S_SYSTEM_MESSAGE_LOOT_SPECIAL_ITEM 25706
S_SYSTEM_REWARD_MESSAGE 28091
S_SYS_PARTY_INFO 60719
S_TARGET_INFO 55012
S_TASK_INFO_GUARD 57684
S_TAX_INFO 43541
S_TELEPORT_TO_CAMP 38834
S_TEMPER_MATERIALS 49669
S_TEMPER_RESULT 28648
S_TERRITORY_STEP_ENTER 28768
S_TERRITORY_STEP_LEAVE 45227
S_TERRITORY_STEP_PROGRESS 45819
S_TIMEOVER_CONTRACT 59196
S_TOGGLE_TASK_INFO_WINDOW 36817
S_TOKEN_POINT_STATUS 51620
S_TOTAL_GUILD_WAR_DATA 45000
S_TRADE_ACCEPT 50003
S_TRADE_BAG_CLOSE 60823
S_TRADE_BAG_DONE 48762
S_TRADE_BOX 32929
S_TRADE_BROKER_BOUGHT_ITEM_LIST 61878
S_TRADE_BROKER_BUY_IT_NOW 31793
S_TRADE_BROKER_CALC_BOUGHT_ITEM 38392
S_TRADE_BROKER_CALC_NOTIFY 53167
S_TRADE_BROKER_CALC_SOLD_ITEM 36032
S_TRADE_BROKER_DEAL_INFO_UPDATE 23948
S_TRADE_BROKER_DEAL_SUGGESTED 59140
S_TRADE_BROKER_HIGHEST_ITEM_LEVEL 34014
S_TRADE_BROKER_HISTORY_ITEM_LIST 58809
S_TRADE_BROKER_INPUT_PRICE 50435
S_TRADE_BROKER_REGISTERED_ITEM_LIST 62099
S_TRADE_BROKER_REQUEST_DEAL_RESULT 28371
S_TRADE_BROKER_SOLD_ITEM_LIST 21190
S_TRADE_BROKER_SUGGEST_DEAL 61240
S_TRADE_BROKER_WAITING_ITEM_LIST 37923
S_TRADE_MESSAGE 37339
S_TRANSFER_KUMAS_BATTLE_FIELD_TREASURE 62609
S_TUTORIAL_PLAY_FINISHED 40120
S_UNBIND_ITEM_RESULT 21922
S_UNEQUIP_ITEM 22359
S_UNEQUIP_SERVANT_ITEM 47854
S_UNICAST_FLOATING_CASTLE_INFO 54840
S_UNICAST_FLOATING_CASTLE_NAMEPLATE 57523
S_UNICAST_TRANSFORM_DATA 58273
S_UNMOUNT_CARD 28844
S_UNMOUNT_VEHICLE 48705
S_UNMOUNT_VEHICLE_EX 33586
S_UNREGISTER_COMBINE_ITEM 23527
S_UNREGISTER_ENCHANT_ITEM 51554
S_UNREGISTER_EVOLUTION_ITEM 58365
S_UNREGISTER_REPAIR_ITEM 46918
S_UPDATE_ACHIEVEMENT_PROGRESS 31533
S_UPDATE_BIDDING_COUNT 54408
S_UPDATE_CONTENTS_ON_OFF 61299
S_UPDATE_EVENT_MATCHING_BONUS_INFO 53887
S_UPDATE_EVENT_SEED_STATE 60445
S_UPDATE_EVENT_SYSTEM 21483
S_UPDATE_EXP_LEVEL 10034
S_UPDATE_FRIENDSHIP_GAGE 41523
S_UPDATE_FRIEND_INFO 43493
S_UPDATE_GAMBLE_BOX_STATE 27006
S_UPDATE_GUILD_ANNOUNCE 64661
S_UPDATE_GUILD_FLAG 53169
S_UPDATE_GUILD_GROUP 25427
S_UPDATE_GUILD_MEMBER 30776
S_UPDATE_GUILD_QUEST_STATUS 50370
S_UPDATE_GUILD_TOWER_INFO 31909
S_UPDATE_KUMAS_BATTLE_FIELD_TREASURE_INFO 32959
S_UPDATE_KUMAS_BOSS_POS 60973
S_UPDATE_LICENSE 10032
S_UPDATE_NPCGUILD 38882
S_UPDATE_PARTY_MEMBER_QUEST_DATA 63799
S_UPDATE_PROF_BUG 10037
S_UPDATE_PROF_ENERGY 10038
S_UPDATE_PROF_HERB 10039
S_UPDATE_PROF_MINERAL 10036
S_UPDATE_QUEST 59707
S_UPDATE_SERVANT_INFO 50366
S_UPDATE_STACK_ATTENDANCE_EVENT_INFO 56853
S_UPDATE_STACK_ATTENDANCE_EVENT_RESET_TIME 48958
S_UPDATE_STYLE_SHOP_MARK_PRODUCT 24051
S_UPDATE_USER_AWAKEN_GRADE 38786
S_UPDATE_USER_PKDECLARECOUNT 10041
S_UPDATE_USER_PKDECLARECOUNT2 10189
S_UPDATE_USER_PKPOINT 10043
S_UPDATE_VM_SELLBUY_WINDOW 56495
S_UPDATE_VM_SETTING_WINDOW 25046
S_UPDATE_VM_STATUS 26138
S_USER_AIM 59155
S_USER_AIM_TO 27874
S_USER_APPEARANCE_CHANGE 41291
S_USER_BLOCK_LIST 36387
S_USER_CHANGE_FACE_CUSTOM 47062
S_USER_CHANGE_NAME 31809
S_USER_DEATH 24710
S_USER_EFFECT 44278
S_USER_EXTERNAL_CHANGE 44905
S_USER_FLYING_LOCATION 41256
S_USER_ITEMLEVEL_INFO 35950
S_USER_ITEM_EQUIP_CHANGER 34908
S_USER_LEVELUP 51304
S_USER_LOCATION 24475
S_USER_LOCATION_IN_ACTION 34284
S_USER_MOVETYPE 38638
S_USER_PAPERDOLL_INFO 37689
S_USER_PVE_RANKING 39923
S_USER_PVP_RANKING 20054
S_USER_REPORT 64507
S_USER_SITUATION 51142
S_USER_STATUS 58398
S_USER_WEAPON_APPEARANCE_CHANGE 44968
S_USE_CHRONOSCROLL_RESULT 26220
S_USE_COUPON 46049
S_USE_JUMPGEAR 34218
S_USE_RIGHT_ITEM 62482
S_VEHICLE_EX_ARROW 48726
S_VEHICLE_EX_RELATION 32622
S_VERSION_INFO 46711
S_VIEW_BATTLE_FIELD_RANKING 48414
S_VIEW_BATTLE_FIELD_RANKING_SERVER_LIST 25576
S_VIEW_BATTLE_FIELD_RESULT 35379
S_VIEW_COMBINE_BATTLE_FIELD_RANKING 26308
S_VIEW_GUILD_WAR 57883
S_VIEW_INTER_PARTY_MATCH_BATTLEFIELD_LIST 43858
S_VIEW_INTER_PARTY_MATCH_DUNGOEN_LIST 42005
S_VIEW_PARTY_INVITE 38661
S_VIEW_VM_SETTING_WINDOW 34257
S_VIEW_WARE 45181
S_VIEW_WARE_EX 49671
S_VILLAGER_BUFF_INFO 58149
S_VILLAGER_POPUP_DIALOG 54308
S_VILLAGE_LIST_TO_TELEPORT 62613
S_VIP_STORE_ITEM_LIST 64652
S_VIRTUAL_LATENCY 53701
S_VISITED_SECTION_LIST 55142
S_VISIT_NEW_SECTION 59220
S_VISIT_NEW_TEL_CAMP 38802
S_VM_BUY_BASKET_INFO 53315
S_VM_SELL_BASKET_INFO 57844
S_VOID_GUARD_INFO 60457
S_VOTE_DISMISS_PARTY 32211
S_VOTE_HISTORY 59506
S_VOTE_RESET_ALL_DUNGEON 23566
S_VOTE_TO_DUNGEON_MENTO 26332
S_WAITING_LIST 29001
S_WATCHED_MOVIES 23698
S_WEAK_POINT 51815
S_WELCOME_PET_OWNER 53946
S_WHISPER 22812
S_WORK_WORKOBJECT 41678
S_WORLD_OF_TANK_BATTLE_FIELD_BOARD 52426
S_WORLD_OF_TANK_BATTLE_FIELD_RESULT 52951
S_WORLD_QUEST_VILLAGER_INFO 26687
S_XIGNCODE_SECURITY_DATA 54022