C_ACCEPT_CONTRACT = 43002
C_ACCEPT_FRIEND = 45275
C_ACCEPT_GUILD_APPLY = 61954
C_ADD_CRYSTAL_COMBINE_MATERIAL = 60751
C_ADD_FRIEND = 55852
C_ADD_FRIEND_GROUP = 44486
C_ADD_INTER_PARTY_MATCH_POOL = 32474
C_ADD_ITEM_TO_VM_BUY_BASKET = 62906
C_ADD_ITEM_TO_VM_SELL_BASKET = 29088
C_ADD_TELEPORT_TO_POS_LIST = 40047
C_ADD_TRADE_BAG = 44708
C_ADMIN = 36799
C_ADMIN_ADD_CUSTOM_BOOKMARK = 22344
C_ADMIN_CHAT_BAN = 52441
C_ADMIN_CHECK_USERNAME = 33811
C_ADMIN_GET_DUNGEON_USER_LIST = 61355
C_ADMIN_GET_USER_INFO_BY_DBID = 22637
C_ADMIN_GET_USER_INFO_LIST_BY_DISTANCE = 57570
C_ADMIN_GMEVENT_NOTICE = 37323
C_ADMIN_GMEVENT_OFF = 22391
C_ADMIN_GMEVENT_OX_QUIZ_NEXT_QUIZ = 60913
C_ADMIN_GMEVENT_OX_QUIZ_NEXT_REPE_QUIZ = 59911
C_ADMIN_GMEVENT_STATUS = 23264
C_ADMIN_GMEVENT_USER_KICK = 22546
C_ADMIN_GMEVENT_USER_SUMMON = 51090
C_ADMIN_GM_MAPTELEPORT = 38248
C_ADMIN_GM_SKILL = 39103
C_ADMIN_GM_TELEPORT = 20786
C_ADMIN_HOLD_CHARACTER = 36288
C_ADMIN_KILL_NPC = 47660
C_ADMIN_LOBBY = 21870
C_ADMIN_REMOVE_CUSTOM_BOOKMARK = 22132
C_ADMIN_REMOVE_NPC = 38530
C_ADMIN_REQUEST_CUSTOM_BOOKMARK = 46358
C_ADMIN_REQUEST_DEFAULT_BOOKMARK = 51294
C_ADMIN_REQUEST_USERACTION = 55539
C_ADMIN_REQUEST_USERINFO = 45662
C_ADMIN_SPAWN_NPC = 50424
C_ADMIN_VANISH_PET = 20251
C_ADMIN_WARNING_MESSAGE = 54077
C_ANSWER_BANNING_PARTY_MEMBER = 31893
C_ANS_QUEST_SHARE = 47425
C_APPLY_GUILD = 23026
C_APPLY_PARTY = 55023
C_APPLY_TITLE = 24301
C_ARRIVE_AT_JUMPGEAR_DESTINATION = 31339
C_ASK_HANCOIN_AMOUNT = 56630
C_ASK_INTERACTIVE = 59234
C_AVAILABLE_EVENT_MATCHING_LIST = 63228
C_AWESOMIUM_WEB_COUNTING = 23973
C_BANISH_GUILD_MEMBER = 51033
C_BAN_FROM_GROUP_DUEL = 34555
C_BAN_PARTY_MEMBER = 34125
C_BATTLE_FIELD_BOARD_REQUEST = 25334
C_BATTLE_FIELD_CANCEL_OCCUPATION = 31913
C_BATTLE_FIELD_HELP = 48361
C_BATTLE_FIELD_MAP_ALARM = 40334
C_BATTLE_FIELD_POINT_STORE_BUY_ADD_BASKET = 31279
C_BATTLE_FIELD_POINT_STORE_BUY_DEL_BASKET = 61109
C_BATTLE_FIELD_POINT_STORE_COMMIT = 44952
C_BATTLE_FIELD_REWARD = 56758
C_BATTLE_FIELD_START_OCCUPATION = 30926
C_BETTING_TRY = 40043
C_BIND_ITEM_BEGIN_PROGRESS = 64211
C_BIND_ITEM_EXECUTE = 34196
C_BLOCK_USER = 34887
C_BOARD_ITEM_LIST = 42893
C_BROADCAST_CLIMBING = 25803
C_BUY_INGAMESTORE_MONEYPRODUCT = 21180
C_BUY_INGAMESTORE_TCATPRODUCT = 27985
C_BUY_VILLAGER_BUFF = 25736
C_CANCEL_CHANGE_USER_APPEARANCE = 49347
C_CANCEL_CONTRACT = 63689
C_CANCEL_DELETE_USER = 44529
C_CANCEL_DUNGEON_RETRY = 23573
C_CANCEL_EXIT = 30832
C_CANCEL_FIX_VEHICLE = 41619
C_CANCEL_LOCKON_TARGET = 50845
C_CANCEL_PENDING = 57228
C_CANCEL_PREPARE_CHANGE_USER_APPEARANCE = 23988
C_CANCEL_QUEST = 37848
C_CANCEL_RETURN_TO_LOBBY = 56646
C_CANCEL_REVIVE = 36090
C_CANCEL_SELECT_CHANNEL = 56806
C_CANCEL_SKILL = 59397
C_CAN_CREATE_USER = 46508
C_CAN_LOCKON_TARGET = 38258
C_CAST_FISHING_ROD = 45109
C_CHANGE_CHANNEL_PASSWORD = 23744
C_CHANGE_CHARACTER = 36247
C_CHANGE_EQUIP_PRESET = 28485
C_CHANGE_FRIEND_MEMO = 33698
C_CHANGE_GROUP_DUEL_SETTING = 49112
C_CHANGE_GUILDGROUP = 54950
C_CHANGE_GUILDNAME = 33789
C_CHANGE_GUILD_CHIEF = 42542
C_CHANGE_ITEM_COLORING_POTION = 36223
C_CHANGE_ITEM_PASSIVE_LIST = 49379
C_CHANGE_LOOKS_PREMIUM_TRY = 37686
C_CHANGE_MY_PROFILE = 27198
C_CHANGE_MY_STATE = 52420
C_CHANGE_PARTY_MANAGER = 34596
C_CHANGE_PARTY_MEMBER_AUTHORITY = 36545
C_CHANGE_SERVANT_NAME = 35372
C_CHANGE_USER_LOBBY_SLOT_ID = 60051
C_CHANGE_USER_NAME = 40799
C_CHANGE_VM_MODE = 24111
C_CHAT = 27230
C_CHAT_REPORT = 25914
C_CHECK_CHANGE_GUILDNAME = 26811
C_CHECK_EVENT_MATCHING_LIST_CHECKBOX = 57306
C_CHECK_EVENT_SYSTEM_REWARD = 48775
C_CHECK_TO_DECLARE_GUILD_WAR = 42776
C_CHECK_TO_OPPOSITE_DECLARE_GUILD_WAR = 46479
C_CHECK_TO_READY_PARTY = 45467
C_CHECK_TO_READY_PARTY_ANSWER = 64250
C_CHECK_USERNAME = 21632
C_CHECK_VERSION = 19900
C_CITY_WAR_INFO_HISTROY = 47010
C_CITY_WAR_SEASON_HISTROY = 61235
C_CLEAR_SEND_PARCEL = 47507
C_CLOSE_SEND_PARCEL = 54801
C_CLOSE_VM = 58747
C_COLLECTION_PICKEND = 20649
C_COLLECTION_PICKSTART = 44162
C_COMBINE_ITEM = 38063
C_COMMIT_ACCESSORY_TRANSFORM = 54313
C_COMMIT_CHANGE_USER_APPEARANCE = 45226
C_COMMIT_FACE_BONE_DATA = 56985
C_COMMIT_INGAME_CHANGE_USER_APPEARANCE = 61770
C_COMMIT_VM_TRADE = 44961
C_COMPLETE_DAILY_EVENT = 21112
C_COMPLETE_EXTRA_EVENT = 46332
C_COMPLETE_QUEST = 47347
C_CONFIRM_EVENT_SYSTEM = 49125
C_CONFIRM_INVITE_CODE = 48523
C_CONFIRM_UPDATE_NOTIFICATION = 49934
C_CREATE_GROUP_DUEL = 42699
C_CREATE_GUILDGROUP = 62982
C_CREATE_PRIVATE_CHANNEL = 64444
C_CREATE_USER = 25894
C_CREST_APPLY = 36456
C_CREST_APPLY_LIST = 62021
C_CREST_DISAPPLY_ALL = 63699
C_CRYSTAL_COMBINE_EXECUTE = 22005
C_CURRENT_CHANNEL = 26418
C_CUSTOM_USER_CUSTOMIZING = 44910
C_DECLARE_GUILD_WAR = 29329
C_DECOMPOSE_REGISTER_ITEM = 62518
C_DECOMPOSE_UNREGISTER_ITEM = 40823
C_DELETE_COUPON = 55412
C_DELETE_FRIEND = 36633
C_DELETE_FRIEND_GROUP = 56948
C_DELETE_PARCEL = 62479
C_DELETE_TELEPORT_TO_POS_LIST = 57370
C_DELETE_USER = 30890
C_DELIVERY_STORE_ADD_BASKET = 53633
C_DELIVERY_STORE_COMMIT = 38710
C_DELIVERY_STORE_DEL_BASKET = 42710
C_DEL_CRYSTAL_COMBINE_MATERIAL = 28192
C_DEL_INTER_PARTY_MATCH_POOL = 22562
C_DEL_ITEM = 46160
C_DESPAWN_BUILD_OBJECT = 30719
C_DESTROY_GUILD = 41254
C_DIALOG = 25473
C_DIALOG_EVENT = 28747
C_DISMISS_PARTY = 64003
C_DISTRIBUTOR_ANSWER = 24632
C_DUEL_CANCEL = 61489
C_DUNGEON_CLEAR_COUNT_LIST = 28387
C_DUNGEON_COOL_TIME_LIST = 25079
C_DUNGEON_RANK_RECORD_LIST = 56206
C_DUNGEON_RANK_SEASON_LIST = 24620
C_DUNGEON_SUMMON_PARTY = 45095
C_DUNGEON_UI_OPENED = 57432
C_DUNGEON_WORK_ENTER = 34774
C_DUNGEON_WORK_LEAVE = 50126
C_DUNGEON_WORK_POINT_STORE_BUY_ADD_BASKET = 23688
C_DUNGEON_WORK_POINT_STORE_BUY_DEL_BASKET = 51946
C_DUNGEON_WORK_POINT_STORE_COMMIT = 33873
C_DUNGEON_WORK_RETRY = 49101
C_EDIT_BLOCKED_USER_MEMO = 54547
C_EDIT_FRIEND_GROUP = 59626
C_EDIT_PRIVATE_CHANNEL = 49480
C_ENCHANTER_USE = 52630
C_END_CLIMBING = 65532
C_END_CUSTOMIZING_PARTS_SHAPE = 39301
C_END_FISHING_MINIGAME = 46506
C_END_ITEM_BIDDING = 32294
C_END_MOVIE = 40241
C_END_RESTORE_CUSTOMIZING_PARTS_SHAPE = 30005
C_ENTER_BATTLE_FIELD = 63527
C_ENTER_DUNGEON = 49967
C_ENTER_SCENARIO_DUNGEON = 58051
C_ENTER_TELEPORTTERRITORY = 28707
C_EQUIPMENT_ENCHANT_SCROLL_USE = 21208
C_EQUIP_ITEM = 41238
C_EVENT_GUIDE = 51597
C_EVENT_MATCHING_BATTLEFIELD_DETAIL_INFO = 25827
C_EVENT_MATCHING_DUNGEON_DETAIL_INFO = 24299
C_EXIT = 36241
C_EXPAND_INVEN_SIZE = 55330
C_EXTEND_PARTY = 28625
C_FACIAL_ATTACHMENT = 44851
C_FIELD_EVENT_BAN = 29906
C_FINDNAME = 56369
C_FLOATING_CASTLE_PARTS_STORE_BUY_ADD_BASKET = 55165
C_FLOATING_CASTLE_PARTS_STORE_BUY_DEL_BASKET = 35519
C_FLOATING_CASTLE_PARTS_STORE_COMMIT = 34331
C_GACHA_CANCEL = 61418
C_GACHA_TRY = 48424
C_GAMBLE_CANCEL = 46182
C_GAMBLE_CHANGE_BET_ITEM = 61234
C_GAMBLE_GO = 22101
C_GAMBLE_STOP = 45554
C_GAMBLE_TRY = 64807
C_GET_ATTENDANCE_REWARD = 56042
C_GET_EVENT_DETAIL = 61594
C_GET_EVENT_SYSTEM_REWARD = 45704
C_GET_GUILD_HISTORY = 46851
C_GET_GUILD_WARE_HISTORY = 47041
C_GET_IN_SHUTTLE = 55587
C_GET_OUT_SHUTTLE = 57766
C_GET_USER_GUILD_LOGO = 24446
C_GET_USER_LIST = 61186
C_GET_WARE_ITEM = 54882
C_GIVE_UP_GUILD_WAR = 45310
C_GMEVENT_LEAVE_EVENT = 56263
C_GMEVENT_MOVE_TO_STADIUM = 20826
C_GMEVENT_OX_REPE_QUIZ_ANSWER = 31239
C_GROUP_DUEL_ADD_BETTING_ITEM = 36732
C_GROUP_DUEL_BETTING = 63383
C_GROUP_DUEL_BETTING_MONEY = 63623
C_GROUP_DUEL_CHANGE_REPRESENT = 61708
C_GROUP_DUEL_DEL_BETTING_ITEM = 45262
C_GROUP_DUEL_RECORD = 51339
C_GUARD_PK_POLICY = 26916
C_GUILD_APPLY_LIST = 32437
C_GUILD_APPLY_LIST_PAGE = 35728
C_GUILD_STORE_BUY_ADD_BASKET = 33823
C_GUILD_STORE_BUY_DEL_BASKET = 61339
C_GUILD_STORE_COMMIT = 44629
C_HARDWARE_INFO = 54423
C_HIT_USER_PROJECTILE = 38582
C_INGAME_CHANGE_USER_APPEARANCE_CANCEL = 57677
C_INGAME_CHANGE_USER_APPEARANCE_TRY = 27180
C_INVALID_BUILD_VERSION = 25970
C_INVENTORY_AUTO_SORT = 36037
C_INVITE_FRIEND_CODE = 50585
C_INVITE_USER_TO_GUILD = 51003
C_ITEMSYNTHESIZER_REQUEST_CANCEL = 41243
C_ITEMSYNTHESIZER_REQUEST_MATERIAL = 34840
C_ITEMSYNTHESIZER_REQUEST_START = 57999
C_ITEM_COLORING_ADD_ITEM = 50466
C_ITEM_COLORING_REMOVE_ITEM = 59708
C_ITEM_COLORING_SET_COLOR = 43977
C_JOIN_GROUP_DUEL = 42702
C_JOIN_PRIVATE_CHANNEL = 38181
C_KICK_CHANNEL_MEMBER = 30360
C_LEARN_EP_PERK = 38361
C_LEAVE_GROUP_DUEL = 56831
C_LEAVE_GUILD = 64347
C_LEAVE_PARTY = 24885
C_LEAVE_PRIVATE_CHANNEL = 61400
C_LEAVE_TELEPORTTERRITORY = 59413
C_LIST_CHANNEL = 55316
C_LIST_PARCEL = 50687
C_LOAD_EP_INFO = 25464
C_LOAD_TOPO_FIN = 42570
C_LOGIN_ARBITER = 34108
C_LORD_CALC_TAX = 65410
C_LORD_CANDIDATE_LIST = 64024
C_LORD_CANDIDATE_PLEDGE = 20986
C_LORD_CHANGE_GREETINGS = 29298
C_LORD_CHANGE_POLICY = 60258
C_LORD_GUARD_INFO = 42467
C_LORD_RANK_INFO = 44659
C_LORD_REGISTER = 52862
C_LORD_REGISTER_INFO = 33146
C_LORD_TAX_SET = 26545
C_LORD_VOTE = 59401
C_LORD_VOTE_CANDIDATE_LIST = 28571
C_MAIN_MENU_COMMAND_EXEC = 39704
C_MEDAL_STORE_BUY_ADD_BASKET = 41593
C_MEDAL_STORE_BUY_DEL_BASKET = 37969
C_MEDAL_STORE_COMMIT = 55033
C_MEET_BOSS_INFO = 42608
C_MERGE_ITEM = 42313
C_MERGE_ITEM_EXECUTE = 37866
C_MERGE_PARTY_TO_RAID = 46122
C_MOUNT_VEHICLE_EX = 63511
C_MOVE_INVEN_POS = 43435
C_MOVE_SLOT_IN_GROUP_DUEL = 46515
C_MOVE_WARE_POS = 62214
C_NOTIFY_LOCATION_IN_ACTION = 58393
C_NOTIFY_LOCATION_IN_DASH = 44339
C_NOTIFY_LOCATION_IN_REACTION = 43421
C_NOTIFY_SPIRIT_LOCATION_IN_ACTION = 35995
C_NOTIMELINE_SKILL = 55179
C_NPCGUILD_LIST = 59053
C_NPC_CONTACT = 31749
C_OPEN_GUILD_WAR_WINDOW = 38179
C_OPPOSITE_DECLARE_GUILD_WAR = 48054
C_OP_COMMAND = 55062
C_PARCEL_REPORT = 53051
C_PARTY_APPLICATION_DENIED = 62528
C_PARTY_LOOTING_METHOD = 25147
C_PARTY_LOOTING_METHOD_VOTE = 55236
C_PARTY_MARKER = 35442
C_PARTY_MATCH_WINDOW_CLOSED = 65147
C_PAY_WAREHOUSE_COMMISION = 46025
C_PCBANGINVENTORY_USE_SLOT = 28398
C_PETITION_CANCEL = 35601
C_PETITION_CHAT_USER_MESSAGE = 36797
C_PETITION_CHECK_CREATABLE = 41534
C_PETITION_CHECK_SURVEYABLE = 57892
C_PETITION_COMPLETE_CONFIRM = 54685
C_PETITION_CREATE = 57128
C_PETITION_FEEDBACK = 41672
C_PET_EQUIP = 48088
C_PET_INCUBATOR_GET = 44524
C_PET_INCUBATOR_PUT = 39169
C_PET_INCUBATOR_START = 20340
C_PET_INCUBATOR_TAKEALL = 53078
C_PET_ORB_ATTACH = 49946
C_PET_ORB_DELETE = 30608
C_PET_REPAIR = 58035
C_PET_UNEQUIP = 63995
C_PLAYER_FLYING_LOCATION = 58966
C_PLAYER_LOCATION = 42778
C_PLAY_TIME = 36155
C_POINT_STORE_BUY_ADD_BASKET = 27778
C_POINT_STORE_BUY_DEL_BASKET = 34320
C_POINT_STORE_COMMIT = 30368
C_POLITICS_POINT_STORE_BUY_ADD_BASKET = 37924
C_POLITICS_POINT_STORE_BUY_DEL_BASKET = 33380
C_POLITICS_POINT_STORE_COMMIT = 41091
C_PONG = 49145
C_PRECONFIRM_INVITE_CODE = 55787
C_PREMIUM_COMPOSE_ADD_ITEM = 25598
C_PREMIUM_COMPOSE_CANCEL = 58949
C_PREMIUM_COMPOSE_DEL_ITEM = 55007
C_PREMIUM_COMPOSE_RESET = 26744
C_PREMIUM_COMPOSE_TRY = 45653
C_PREMIUM_SLOT_USE_SLOT = 43367
C_PREPARE_WORKOBJECT = 55066
C_PRESS_SKILL = 27003
C_PREVIEW_ITEM = 35596
C_PROMOTION_CANCEL = 27582
C_PROMOTION_INFO = 39952
C_PROMOTION_RESET = 24511
C_PROMOTION_START = 61450
C_PURCHASE_PROD = 49198
C_PUT_INTO_PRISON = 60889
C_PUT_WARE_ITEM = 34988
C_QUERY_COIN = 29038
C_RECEIVE_PCBANG_STYLE_SHOP_ITEMS = 21604
C_RECEIVE_PLAYTIME_EVENT_REWARD = 55009
C_RECOMMEND_GUILD = 45759
C_RECOMMEND_USER_GUILD = 62614
C_RECV_PARCEL = 33242
C_REGISTER_COMBINE_ITEM = 31766
C_REGISTER_ENCHANT_ITEM = 24215
C_REGISTER_EVOLUTION_ITEM = 28064
C_REGISTER_PARTY_INFO = 56386
C_REGISTER_REPAIR_ITEM = 54579
C_REGISTER_VM_BUY_ITEM = 24145
C_REGISTER_VM_SELL_ITEM = 56682
C_REGIST_CUSTOMIZING_PARTS_SHAPE_ITEM = 49948
C_REIGN_INFO = 45136
C_REJECT_CONTRACT = 41379
C_REJECT_INVITE_USER_TO_GUILD = 37093
C_RELEASE_FROM_PRISON = 45631
C_REMOVE_BLOCKED_USER = 25164
C_REMOVE_COLORING_POTION = 58502
C_REMOVE_GUILDGROUP = 38989
C_REMOVE_ITEM_FROM_VM_BUY_BASKET = 42902
C_REMOVE_ITEM_FROM_VM_SELL_BASKET = 42074
C_RENAME_TELEPORT_TO_POS_LIST = 63048
C_REPLY_INTER_PARTY_MAKE = 21778
C_REPLY_TELEPORT = 28184
C_REPLY_TELEPORT_NEAR_TOWN = 35540
C_REPLY_TELEPORT_WALK_THROUGH = 49050
C_REPLY_THROUGH_ARBITER_CONTRACT = 62342
C_REQUEST_ACCESSORY_COST_INFO = 38056
C_REQUEST_ACHIEVEMENT_LIST = 41291
C_REQUEST_ARENA_BETTING_INFO = 35328
C_REQUEST_BATTLE_FIELD_CHAT_BAN = 35798
C_REQUEST_BATTLE_FIELD_PARTY_MARKER = 26037
C_REQUEST_BATTLE_FIELD_PARTY_MARKER_CLEAR = 51040
C_REQUEST_BOSS_GAGE_INFO = 38651
C_REQUEST_BUY_VIP_STORE_ITEM = 48580
C_REQUEST_CANCEL_GUILD_QUEST = 30142
C_REQUEST_CANDIDATE_LIST = 46522
C_REQUEST_CHANGE_CHARACTER_NAME = 26894
C_REQUEST_CHANGE_DUAL_OPTION_IDX = 32548
C_REQUEST_CHANGE_PARTY_MATCH_RULE = 48191
C_REQUEST_CITY_WAR_MAP_INFO = 36320
C_REQUEST_CONTRACT = 24897
C_REQUEST_COOLTIME_TO_JOIN_GUILD = 24150
C_REQUEST_COUPON_DATA = 33601
C_REQUEST_COUPON_LIST = 41249
C_REQUEST_DEMOLISH_GUILD_TOWER = 29690
C_REQUEST_DEMOLIST_GUILD_TOWER_POPUP = 54807
C_REQUEST_DICE_THROW = 45168
C_REQUEST_DUNGEON_WORK_LIST = 58579
C_REQUEST_ENCHANT = 60636
C_REQUEST_ENTER_VIP_DUNGEON = 32155
C_REQUEST_EQUIPMENT_INHERITANCE = 32936
C_REQUEST_EVENT_MATCHING_TELEPORT = 48056
C_REQUEST_EVOLUTION = 31629
C_REQUEST_FIELD_POINT_REWARD = 63278
C_REQUEST_FINISH_GUILD_QUEST = 32185
C_REQUEST_FLOATING_CASTLE_PARTS_COOL_TIME = 34917
C_REQUEST_FLY_MOVE_INFO = 48389
C_REQUEST_GAMESTAT_PING = 44037
C_REQUEST_GUILD_FLAG_IMAGE_DATA = 52733
C_REQUEST_GUILD_INCENTIVE = 45156
C_REQUEST_GUILD_INFO = 29200
C_REQUEST_GUILD_INFO_BEFORE_APPLY_GUILD = 38311
C_REQUEST_GUILD_LEVEL_RANKING = 48480
C_REQUEST_GUILD_LIST = 52096
C_REQUEST_GUILD_LIST_PAGE = 49692
C_REQUEST_GUILD_LIST_SORT = 26212
C_REQUEST_GUILD_PERK_LIST = 22602
C_REQUEST_GUILD_WANTED_WRITING_LIST = 31984
C_REQUEST_GUILD_WANTED_WRITING_LIST_PAGE = 39186
C_REQUEST_GUILD_WAR_PENALTY_INFO = 44303
C_REQUEST_IMAGE_DATA = 40983
C_REQUEST_INGAMESTORE_PRODUCT_DETAIL = 23629
C_REQUEST_INGAMESTORE_PRODUCT_LIST = 56718
C_REQUEST_INVITE_GUILD_LIST = 49045
C_REQUEST_INVITE_GUILD_LIST_PAGE = 54354
C_REQUEST_ITEM_COLORING_VALUE = 20534
C_REQUEST_LATEST_UPDATE_NOTIFICATION = 44112
C_REQUEST_LEARN_GUILD_PERK = 20768
C_REQUEST_MEGAPHONE = 42884
C_REQUEST_MENTO_REWARD = 26259
C_REQUEST_MY_PARTY_MATCH_INFO = 51767
C_REQUEST_NAME_PREEMPTION = 42042
C_REQUEST_NONDB_ITEM_INFO = 54185
C_REQUEST_ONGOING_FIELD_EVENT_LIST = 46013
C_REQUEST_OPEN_DUAL_OPTION = 31499
C_REQUEST_OPEN_DUAL_OPTION_MATERIAL_INFO = 52859
C_REQUEST_PARTY_INFO = 60317
C_REQUEST_PARTY_MATCH_INFO = 32834
C_REQUEST_PARTY_MATCH_INFO_PAGE = 43638
C_REQUEST_PARTY_MATCH_LINK = 54789
C_REQUEST_PLAYTIME = 52200
C_REQUEST_PRIVATE_CHANNEL_INFO = 32129
C_REQUEST_PVE_RANKING = 50179
C_REQUEST_PVP_RANKING = 26500
C_REQUEST_QUEST_BACKUP_ITEM = 22717
C_REQUEST_RECV_DAILY_TOKEN = 61270
C_REQUEST_RENAME_GUILD = 55791
C_REQUEST_RENEW_ALL_PARTS_ITEM = 23620
C_REQUEST_REPAIR_ITEM = 61410
C_REQUEST_REPUTATION_STORE_TELEPORT = 57940
C_REQUEST_RESET_EPPERK = 21899
C_REQUEST_RESET_VIP_STORE = 43275
C_REQUEST_RET_VILLAGE_INFO = 28699
C_REQUEST_RIGHT_ITEM_LIST = 28565
C_REQUEST_ROUND_PVE_SKILL_LIST = 24790
C_REQUEST_SEREN_GUIDE = 48866
C_REQUEST_SET_GUILD_WANTED_WRITING = 27125
C_REQUEST_SHARE_QUEST = 20356
C_REQUEST_STACK_ATTENDANCE_EVENT_INFO_UPDATE = 54024
C_REQUEST_STACK_ATTENDANCE_EVENT_REWARD = 55027
C_REQUEST_START_GUILD_QUEST = 24212
C_REQUEST_TOKEN_TARGET_ITEM = 57927
C_REQUEST_UPDATE_ANNOUNCE = 52131
C_REQUEST_UPDATE_INTRODUCE = 60938
C_REQUEST_USABLE_CHARACTER_NAME = 49365
C_REQUEST_USABLE_GUILD_NAME = 62103
C_REQUEST_USER_ITEMLEVEL_INFO = 59518
C_REQUEST_USER_PAPERDOLL_INFO = 34254
C_REQUEST_USER_PAPERDOLL_INFO_WITH_GAMEID = 33561
C_REQUEST_VIP_STORE_ITEM_LIST = 35939
C_REQUEST_VIP_SYSTEM_INFO = 62947
C_REQUEST_WRITE_BOARD = 21448
C_RESET_ALL_DUNGEON = 24208
C_RESPONSE_SPAWN_DROPITEM = 31712
C_RETURN_PARCEL = 45363
C_RETURN_TO_LOBBY = 27330
C_RETURN_USER_GIFT = 35120
C_REUQUEST_JOINED_CHANNEL_LIST = 42165
C_REVIVE_NOW = 29252
C_REWRITE_ITEM_STRING = 64073
C_RIDE_PEGASUS = 36490
C_ROLLBACK_QUEST = 33865
C_ROUND_PVE_SKILL_SELECT = 41541
C_RQ_ADD_ITEM_TO_DECOMPOSITION_CONTRACT = 44332
C_RQ_COMMIT_DECOMPOSITION_CONTRACT = 30226
C_RQ_DEL_ITEM_FROM_DECOMPOSITION_CONTRACT = 43470
C_RQ_SKILL_POLISHING_CHANGE_OPTION = 53685
C_RQ_SKILL_POLISHING_EXP_INFO = 52154
C_RQ_SKILL_POLISHING_LIST = 52579
C_RQ_SKILL_POLISHING_UNLOCK_OPTION = 42448
C_RQ_SKILL_POLISHING_UPGRADE_LEVEL = 32029
C_RQ_START_SOCIAL_ON_PROGRESS_DECOMPOSITION = 54924
C_RQ_UPDATE_ITEM_TO_DECOMPOSITION_CONTRACT = 49789
C_SAVE_CLIENT_ACCOUNT_SETTING = 44493
C_SAVE_CLIENT_USER_SETTING = 37393
C_SECOND_PASSWORD_AUTH = 63778
C_SECOND_PASSWORD_REGISTER = 53030
C_SELECT_CHANNEL = 30006
C_SELECT_EVENT_MATCHING = 48197
C_SELECT_USER = 24661
C_SEND_PARCEL = 56823
C_SEND_UI_LOG = 56555
C_SERVANT_ABILITY = 65248
C_SERVER_TIME = 44836
C_SETTLE_UP_BUY_VM = 59305
C_SETTLE_UP_SELL_VM = 28630
C_SET_GUILDGROUP_AUTHORITY = 58544
C_SET_GUILD_JOIN_CONDITION = 27973
C_SET_ITEM_STRING = 32870
C_SET_RECIPE_BOOKMARK = 23451
C_SET_SEND_PARCEL_ITEM = 41266
C_SET_SEND_PARCEL_MONEY = 49093
C_SET_SEND_PARCEL_TYPE = 51583
C_SET_TARGET_INFO = 55860
C_SET_VISIBLE_RANGE = 65478
C_SHARE_USER_PING = 64879
C_SHOW_AWESOMIUMWEB_SHOP = 35569
C_SHOW_GUILD_QUEST_LIST = 45406
C_SHOW_INVEN = 64627
C_SHOW_ITEM_TOOLTIP_EX = 63441
C_SHOW_PARCEL_MESSAGE = 50626
C_SHOW_PETMANAGER = 21434
C_SHOW_QUEST_INFO_DIALOG = 53274
C_SHOW_STYLE = 28443
C_SHOW_TRADE_ITEM = 33590
C_SHOW_TRADE_LOG = 40810
C_SIMPLE_TIP_DONT_REPEAT = 61662
C_SIMPLE_TIP_REPEAT_CHECK = 56099
C_SKILL_LEARN_LIST = 64730
C_SKILL_LEARN_REQUEST = 58137
C_SOCIAL = 22739
C_SPAWN_BUILD_OBJECT = 41635
C_START_CLIMBING = 22743
C_START_COMBO_INSTANT_SKILL = 20994
C_START_COMMANDER_SKILL = 40910
C_START_DECOMPOSE = 26130
C_START_ENCHANT = 23031
C_START_EVOLUTION = 63152
C_START_FISHING_MINIGAME = 37509
C_START_FIX_SPIRIT = 46206
C_START_FIX_VEHICLE = 44358
C_START_GUILD_SKILL = 24488
C_START_INSTANCE_SKILL = 52870
C_START_INSTANCE_SKILL_EX = 52457
C_START_PRODUCE = 55232
C_START_REPAIR_ITEM = 50306
C_START_SKILL = 32513
C_START_SKILL_BY_VEHICLE_EX = 59180
C_START_TARGETED_SKILL = 37503
C_START_VM_BUY = 45579
C_START_VM_SELL = 63994
C_STOP_FISHING = 43913
C_STOP_VM = 21331
C_STORE_BUY_ADD_BASKET = 31218
C_STORE_BUY_DEL_BASKET = 26624
C_STORE_COMMIT = 29419
C_STORE_SELL_ADD_BASKET = 54153
C_STORE_SELL_DEL_BASKET = 31098
C_STR_EVALUATE_LIST = 61356
C_STYLE_SHOP_BUY_REPUTATION_ITEM = 51731
C_STYLE_SHOP_BUY_TCAT_ITEM = 62658
C_SUGGEST_DARK_RIFT_PARTY_MATCHING = 30096
C_SURVEY_ANSWER = 30473
C_SWAP_PARTY = 46141
C_TELEPORT_DARK_RIFT = 25609
C_TELEPORT_TO_CAMP = 35720
C_TELEPORT_TO_POS = 27018
C_TELEPORT_TO_VILLAGE = 42278
C_TEL_CAMP = 25048
C_TOGGLE_GROUP_DUEL_READY = 48764
C_TOGGLE_GROUP_DUEL_SLOT = 53978
C_TOGGLE_TASK_INFO_WINDOW = 47314
C_TRADE_BAG_CLOSE = 40887
C_TRADE_BAG_DONE = 22263
C_TRADE_BROKER_BOUGHT_ITEM_LIST = 30499
C_TRADE_BROKER_BUY_IT_NOW = 29413
C_TRADE_BROKER_CALC_BOUGHT_ITEM = 26460
C_TRADE_BROKER_CALC_SOLD_ITEM = 29641
C_TRADE_BROKER_CLOSE = 40238
C_TRADE_BROKER_DEAL_CONFIRM = 22329
C_TRADE_BROKER_DEAL_PRICE_UPDATE = 25703
C_TRADE_BROKER_HIGHEST_ITEM_LEVEL = 29492
C_TRADE_BROKER_HISTORY_ITEM_LIST_NEW = 40409
C_TRADE_BROKER_HISTORY_ITEM_LIST_PAGE = 40803
C_TRADE_BROKER_HISTORY_ITEM_LIST_SORT = 59609
C_TRADE_BROKER_INPUT_PRICE = 41269
C_TRADE_BROKER_REGISTERED_ITEM_LIST = 56136
C_TRADE_BROKER_REGISTER_ITEM = 49695
C_TRADE_BROKER_REJECT_SUGGEST = 27897
C_TRADE_BROKER_SOLD_ITEM_LIST = 50307
C_TRADE_BROKER_SUGGEST_DEAL = 53860
C_TRADE_BROKER_UNREGISTER_ITEM = 59510
C_TRADE_BROKER_WAITING_ITEM_LIST_NEW = 52144
C_TRADE_BROKER_WAITING_ITEM_LIST_PAGE = 28201
C_TRADE_BROKER_WAITING_ITEM_LIST_SORT = 30514
C_TRANSFER_VEHICLE_EX = 45993
C_TRY_ITEM_BIDDING = 39124
C_TRY_LOOT_DROPITEM = 57223
C_TRY_NPC_INTERACTION = 22568
C_TRY_TELEPORT_FIELD_EVENT = 33202
C_UNBIND_ITEM = 31425
C_UNEQUIP_ITEM = 60948
C_UNMOUNT_VEHICLE = 55651
C_UNREGISTER_COMBINE_ITEM = 34143
C_UNREGISTER_ENCHANT_ITEM = 43301
C_UNREGISTER_EVOLUTION_ITEM = 40826
C_UNREGISTER_PARTY_INFO = 51434
C_UNREGISTER_REPAIR_ITEM = 23876
C_UNREGISTER_VM_BUY_ITEM = 44290
C_UNREGISTER_VM_SELL_ITEM = 58452
C_UNREGIST_CUSTOMIZING_PARTS_SHAPE_ITEM = 46037
C_UPDATE_AFK_STATUS = 63878
C_UPDATE_CONTENTS_PLAYTIME = 50080
C_UPDATE_FRIEND_INFO = 61112
C_UPDATE_GUILD_FLAG = 58537
C_UPDATE_GUILD_LOGO = 48471
C_UPDATE_MY_DESCRIPTION = 36669
C_UPDATE_REACTION_POS = 25153
C_UPDATE_SKILL_SCRIPT = 31871
C_USER_AIM = 23077
C_USER_AIM_TO = 28010
C_USER_REPORT = 21375
C_USE_COUPON = 45916
C_USE_ITEM = 45609
C_USE_JUMPGEAR = 40877
C_USE_RIGHT_ITEM = 34285
C_VEHICLEEX_LOCATION = 63160
C_VEHICLE_EX_ARROW_HIT = 35444
C_VIEW_BATTLEFIELD_STORE = 44737
C_VIEW_BATTLE_FIELD_RESULT = 32517
C_VIEW_DUNGEONWORK_STORE = 49622
C_VIEW_GUILD_WAR = 36792
C_VIEW_INTER_PARTY_MATCH_BATTLEFIELD_LIST = 22971
C_VIEW_INTER_PARTY_MATCH_DUNGEON_LIST = 52028
C_VIEW_PARTY_INVITE = 59351
C_VIEW_WARE = 51173
C_VISIT_NEW_SECTION = 57213
C_VOTE_DISMISS_PARTY = 64330
C_VOTE_HISTORY = 43465
C_VOTE_RESET_ALL_DUNGEON = 54427
C_WATCHED_MOVIES = 57899
C_WHISPER = 22902
C_WITHDRAW_GUILD_WAR = 59907
C_WRITE_BOARD = 23713
I_CLOSE_SERVER_CONNECTION = 22
I_GFX_ADMIN_COMMAND = 18
I_GFX_COMMAND = 17
I_INPUT_COMMAND = 19
I_MOVE_KEY = 20
I_SKILL_KEY = 21
I_SPAWN_BARRACK_CHARACTER = 1
I_TELEPORT = 0
R_CAMERA_ROTATE = 4
R_PLAYER_LOCATION = 2
R_TELEPORT_REPLAY_LOCATION = 3
S_ABNORMALITY_BEGIN = 57244
S_ABNORMALITY_DAMAGE_ABSORB = 40020
S_ABNORMALITY_END = 47385
S_ABNORMALITY_EXTRA = 23257
S_ABNORMALITY_FAIL = 61053
S_ABNORMALITY_REFRESH = 33086
S_ABNORMALITY_RESIST = 45129
S_ABNORMALITY_SCALE_UP = 47412
S_ACCEPT_CONTRACT = 33245
S_ACCOMPLISH_ACHIEVEMENT = 33583
S_ACCOUNT_BENEFIT_LIST = 54245
S_ACCOUNT_PACKAGE_LIST = 49326
S_ACTION_END = 21233
S_ACTION_STAGE = 32757
S_ACTIVATE_BATTLE_FIELD_CHAT_BAN = 48924
S_ADD_AWAKEN_CHANGE_DATA = 28599
S_ADD_AWAKEN_ENCHANT_DATA = 60661
S_ADD_BLOCKED_USER = 40491
S_ADD_CRYSTAL_COMBINE_MATERIAL = 43225
S_ADD_FRIEND = 60869
S_ADD_GUILD_GROUP = 36818
S_ADD_GUILD_MEMBER = 31407
S_ADD_INTER_PARTY_MATCH_POOL = 23055
S_ADD_NEW_EVENT_MATCHING_QUEST = 61911
S_ADD_TRADE_BAG = 36532
S_ADMIN_CHECK_USERNAME = 29996
S_ADMIN_CUSTOM_BOOKMARK_LIST = 35351
S_ADMIN_DEFAULT_BOOKMARK_LIST = 22349
S_ADMIN_DELETE_QUEST = 27160
S_ADMIN_GET_DUNGEON_USER_LIST = 59818
S_ADMIN_GET_USERINFO_INVEN = 22829
S_ADMIN_GET_USERINFO_SKILL = 60108
S_ADMIN_GET_USERINFO_WAREHOUSE = 55453
S_ADMIN_GET_USER_INFO_BY_DBID = 55304
S_ADMIN_GET_USER_INFO_LIST_BY_DISTANCE = 23079
S_ADMIN_GMEVENT_STATUS = 45389
S_ADMIN_GM_SKILL = 54258
S_ADMIN_HOLD_CHARACTER = 60347
S_ADMIN_NOTICE = 39085
S_ADMIN_PRIVILEGE = 27681
S_ADMIN_VIP_TEST = 27684
S_ADMIN_WARNING_MESSAGE = 49685
S_AERO = 43795
S_AIR_REACTION_END = 62132
S_ANNOUNCE_MESSAGE = 41086
S_ANNOUNCE_UPDATE_NOTIFICATION = 43640
S_ANSWER_INTERACTIVE = 62635
S_APPLY_TITLE = 36238
S_ARENA_END_FIGHT = 49799
S_ARENA_FIGHTER_CHANGE_HP = 25571
S_ARENA_FIGHT_ABNORMALITY_BEGIN = 52558
S_ARENA_FIGHT_ABNORMALITY_END = 56789
S_ARENA_FIGHT_ABNORMALITY_REFRESH = 35716
S_ARENA_OPTIMIZATION = 37404
S_ARENA_RESULT = 54213
S_ARENA_START_FIGHT = 37786
S_ARRIVE_AT_JUMPGEAR_DESTINATION = 63951
S_ARTISAN_RECIPE_LIST = 29757
S_ARTISAN_SKILL_LIST = 32508
S_ASK_BANNING_PARTY_MEMBER = 39923
S_ASK_BIDDING_RARE_ITEM = 45436
S_ASK_CODE_HASH = 40327
S_ASK_EXPAND_INVEN_SIZE = 39500
S_ASK_INTER_PARTY_MAKE = 53017
S_ASK_QUEST_SHARE = 39990
S_ASK_TELEPORT = 25724
S_ATTENDANCE_EVENT_REWARD_COUNT = 55215
S_AVAILABLE_EVENT_MATCHING_LIST = 44743
S_AVAILABLE_SOCIAL_LIST = 21323
S_AWAKEN_RESULT = 35204
S_BAN_PARTY = 27357
S_BAN_PARTY_MEMBER = 58403
S_BASE_POINT_BATTLE_FIELD_NODEPOINT_INFO = 53622
S_BATTLE_FIELD_ADD_SCORE = 53881
S_BATTLE_FIELD_CANCEL_OCCUPATION = 45556
S_BATTLE_FIELD_CHANGE_NPC_HP_EVENT = 47829
S_BATTLE_FIELD_CHAT_BAN_INFO = 60946
S_BATTLE_FIELD_END_OCCUPATION = 26880
S_BATTLE_FIELD_ENTRANCE_INFO = 30038
S_BATTLE_FIELD_HELP = 34044
S_BATTLE_FIELD_JACKPOT_EVENT_START = 60802
S_BATTLE_FIELD_MAP_ALARM = 38485
S_BATTLE_FIELD_NODEPOINT_GAUGE_INFO = 36658
S_BATTLE_FIELD_NPC_KILL_EVENT = 33303
S_BATTLE_FIELD_PARTY_MARKER = 40513
S_BATTLE_FIELD_PARTY_MARKER_CLEAR = 61398
S_BATTLE_FIELD_POINT_STORE_BASKET = 46717
S_BATTLE_FIELD_POINT_STORE_SELL_LIST = 20023
S_BATTLE_FIELD_RESULT = 65510
S_BATTLE_FIELD_SCORE = 29998
S_BATTLE_FIELD_START_OCCUPATION = 31529
S_BATTLE_FIELD_STATE = 47396
S_BATTLE_FIELD_STRONGHOLD_EVENT = 32800
S_BATTLE_FIELD_STRONGHOLD_NONE_STATE = 21152
S_BATTLE_FIELD_STRONGHOLD_STATE = 48975
S_BATTLE_FIELD_TEAM_MEMBERS_POS_INFO = 52203
S_BATTLE_FIELD_USER_ASSIST_EVENT = 47883
S_BATTLE_FIELD_USER_KILL_EVENT = 22284
S_BATTLE_FIELD_USER_KILL_MESSAGE = 64167
S_BATTLE_FIELD_USER_LOAD_INFO = 30362
S_BATTLE_FIELD_USER_OCCUPIABLE_ENTER = 59346
S_BATTLE_FIELD_USER_OCCUPIABLE_LEAVE = 47899
S_BEGIN_THROUGH_ARBITER_CONTRACT = 59212
S_BETTING_INFO = 42180
S_BETTING_START = 45086
S_BOARD_ITEM_LIST = 47908
S_BONFIRE_CHARM_ADDED = 56435
S_BONFIRE_CHARM_BURNED = 65181
S_BONFIRE_STATUS = 27046
S_BOSS_BATTLE_INFO = 56174
S_BOSS_GAGE_INFO = 47602
S_BOSS_GAGE_PRIORITY = 63857
S_BOSS_GAGE_STACK_INFO = 57681
S_BREAK_SHIELD = 22117
S_BREAK_SHIELD_END = 29620
S_BROADCAST_CLIMBING = 44844
S_BROADCAST_FLOATING_CASTLE_INFO = 44906
S_BROADCAST_FLOATING_CASTLE_NAMEPLATE = 40749
S_BROCAST_GUILD_FLAG = 50781
S_BROCAST_UPDATE_GUILD_FLAG = 22027
S_BUY_INGAMESTORE_MONEYPRODUCT = 63454
S_BUY_VIP_STORE_ITEM_SUCCESS = 22888
S_BYE_PET = 61751
S_CAMERA_SHAKE = 61063
S_CANCEL_CONTRACT = 37915
S_CANCEL_DELETE_USER = 44684
S_CANCEL_EXIT = 39089
S_CANCEL_PARTY_LOOTING_METHOD_VOTE = 46803
S_CANCEL_PARTY_MATCH_POOL = 61737
S_CANCEL_PARTY_MEMBER_BAN = 21816
S_CANCEL_PREPARE_CHANGE_USER_APPEARANCE = 63038
S_CANCEL_QUEST_SHARE = 52372
S_CANCEL_RETURN_TO_LOBBY = 20802
S_CANCEL_SELECT_CHANNEL = 21777
S_CANCEL_VOTE_DISMISS_PARTY = 44449
S_CANCEL_VOTE_RESET_ALL_DUNGEON = 62449
S_CANNON_BATTLE_FIELD_BOARD = 61508
S_CANNON_BATTLE_FIELD_CRASH_DOOR = 40687
S_CANNON_BATTLE_FIELD_GUARDTOWER_STATUS = 30715
S_CANNON_BATTLE_FIELD_STRONGHOLD_INFO = 58944
S_CANNOT_EQUIP_SAMEKIND = 41007
S_CANNOT_START_SKILL = 64961
S_CANNOT_USE_CHAT_CHANNEL = 29180
S_CANT_FLY_ANYMORE = 55195
S_CAN_CREATE_USER = 23603
S_CAN_DUNGEON_RETRY = 51187
S_CAN_LOCKON_TARGET = 35672
S_CAST_FISHING_ROD = 34965
S_CHANGE_CHARACTER = 55731
S_CHANGE_CITY_WAR_STATE = 47444
S_CHANGE_DESTPOS_PROJECTILE = 25630
S_CHANGE_EP_EXP_DAILY_LIMIT = 57858
S_CHANGE_EP_POINT = 27920
S_CHANGE_EVENT_MATCHING_STATE = 26316
S_CHANGE_FREE_FIGHT_BATTLE_FIELD_RANKING = 47950
S_CHANGE_FRIEND_PROFILE = 22086
S_CHANGE_FRIEND_STATE = 62488
S_CHANGE_GUILDNAME = 61336
S_CHANGE_GUILD_CHIEF = 24514
S_CHANGE_ITEM_PASSIVE_LIST = 37928
S_CHANGE_LOOKS_PREMIUM_RESULT = 46832
S_CHANGE_LOOKS_PREMIUM_START = 58092
S_CHANGE_LOOT_ITEM_AMOUNT = 20772
S_CHANGE_MODE = 26248
S_CHANGE_NAME_STRING = 60593
S_CHANGE_PARTY_MANAGER = 48507
S_CHANGE_PARTY_MEMBER_AUTHORITY = 33514
S_CHANGE_PK_INFO = 41340
S_CHANGE_RELATION = 42606
S_CHANGE_SERVANT_ENERGY = 53018
S_CHANGE_SERVANT_NAME = 44323
S_CHANGE_USER_NAME_RESULT = 65398
S_CHANGE_VOICE_USE_QAC = 26951
S_CHAPTERHOUSE_QUEST_LIST = 46435
S_CHAT = 48257
S_CHAT_REPORT = 26543
S_CHECK_CHANGE_GUILDNAME = 43740
S_CHECK_EVENT_SYSTEM_REWARD = 63705
S_CHECK_NEW_GUILDNAME = 54097
S_CHECK_TO_DECLARE_GUILD_WAR = 55607
S_CHECK_TO_OPPOSITE_DECLARE_GUILD_WAR = 30922
S_CHECK_TO_READY_PARTY = 52146
S_CHECK_TO_READY_PARTY_FIN = 22991
S_CHECK_USERNAME = 37080
S_CHECK_VERSION = 19901
S_CITYWAR_WARNING_UNDERATTACK = 24167
S_CITY_WAR_INFO_HISTROY = 20899
S_CITY_WAR_NPC_INFO = 35335
S_CITY_WAR_NPC_KILL = 63458
S_CITY_WAR_SEASON_HISTROY = 43404
S_CLEAR_ALL_HOLDED_ABNORMALITY = 63880
S_CLEAR_QUEST_INFO = 38272
S_CLEAR_WORLD_QUEST_VILLAGER_INFO = 27106
S_CLIENT_COMMAND = 25040
S_CLOSE_VM_SETTING_WINDOW = 54148
S_COLLECTION_PICKEND = 57355
S_COLLECTION_PICKSTART = 48606
S_COMBO_START = 57571
S_COMMAND_HELP = 25933
S_COMMIT_ACCESSORY_TRANSFORM_RESULT = 55890
S_COMPLETED_MISSION_INFO = 26771
S_COMPLETE_CHRONOSCROLL_USE = 47772
S_COMPLETE_EVENT_MATCHING_QUEST = 48634
S_COMPLETE_LOOP_QUEST = 50172
S_COMPLETE_QUEST = 62586
S_COMPLETE_VOTE = 44530
S_CONFIRM_INVITE_CODE = 25332
S_CONFIRM_INVITE_CODE_BUTTON = 49393
S_CONNECT_SKILL_ARROW = 51100
S_CONTENTS_TIMER = 39661
S_CONTROL_DOOR = 39516
S_COUNTDOWN_GROUP_DUEL = 35622
S_COUPON_DATA = 63427
S_COUPON_LIST = 54919
S_COUPON_NOTIFY = 53877
S_CREATE_CHARACTER_RESTRICTION = 27767
S_CREATE_GUILD_RESULT = 57524
S_CREATE_USER = 42795
S_CREATURE_CHANGE_HP = 27629
S_CREATURE_LIFE = 39790
S_CREATURE_ROTATE = 47851
S_CREST_APPLY = 44506
S_CREST_ASK_DISAPPLY_ALL = 24305
S_CREST_CHANGE_FAIL = 37180
S_CREST_INFO = 21867
S_CREST_MESSAGE = 37266
S_CREST_UPGRADE_INFO = 35012
S_CRYSTAL_COMBINE_RESULT = 36210
S_CURRENT_CHANNEL = 50597
S_CURRENT_ELECTION_STATE = 55683
S_CURR_FLY_MOVE_INFO = 50491
S_CUSTOMIZING_PARTS_SHAPE_ITEM_LIST = 31906
S_CUSTOM_MESSAGE = 65464
S_CUSTOM_STYLE_SYSTEM_MESSAGE = 24403
S_DAILY_QUEST_COMPLETE_COUNT = 60646
S_DARK_RIFT_ALL_DESPAWN_WORLD_NOTI = 21482
S_DARK_RIFT_AVAILABLE_QUEST_USER_COUNT = 48753
S_DARK_RIFT_CHANGE_AREA_WORLD_NOTI = 33997
S_DARK_RIFT_CLEAR_MAP_MARKER_WORLD_NOTI = 31466
S_DARK_RIFT_DEFENCE_OBJECT_CHANGE_HP = 54405
S_DARK_RIFT_DEFENCE_OBJECT_INIT = 28589
S_DARK_RIFT_DESPAWN_WORLD_NOTI = 64215
S_DARK_RIFT_DESTORY_OBJECT = 31432
S_DARK_RIFT_JOIN_LIST = 32383
S_DARK_RIFT_MAIN_DEFENCE_CHANGE_HP = 58627
S_DARK_RIFT_PROGRESS_STEP_WORLD_NOTI = 22340
S_DARK_RIFT_QUEST_INFO = 65005
S_DARK_RIFT_REWARD_RESULT = 50895
S_DARK_RIFT_SPAWN_WORLD_NOTI = 63076
S_DARK_RIFT_SYNC_TIME = 32113
S_DEAD_LOCATION = 25313
S_DECOMPOSE_REGISTERED_ITEM = 23499
S_DECREASE_COOLTIME_SKILL = 55271
S_DEFAULT_ANIM_CHANGE = 62905
S_DEFEND_SUCCESS = 45895
S_DELETE_ALL_PRODUCT = 64766
S_DELETE_AWAKEN_CHANGE_DATA = 43474
S_DELETE_AWAKEN_ENCHANT_DATA = 54487
S_DELETE_FRIEND = 28659
S_DELETE_GUILD_TOWER_MY_GUILD = 57826
S_DELETE_NPC_FROM_MAP = 60376
S_DELETE_PARCEL = 31556
S_DELETE_QUEST = 34548
S_DELETE_USER = 65118
S_DELIVERY_STORE_BASKET = 50701
S_DELIVERY_STORE_ITEM = 65533
S_DEL_CRYSTAL_COMBINE_MATERIAL = 30885
S_DEL_INTER_PARTY_MATCH_POOL = 20426
S_DEL_TRADE_BAG = 41278
S_DESPAWN_BONFIRE = 41121
S_DESPAWN_BUILD_OBJECT = 38416
S_DESPAWN_COLLECTION = 45832
S_DESPAWN_DOOR = 27610
S_DESPAWN_DROPITEM = 43422
S_DESPAWN_EVENT_SEED = 62302
S_DESPAWN_GAMBLE_BOX = 54525
S_DESPAWN_NPC = 22939
S_DESPAWN_PET = 55458
S_DESPAWN_PROJECTILE = 45335
S_DESPAWN_SERVANT = 22531
S_DESPAWN_SHUTTLE = 61142
S_DESPAWN_STATUE = 61471
S_DESPAWN_USER = 36107
S_DESPAWN_WORKOBJECT = 60831
S_DESTROY_GUILD = 20603
S_DESTROY_GUILD_TOWER = 26457
S_DIALOG = 57742
S_DIALOG_CLOSE = 53193
S_DIALOG_EVENT = 33921
S_DIRECTION_WEAKNESS_BEGIN = 30268
S_DIRECTION_WEAKNESS_END = 49954
S_DISTRIBUTOR_DATA = 45211
S_DONE_TEL_CAMP = 63609
S_DUEL_END = 65174
S_DUEL_START = 59267
S_DUEL_TAG = 20360
S_DUEL_TIME = 62753
S_DUNGEON_ADDITIONAL_WORK_UI = 62352
S_DUNGEON_CAMERA_SET = 22451
S_DUNGEON_CHANGE_NPC_ANIM = 25185
S_DUNGEON_CHANGE_NPC_ANIMSET = 40154
S_DUNGEON_CHANGE_NPC_CYLINDER = 31732
S_DUNGEON_CLEAR = 56499
S_DUNGEON_CLEAR_COUNT_LIST = 29161
S_DUNGEON_CONSOLE_EVENT = 53158
S_DUNGEON_COOL_TIME_LIST = 21060
S_DUNGEON_EVENT_GAGE = 56291
S_DUNGEON_EVENT_MESSAGE = 59947
S_DUNGEON_GUIDE_OFF = 36847
S_DUNGEON_GUIDE_ON = 29978
S_DUNGEON_JACKPOT_EVENT_START = 30818
S_DUNGEON_LOOK_AT_NPC = 22710
S_DUNGEON_NEWBIE = 24437
S_DUNGEON_RANK_END_POINT = 45649
S_DUNGEON_RANK_END_TIME = 26935
S_DUNGEON_RANK_MESSAGE = 33352
S_DUNGEON_RANK_RECORD_LIST = 40533
S_DUNGEON_RANK_SEASON_LIST = 30223
S_DUNGEON_RECORD_INFO = 51962
S_DUNGEON_STATUS = 20640
S_DUNGEON_SUMMON_PARTY = 64724
S_DUNGEON_TIMER = 45689
S_DUNGEON_UI_HIGHLIGHT = 52899
S_DUNGEON_VEHICLE_REPAIRABLE = 24999
S_DUNGEON_VISIBLE_BG = 37142
S_DUNGEON_WORK_ENTER = 65068
S_DUNGEON_WORK_LIST = 26148
S_DUNGEON_WORK_POINT_STORE_BASKET = 56905
S_DUNGEON_WORK_POINT_STORE_SELL_LIST = 24522
S_DUNGEON_WORK_RESULT = 27994
S_DUNGEON_WORK_UPDATE = 37061
S_DUNGEON_WORK_UPDATE_MEDAL_COUNT = 50747
S_EACH_SKILL_RESULT = 20073
S_EMITTER = 43074
S_EMITTER_SET_Z = 26344
S_EMPTY_GUILD_WINDOW = 25692
S_ENABLE_DISABLE_SELLABLE_ITEM_LIST = 25828
S_ENCHANT_BOOSTER_DROP_ITEM = 58559
S_ENCHANT_BOOSTER_REGISTER_ITEM = 53701
S_ENCHANT_BOOSTER_STATUS = 34785
S_ENCHANT_BOOSTER_SUCCESS = 29566
S_ENCHANT_SCROLL_RESULT = 43859
S_END_CHANGE_USER_APPEARANCE = 54953
S_END_CHAT_BAN = 53654
S_END_CUSTOMIZING_PARTS_SHAPE = 31609
S_END_DARKRIFT_USER_HP = 46709
S_END_DRIVE_AIRSHIP = 48750
S_END_FIX_SPIRIT = 27310
S_END_FIX_VEHICLE = 27517
S_END_LEVEL_COMPENSATION = 47103
S_END_PEGASUS = 34585
S_END_PRODUCE = 24772
S_END_PRODUCT_SALE_INFO = 34182
S_END_RESTORE_CUSTOMIZING_PARTS_SHAPE = 38423
S_END_STACK_ATTENDANCE_EVENT_INFO = 40900
S_END_STYLE_SHOP_MARK_PRODUCT = 64510
S_END_THROUGH_ARBITER_CONTRACT = 27091
S_END_USER_PROJECTILE = 34755
S_ENEMY_BATTLE_FIELD_COMMANDER_CHANGED = 59343
S_ENTER_CITY_WAR = 53721
S_ENTER_DUNGEON_POP_UP_REOPEN = 27463
S_EP_SYSTEM_DAILY_EVENT_EXP_ON_OFF = 39892
S_EVENT_DIALOG = 30040
S_EVENT_GUIDE = 21213
S_EVENT_INFO = 49414
S_EVENT_MATCHING_BATTLEFIELD_DETAIL_INFO = 50070
S_EVENT_MATCHING_DUNGEON_DETAIL_INFO = 40948
S_EVENT_QUEST_SUMMARY = 39614
S_EXIT = 31291
S_F2P_PremiumUser_Permission = 28691
S_FACIAL_ATTACHMENT_BROADCAST = 28193
S_FAIL_ENCHANT = 26985
S_FAIL_GUILD_QUEST = 49121
S_FAIL_LOOT_NON_OWNERSHIP = 47230
S_FATIGABILITY_POINT = 21539
S_FEARMOVE_END = 64266
S_FEARMOVE_STAGE = 59090
S_FESTIVAL_LIST = 35737
S_FEUDAL_LORD_FLAG_INFO = 64017
S_FIELD_EVENT_CHANNEL_FULL_GUIDE = 51171
S_FIELD_EVENT_GUIDE = 51560
S_FIELD_EVENT_ON_ENTER = 48046
S_FIELD_EVENT_ON_LEAVE = 31784
S_FIELD_EVENT_PROGRESS_INFO = 23500
S_FIELD_EVENT_PROGRESS_TIMER = 57512
S_FIELD_EVENT_RANK_LIST = 35088
S_FIELD_POINT_INFO = 43917
S_FIELD_POINT_REWARD_INFO_LIST = 28610
S_FINDNAME = 21087
S_FINISH_GUILD_QUEST = 53458
S_FIN_BASE_POINT_BATTLE_FIELD = 24516
S_FIN_CANNON_BATTLE_FIELD = 63473
S_FIN_FREE_FIGHT_BATTLE_FIELD = 28197
S_FIN_INTER_PARTY_MATCH = 21303
S_FIN_KUMAS_BATTLE_FIELD = 46649
S_FIN_KUMAS_BOSS_BATTLE_FIELD = 53539
S_FIN_ROUND_PVE_BATTLE_FIELD = 36481
S_FIN_ROUND_PVE_ROUND = 64015
S_FIN_ROUND_PVP_BATTLE_FIELD = 40680
S_FIN_SNOW_EVENT_BATTLE_FIELD = 37618
S_FIN_STRONGHOLD_OCCUPATION_BATTLE_FIELD = 53566
S_FIN_WORLD_OF_TANK_BATTLE_FIELD = 43799
S_FISHING_BITE = 27603
S_FISHING_CATCH = 27376
S_FISHING_CATCH_FAIL = 59277
S_FISHING_STOP = 29255
S_FIX_SPIRIT_COMPLETE = 27608
S_FIX_SPIRIT_PROGRESS = 32537
S_FIX_VEHICLE_COMPLETE = 35049
S_FIX_VEHICLE_PROGRESS = 42935
S_FLOATING_CASTLE_PARTS_STORE_BASKET = 54566
S_FLOATING_CASTLE_PARTS_STORE_SELL_LIST = 50419
S_FONT_SWAP_INFO = 27199
S_FREENAMED_STATUS = 21802
S_FREE_FIGHT_BATTLE_FIELD_BOARD = 45280
S_FREE_FIGHT_BATTLE_FIELD_MY_WARPOINT_INFO = 26898
S_FRIEND_GROUP_LIST = 63296
S_FRIEND_LIST = 26719
S_GACHA_END = 31845
S_GACHA_START = 30051
S_GAMBLE_BEGIN = 54942
S_GAMBLE_CHANGE_BET_ITEM = 24995
S_GAMBLE_END = 61767
S_GAMBLE_RESULT = 53126
S_GATE_ATTACK_ALARM = 64480
S_GET_ATTENDANCE_REWARD = 63203
S_GET_EVENT_DETAIL = 51833
S_GET_IN_SHUTTLE = 55594
S_GET_OUT_SHUTTLE = 24756
S_GET_USER_GUILD_LOGO = 27667
S_GET_USER_LIST = 40800
S_GET_WARE_ITEM = 63810
S_GMEVENT_CONFIRM_LEAVE_EVENT = 30638
S_GMEVENT_END_EVENT = 45178
S_GMEVENT_ENTER_EVENT = 46839
S_GMEVENT_GUIDE_MESSAGE = 27596
S_GMEVENT_OFF_GUIDE_MESSAGE = 49010
S_GMEVENT_OX_QUIZ_OPEN = 55001
S_GMEVENT_OX_QUIZ_RESULT = 54443
S_GMEVENT_OX_QUIZ_USER_STATUS = 33837
S_GMEVENT_OX_REPE_QUIZ_OPEN = 27449
S_GMEVENT_OX_REPE_QUIZ_RESULT = 56328
S_GMEVENT_OX_RESURRECT_RESULT = 39839
S_GMEVENT_RECV_REWARD = 53872
S_GMEVENT_START_EVENT = 36993
S_GMEVENT_WRITE_EVENTBOARD = 64595
S_GRANT_SKILL = 39510
S_GROUP_DUEL_CURRENT_BETTING_ITEM = 20154
S_GROUP_DUEL_FIN = 45795
S_GROUP_DUEL_INIT = 53968
S_GROUP_DUEL_RECORD = 49487
S_GROUP_NPC_LOCATION = 24663
S_GUARDTOWER_ATTACK_ALARM = 58027
S_GUARD_PK_POLICY = 31815
S_GUILD_ACCOUNT_LIMIT_INFO_CHANGED = 33316
S_GUILD_ANNOUNCE = 63498
S_GUILD_APPLY_COUNT = 43560
S_GUILD_APPLY_LIST = 43297
S_GUILD_EMBLEM = 22919
S_GUILD_HISTORY = 51295
S_GUILD_INFO = 58402
S_GUILD_LEVEL_INFO_CHANGED = 20330
S_GUILD_LEVEL_RANKING_LIST = 55417
S_GUILD_MEMBER_LIST = 31264
S_GUILD_MONEY_INFO_CHANGED = 59221
S_GUILD_NAME = 36920
S_GUILD_PERK_LIST = 44453
S_GUILD_POINT_INFO_CHANGED = 65242
S_GUILD_QUEST_LIST = 22209
S_GUILD_STORE_BASKET = 57667
S_GUILD_STORE_SELL_LIST = 40365
S_GUILD_TOWER_INFO = 63504
S_GUILD_WARE_HISTORY = 50734
S_GUILD_WAR_PENALTY_INFO = 61862
S_HANCOIN_AMOUNT = 37214
S_HIDE_HP = 33507
S_HIT_COMBO = 36950
S_HOLD_ABNORMALITY_ADD = 49468
S_HOLD_ABNORMALITY_REMOVE = 39440
S_HUDDLE_ADDING = 43918
S_IMAGE_DATA = 35320
S_INGAMESHOP_CATEGORY_BEGIN = 64257
S_INGAMESHOP_CATEGORY_DATA = 45789
S_INGAMESHOP_CATEGORY_END = 40859
S_INGAMESHOP_PRODUCT_BEGIN = 46625
S_INGAMESHOP_PRODUCT_DATA = 50976
S_INGAMESHOP_PRODUCT_END = 30916
S_INGAMESHOP_PRODUCT_ITEMID = 30273
S_INGAMESHOP_PRODUCT_SUBPROD = 27709
S_INGAMESHOP_PRODUCT_TAG = 57101
S_INGAME_CHANGE_USER_APPEARANCE_CANCEL = 28952
S_INGAME_CHANGE_USER_APPEARANCE_START = 33924
S_INIT_BASE_POINT_BATTLE_FIELD = 53086
S_INIT_CANNON_BATTLE_FIELD = 47387
S_INIT_FREE_FIGHT_BATTLE_FIELD = 29323
S_INIT_KUMAS_BATTLE_FIELD = 42688
S_INIT_KUMAS_BOSS_BATTLE_FIELD = 48536
S_INIT_KUMAS_BOSS_INFO = 40304
S_INIT_ROUND_PVE_BATTLE_FIELD = 62504
S_INIT_ROUND_PVP_BATTLE_FIELD = 23754
S_INIT_SEREN_GUIDE = 34626
S_INIT_SNOW_EVENT_BATTLE_FIELD = 48867
S_INIT_STRONGHOLD_OCCUPATION_BATTLE_FIELD = 63249
S_INIT_WORLD_OF_TANK_BATTLE_FIELD = 56842
S_INSTANCE_ARROW = 26389
S_INSTANT_CATCH = 48862
S_INSTANT_DASH = 27064
S_INSTANT_MOVE = 31837
S_INSTANT_PULL = 29976
S_INSTANT_THROW = 53353
S_INTERACTION_RESULT = 20049
S_INTEREST_INFO = 23916
S_INVALID_BUILD_VERSION = 38809
S_INVEN = 20752
S_INVEN_CHANGEDSLOT = 36097
S_INVITE_CODE_EXPIRE_TIME = 29765
S_INVITE_COMPENSATION_GUIDE = 51559
S_INVITE_FRIEND_CODE = 32398
S_IS_LORD = 55189
S_IS_NOT_LORD = 25297
S_ITEMSYNTHESIZER_MATERIAL = 62879
S_ITEMSYNTHESIZER_RESULT = 20213
S_ITEM_COLORING_BAG = 27274
S_ITEM_CUSTOM_STRING = 34448
S_ITEM_DECOMPOSE = 20567
S_ITEM_EXPLOSION_RESULT = 31606
S_ITEM_TRANSFORM_DATA = 24287
S_JOIN_PRIVATE_CHANNEL = 36425
S_KUMAS_BATTLE_FIELD_BOARD = 43069
S_KUMAS_BATTLE_FIELD_LOOT_ITEM = 44410
S_KUMAS_BATTLE_FIELD_RESULT = 50518
S_KUMAS_BOSS_BATTLE_FIELD_BOARD = 51745
S_KUMAS_BOSS_BATTLE_FIELD_RESULT = 45394
S_KUMAS_BOSS_CHANGE_INFO = 21939
S_LEARN_EP_PERK = 28190
S_LEAVE_CITY_WAR = 62771
S_LEAVE_GUILD = 46670
S_LEAVE_PARTY = 42663
S_LEAVE_PARTY_MEMBER = 43953
S_LEAVE_PRIVATE_CHANNEL = 43619
S_LIST_CHANNEL = 47107
S_LIST_PARCEL = 51618
S_LIST_PARCEL_EX = 47163
S_LOADING_SCREEN_CONTROL_INFO = 26536
S_LOAD_ACHIEVEMENT_LIST = 39913
S_LOAD_CLIENT_ACCOUNT_SETTING = 50696
S_LOAD_CLIENT_USER_SETTING = 45305
S_LOAD_DUNGEON_SOUND_HINT = 38930
S_LOAD_EP_INFO = 29985
S_LOAD_HINT = 57269
S_LOAD_SKILL_SCRIPT_LIST = 40382
S_LOAD_TELEPORT_TO_POS_LIST = 29999
S_LOAD_TOPO = 63295
S_LOCKON_ARROW = 62963
S_LOCKON_YOU = 51379
S_LOGIN = 34762
S_LOGIN_ACCOUNT_INFO = 34673
S_LOGIN_ARBITER = 36961
S_LOGOUT_PARTY_MEMBER = 42040
S_LOOT_DROPITEM = 21042
S_LORD_CANDIDATE_LIST = 64784
S_LORD_CANDIDATE_PLEDGE = 39307
S_LORD_GUARD_INFO = 50763
S_LORD_OPEN_CANDIDATE_WINDOW = 43122
S_LORD_OPEN_REGISTER_WINDOW = 44699
S_LORD_OPEN_VOTE_WINDOW = 50525
S_LORD_POLICY_SET = 58883
S_LORD_RANK_INFO = 37460
S_LORD_REGISTER_INFO = 63330
S_LORD_TAX_SET = 53268
S_LORD_VOTE_CANDIDATE_LIST = 60125
S_MAIN_MENU_COMMAND = 26281
S_MASSTIGE_STATUS = 48291
S_MATERIAL_CHANGE = 22337
S_MATERIAL_PARAM_CHANGE = 56704
S_MEDAL_STORE_BASKET = 41478
S_MEDAL_STORE_SELL_LIST = 52983
S_MERGE_PARTY_TO_RAID = 21981
S_MINIGAME_END = 56114
S_MINIGAME_FAIL = 25744
S_MINIGAME_RANK_END_POINT = 36533
S_MINIGAME_START = 24569
S_MINIGAME_WAIT = 20105
S_MODIFY_INTER_PARTY_MATCH_POOL = 52259
S_MOUNT_VEHICLE = 58583
S_MOUNT_VEHICLE_EX = 49860
S_MOVE_DISTANCE_DELTA = 43924
S_MOVE_SHUTTLE = 26347
S_MUTE = 49478
S_MY_DESCRIPTION = 37742
S_MY_PARTY_MATCH_INFO = 65038
S_NAME_PREEMPTION_EVENT_INFO = 51791
S_NEED_WAREHOUSE_COMMISION = 58661
S_NEW_GOLD_RACE_INFO = 53659
S_NOCTAN_VARIATION_INFO = 38961
S_NOTIFY_ACTIVE_BUILD_TERRITORY_STATE = 42424
S_NOTIFY_BATTLE_FIELD_CHAT_BAN = 42380
S_NOTIFY_BATTLE_FIELD_NPC_DESPAWN = 58314
S_NOTIFY_BATTLE_FIELD_NPC_SPAWN = 28724
S_NOTIFY_DISCONNECT_BY_LEVEL_LIMIT = 50551
S_NOTIFY_GUILD_QUEST_URGENT = 28263
S_NOTIFY_GUILD_WAR_INFO = 33207
S_NOTIFY_GUILD_WAR_STATUS_CHANGE = 62433
S_NOTIFY_QUEST_RESTART = 59528
S_NOTIFY_TO_FRIENDS_WALK_INTO_SAME_AREA = 61175
S_NOTIFY_USER_SKILL_POLISHING_LEVEL_UP = 57014
S_NOTIFY_VM_STATUS = 38728
S_NPCGUILD_LIST = 29587
S_NPC_AI_EVENT = 25511
S_NPC_CHANGE_MESH = 36628
S_NPC_INTERACTION_COMBO_INFO = 56968
S_NPC_LOCATION = 53473
S_NPC_MENU_SELECT = 45603
S_NPC_OCCUPIER_INFO = 27082
S_NPC_PARTIAL_DESTRUCT = 22145
S_NPC_PART_BLINK = 33781
S_NPC_PART_BREAK_ACTIVE = 36688
S_NPC_RESPAWN_PLAN_ALARM = 46671
S_NPC_SCALE = 59481
S_NPC_SITUATION = 42856
S_NPC_STATUS = 35766
S_NPC_TARGET_USER = 43080
S_NPC_TRANSLATIONZ = 31045
S_OBTAIN_TOKEN_ITEM = 63481
S_ONGOING_FIELD_EVENT_LIST = 58458
S_ONGOING_HUNTING_EVENT_LIST = 38078
S_ONGOING_LEVEL_EVENT_LIST = 26885
S_OPEN_AWESOMIUM_WEB_URL = 61051
S_OPEN_BOARD = 51311
S_OPEN_CHANGE_CHARACTER_NAME_POPUP = 39496
S_OPEN_CITY_WAR_SEASON_HISTORY = 37227
S_OPEN_DUAL_OPTION_MATERIAL_INFO = 44827
S_OPEN_EPPERK_RESET_POPUP = 61437
S_OPEN_FLOATING_CASTLE_STORE = 38203
S_OPEN_GUARD_INFO_WINDOW = 48710
S_OPEN_GUILD_FLAG_WINDOW = 22590
S_OPEN_GUILD_LOGO_WINDOW = 30546
S_OPEN_GUILD_WAR_WINDOW = 62551
S_OPEN_RENAME_GUILD_POPUP = 43085
S_OPEN_VM_SELLBUY_WINDOW = 49578
S_OPEN_VM_SETTING_WINDOW = 63998
S_OP_COMMAND = 41072
S_OTHER_USER_APPLY_PARTY = 50863
S_PARCEL_READ_RECV_STATUS = 55937
S_PARCEL_REPORT = 27619
S_PARTY_INFO = 53352
S_PARTY_LOOTING_METHOD = 29864
S_PARTY_LOOTING_METHOD_VOTE = 33210
S_PARTY_MARKER = 44073
S_PARTY_MATCH_LINK = 56665
S_PARTY_MEMBER_ABNORMAL_ADD = 22354
S_PARTY_MEMBER_ABNORMAL_CLEAR = 55203
S_PARTY_MEMBER_ABNORMAL_DEL = 24082
S_PARTY_MEMBER_ABNORMAL_REFRESH = 48653
S_PARTY_MEMBER_BUFF_UPDATE = 33354
S_PARTY_MEMBER_CHANGE_HP = 29701
S_PARTY_MEMBER_CHANGE_MP = 22464
S_PARTY_MEMBER_CHANGE_STAMINA = 42634
S_PARTY_MEMBER_INFO = 55366
S_PARTY_MEMBER_INTERVAL_POS_UPDATE = 39444
S_PARTY_MEMBER_LIST = 64426
S_PARTY_MEMBER_QUEST_DATA = 37235
S_PARTY_MEMBER_STAT_UPDATE = 51225
S_PARTY_NOTIFY_MY_POSITION = 28605
S_PCBANGINVENTORY_DATALIST = 37226
S_PENDING_TRANSFORM_DATA = 62648
S_PETITION_CANCEL = 55736
S_PETITION_CHAT_BEGIN = 60074
S_PETITION_CHAT_END = 38021
S_PETITION_CHAT_GM_MESSAGE = 22663
S_PETITION_CHECK_CREATABLE = 21308
S_PETITION_CHECK_SURVEYABLE = 57062
S_PETITION_COMPLETE = 44573
S_PETITION_CREATE = 49490
S_PETITION_FORCE_CREATE = 58310
S_PETITION_INFO = 55435
S_PET_ATTACKED = 34584
S_PET_DURABILITY_CHANGE = 43251
S_PET_INCUBATOR_INFO_CHANGE = 40284
S_PET_INCUBATOR_PROGRESS = 24936
S_PET_INCUBATOR_SHOW = 26170
S_PET_INFO_CHANGE = 38813
S_PET_INFO_CLEAR = 31662
S_PET_MANAGER_SHOW = 62642
S_PET_STOP_ALERT = 44155
S_PING = 59299
S_PK_END = 49057
S_PK_START = 25760
S_PK_TAG = 48974
S_PLAYER_AUTOPILOT = 45277
S_PLAYER_CHANGE_ACTPOINT = 39267
S_PLAYER_CHANGE_ALL_PROF = 52157
S_PLAYER_CHANGE_DRAIN = 20702
S_PLAYER_CHANGE_EP = 25181
S_PLAYER_CHANGE_EXP = 32733
S_PLAYER_CHANGE_FLIGHT_ENERGY = 26236
S_PLAYER_CHANGE_MP = 49615
S_PLAYER_CHANGE_NOCTAN_COUNT = 33639
S_PLAYER_CHANGE_PROF = 26620
S_PLAYER_CHANGE_STAMINA = 54809
S_PLAYER_LACK_OF_ACTPOINT = 37059
S_PLAYER_RESET_EP = 58167
S_PLAYER_STAT_UPDATE = 22520
S_PLAYER_VEHICLE_EX_STAT_UPDATE = 38096
S_PLAYTIME = 25134
S_PLAYTIME_EVENT_END = 47121
S_PLAYTIME_EVENT_REWARD_DATA = 58862
S_PLAY_ANIMATION = 21856
S_PLAY_EFFECT = 47242
S_PLAY_EVENT_SOUND = 52556
S_PLAY_MAGNETIC = 26284
S_PLAY_MOVIE = 21401
S_PLAY_SOUND = 53807
S_PLAY_SOUND_BYNAME = 34056
S_PLAY_TIME = 52313
S_POINT_STORE_BASKET = 23287
S_POINT_STORE_SELL_LIST = 60637
S_POLITICS_POINT_STORE_BASKET = 53535
S_POLITICS_POINT_STORE_SELL_LIST = 65086
S_POSITION_SWAP = 40104
S_POST_PROCESS = 45253
S_POST_PROCESS_MATERIAL = 26328
S_PRECONFIRM_INVITE_CODE = 60440
S_PREMIUM_COMPOSE_ADD_ITEM = 45356
S_PREMIUM_COMPOSE_DEL_ITEM = 50423
S_PREMIUM_COMPOSE_RESET = 58346
S_PREMIUM_COMPOSE_RESULT = 57308
S_PREMIUM_COMPOSE_START = 23723
S_PREMIUM_COMPOSE_UI_INFO = 58122
S_PREMIUM_SLOT_DATALIST = 34375
S_PREMIUM_SLOT_OFF = 40790
S_PREPARE_CHANGE_USER_APPEARANCE = 42174
S_PREPARE_DONE_WORKOBJECT = 49132
S_PREPARE_EXIT = 53988
S_PREPARE_INGAME_CHANGE_USER_APPEARANCE = 61247
S_PREPARE_RETURN_TO_LOBBY = 53755
S_PREPARE_SELECT_CHANNEL = 26601
S_PREPARE_WORKOBJECT = 52929
S_PREVIEW_ITEM = 36712
S_PRIVATE_CHANNEL_NOTICE = 58977
S_PRIVATE_CHAT = 35537
S_PRODUCE_CRITICAL = 65165
S_PROMOTION_INFO = 20298
S_PROMOTION_PROCESS = 63476
S_PROMOTION_SUCCESS = 24350
S_PROTECT = 38322
S_PURCHASE_PROD = 55345
S_PUSHED_BY_SHIELD = 30637
S_PUT_WARE_ITEM = 44308
S_PVE_LEADER_BOARD_INFO = 59685
S_PVE_RANKING_LIST = 32447
S_PVP_LEADER_BOARD_INFO = 29051
S_PVP_RANKING_LIST = 32495
S_QA_SET_ADMIN_LEVEL = 31005
S_QUEST_BALLOON = 40145
S_QUEST_INFO = 65218
S_QUEST_VILLAGER_INFO = 30101
S_RACE_CHANGE_RESTRICTION = 58804
S_RANK_MESSAGE = 48204
S_RANK_POINT_STATUS = 33828
S_READY_PULL = 28399
S_RECEIVE_TOKEN_TARGET_ITEM = 20491
S_RECV_PARCEL = 38087
S_REGISTER_COMBINE_ITEM = 56868
S_REGISTER_ENCHANT_ITEM = 52709
S_REGISTER_EVOLUTION_ITEM = 33372
S_REGISTER_REPAIR_ITEM = 47433
S_REIGN_INFO = 55826
S_REJECT_CONTRACT = 41212
S_REMAIN_PLAY_TIME = 49606
S_REMOVE_BLOCKED_USER = 37543
S_REMOVE_EFFECT = 49809
S_REMOVE_EVENT_MATCHING_QUEST = 35886
S_REMOVE_GUILD_GROUP = 64655
S_REMOVE_GUILD_MEMBER = 60327
S_REMOVE_SOUND_BYNAME = 61706
S_RENAME_ITEMSTRING_START = 38094
S_REPLY_GUILD_LIST = 36434
S_REPLY_GUILD_WANTED_WRITING_LIST = 37185
S_REPLY_INVITE_GUILD_LIST = 58956
S_REPLY_NONDB_ITEM_INFO = 57169
S_REPLY_REQUEST_CONTRACT = 39551
S_REPLY_RET_VILLAGE_INFO = 25352
S_REPLY_SET_GUILD_WANTED_WRITING = 61656
S_REQUEST_CHANGE_PARTY_MATCH_RULE = 22962
S_REQUEST_CITY_WAR_MAP_INFO = 37535
S_REQUEST_CITY_WAR_MAP_INFO_DETAIL = 52541
S_REQUEST_CITY_WAR_MAP_INFO_END = 37171
S_REQUEST_CONTRACT = 49743
S_REQUEST_COOLTIME_TO_JOIN_GUILD = 23419
S_REQUEST_DEMOLIST_GUILD_TOWER_POPUP = 44783
S_REQUEST_DUNGEON_MATCHING_UI = 41517
S_REQUEST_FLOATING_CASTLE_PARTS_COOL_TIME = 27870
S_REQUEST_GUILD_FLAG_IMAGE_DATA = 52495
S_REQUEST_GUILD_INFO_BEFORE_APPLY_GUILD = 28374
S_REQUEST_INGAMESTORE_PRODUCT_DETAIL = 64513
S_REQUEST_INGAMESTORE_SALE_PRODUCTLIST = 44526
S_REQUEST_INVITE_GUILD_TAG = 29528
S_REQUEST_JOINED_CHANNEL_LIST = 39869
S_REQUEST_JOIN_GUILD_NOTICE = 42418
S_REQUEST_NAME_PREEMPTION = 39609
S_REQUEST_PRIVATE_CHANNEL_INFO = 42758
S_REQUEST_REACTION_POS_TICK = 28304
S_REQUEST_RENEW_ALL_PARTS_ITEM = 28649
S_REQUEST_SECOND_PASSWORD_AUTH = 37748
S_REQUEST_SECOND_PASSWORD_REGISTER = 51938
S_REQUEST_STYLE_SHOP_MARK_PRODUCTLIST = 31267
S_REQUEST_UPDATE_CUSTOM_USER_CUSTOMIZING = 62536
S_REQUEST_WRITE_BOARD_RESULT = 43460
S_RESET_ALL_PRODUCT_MARK_EVENT = 39418
S_RESET_EP_PERK = 45387
S_RESET_GUILD_PERK = 50394
S_RESET_SKILL = 65208
S_RESPONSE_ACCESSORY_COST_INFO = 63023
S_RESPONSE_GAMESTAT_PONG = 20212
S_RESULT_BATTLE_FIELD_CHAT_BAN = 57007
S_RESULT_BIDDING_DICE_THROW = 22319
S_RESULT_CHANGE_CHARACTER_NAME = 58551
S_RESULT_CHANGE_DUAL_OPTION_IDX = 60322
S_RESULT_CHANGE_FRIEND_MEMO = 62077
S_RESULT_CHANGE_MY_PROFILE = 64738
S_RESULT_COMBINE_ITEM = 39911
S_RESULT_ENCHANT = 53690
S_RESULT_EQUIPMENT_INHERITANCE = 44364
S_RESULT_EVENT_SEED = 44317
S_RESULT_EVOLUTION = 53522
S_RESULT_GROUP_DUEL_MSG = 47776
S_RESULT_ITEM_BIDDING = 56441
S_RESULT_ITEM_COLORING = 53336
S_RESULT_LEARN_GUILD_PERK = 27926
S_RESULT_MATERIAL_AWAKEN = 49535
S_RESULT_OPEN_DUAL_OPTION = 46747
S_RESULT_RENAME_GUILD = 49768
S_RESULT_REPAIR_ITEM = 49671
S_RESULT_SEREN_GUIDE = 25278
S_RESULT_USABLE_CHARACTER_NAME = 48879
S_RESULT_USABLE_GUILD_NAME = 57423
S_RETURN_PARCEL = 49738
S_RETURN_TO_LOBBY = 35430
S_RETURN_USER = 52828
S_RETURN_USER_REWARD_END = 48937
S_REWARDNPC_SPAWN_ALARM = 28094
S_REWRITE_ITEM_STRING = 39837
S_RIGHT_ITEM_LIST = 44114
S_ROUND_PVE_BATTLE_FIELD_BOARD = 34991
S_ROUND_PVE_CLOSE_SKILL_UI = 49104
S_ROUND_PVE_OPEN_SKILL_UI = 22335
S_ROUND_PVE_SCORE = 57528
S_ROUND_PVP_BATTLE_FIELD_BOARD = 65040
S_ROUND_RESULT = 27461
S_ROUND_START = 23122
S_RP_ADD_ITEM_TO_DECOMPOSITION_CONTRACT = 27482
S_RP_COMMIT_DECOMPOSITION_CONTRACT = 40641
S_RP_DEL_ITEM_FROM_DECOMPOSITION_CONTRACT = 33244
S_RP_SKILL_POLISHING_CHANGE_OPTION = 63003
S_RP_SKILL_POLISHING_EXP_INFO = 27793
S_RP_SKILL_POLISHING_LIST = 32327
S_RP_SKILL_POLISHING_UNLOCK_OPTION = 45589
S_RP_SKILL_POLISHING_UPGRADE_LEVEL = 41742
S_RP_START_SOCIAL_ON_PROGRESS_DECOMPOSITION = 28506
S_RP_UPDATE_ITEM_TO_DECOMPOSITION_CONTRACT = 35773
S_SCENARIO_DUNGEON_UI = 22272
S_SECOND_PASSWORD_AUTH_RESULT = 21198
S_SECOND_PASSWORD_REGISTER_RESULT = 53915
S_SELECT_CHANNEL = 49523
S_SELECT_EVENT_MATCHING = 58507
S_SELECT_USER = 39086
S_SEND_CHANGE_REPUTATION_EXP = 33200
S_SEND_CHANGE_REPUTATION_POINT = 61054
S_SEND_PARCEL = 21337
S_SEND_PARCEL_TAX = 40218
S_SEND_QUEST_ITEM_INFO = 47802
S_SEND_ROUND_PVE_SKILL_LIST = 28841
S_SEND_USER_PLAY_TIME = 31941
S_SEND_VIP_SYSTEM_INFO = 55021
S_SERVANT_ABILITY = 42650
S_SERVER_TIME = 59905
S_SET_AWESOMIUM_WEB_URL = 23214
S_SET_FLY_MOVE_INFO = 54768
S_SET_GUILD_JOIN_CONDITION = 36895
S_SET_ITEM_BIDDING_FLAG = 42501
S_SET_ITEM_STRING = 39745
S_SET_KUMAS_BATTLE_FIELD_TREASURE_SCORE = 43424
S_SET_NEW_TERA_USER = 64461
S_SET_POS = 30234
S_SET_RECIPE_BOOKMARK = 37964
S_SET_SEND_PARCEL_ITEM = 32494
S_SET_SEND_PARCEL_MONEY = 34318
S_SET_VISIBLE = 22775
S_SET_WORKOBJECT = 53962
S_SHARE_USER_PING = 44597
S_SHORTCUT_CHANGE = 25412
S_SHOW_ARTISAN_MENU = 25593
S_SHOW_AWESOMIUMWEB_SHOP = 43111
S_SHOW_CANDIDATE_LIST = 38600
S_SHOW_CHANGE_CHARACTER_UI = 50147
S_SHOW_CREST_LEARN = 57825
S_SHOW_DARKRIFT_USER_HP = 25982
S_SHOW_DEAD_CITY_WAR_UI = 54157
S_SHOW_DEAD_UI = 31325
S_SHOW_DUNGEON_RETRY_UI = 57469
S_SHOW_GAGE = 49430
S_SHOW_GUILD_QUEST_LIST = 55716
S_SHOW_HP = 64249
S_SHOW_ITEM_TOOLTIP = 61727
S_SHOW_NPC_TO_MAP = 43850
S_SHOW_PARCEL_MESSAGE = 25416
S_SHOW_PARTY_MATCH_INFO = 44116
S_SHOW_PCBANG_ICON = 28931
S_SHOW_PEGASUS_MAP = 52365
S_SHOW_REVIVE_UI = 38371
S_SHOW_TEMPER_WINDOW = 32794
S_SHOW_TRADE_ITEM = 52248
S_SHOW_TRADE_LOG = 43428
S_SHOW_USER_EP_INFO = 38120
S_SIMPLE_TIP_REPEAT_CHECK = 33992
S_SKILL_ATTENTION_TARGET = 39048
S_SKILL_CATEGORY = 50877
S_SKILL_CHASE_EFFECT_TARGET = 46972
S_SKILL_FORGET = 42919
S_SKILL_LEARN_LIST = 30684
S_SKILL_LEARN_RESULT = 41992
S_SKILL_LIST = 22987
S_SKILL_PERIOD = 54322
S_SKILL_TARGETING_AREA = 32659
S_SNOW_EVENT_BATTLE_FIELD_BOARD = 25315
S_SNOW_EVENT_BATTLE_FIELD_SPAWN_USER = 65297
S_SOCIAL = 36889
S_SOCIAL_CANCEL = 38834
S_SOCIAL_FORGET = 56989
S_SOCIAL_LEARN_RESULT = 58566
S_SPAWN_BONFIRE = 27066
S_SPAWN_BUILD_OBJECT = 22300
S_SPAWN_COLLECTION = 65239
S_SPAWN_DOOR = 34031
S_SPAWN_DROPITEM = 35520
S_SPAWN_EVENT_SEED = 33010
S_SPAWN_GAMBLE_BOX = 37105
S_SPAWN_ME = 55136
S_SPAWN_NPC = 61743
S_SPAWN_PET = 28513
S_SPAWN_PROJECTILE = 61679
S_SPAWN_REMOTE_PROJECTILE = 61678
S_SPAWN_SERVANT = 34900
S_SPAWN_SHUTTLE = 64717
S_SPAWN_STATUE = 28349
S_SPAWN_USER = 35383
S_SPAWN_WORKOBJECT = 40340
S_STAGE_RESULT = 60697
S_START_ACTION_SCRIPT = 27712
S_START_CHANGE_USER_APPEARANCE = 35771
S_START_CHAT_BAN = 35114
S_START_CHAT_BAN_INFINITY = 46077
S_START_CLIENT_CUSTOM_SKILL = 48111
S_START_CLIMBING = 27363
S_START_COMMANDER_SKILL = 30868
S_START_COOLTIME_ITEM = 57662
S_START_COOLTIME_SKILL = 43370
S_START_DRIVE_AIRSHIP = 31892
S_START_FISHING_CHARGE = 33667
S_START_FISHING_MINIGAME = 36415
S_START_FIX_SPIRIT = 31245
S_START_FIX_VEHICLE = 34790
S_START_GUILD_QUEST = 35838
S_START_GUILD_WAR = 61170
S_START_INVERSE_CAPTURE = 30784
S_START_LEVEL_COMPENSATION = 22114
S_START_PEGASUS = 23067
S_START_PRODUCE = 33648
S_START_ROUND_PVE_ROUND = 25510
S_START_STACK_ATTENDANCE_EVENT_INFO = 24725
S_START_USER_PROJECTILE = 29149
S_START_VM_BUY = 29448
S_START_VM_SELL = 32732
S_STEER_DEBUG_COMMAND = 61756
S_STICK_TO_USER_END = 65015
S_STICK_TO_USER_START = 59958
S_STOP_VM = 47659
S_STORE_BASKET = 24779
S_STORE_SELL_LIST = 32233
S_STRONGHOLD_OCCUPATION_BATTLE_FIELD_BOARD = 48679
S_STRONGHOLD_OCCUPATION_BATTLE_FIELD_STRONGHOLD_INFO = 46780
S_STR_EVALUATE_LIST = 27859
S_STYLE_SHOP_BUY_TCAT_ITEM = 60059
S_SUCCESS_COUNTER = 64032
S_SUCCESS_STYLE_SHOP_BUY_REPUTATION_ITEM = 64113
S_SUGGEST_DARK_RIFT_PARTY_MATCHING = 27413
S_SURVEY_QUESTION = 39890
S_SWITCH_INFO = 30600
S_SYNC_PEGASUS_TIME = 50676
S_SYSTEM_MESSAGE = 58343
S_SYSTEM_MESSAGE_CUSTOM = 49576
S_SYSTEM_MESSAGE_LOOT_ITEM = 27760
S_SYSTEM_MESSAGE_LOOT_SPECIAL_ITEM = 50774
S_SYSTEM_REWARD_MESSAGE = 59596
S_SYS_PARTY_INFO = 31932
S_TARGET_INFO = 50768
S_TASK_INFO_GUARD = 61344
S_TAX_INFO = 57173
S_TELEPORT_TO_CAMP = 49493
S_TEMPER_MATERIALS = 44997
S_TEMPER_RESULT = 32422
S_TERRITORY_STEP_ENTER = 52605
S_TERRITORY_STEP_LEAVE = 61794
S_TERRITORY_STEP_PROGRESS = 32097
S_TIMEOVER_CONTRACT = 30941
S_TOGGLE_TASK_INFO_WINDOW = 53527
S_TOKEN_POINT_STATUS = 48958
S_TOTAL_GUILD_WAR_DATA = 37444
S_TRADE_ACCEPT = 48379
S_TRADE_BAG_CLOSE = 29443
S_TRADE_BAG_DONE = 24268
S_TRADE_BOX = 45753
S_TRADE_BROKER_BOUGHT_ITEM_LIST = 28577
S_TRADE_BROKER_BUY_IT_NOW = 32844
S_TRADE_BROKER_CALC_NOTIFY = 32491
S_TRADE_BROKER_DEAL_INFO_UPDATE = 28062
S_TRADE_BROKER_DEAL_SUGGESTED = 26114
S_TRADE_BROKER_HIGHEST_ITEM_LEVEL = 26646
S_TRADE_BROKER_HISTORY_ITEM_LIST = 38869
S_TRADE_BROKER_INPUT_PRICE = 61681
S_TRADE_BROKER_REGISTERED_ITEM_LIST = 63627
S_TRADE_BROKER_REQUEST_DEAL_RESULT = 32177
S_TRADE_BROKER_SOLD_ITEM_LIST = 57493
S_TRADE_BROKER_SUGGEST_DEAL = 49916
S_TRADE_BROKER_WAITING_ITEM_LIST = 34835
S_TRADE_MESSAGE = 65334
S_TRANSFER_KUMAS_BATTLE_FIELD_TREASURE = 30395
S_TUTORIAL_PLAY_FINISHED = 51182
S_UNICAST_FLOATING_CASTLE_INFO = 60517
S_UNICAST_FLOATING_CASTLE_NAMEPLATE = 23148
S_UNICAST_TRANSFORM_DATA = 39151
S_UNMOUNT_VEHICLE = 26789
S_UNMOUNT_VEHICLE_EX = 42446
S_UNREGISTER_COMBINE_ITEM = 37046
S_UNREGISTER_ENCHANT_ITEM = 37680
S_UNREGISTER_EVOLUTION_ITEM = 31294
S_UNREGISTER_REPAIR_ITEM = 34611
S_UPDATE_ACHIEVEMENT_PROGRESS = 33325
S_UPDATE_BIDDING_COUNT = 51148
S_UPDATE_CONTENTS_ON_OFF = 47647
S_UPDATE_EVENT_MATCHING_BONUS_INFO = 58107
S_UPDATE_EVENT_SEED_STATE = 25714
S_UPDATE_EVENT_SYSTEM = 53511
S_UPDATE_FRIENDSHIP_GAGE = 53127
S_UPDATE_FRIEND_INFO = 62600
S_UPDATE_GAMBLE_BOX_STATE = 35599
S_UPDATE_GUILD_ANNOUNCE = 41797
S_UPDATE_GUILD_FLAG = 45764
S_UPDATE_GUILD_GROUP = 45512
S_UPDATE_GUILD_MEMBER = 44589
S_UPDATE_GUILD_QUEST_STATUS = 55838
S_UPDATE_GUILD_TOWER_INFO = 38842
S_UPDATE_KUMAS_BATTLE_FIELD_TREASURE_INFO = 45651
S_UPDATE_KUMAS_BOSS_POS = 47075
S_UPDATE_NPCGUILD = 47052
S_UPDATE_PARTY_MEMBER_QUEST_DATA = 49613
S_UPDATE_QUEST = 46028
S_UPDATE_STACK_ATTENDANCE_EVENT_INFO = 20232
S_UPDATE_STACK_ATTENDANCE_EVENT_RESET_TIME = 55980
S_UPDATE_STYLE_SHOP_MARK_PRODUCT = 43867
S_UPDATE_USER_AWAKEN_GRADE = 28986
S_UPDATE_VM_SELLBUY_WINDOW = 50594
S_UPDATE_VM_SETTING_WINDOW = 52478
S_UPDATE_VM_STATUS = 63253
S_USER_AIM = 37692
S_USER_AIM_TO = 48797
S_USER_APPEARANCE_CHANGE = 31881
S_USER_BLOCK_LIST = 23445
S_USER_CHANGE_FACE_CUSTOM = 31324
S_USER_CHANGE_NAME = 38637
S_USER_DEATH = 23037
S_USER_EFFECT = 42579
S_USER_EXTERNAL_CHANGE = 39778
S_USER_FLYING_LOCATION = 32266
S_USER_ITEMLEVEL_INFO = 36673
S_USER_ITEM_EQUIP_CHANGER = 56900
S_USER_LEVELUP = 25963
S_USER_LOCATION = 41052
S_USER_LOCATION_IN_ACTION = 37645
S_USER_MOVETYPE = 58178
S_USER_PAPERDOLL_INFO = 58154
S_USER_PVE_RANKING = 49087
S_USER_PVP_RANKING = 50913
S_USER_REPORT = 46594
S_USER_SITUATION = 51866
S_USER_STATUS = 58087
S_USER_WEAPON_APPEARANCE_CHANGE = 24326
S_USE_CHRONOSCROLL_RESULT = 34188
S_USE_COUPON = 61263
S_USE_JUMPGEAR = 51017
S_USE_RIGHT_ITEM = 22152
S_VEHICLE_EX_ARROW = 39886
S_VERSION_INFO = 52437
S_VIEW_BATTLE_FIELD_RESULT = 39004
S_VIEW_GUILD_WAR = 29526
S_VIEW_INTER_PARTY_MATCH_BATTLEFIELD_LIST = 25794
S_VIEW_INTER_PARTY_MATCH_DUNGOEN_LIST = 38801
S_VIEW_PARTY_INVITE = 27557
S_VIEW_VM_SETTING_WINDOW = 37591
S_VIEW_WARE = 49266
S_VIEW_WARE_EX = 55443
S_VILLAGER_BUFF_INFO = 52363
S_VILLAGER_POPUP_DIALOG = 33987
S_VILLAGE_LIST_TO_TELEPORT = 43004
S_VIP_STORE_ITEM_LIST = 20236
S_VISITED_SECTION_LIST = 57070
S_VISIT_NEW_SECTION = 37720
S_VISIT_NEW_TEL_CAMP = 21029
S_VM_BUY_BASKET_INFO = 36227
S_VM_SELL_BASKET_INFO = 49625
S_VOID_GUARD_INFO = 53840
S_VOTE_DISMISS_PARTY = 64028
S_VOTE_HISTORY = 25901
S_VOTE_RESET_ALL_DUNGEON = 28883
S_VOTE_TO_DUNGEON_MENTO = 40576
S_WAITING_LIST = 62499
S_WATCHED_MOVIES = 53519
S_WEAK_POINT = 49638
S_WELCOME_PET_OWNER = 36038
S_WHISPER = 25111
S_WORK_WORKOBJECT = 47789
S_WORLD_OF_TANK_BATTLE_FIELD_BOARD = 43895
S_WORLD_OF_TANK_BATTLE_FIELD_RESULT = 39468
S_WORLD_QUEST_VILLAGER_INFO = 30462
