C_ACCEPT_CONTRACT 31537
C_ACCEPT_FRIEND 50292
C_ACCEPT_GUILD_APPLY 32508
C_ACTIVATE_CARD_COMBINE_LIST 54603
C_ADD_CRYSTAL_COMBINE_MATERIAL 64538
C_ADD_FRIEND 39267
C_ADD_FRIEND_GROUP 56195
C_ADD_INTER_PARTY_MATCH_POOL 28098
C_ADD_ITEM_TO_VM_BUY_BASKET 23600
C_ADD_ITEM_TO_VM_SELL_BASKET 62277
C_ADD_TELEPORT_TO_POS_LIST 65258
C_ADD_TRADE_BAG 26795
C_ADMIN 53976
C_ADMIN_ADD_CUSTOM_BOOKMARK 36333
C_ADMIN_CHAT_BAN 34103
C_ADMIN_CHECK_USERNAME 27563
C_ADMIN_GET_DUNGEON_USER_LIST 55693
C_ADMIN_GET_USER_INFO_BY_DBID 46048
C_ADMIN_GET_USER_INFO_LIST_BY_DISTANCE 34794
C_ADMIN_GMEVENT_NOTICE 23745
C_ADMIN_GMEVENT_OFF 30432
C_ADMIN_GMEVENT_OX_QUIZ_NEXT_QUIZ 58825
C_ADMIN_GMEVENT_OX_QUIZ_NEXT_REPE_QUIZ 27121
C_ADMIN_GMEVENT_STATUS 32938
C_ADMIN_GMEVENT_USER_KICK 25872
C_ADMIN_GMEVENT_USER_SUMMON 57461
C_ADMIN_GM_MAPTELEPORT 44699
C_ADMIN_GM_SKILL 54742
C_ADMIN_GM_TELEPORT 58519
C_ADMIN_HOLD_CHARACTER 39159
C_ADMIN_KILL_NPC 60268
C_ADMIN_LOBBY 35224
C_ADMIN_REMOVE_CUSTOM_BOOKMARK 24818
C_ADMIN_REMOVE_NPC 40341
C_ADMIN_REQUEST_CUSTOM_BOOKMARK 53090
C_ADMIN_REQUEST_DEFAULT_BOOKMARK 48087
C_ADMIN_REQUEST_USERACTION 63050
C_ADMIN_REQUEST_USERINFO 62794
C_ADMIN_SPAWN_NPC 47676
C_ADMIN_VANISH_PET 53802
C_ADMIN_WARNING_MESSAGE 26318
C_ANSWER_BANNING_PARTY_MEMBER 30844
C_ANS_QUEST_SHARE 59160
C_APPLY_GUILD 20074
C_APPLY_INVEN_POCKET_SORT 39509
C_APPLY_PARTY 51926
C_APPLY_TITLE 46571
C_ARRIVE_AT_JUMPGEAR_DESTINATION 51313
C_ASK_HANCOIN_AMOUNT 24170
C_ASK_INTERACTIVE 45447
C_AVAILABLE_EVENT_MATCHING_LIST 28070
C_AWESOMIUM_WEB_COUNTING 42448
C_BANISH_GUILD_MEMBER 38015
C_BAN_FROM_GROUP_DUEL 62166
C_BAN_PARTY_MEMBER 22413
C_BATTLE_FIELD_BOARD_REQUEST 29945
C_BATTLE_FIELD_CANCEL_OCCUPATION 26177
C_BATTLE_FIELD_HELP 29775
C_BATTLE_FIELD_MAP_ALARM 34080
C_BATTLE_FIELD_POINT_STORE_BUY_ADD_BASKET 29871
C_BATTLE_FIELD_POINT_STORE_BUY_DEL_BASKET 48692
C_BATTLE_FIELD_POINT_STORE_COMMIT 48310
C_BATTLE_FIELD_REWARD 54059
C_BATTLE_FIELD_START_OCCUPATION 41592
C_BETTING_TRY 29141
C_BIND_ITEM_BEGIN_PROGRESS 24681
C_BIND_ITEM_EXECUTE 40883
C_BLOCK_USER 50010
C_BOARD_ITEM_LIST 58295
C_BROADCAST_CLIMBING 28033
C_BUY_INGAMESTORE_MONEYPRODUCT 34697
C_BUY_INGAMESTORE_TCATPRODUCT 23244
C_BUY_VILLAGER_BUFF 56846
C_CANCEL_CHANGE_USER_APPEARANCE 43603
C_CANCEL_CONTRACT 36400
C_CANCEL_DELETE_USER 25341
C_CANCEL_DUNGEON_RETRY 59151
C_CANCEL_EXIT 29062
C_CANCEL_FIX_VEHICLE 56362
C_CANCEL_LOCKON_TARGET 43990
C_CANCEL_PENDING 34668
C_CANCEL_PREPARE_CHANGE_USER_APPEARANCE 25500
C_CANCEL_QUEST 65493
C_CANCEL_RETURN_TO_LOBBY 48998
C_CANCEL_REVIVE 48828
C_CANCEL_SELECT_CHANNEL 23740
C_CANCEL_SKILL 36703
C_CAN_CREATE_USER 23121
C_CAN_LOCKON_TARGET 22501
C_CAST_FISHING_ROD 46443
C_CHANGE_CARD_PRESET 38674
C_CHANGE_CHANNEL_PASSWORD 35800
C_CHANGE_CHARACTER 58941
C_CHANGE_EQUIP_PRESET 46210
C_CHANGE_FRIEND_MEMO 42184
C_CHANGE_GROUP_DUEL_SETTING 26428
C_CHANGE_GUILDGROUP 41108
C_CHANGE_GUILDNAME 47837
C_CHANGE_GUILD_CHIEF 27255
C_CHANGE_ITEM_COLORING_POTION 48508
C_CHANGE_ITEM_PASSIVE_LIST 45864
C_CHANGE_LOOKS_PREMIUM_TRY 45485
C_CHANGE_LOOKS_SERVANT 22744
C_CHANGE_MY_PROFILE 25640
C_CHANGE_MY_STATE 44836
C_CHANGE_PARTY_MANAGER 35722
C_CHANGE_PARTY_MEMBER_AUTHORITY 56804
C_CHANGE_POCKET_NAME 46339
C_CHANGE_SERVANT_CONDITIONAL_SKILL 64880
C_CHANGE_SERVANT_NAME 26112
C_CHANGE_USER_LOBBY_SLOT_ID 46621
C_CHANGE_USER_NAME 64006
C_CHANGE_VM_MODE 52370
C_CHAT 54387
C_CHAT_REPORT 24667
C_CHECK_CHANGE_GUILDNAME 23741
C_CHECK_EVENT_MATCHING_LIST_CHECKBOX 30889
C_CHECK_EVENT_SYSTEM_REWARD 28432
C_CHECK_TO_DECLARE_GUILD_WAR 41107
C_CHECK_TO_OPPOSITE_DECLARE_GUILD_WAR 38593
C_CHECK_TO_READY_PARTY 60737
C_CHECK_TO_READY_PARTY_ANSWER 62221
C_CHECK_USERNAME 48770
C_CHECK_VERSION 19900
C_CITY_WAR_INFO_HISTROY 45511
C_CITY_WAR_SEASON_HISTROY 57422
C_CLEAR_SEND_PARCEL 36669
C_CLOSE_SEND_PARCEL 23902
C_CLOSE_VM 65114
C_COLLECTION_PICKEND 31660
C_COLLECTION_PICKSTART 22597
C_COMBINE_ITEM 57618
C_COMMIT_ACCESSORY_TRANSFORM 26733
C_COMMIT_CHANGE_USER_APPEARANCE 43041
C_COMMIT_FACE_BONE_DATA 39656
C_COMMIT_INGAME_CHANGE_USER_APPEARANCE 58688
C_COMMIT_VM_TRADE 40214
C_COMPLETE_DAILY_EVENT 53314
C_COMPLETE_EXTRA_EVENT 26229
C_COMPLETE_QUEST 64998
C_CONFIRM_EVENT_SYSTEM 53072
C_CONFIRM_INVITE_CODE 37265
C_CONFIRM_SERVANT_AUTO_POTION_INFO 40676
C_CONFIRM_UPDATE_NOTIFICATION 51127
C_CREATE_GROUP_DUEL 40606
C_CREATE_GUILDGROUP 30131
C_CREATE_PRIVATE_CHANNEL 55214
C_CREATE_USER 43727
C_CREST_APPLY 26981
C_CREST_APPLY_LIST 31320
C_CREST_DISAPPLY_ALL 62104
C_CRYSTAL_COMBINE_EXECUTE 20461
C_CURRENT_CHANNEL 49196
C_CUSTOM_USER_CUSTOMIZING 50405
C_DEACTIVATE_CARD_COMBINE_LIST 64884
C_DECLARE_GUILD_WAR 28798
C_DECOMPOSE_REGISTER_ITEM 22607
C_DECOMPOSE_UNREGISTER_ITEM 39861
C_DELETE_COUPON 43128
C_DELETE_FRIEND 43316
C_DELETE_FRIEND_GROUP 22693
C_DELETE_PARCEL 37934
C_DELETE_SERVANT 59276
C_DELETE_SERVANT_ABILITY 46745
C_DELETE_TELEPORT_TO_POS_LIST 55899
C_DELETE_USER 42703
C_DELIVERY_STORE_ADD_BASKET 28126
C_DELIVERY_STORE_COMMIT 56674
C_DELIVERY_STORE_DEL_BASKET 46467
C_DEL_CRYSTAL_COMBINE_MATERIAL 31192
C_DEL_INTER_PARTY_MATCH_POOL 62283
C_DEL_ITEM 36920
C_DESPAWN_BUILD_OBJECT 46175
C_DESTROY_GUILD 62110
C_DIALOG 47882
C_DIALOG_EVENT 55123
C_DISMISS_PARTY 62885
C_DISTRIBUTOR_ANSWER 34172
C_DUEL_CANCEL 35536
C_DUNGEON_CLEAR_COUNT_LIST 25140
C_DUNGEON_COOL_TIME_LIST 21336
C_DUNGEON_RANK_RECORD_LIST 39641
C_DUNGEON_RANK_SEASON_LIST 40396
C_DUNGEON_SUMMON_PARTY 35524
C_DUNGEON_UI_OPENED 56509
C_DUNGEON_WORK_ENTER 26069
C_DUNGEON_WORK_LEAVE 54036
C_DUNGEON_WORK_POINT_STORE_BUY_ADD_BASKET 20985
C_DUNGEON_WORK_POINT_STORE_BUY_DEL_BASKET 32172
C_DUNGEON_WORK_POINT_STORE_COMMIT 50476
C_DUNGEON_WORK_RETRY 48955
C_EDIT_BLOCKED_USER_MEMO 24347
C_EDIT_FRIEND_GROUP 45213
C_EDIT_PRIVATE_CHANNEL 48580
C_ENCHANTER_USE 44934
C_END_CLIMBING 39867
C_END_CUSTOMIZING_PARTS_SHAPE 29125
C_END_FISHING_MINIGAME 61064
C_END_ITEM_BIDDING 36221
C_END_MOVIE 33197
C_END_RESTORE_CUSTOMIZING_PARTS_SHAPE 40488
C_ENTER_BATTLE_FIELD 20692
C_ENTER_DUNGEON 56107
C_ENTER_SCENARIO_DUNGEON 24083
C_ENTER_TELEPORTTERRITORY 27608
C_EQUIPMENT_ENCHANT_SCROLL_USE 25419
C_EQUIP_SERVANT_ITEM 61968
C_EVENT_GUIDE 61978
C_EVENT_MATCHING_BATTLEFIELD_DETAIL_INFO 20728
C_EVENT_MATCHING_DUNGEON_DETAIL_INFO 59298
C_EXIT 23751
C_EXPAND_INVEN_POCKET 39080
C_EXTEND_PARTY 23891
C_FACIAL_ATTACHMENT 39643
C_FIELD_EVENT_BAN 43876
C_FINDNAME 55801
C_FLOATING_CASTLE_PARTS_STORE_BUY_ADD_BASKET 56094
C_FLOATING_CASTLE_PARTS_STORE_BUY_DEL_BASKET 34418
C_FLOATING_CASTLE_PARTS_STORE_COMMIT 28069
C_GACHA_CANCEL 34400
C_GACHA_TRY 52321
C_GAMBLE_CANCEL 21044
C_GAMBLE_CHANGE_BET_ITEM 52825
C_GAMBLE_GO 42599
C_GAMBLE_STOP 60290
C_GAMBLE_TRY 62042
C_GET_ATTENDANCE_REWARD 50157
C_GET_EVENT_DETAIL 21597
C_GET_EVENT_SYSTEM_REWARD 50759
C_GET_GUILD_HISTORY 26120
C_GET_GUILD_WARE_HISTORY 28598
C_GET_IN_SHUTTLE 52958
C_GET_OUT_SHUTTLE 41041
C_GET_USER_GUILD_LOGO 22617
C_GET_USER_LIST 29325
C_GET_WARE_ITEM 50519
C_GIVE_UP_GUILD_WAR 32227
C_GMEVENT_LEAVE_EVENT 43687
C_GMEVENT_MOVE_TO_STADIUM 40055
C_GMEVENT_OX_REPE_QUIZ_ANSWER 59716
C_GROUP_DUEL_ADD_BETTING_ITEM 50633
C_GROUP_DUEL_BETTING 40499
C_GROUP_DUEL_BETTING_MONEY 30041
C_GROUP_DUEL_CHANGE_REPRESENT 34901
C_GROUP_DUEL_DEL_BETTING_ITEM 65334
C_GROUP_DUEL_RECORD 47457
C_GUARD_PK_POLICY 50585
C_GUILD_APPLY_LIST 33415
C_GUILD_APPLY_LIST_PAGE 50751
C_GUILD_STORE_BUY_ADD_BASKET 31006
C_GUILD_STORE_BUY_DEL_BASKET 37304
C_GUILD_STORE_COMMIT 65479
C_HARDWARE_INFO 56022
C_HIT_USER_PROJECTILE 33546
C_INGAME_CHANGE_USER_APPEARANCE_CANCEL 28425
C_INGAME_CHANGE_USER_APPEARANCE_TRY 49140
C_INVALID_BUILD_VERSION 58724
C_INVITE_FRIEND_CODE 42477
C_INVITE_USER_TO_GUILD 22671
C_ITEMSYNTHESIZER_REQUEST_CANCEL 59977
C_ITEMSYNTHESIZER_REQUEST_MATERIAL 32575
C_ITEMSYNTHESIZER_REQUEST_START 41755
C_ITEM_COLORING_ADD_ITEM 42906
C_ITEM_COLORING_REMOVE_ITEM 61096
C_ITEM_COLORING_SET_COLOR 63889
C_JOIN_GROUP_DUEL 30279
C_JOIN_PRIVATE_CHANNEL 50596
C_KICK_CHANNEL_MEMBER 36751
C_LEARN_EP_PERK 56309
C_LEAVE_GROUP_DUEL 58781
C_LEAVE_GUILD 40705
C_LEAVE_PARTY 23406
C_LEAVE_PRIVATE_CHANNEL 43442
C_LEAVE_TELEPORTTERRITORY 59539
C_LIST_CHANNEL 52737
C_LIST_PARCEL 30430
C_LOAD_EP_INFO 60232
C_LOAD_TOPO_FIN 63581
C_LOGIN_ARBITER 59881
C_LORD_CALC_TAX 36184
C_LORD_CANDIDATE_LIST 41829
C_LORD_CANDIDATE_PLEDGE 61059
C_LORD_CHANGE_GREETINGS 56791
C_LORD_CHANGE_POLICY 29412
C_LORD_GUARD_INFO 21394
C_LORD_RANK_INFO 38933
C_LORD_REGISTER 23887
C_LORD_REGISTER_INFO 22522
C_LORD_TAX_SET 22958
C_LORD_VOTE 43886
C_LORD_VOTE_CANDIDATE_LIST 36303
C_MAIN_MENU_COMMAND_EXEC 37453
C_MEDAL_STORE_BUY_ADD_BASKET 50017
C_MEDAL_STORE_BUY_DEL_BASKET 58093
C_MEDAL_STORE_COMMIT 58264
C_MEET_BOSS_INFO 35560
C_MERGE_ITEM 54132
C_MERGE_ITEM_EXECUTE 35166
C_MERGE_PARTY_TO_RAID 41388
C_MOUNT_CARD 48133
C_MOUNT_VEHICLE_EX 39437
C_MOVE_ITEM 31672
C_MOVE_SLOT_IN_GROUP_DUEL 27153
C_MOVE_WARE_POS 58479
C_NOTIFY_LOCATION_IN_ACTION 49157
C_NOTIFY_LOCATION_IN_DASH 64575
C_NOTIFY_LOCATION_IN_REACTION 47340
C_NOTIFY_SPIRIT_LOCATION_IN_ACTION 63509
C_NOTIMELINE_SKILL 24394
C_NPCGUILD_LIST 31373
C_NPC_CONTACT 52497
C_OPEN_GUILD_WAR_WINDOW 58477
C_OPPOSITE_DECLARE_GUILD_WAR 38866
C_OP_COMMAND 50222
C_PARCEL_REPORT 41043
C_PARTY_APPLICATION_DENIED 34342
C_PARTY_LOOTING_METHOD 64175
C_PARTY_LOOTING_METHOD_VOTE 59015
C_PARTY_MARKER 50037
C_PARTY_MATCH_WINDOW_CLOSED 46875
C_PAY_WAREHOUSE_COMMISION 37050
C_PETITION_CANCEL 37515
C_PETITION_CHAT_USER_MESSAGE 44227
C_PETITION_CHECK_CREATABLE 25319
C_PETITION_CHECK_SURVEYABLE 37830
C_PETITION_COMPLETE_CONFIRM 58151
C_PETITION_CREATE 42381
C_PETITION_FEEDBACK 64908
C_PET_EQUIP 39551
C_PET_INCUBATOR_GET 22751
C_PET_INCUBATOR_PUT 38663
C_PET_INCUBATOR_START 63663
C_PET_INCUBATOR_TAKEALL 58177
C_PET_LEVEL_UP_ITEM_ADD_TO_LIST 39525
C_PET_LEVEL_UP_ITEM_REMOVE_FROM_LIST 36474
C_PET_ORB_ATTACH 31521
C_PET_ORB_DELETE 51285
C_PET_REPAIR 45034
C_PET_UNEQUIP 56140
C_PLAYER_FLYING_LOCATION 34872
C_PLAYER_LOCATION 52098
C_PLAY_TIME 23645
C_POINT_STORE_BUY_ADD_BASKET 26880
C_POINT_STORE_BUY_DEL_BASKET 61046
C_POINT_STORE_COMMIT 35709
C_POLITICS_POINT_STORE_BUY_ADD_BASKET 54097
C_POLITICS_POINT_STORE_BUY_DEL_BASKET 31607
C_POLITICS_POINT_STORE_COMMIT 34123
C_PONG 61932
C_PRECONFIRM_INVITE_CODE 23052
C_PREMIUM_COMPOSE_ADD_ITEM 50099
C_PREMIUM_COMPOSE_CANCEL 65110
C_PREMIUM_COMPOSE_DEL_ITEM 57058
C_PREMIUM_COMPOSE_RESET 20580
C_PREMIUM_COMPOSE_TRY 59664
C_PREPARE_WORKOBJECT 34370
C_PRESS_SKILL 35681
C_PREVIEW_ITEM 43652
C_PROMOTION_CANCEL 55729
C_PROMOTION_INFO 20429
C_PROMOTION_RESET 61221
C_PROMOTION_START 24560
C_PURCHASE_PROD 42374
C_PUT_INTO_PRISON 63437
C_PUT_WARE_ITEM 64242
C_QUERY_COIN 39747
C_RECEIVE_COLLECTION_BOOK_REWARD 63814
C_RECEIVE_FREE_STYLE_SHOP_ITEMS 55435
C_RECEIVE_PLAYTIME_EVENT_REWARD 45854
C_RECOMMEND_GUILD 32490
C_RECOMMEND_USER_GUILD 20190
C_RECV_PARCEL 33466
C_RECV_PARCEL_ALL 32420
C_RECV_PARCEL_EX 53695
C_REGISTER_COMBINE_ITEM 34903
C_REGISTER_ENCHANT_ITEM 55434
C_REGISTER_EVOLUTION_ITEM 34069
C_REGISTER_PARTY_INFO 58601
C_REGISTER_REPAIR_ITEM 23570
C_REGISTER_VM_BUY_ITEM 22233
C_REGISTER_VM_SELL_ITEM 21502
C_REGIST_CUSTOMIZING_PARTS_SHAPE_ITEM 37189
C_REIGN_INFO 50605
C_REJECT_CONTRACT 60474
C_REJECT_INVITE_USER_TO_GUILD 30935
C_RELEASE_FROM_PRISON 45223
C_REMOVE_BLOCKED_USER 34878
C_REMOVE_COLORING_POTION 59434
C_REMOVE_GUILDGROUP 44877
C_REMOVE_ITEM_FROM_VM_BUY_BASKET 30632
C_REMOVE_ITEM_FROM_VM_SELL_BASKET 48072
C_RENAME_TELEPORT_TO_POS_LIST 41601
C_REPLY_INTER_PARTY_MAKE 32299
C_REPLY_TELEPORT 24669
C_REPLY_TELEPORT_NEAR_TOWN 49040
C_REPLY_TELEPORT_WALK_THROUGH 50649
C_REPLY_THROUGH_ARBITER_CONTRACT 32620
C_REQUEST_ABILITY_TRANSFER 25628
C_REQUEST_ACCESSORY_COST_INFO 42621
C_REQUEST_ACHIEVEMENT_LIST 60776
C_REQUEST_ARENA_BETTING_INFO 33216
C_REQUEST_BATTLE_FIELD_CHAT_BAN 38659
C_REQUEST_BATTLE_FIELD_PARTY_MARKER 61049
C_REQUEST_BATTLE_FIELD_PARTY_MARKER_CLEAR 61313
C_REQUEST_BOSS_GAGE_INFO 34806
C_REQUEST_BUY_VIP_STORE_ITEM 37399
C_REQUEST_CANCEL_GUILD_QUEST 54606
C_REQUEST_CANDIDATE_LIST 53966
C_REQUEST_CHANGE_CHARACTER_NAME 46047
C_REQUEST_CHANGE_DUAL_OPTION_IDX 63462
C_REQUEST_CHANGE_LOOKS_SERVANT 56330
C_REQUEST_CHANGE_PARTY_MATCH_RULE 26049
C_REQUEST_CITY_WAR_MAP_INFO 30028
C_REQUEST_CONTRACT 47675
C_REQUEST_COOLTIME_TO_JOIN_GUILD 26579
C_REQUEST_COUPON_DATA 53564
C_REQUEST_COUPON_LIST 22277
C_REQUEST_DEMOLISH_GUILD_TOWER 50617
C_REQUEST_DEMOLIST_GUILD_TOWER_POPUP 24109
C_REQUEST_DESPAWN_SERVANT 52756
C_REQUEST_DICE_THROW 32597
C_REQUEST_DUNGEON_WORK_LIST 28574
C_REQUEST_ENCHANT 28445
C_REQUEST_ENTER_VIP_DUNGEON 38603
C_REQUEST_EQUIPMENT_INHERITANCE 48808
C_REQUEST_EVENT_MATCHING_TELEPORT 38183
C_REQUEST_EVOLUTION 44506
C_REQUEST_FIELD_POINT_REWARD 62941
C_REQUEST_FINISH_GUILD_QUEST 37334
C_REQUEST_FLOATING_CASTLE_PARTS_COOL_TIME 38799
C_REQUEST_FLY_MOVE_INFO 30236
C_REQUEST_GAMESTAT_PING 20037
C_REQUEST_GUILD_FLAG_IMAGE_DATA 37035
C_REQUEST_GUILD_INCENTIVE 22027
C_REQUEST_GUILD_INFO 59172
C_REQUEST_GUILD_INFO_BEFORE_APPLY_GUILD 26955
C_REQUEST_GUILD_LEVEL_RANKING 62600
C_REQUEST_GUILD_LIST 22961
C_REQUEST_GUILD_LIST_PAGE 33315
C_REQUEST_GUILD_LIST_SORT 36362
C_REQUEST_GUILD_PERK_LIST 28110
C_REQUEST_GUILD_WANTED_WRITING_LIST 59878
C_REQUEST_GUILD_WANTED_WRITING_LIST_PAGE 33417
C_REQUEST_GUILD_WAR_PENALTY_INFO 44256
C_REQUEST_IMAGE_DATA 52749
C_REQUEST_INCREASE_CARD_PRESET 36078
C_REQUEST_INGAMESTORE_PRODUCT_DETAIL 41914
C_REQUEST_INGAMESTORE_PRODUCT_LIST 39273
C_REQUEST_INVITE_GUILD_LIST 35428
C_REQUEST_INVITE_GUILD_LIST_PAGE 27881
C_REQUEST_ITEM_COLORING_VALUE 50771
C_REQUEST_LATEST_UPDATE_NOTIFICATION 23709
C_REQUEST_LEARN_GUILD_PERK 48986
C_REQUEST_MEGAPHONE 54626
C_REQUEST_MENTO_REWARD 59589
C_REQUEST_MY_ACTIVATE_CARD_COMBINE_LIST_DATA 59362
C_REQUEST_MY_PARTY_MATCH_INFO 23007
C_REQUEST_NAME_PREEMPTION 60932
C_REQUEST_NONDB_ITEM_INFO 22752
C_REQUEST_ONGOING_FIELD_EVENT_LIST 63014
C_REQUEST_OPEN_DUAL_OPTION 55502
C_REQUEST_OPEN_DUAL_OPTION_MATERIAL_INFO 58249
C_REQUEST_OTHERS_ACTIVATE_CARD_COMBINE_LIST_DATA_WITH_GAMEID 43012
C_REQUEST_OTHERS_CARD_DATA 41491
C_REQUEST_OTHERS_CARD_DATA_WITH_GAMEID 62774
C_REQUEST_PARTY_INFO 50803
C_REQUEST_PARTY_MATCH_INFO 21737
C_REQUEST_PARTY_MATCH_INFO_PAGE 50008
C_REQUEST_PARTY_MATCH_LINK 54552
C_REQUEST_PET_CONSUME_EXP_ITEM 38390
C_REQUEST_PLAYTIME 20500
C_REQUEST_PRIVATE_CHANNEL_INFO 26937
C_REQUEST_PVE_RANKING 37906
C_REQUEST_PVP_RANKING 28028
C_REQUEST_QUEST_BACKUP_ITEM 44319
C_REQUEST_RECV_DAILY_TOKEN 20367
C_REQUEST_RENAME_GUILD 27598
C_REQUEST_RENEW_ALL_PARTS_ITEM 46597
C_REQUEST_REPAIR_ITEM 20170
C_REQUEST_REPUTATION_STORE_TELEPORT 45849
C_REQUEST_RESET_EPPERK 32636
C_REQUEST_RESET_VIP_STORE 25546
C_REQUEST_RET_VILLAGE_INFO 63467
C_REQUEST_RIGHT_ITEM_LIST 21195
C_REQUEST_ROUND_PVE_SKILL_LIST 33237
C_REQUEST_SELL_LIST 36285
C_REQUEST_SEREN_GUIDE 63807
C_REQUEST_SERVANT_AUTO_POTION_INFO 47983
C_REQUEST_SERVANT_COMPOSE 35332
C_REQUEST_SERVANT_EVOLUTION 24693
C_REQUEST_SERVANT_INFO_LIST 30773
C_REQUEST_SERVANT_LEVEL_UP 37661
C_REQUEST_SERVER_ADMINTOOL_AWESOMIUM_URL 32834
C_REQUEST_SET_GUILD_WANTED_WRITING 63296
C_REQUEST_SHARE_QUEST 55559
C_REQUEST_SPAWN_SERVANT 47359
C_REQUEST_STACK_ATTENDANCE_EVENT_INFO_UPDATE 30910
C_REQUEST_STACK_ATTENDANCE_EVENT_REWARD 38029
C_REQUEST_START_GUILD_QUEST 21129
C_REQUEST_TOKEN_TARGET_ITEM 24743
C_REQUEST_UPDATE_ANNOUNCE 38827
C_REQUEST_UPDATE_INTRODUCE 46373
C_REQUEST_USABLE_CHARACTER_NAME 25487
C_REQUEST_USABLE_GUILD_NAME 33667
C_REQUEST_USER_ITEMLEVEL_INFO 60130
C_REQUEST_USER_PAPERDOLL_INFO 53204
C_REQUEST_USER_PAPERDOLL_INFO_WITH_GAMEID 51392
C_REQUEST_VIP_STORE_ITEM_LIST 22780
C_REQUEST_VIP_SYSTEM_INFO 60111
C_REQUEST_WRITE_BOARD 37651
C_RESET_ALL_DUNGEON 57187
C_RESPONSE_SPAWN_DROPITEM 50460
C_RETURN_PARCEL 35030
C_RETURN_TO_LOBBY 55142
C_RETURN_USER_GIFT 64422
C_REUQUEST_JOINED_CHANNEL_LIST 37723
C_REVIVE_NOW 50734
C_REWRITE_ITEM_STRING 52218
C_RIDE_PEGASUS 63382
C_ROLLBACK_QUEST 42924
C_ROUND_PVE_SKILL_SELECT 30282
C_RQ_ADD_ITEM_TO_DECOMPOSITION_CONTRACT 62476
C_RQ_COMMIT_DECOMPOSITION_CONTRACT 49363
C_RQ_DEL_ITEM_FROM_DECOMPOSITION_CONTRACT 35608
C_RQ_SKILL_POLISHING_CHANGE_OPTION 50628
C_RQ_SKILL_POLISHING_EXP_INFO 21551
C_RQ_SKILL_POLISHING_LIST 32085
C_RQ_SKILL_POLISHING_UNLOCK_OPTION 59089
C_RQ_SKILL_POLISHING_UPGRADE_LEVEL 24636
C_RQ_START_SOCIAL_ON_PROGRESS_DECOMPOSITION 58634
C_RQ_UPDATE_ITEM_TO_DECOMPOSITION_CONTRACT 20946
C_SAVE_CLIENT_ACCOUNT_SETTING 24485
C_SAVE_CLIENT_USER_SETTING 48315
C_SECOND_PASSWORD_AUTH 47116
C_SECOND_PASSWORD_REGISTER 38356
C_SELECT_CHANNEL 64636
C_SELECT_EVENT_MATCHING 29444
C_SELECT_USER 37298
C_SEND_PARCEL 42785
C_SEND_UI_LOG 21027
C_SERVANT_ABILITY 30366
C_SERVER_TIME 46450
C_SETTLE_UP_BUY_VM 54522
C_SETTLE_UP_SELL_VM 27317
C_SET_GUILDGROUP_AUTHORITY 34637
C_SET_GUILD_JOIN_CONDITION 49617
C_SET_INVEN_POCKET_GET_FILTER 36370
C_SET_ITEM_STRING 25312
C_SET_RECIPE_BOOKMARK 27452
C_SET_SEND_PARCEL_ITEM 31813
C_SET_SEND_PARCEL_MONEY 51032
C_SET_SEND_PARCEL_TYPE 50313
C_SET_SERVANT_SEQUENCE 40068
C_SET_TARGET_INFO 60608
C_SET_VISIBLE_RANGE 57159
C_SHARE_USER_PING 35100
C_SHOW_AWESOMIUMWEB_SHOP 21912
C_SHOW_GUILD_QUEST_LIST 20582
C_SHOW_ITEMLIST 62159
C_SHOW_ITEM_TOOLTIP_EX 24953
C_SHOW_NAME_PLATE_ICON 39148
C_SHOW_PARCEL_MESSAGE 57100
C_SHOW_PETMANAGER 37458
C_SHOW_QUEST_INFO_DIALOG 32169
C_SHOW_STYLE 38202
C_SHOW_TRADE_ITEM 35571
C_SHOW_TRADE_LOG 65171
C_SIMPLE_TIP_DONT_REPEAT 63423
C_SIMPLE_TIP_REPEAT_CHECK 55722
C_SKILL_LEARN_LIST 31957
C_SKILL_LEARN_REQUEST 32295
C_SOCIAL 22176
C_SPAWN_BUILD_OBJECT 22680
C_START_CLIMBING 42736
C_START_COMBO_INSTANT_SKILL 38307
C_START_COMMANDER_SKILL 45109
C_START_DECOMPOSE 20333
C_START_ENCHANT 42966
C_START_EVOLUTION 37580
C_START_FISHING_MINIGAME 60116
C_START_FIX_SPIRIT 57532
C_START_FIX_VEHICLE 32257
C_START_GUILD_SKILL 40238
C_START_INSTANCE_SKILL 24759
C_START_INSTANCE_SKILL_EX 42517
C_START_PRODUCE 57533
C_START_REPAIR_ITEM 33552
C_START_SERVANT_ACTIVE_SKILL 54927
C_START_SKILL 25725
C_START_SKILL_BY_VEHICLE_EX 27314
C_START_TARGETED_SKILL 54672
C_START_VM_BUY 51640
C_START_VM_SELL 23691
C_STOP_FISHING 24197
C_STOP_VM 37863
C_STORE_BUY_ADD_BASKET 55817
C_STORE_BUY_DEL_BASKET 48200
C_STORE_COMMIT 27081
C_STORE_SELL_ADD_BASKET 23100
C_STORE_SELL_DEL_BASKET 27820
C_STR_EVALUATE_LIST 38993
C_STYLE_SHOP_BUY_REPUTATION_ITEM 35687
C_STYLE_SHOP_BUY_TCAT_ITEM 59823
C_SUGGEST_DARK_RIFT_PARTY_MATCHING 21041
C_SURVEY_ANSWER 42260
C_SWAP_PARTY 40451
C_TELEPORT_DARK_RIFT 44874
C_TELEPORT_TO_CAMP 24091
C_TELEPORT_TO_POS 26758
C_TELEPORT_TO_VILLAGE 39813
C_TEL_CAMP 42245
C_TOGGLE_GROUP_DUEL_READY 40786
C_TOGGLE_GROUP_DUEL_SLOT 22304
C_TOGGLE_TASK_INFO_WINDOW 28784
C_TRADE_BAG_CLOSE 33367
C_TRADE_BAG_DONE 26663
C_TRADE_BROKER_BOUGHT_ITEM_LIST 53506
C_TRADE_BROKER_BUY_IT_NOW 25486
C_TRADE_BROKER_CALC_BOUGHT_ITEM 34163
C_TRADE_BROKER_CALC_SOLD_ITEM 55928
C_TRADE_BROKER_CLOSE 39786
C_TRADE_BROKER_DEAL_CONFIRM 41921
C_TRADE_BROKER_DEAL_PRICE_UPDATE 39547
C_TRADE_BROKER_HIGHEST_ITEM_LEVEL 39887
C_TRADE_BROKER_HISTORY_ITEM_LIST_NEW 58338
C_TRADE_BROKER_HISTORY_ITEM_LIST_PAGE 34175
C_TRADE_BROKER_HISTORY_ITEM_LIST_SORT 21168
C_TRADE_BROKER_INPUT_PRICE 38299
C_TRADE_BROKER_REGISTERED_ITEM_LIST 35495
C_TRADE_BROKER_REGISTER_ITEM 26457
C_TRADE_BROKER_REJECT_SUGGEST 50094
C_TRADE_BROKER_SOLD_ITEM_LIST 62528
C_TRADE_BROKER_SUGGEST_DEAL 51833
C_TRADE_BROKER_UNREGISTER_ITEM 35047
C_TRADE_BROKER_WAITING_ITEM_LIST_NEW 31293
C_TRADE_BROKER_WAITING_ITEM_LIST_PAGE 31433
C_TRADE_BROKER_WAITING_ITEM_LIST_SORT 21316
C_TRANSFER_VEHICLE_EX 26296
C_TRY_ITEM_BIDDING 54870
C_TRY_LOOT_DROPITEM 42313
C_TRY_NPC_INTERACTION 30999
C_TRY_TELEPORT_FIELD_EVENT 24501
C_UNBIND_ITEM 43305
C_UNEQUIP_ITEM 41918
C_UNEQUIP_SERVANT_ITEM 29649
C_UNLOCK_POCKET 29246
C_UNMOUNT_CARD 59413
C_UNMOUNT_VEHICLE 48648
C_UNREGISTER_COMBINE_ITEM 22053
C_UNREGISTER_ENCHANT_ITEM 57702
C_UNREGISTER_EVOLUTION_ITEM 63188
C_UNREGISTER_PARTY_INFO 50431
C_UNREGISTER_REPAIR_ITEM 22436
C_UNREGISTER_VM_BUY_ITEM 29532
C_UNREGISTER_VM_SELL_ITEM 38715
C_UNREGIST_CUSTOMIZING_PARTS_SHAPE_ITEM 45673
C_UPDATE_AFK_STATUS 60202
C_UPDATE_CONTENTS_PLAYTIME 36259
C_UPDATE_FRIEND_INFO 27513
C_UPDATE_GUILD_FLAG 52044
C_UPDATE_GUILD_LOGO 54255
C_UPDATE_MY_DESCRIPTION 42932
C_UPDATE_REACTION_POS 37159
C_UPDATE_SKILL_SCRIPT 32836
C_USER_AIM 45813
C_USER_AIM_TO 46870
C_USER_REPORT 57376
C_USE_COUPON 45462
C_USE_ITEM 36330
C_USE_JUMPGEAR 20501
C_USE_PREMIUM_SLOT 42331
C_USE_RIGHT_ITEM 47377
C_USE_SERVANT_FEED_ITEM 42691
C_VEHICLEEX_LOCATION 22471
C_VEHICLE_EX_ARROW_HIT 47175
C_VIEW_BATTLEFIELD_STORE 57351
C_VIEW_BATTLE_FIELD_RESULT 62486
C_VIEW_DUNGEONWORK_STORE 37868
C_VIEW_GUILD_WAR 37679
C_VIEW_INTER_PARTY_MATCH_BATTLEFIELD_LIST 44819
C_VIEW_INTER_PARTY_MATCH_DUNGEON_LIST 39570
C_VIEW_PARTY_INVITE 23820
C_VIEW_WARE 55575
C_VISIT_NEW_SECTION 53672
C_VOTE_DISMISS_PARTY 44135
C_VOTE_HISTORY 62161
C_VOTE_RESET_ALL_DUNGEON 41978
C_WAREHOUSE_AUTO_SORT 64116
C_WATCHED_MOVIES 62400
C_WHISPER 37232
C_WITHDRAW_GUILD_WAR 56153
C_WRITE_BOARD 54712
I_CLOSE_SERVER_CONNECTION 22
I_GFX_ADMIN_COMMAND 18
I_GFX_COMMAND 17
I_INPUT_COMMAND 19
I_MOVE_KEY 20
I_SKILL_KEY 21
I_SPAWN_BARRACK_CHARACTER 1
I_TELEPORT 0
S_ABNORMALITY_BEGIN 24014
S_ABNORMALITY_DAMAGE_ABSORB 62058
S_ABNORMALITY_END 38397
S_ABNORMALITY_EXTRA 37446
S_ABNORMALITY_FAIL 56558
S_ABNORMALITY_REFRESH 56549
S_ABNORMALITY_RESIST 36254
S_ABNORMALITY_SCALE_UP 20603
S_ACCEPT_CONTRACT 50999
S_ACCOMPLISH_ACHIEVEMENT 37485
S_ACCOUNT_BENEFIT_LIST 37965
S_ACCOUNT_PACKAGE_LIST 36514
S_ACTION_END 36101
S_ACTION_STAGE 34280
S_ACTIVATE_BATTLE_FIELD_CHAT_BAN 26020
S_ACTIVATE_CARD_COMBINE_LIST 32796
S_ACTIVATE_CARD_COMBINE_LIST_DATA 56690
S_ADD_AWAKEN_CHANGE_DATA 53973
S_ADD_AWAKEN_ENCHANT_DATA 52410
S_ADD_BLOCKED_USER 21868
S_ADD_CRYSTAL_COMBINE_MATERIAL 43457
S_ADD_FRIEND 52135
S_ADD_GUILD_GROUP 52799
S_ADD_GUILD_MEMBER 42663
S_ADD_INTER_PARTY_MATCH_POOL 65086
S_ADD_NEW_EVENT_MATCHING_QUEST 43647
S_ADD_TRADE_BAG 41716
S_ADMIN_CHECK_USERNAME 41749
S_ADMIN_CUSTOM_BOOKMARK_LIST 31489
S_ADMIN_DEFAULT_BOOKMARK_LIST 21830
S_ADMIN_DELETE_QUEST 33697
S_ADMIN_GET_DUNGEON_USER_LIST 21943
S_ADMIN_GET_USERINFO_INVEN 41889
S_ADMIN_GET_USERINFO_SKILL 22842
S_ADMIN_GET_USERINFO_WAREHOUSE 27892
S_ADMIN_GET_USER_INFO_BY_DBID 30726
S_ADMIN_GET_USER_INFO_LIST_BY_DISTANCE 43118
S_ADMIN_GMEVENT_STATUS 61288
S_ADMIN_GM_SKILL 32348
S_ADMIN_HOLD_CHARACTER 51437
S_ADMIN_NOTICE 26504
S_ADMIN_PRIVILEGE 22525
S_ADMIN_VIP_TEST 46941
S_ADMIN_WARNING_MESSAGE 23310
S_AERO 26455
S_AIR_REACTION_END 36576
S_ANNOUNCE_MESSAGE 53845
S_ANNOUNCE_UPDATE_NOTIFICATION 36764
S_ANSWER_INTERACTIVE 40220
S_APPLY_TITLE 33487
S_ARENA_END_FIGHT 34334
S_ARENA_FIGHTER_CHANGE_HP 36761
S_ARENA_FIGHT_ABNORMALITY_BEGIN 60565
S_ARENA_FIGHT_ABNORMALITY_END 54454
S_ARENA_FIGHT_ABNORMALITY_REFRESH 20762
S_ARENA_OPTIMIZATION 59665
S_ARENA_RESULT 51662
S_ARENA_START_FIGHT 21313
S_ARRIVE_AT_JUMPGEAR_DESTINATION 49332
S_ARTISAN_RECIPE_LIST 58595
S_ARTISAN_SKILL_LIST 47970
S_ASK_BANNING_PARTY_MEMBER 24007
S_ASK_BIDDING_RARE_ITEM 59122
S_ASK_CODE_HASH 33688
S_ASK_INTER_PARTY_MAKE 63149
S_ASK_QUEST_SHARE 45660
S_ASK_TELEPORT 20957
S_ATTENDANCE_EVENT_REWARD_COUNT 22286
S_AVAILABLE_EVENT_MATCHING_LIST 60098
S_AVAILABLE_SOCIAL_LIST 57649
S_AWAKEN_RESULT 31701
S_BAN_PARTY 30078
S_BAN_PARTY_MEMBER 35763
S_BASE_POINT_BATTLE_FIELD_NODEPOINT_INFO 65433
S_BATTLE_FIELD_ADD_SCORE 52272
S_BATTLE_FIELD_CANCEL_OCCUPATION 29095
S_BATTLE_FIELD_CHANGE_NPC_HP_EVENT 37837
S_BATTLE_FIELD_CHAT_BAN_INFO 49783
S_BATTLE_FIELD_END_OCCUPATION 20119
S_BATTLE_FIELD_ENTRANCE_INFO 33521
S_BATTLE_FIELD_HELP 35196
S_BATTLE_FIELD_JACKPOT_EVENT_START 39650
S_BATTLE_FIELD_MAP_ALARM 50035
S_BATTLE_FIELD_NODEPOINT_GAUGE_INFO 26383
S_BATTLE_FIELD_NPC_KILL_EVENT 34330
S_BATTLE_FIELD_PARTY_MARKER 29729
S_BATTLE_FIELD_PARTY_MARKER_CLEAR 21688
S_BATTLE_FIELD_POINT_STORE_BASKET 53799
S_BATTLE_FIELD_POINT_STORE_SELL_LIST 63358
S_BATTLE_FIELD_RESULT 57731
S_BATTLE_FIELD_SCORE 24076
S_BATTLE_FIELD_START_OCCUPATION 63187
S_BATTLE_FIELD_STATE 32688
S_BATTLE_FIELD_STRONGHOLD_EVENT 60007
S_BATTLE_FIELD_STRONGHOLD_NONE_STATE 63491
S_BATTLE_FIELD_STRONGHOLD_STATE 28966
S_BATTLE_FIELD_TEAM_MEMBERS_POS_INFO 57760
S_BATTLE_FIELD_USER_ASSIST_EVENT 27151
S_BATTLE_FIELD_USER_KILL_EVENT 29882
S_BATTLE_FIELD_USER_KILL_MESSAGE 58915
S_BATTLE_FIELD_USER_LOAD_INFO 29122
S_BATTLE_FIELD_USER_OCCUPIABLE_ENTER 54131
S_BATTLE_FIELD_USER_OCCUPIABLE_LEAVE 32110
S_BEGIN_THROUGH_ARBITER_CONTRACT 30827
S_BETTING_INFO 53633
S_BETTING_START 49877
S_BOARD_ITEM_LIST 42332
S_BONFIRE_CHARM_ADDED 54189
S_BONFIRE_CHARM_BURNED 44938
S_BONFIRE_STATUS 64730
S_BOSS_BATTLE_INFO 24006
S_BOSS_GAGE_INFO 64238
S_BOSS_GAGE_PRIORITY 49768
S_BOSS_GAGE_STACK_INFO 33928
S_BREAK_SHIELD 31304
S_BREAK_SHIELD_END 42306
S_BROADCAST_CLIMBING 53061
S_BROADCAST_FLOATING_CASTLE_INFO 27207
S_BROADCAST_FLOATING_CASTLE_NAMEPLATE 32775
S_BROCAST_GUILD_FLAG 38614
S_BROCAST_UPDATE_GUILD_FLAG 63991
S_BUY_INGAMESTORE_MONEYPRODUCT 29395
S_BUY_VIP_STORE_ITEM_SUCCESS 25743
S_BYE_PET 37749
S_CAMERA_SHAKE 21553
S_CANCEL_CONTRACT 49155
S_CANCEL_DELETE_USER 62828
S_CANCEL_EXIT 21559
S_CANCEL_PARTY_LOOTING_METHOD_VOTE 25414
S_CANCEL_PARTY_MATCH_POOL 56944
S_CANCEL_PARTY_MEMBER_BAN 61790
S_CANCEL_PREPARE_CHANGE_USER_APPEARANCE 36218
S_CANCEL_QUEST_SHARE 33601
S_CANCEL_RETURN_TO_LOBBY 36332
S_CANCEL_SELECT_CHANNEL 55320
S_CANCEL_VOTE_DISMISS_PARTY 32423
S_CANCEL_VOTE_RESET_ALL_DUNGEON 22171
S_CANNON_BATTLE_FIELD_BOARD 27547
S_CANNON_BATTLE_FIELD_CRASH_DOOR 64372
S_CANNON_BATTLE_FIELD_GUARDTOWER_STATUS 25485
S_CANNON_BATTLE_FIELD_STRONGHOLD_INFO 62708
S_CANNOT_EQUIP_SAMEKIND 47136
S_CANNOT_START_SKILL 46072
S_CANNOT_USE_CHAT_CHANNEL 60762
S_CANT_FLY_ANYMORE 37388
S_CAN_CREATE_USER 48638
S_CAN_DUNGEON_RETRY 35036
S_CAN_LOCKON_TARGET 61238
S_CARD_COLLECTION_BOOK_LEVEL_UP 37207
S_CARD_DATA 59979
S_CARD_DATA_RESET 57889
S_CAST_FISHING_ROD 45417
S_CHANGE_CARD_PRESET 58410
S_CHANGE_CHARACTER 45565
S_CHANGE_CITY_WAR_STATE 26150
S_CHANGE_DESTPOS_PROJECTILE 65299
S_CHANGE_EP_EXP_DAILY_LIMIT 28968
S_CHANGE_EP_POINT 59175
S_CHANGE_EVENT_MATCHING_STATE 22426
S_CHANGE_FREE_FIGHT_BATTLE_FIELD_RANKING 57377
S_CHANGE_FRIEND_PROFILE 57881
S_CHANGE_FRIEND_STATE 21699
S_CHANGE_GUILDNAME 46858
S_CHANGE_GUILD_CHIEF 35912
S_CHANGE_ITEM_PASSIVE_LIST 60380
S_CHANGE_LOOKS_PREMIUM_RESULT 21575
S_CHANGE_LOOKS_PREMIUM_START 65445
S_CHANGE_LOOKS_SERVANT 20383
S_CHANGE_LOOT_ITEM_AMOUNT 63097
S_CHANGE_MODE 58457
S_CHANGE_NAME_STRING 50529
S_CHANGE_PARTY_MANAGER 44462
S_CHANGE_PARTY_MEMBER_AUTHORITY 32046
S_CHANGE_PK_INFO 31395
S_CHANGE_POCKET_NAME 58560
S_CHANGE_RELATION 56731
S_CHANGE_SERVANT_CONDITIONAL_SKILL 39055
S_CHANGE_SERVANT_ENERGY 51198
S_CHANGE_SERVANT_NAME 55671
S_CHANGE_USER_NAME_RESULT 57614
S_CHANGE_VOICE_USE_QAC 28814
S_CHAPTERHOUSE_QUEST_LIST 47089
S_CHAT 50393
S_CHAT_REPORT 61296
S_CHECK_CHANGE_GUILDNAME 58175
S_CHECK_EVENT_SYSTEM_REWARD 37798
S_CHECK_NEW_GUILDNAME 41625
S_CHECK_TO_DECLARE_GUILD_WAR 35581
S_CHECK_TO_OPPOSITE_DECLARE_GUILD_WAR 50808
S_CHECK_TO_READY_PARTY 44765
S_CHECK_TO_READY_PARTY_FIN 22829
S_CHECK_USERNAME 40498
S_CHECK_VERSION 19901
S_CITYWAR_WARNING_UNDERATTACK 56572
S_CITY_WAR_INFO_HISTROY 65135
S_CITY_WAR_NPC_INFO 24599
S_CITY_WAR_NPC_KILL 44644
S_CITY_WAR_SEASON_HISTROY 42968
S_CLEAR_ALL_HOLDED_ABNORMALITY 29113
S_CLEAR_QUEST_INFO 40306
S_CLEAR_WORLD_QUEST_VILLAGER_INFO 54222
S_CLIENT_COMMAND 53569
S_CLOSE_VM_SETTING_WINDOW 36903
S_COLLECTION_PICKEND 39515
S_COLLECTION_PICKSTART 64404
S_COMBO_START 56656
S_COMMAND_HELP 39713
S_COMMIT_ACCESSORY_TRANSFORM_RESULT 20249
S_COMPLETED_MISSION_INFO 35358
S_COMPLETE_CHRONOSCROLL_USE 60043
S_COMPLETE_EVENT_MATCHING_QUEST 20532
S_COMPLETE_LOOP_QUEST 48627
S_COMPLETE_QUEST 47229
S_COMPLETE_VOTE 61295
S_CONFIRM_INVITE_CODE 31905
S_CONFIRM_INVITE_CODE_BUTTON 62327
S_CONFIRM_SERVANT_AUTO_POTION_INFO 64590
S_CONNECT_SKILL_ARROW 38753
S_CONTENTS_TIMER 21172
S_CONTRACT_PET_LEVEL_UP_ITEM_LIST_UPDATE 51532
S_CONTROL_DOOR 42815
S_COUNTDOWN_GROUP_DUEL 38861
S_COUPON_DATA 20851
S_COUPON_LIST 23410
S_COUPON_NOTIFY 38235
S_CREATE_CHARACTER_RESTRICTION 56683
S_CREATE_GUILD_RESULT 32200
S_CREATE_USER 20315
S_CREATURE_CHANGE_HP 32902
S_CREATURE_LIFE 33426
S_CREATURE_ROTATE 43129
S_CREST_APPLY 43590
S_CREST_ASK_DISAPPLY_ALL 57936
S_CREST_CHANGE_FAIL 52171
S_CREST_INFO 23583
S_CREST_MESSAGE 58106
S_CREST_UPGRADE_INFO 43951
S_CRYSTAL_COMBINE_RESULT 31341
S_CURRENT_CHANNEL 38156
S_CURRENT_ELECTION_STATE 58470
S_CURR_FLY_MOVE_INFO 24124
S_CUSTOMIZING_PARTS_SHAPE_ITEM_LIST 46976
S_CUSTOM_MESSAGE 44058
S_CUSTOM_STYLE_SYSTEM_MESSAGE 28117
S_DAILY_QUEST_COMPLETE_COUNT 46980
S_DARK_RIFT_ALL_DESPAWN_WORLD_NOTI 24956
S_DARK_RIFT_AVAILABLE_QUEST_USER_COUNT 28869
S_DARK_RIFT_CHANGE_AREA_WORLD_NOTI 32510
S_DARK_RIFT_CLEAR_MAP_MARKER_WORLD_NOTI 22746
S_DARK_RIFT_DEFENCE_OBJECT_CHANGE_HP 63739
S_DARK_RIFT_DEFENCE_OBJECT_INIT 64197
S_DARK_RIFT_DESPAWN_WORLD_NOTI 42042
S_DARK_RIFT_DESTORY_OBJECT 23651
S_DARK_RIFT_JOIN_LIST 45680
S_DARK_RIFT_MAIN_DEFENCE_CHANGE_HP 50637
S_DARK_RIFT_PROGRESS_STEP_WORLD_NOTI 40517
S_DARK_RIFT_QUEST_INFO 48042
S_DARK_RIFT_REWARD_RESULT 28178
S_DARK_RIFT_SPAWN_WORLD_NOTI 38515
S_DARK_RIFT_SYNC_TIME 45539
S_DEACTIVATE_CARD_COMBINE_LIST 57340
S_DEAD_LOCATION 56400
S_DECOMPOSE_REGISTERED_ITEM 38812
S_DECO_UI_INFO 20578
S_DECREASE_COOLTIME_SKILL 41535
S_DEFAULT_ANIM_CHANGE 42074
S_DEFEND_SUCCESS 48288
S_DELETE_ALL_PRODUCT 34767
S_DELETE_AWAKEN_CHANGE_DATA 42242
S_DELETE_AWAKEN_ENCHANT_DATA 59426
S_DELETE_FRIEND 57555
S_DELETE_GUILD_TOWER_MY_GUILD 62071
S_DELETE_NPC_FROM_MAP 25830
S_DELETE_PARCEL 27074
S_DELETE_QUEST 22807
S_DELETE_SERVANT 28797
S_DELETE_USER 43061
S_DELIVERY_STORE_BASKET 20447
S_DELIVERY_STORE_ITEM 22385
S_DEL_CRYSTAL_COMBINE_MATERIAL 27883
S_DEL_INTER_PARTY_MATCH_POOL 28548
S_DEL_TRADE_BAG 48759
S_DESPAWN_BONFIRE 55490
S_DESPAWN_BUILD_OBJECT 31062
S_DESPAWN_COLLECTION 47426
S_DESPAWN_DOOR 25222
S_DESPAWN_DROPITEM 24315
S_DESPAWN_EVENT_SEED 65172
S_DESPAWN_GAMBLE_BOX 59492
S_DESPAWN_NPC 43945
S_DESPAWN_PET 28925
S_DESPAWN_PROJECTILE 33805
S_DESPAWN_SHUTTLE 49616
S_DESPAWN_STATUE 28524
S_DESPAWN_USER 22938
S_DESPAWN_WORKOBJECT 61307
S_DESTROY_GUILD 33220
S_DESTROY_GUILD_TOWER 20238
S_DIALOG 39834
S_DIALOG_CLOSE 39486
S_DIALOG_EVENT 46152
S_DIRECTION_WEAKNESS_BEGIN 28003
S_DIRECTION_WEAKNESS_END 24762
S_DISTRIBUTOR_DATA 25416
S_DONE_TEL_CAMP 54716
S_DUEL_END 53186
S_DUEL_START 20721
S_DUEL_TAG 64954
S_DUEL_TIME 47173
S_DUNGEON_ADDITIONAL_WORK_UI 35887
S_DUNGEON_CAMERA_SET 41553
S_DUNGEON_CHANGE_NPC_ANIM 55079
S_DUNGEON_CHANGE_NPC_ANIMSET 21426
S_DUNGEON_CHANGE_NPC_CYLINDER 52576
S_DUNGEON_CLEAR 51939
S_DUNGEON_CLEAR_COUNT_LIST 33583
S_DUNGEON_CONSOLE_EVENT 20182
S_DUNGEON_COOL_TIME_LIST 48298
S_DUNGEON_EVENT_GAGE 29363
S_DUNGEON_EVENT_MESSAGE 57923
S_DUNGEON_GUIDE_OFF 48223
S_DUNGEON_GUIDE_ON 28231
S_DUNGEON_JACKPOT_EVENT_START 52871
S_DUNGEON_LOOK_AT_NPC 43671
S_DUNGEON_NEWBIE 21214
S_DUNGEON_RANK_END_POINT 56207
S_DUNGEON_RANK_END_TIME 64042
S_DUNGEON_RANK_MESSAGE 29355
S_DUNGEON_RANK_RECORD_LIST 62747
S_DUNGEON_RANK_SEASON_LIST 63983
S_DUNGEON_RECORD_INFO 31528
S_DUNGEON_STATUS 27229
S_DUNGEON_SUMMON_PARTY 20241
S_DUNGEON_TIMER 61018
S_DUNGEON_UI_HIGHLIGHT 23989
S_DUNGEON_VEHICLE_REPAIRABLE 45403
S_DUNGEON_VISIBLE_BG 47073
S_DUNGEON_WORK_ENTER 32398
S_DUNGEON_WORK_LIST 23898
S_DUNGEON_WORK_POINT_STORE_BASKET 59097
S_DUNGEON_WORK_POINT_STORE_SELL_LIST 44944
S_DUNGEON_WORK_RESULT 47703
S_DUNGEON_WORK_UPDATE 31455
S_DUNGEON_WORK_UPDATE_MEDAL_COUNT 58739
S_EACH_SKILL_RESULT 41798
S_EMITTER 62804
S_EMITTER_SET_Z 21321
S_EMPTY_GUILD_WINDOW 62297
S_ENABLE_DISABLE_SELLABLE_ITEM_LIST 28871
S_ENCHANT_BOOSTER_DROP_ITEM 25721
S_ENCHANT_BOOSTER_REGISTER_ITEM 41710
S_ENCHANT_BOOSTER_STATUS 31289
S_ENCHANT_BOOSTER_SUCCESS 37266
S_ENCHANT_SCROLL_RESULT 62493
S_END_CHANGE_USER_APPEARANCE 43870
S_END_CHAT_BAN 59495
S_END_CUSTOMIZING_PARTS_SHAPE 43076
S_END_DARKRIFT_USER_HP 53291
S_END_DRIVE_AIRSHIP 40250
S_END_FIX_SPIRIT 63881
S_END_FIX_VEHICLE 60022
S_END_LEVEL_COMPENSATION 53702
S_END_PEGASUS 34251
S_END_PRODUCE 37729
S_END_PRODUCT_SALE_INFO 37960
S_END_RESTORE_CUSTOMIZING_PARTS_SHAPE 55109
S_END_STACK_ATTENDANCE_EVENT_INFO 40987
S_END_STYLE_SHOP_MARK_PRODUCT 27943
S_END_THROUGH_ARBITER_CONTRACT 23106
S_END_USER_PROJECTILE 41241
S_ENEMY_BATTLE_FIELD_COMMANDER_CHANGED 43220
S_ENTER_CITY_WAR 30259
S_ENTER_DUNGEON_POP_UP_REOPEN 27320
S_EP_SYSTEM_DAILY_EVENT_EXP_ON_OFF 61643
S_EQUIP_SERVANT_ITEM 56045
S_EVENT_DIALOG 47720
S_EVENT_GUIDE 58672
S_EVENT_INFO 54497
S_EVENT_MATCHING_BATTLEFIELD_DETAIL_INFO 40259
S_EVENT_MATCHING_DUNGEON_DETAIL_INFO 27924
S_EVENT_QUEST_SUMMARY 55208
S_EXIT 48384
S_F2P_PremiumUser_Permission 64085
S_FACIAL_ATTACHMENT_BROADCAST 50776
S_FAIL_ENCHANT 36731
S_FAIL_GUILD_QUEST 64805
S_FAIL_LOOT_NON_OWNERSHIP 20659
S_FATIGABILITY_POINT 28583
S_FEARMOVE_END 56198
S_FEARMOVE_STAGE 64741
S_FESTIVAL_LIST 29630
S_FEUDAL_LORD_FLAG_INFO 53216
S_FIELD_EVENT_CHANNEL_FULL_GUIDE 52487
S_FIELD_EVENT_GUIDE 54182
S_FIELD_EVENT_ON_ENTER 55171
S_FIELD_EVENT_ON_LEAVE 50744
S_FIELD_EVENT_PROGRESS_INFO 39969
S_FIELD_EVENT_PROGRESS_TIMER 49212
S_FIELD_EVENT_RANK_LIST 24162
S_FIELD_POINT_INFO 59433
S_FIELD_POINT_REWARD_INFO_LIST 21812
S_FINDNAME 21831
S_FINISH_GUILD_QUEST 54273
S_FIN_BASE_POINT_BATTLE_FIELD 42581
S_FIN_CANNON_BATTLE_FIELD 57360
S_FIN_FREE_FIGHT_BATTLE_FIELD 45768
S_FIN_INTER_PARTY_MATCH 62194
S_FIN_KUMAS_BATTLE_FIELD 48833
S_FIN_KUMAS_BOSS_BATTLE_FIELD 59706
S_FIN_ROUND_PVE_BATTLE_FIELD 23773
S_FIN_ROUND_PVE_ROUND 28076
S_FIN_ROUND_PVP_BATTLE_FIELD 56315
S_FIN_SNOW_EVENT_BATTLE_FIELD 43522
S_FIN_STRONGHOLD_OCCUPATION_BATTLE_FIELD 52471
S_FIN_WORLD_OF_TANK_BATTLE_FIELD 20657
S_FISHING_BITE 42528
S_FISHING_CATCH 36131
S_FISHING_CATCH_FAIL 62713
S_FISHING_STOP 44707
S_FIX_SPIRIT_COMPLETE 36481
S_FIX_SPIRIT_PROGRESS 29410
S_FIX_VEHICLE_COMPLETE 25989
S_FIX_VEHICLE_PROGRESS 46890
S_FLOATING_CASTLE_PARTS_STORE_BASKET 53536
S_FLOATING_CASTLE_PARTS_STORE_SELL_LIST 23750
S_FONT_SWAP_INFO 43377
S_FREENAMED_STATUS 43454
S_FREE_FIGHT_BATTLE_FIELD_BOARD 60529
S_FREE_FIGHT_BATTLE_FIELD_MY_WARPOINT_INFO 21006
S_FRIEND_GROUP_LIST 53071
S_FRIEND_LIST 47896
S_GACHA_END 64883
S_GACHA_START 60047
S_GAMBLE_BEGIN 39197
S_GAMBLE_CHANGE_BET_ITEM 33270
S_GAMBLE_END 57851
S_GAMBLE_RESULT 47945
S_GATE_ATTACK_ALARM 47099
S_GET_ATTENDANCE_REWARD 49590
S_GET_EVENT_DETAIL 37941
S_GET_IN_SHUTTLE 47003
S_GET_OUT_SHUTTLE 33967
S_GET_USER_GUILD_LOGO 57569
S_GET_USER_LIST 45282
S_GET_WARE_ITEM 65460
S_GMEVENT_CONFIRM_LEAVE_EVENT 46782
S_GMEVENT_END_EVENT 59486
S_GMEVENT_ENTER_EVENT 40218
S_GMEVENT_GUIDE_MESSAGE 32530
S_GMEVENT_OFF_GUIDE_MESSAGE 37549
S_GMEVENT_OX_QUIZ_OPEN 30717
S_GMEVENT_OX_QUIZ_RESULT 53154
S_GMEVENT_OX_QUIZ_USER_STATUS 37012
S_GMEVENT_OX_REPE_QUIZ_OPEN 62260
S_GMEVENT_OX_REPE_QUIZ_RESULT 37812
S_GMEVENT_OX_RESURRECT_RESULT 39103
S_GMEVENT_RECV_REWARD 53821
S_GMEVENT_START_EVENT 43252
S_GMEVENT_WRITE_EVENTBOARD 64608
S_GRANT_SKILL 22245
S_GROUP_DUEL_CURRENT_BETTING_ITEM 56842
S_GROUP_DUEL_FIN 21257
S_GROUP_DUEL_INIT 39779
S_GROUP_DUEL_RECORD 21824
S_GROUP_NPC_LOCATION 26034
S_GUARDTOWER_ATTACK_ALARM 44653
S_GUARD_PK_POLICY 41522
S_GUILD_ACCOUNT_LIMIT_INFO_CHANGED 59439
S_GUILD_ANNOUNCE 35357
S_GUILD_APPLY_COUNT 48463
S_GUILD_APPLY_LIST 62811
S_GUILD_EMBLEM 54656
S_GUILD_HISTORY 56830
S_GUILD_INFO 54350
S_GUILD_LEVEL_INFO_CHANGED 28307
S_GUILD_LEVEL_RANKING_LIST 47360
S_GUILD_MEMBER_LIST 31038
S_GUILD_MONEY_INFO_CHANGED 21887
S_GUILD_NAME 49487
S_GUILD_PERK_LIST 27017
S_GUILD_POINT_INFO_CHANGED 31376
S_GUILD_QUEST_LIST 52657
S_GUILD_STORE_BASKET 64406
S_GUILD_STORE_SELL_LIST 55118
S_GUILD_TOWER_INFO 65038
S_GUILD_WARE_HISTORY 36219
S_GUILD_WAR_PENALTY_INFO 35662
S_HANCOIN_AMOUNT 57044
S_HIDE_HP 30852
S_HIT_COMBO 26172
S_HOLD_ABNORMALITY_ADD 30535
S_HOLD_ABNORMALITY_REMOVE 45077
S_HUDDLE_ADDING 55932
S_HUNTING_ZONE_EVENT_LIST 22127
S_IMAGE_DATA 43053
S_INCREASE_CARD_PRESET 42518
S_INCREASE_SERVANT_STORAGE_COUNT 33101
S_INGAMESHOP_CATEGORY_BEGIN 24257
S_INGAMESHOP_CATEGORY_DATA 55088
S_INGAMESHOP_CATEGORY_END 28007
S_INGAMESHOP_PRODUCT_BEGIN 29489
S_INGAMESHOP_PRODUCT_DATA 28530
S_INGAMESHOP_PRODUCT_END 40733
S_INGAMESHOP_PRODUCT_ITEMID 22213
S_INGAMESHOP_PRODUCT_SUBPROD 49659
S_INGAMESHOP_PRODUCT_TAG 28648
S_INGAME_CHANGE_USER_APPEARANCE_CANCEL 54594
S_INGAME_CHANGE_USER_APPEARANCE_START 59335
S_INIT_BASE_POINT_BATTLE_FIELD 62734
S_INIT_CANNON_BATTLE_FIELD 63093
S_INIT_FREE_FIGHT_BATTLE_FIELD 61568
S_INIT_KUMAS_BATTLE_FIELD 59423
S_INIT_KUMAS_BOSS_BATTLE_FIELD 57383
S_INIT_KUMAS_BOSS_INFO 27141
S_INIT_ROUND_PVE_BATTLE_FIELD 52516
S_INIT_ROUND_PVP_BATTLE_FIELD 51766
S_INIT_SEREN_GUIDE 36331
S_INIT_SNOW_EVENT_BATTLE_FIELD 53594
S_INIT_STRONGHOLD_OCCUPATION_BATTLE_FIELD 26990
S_INIT_WORLD_OF_TANK_BATTLE_FIELD 52243
S_INSTANCE_ARROW 20514
S_INSTANT_CATCH 57020
S_INSTANT_DASH 55238
S_INSTANT_MOVE 58526
S_INSTANT_PULL 58216
S_INSTANT_THROW 55036
S_INTERACTION_RESULT 57343
S_INTEREST_INFO 64709
S_INVALID_BUILD_VERSION 60730
S_INVEN_CHANGEDSLOT 60572
S_INVEN_USERDATA 50484
S_INVITE_CODE_EXPIRE_TIME 45833
S_INVITE_COMPENSATION_GUIDE 62307
S_INVITE_FRIEND_CODE 59578
S_IS_LORD 64114
S_IS_NOT_LORD 58749
S_ITEMLIST 22007
S_ITEMSYNTHESIZER_MATERIAL 27357
S_ITEMSYNTHESIZER_RESULT 34435
S_ITEM_COLORING_BAG 57216
S_ITEM_CUSTOM_STRING 62402
S_ITEM_DECOMPOSE 43017
S_ITEM_EXPLOSION_RESULT 60389
S_ITEM_TRANSFORM_DATA 57689
S_JOIN_PRIVATE_CHANNEL 28857
S_KUMAS_BATTLE_FIELD_BOARD 41305
S_KUMAS_BATTLE_FIELD_LOOT_ITEM 23840
S_KUMAS_BATTLE_FIELD_RESULT 65323
S_KUMAS_BOSS_BATTLE_FIELD_BOARD 23308
S_KUMAS_BOSS_BATTLE_FIELD_RESULT 60982
S_KUMAS_BOSS_CHANGE_INFO 41843
S_LEARN_EP_PERK 51121
S_LEAVE_CITY_WAR 55215
S_LEAVE_GUILD 44040
S_LEAVE_PARTY 21612
S_LEAVE_PARTY_MEMBER 37727
S_LEAVE_PRIVATE_CHANNEL 33645
S_LIST_CHANNEL 22628
S_LIST_PARCEL 27246
S_LIST_PARCEL_EX 54518
S_LOADING_SCREEN_CONTROL_INFO 35923
S_LOAD_ACHIEVEMENT_LIST 37980
S_LOAD_CLIENT_ACCOUNT_SETTING 59777
S_LOAD_CLIENT_USER_SETTING 30507
S_LOAD_DUNGEON_SOUND_HINT 52299
S_LOAD_EP_INFO 55452
S_LOAD_HINT 25441
S_LOAD_SKILL_SCRIPT_LIST 63601
S_LOAD_TELEPORT_TO_POS_LIST 36088
S_LOAD_TOPO 42805
S_LOCKON_ARROW 61406
S_LOCKON_YOU 41342
S_LOGIN 58567
S_LOGIN_ACCOUNT_INFO 41481
S_LOGIN_ARBITER 44995
S_LOGOUT_PARTY_MEMBER 64676
S_LOOT_DROPITEM 35001
S_LORD_CANDIDATE_LIST 34699
S_LORD_CANDIDATE_PLEDGE 31770
S_LORD_GUARD_INFO 48850
S_LORD_OPEN_CANDIDATE_WINDOW 40997
S_LORD_OPEN_REGISTER_WINDOW 46461
S_LORD_OPEN_VOTE_WINDOW 56281
S_LORD_POLICY_SET 36555
S_LORD_RANK_INFO 45365
S_LORD_REGISTER_INFO 62535
S_LORD_TAX_SET 25643
S_LORD_VOTE_CANDIDATE_LIST 30759
S_MAIN_MENU_COMMAND 40663
S_MASSTIGE_STATUS 25146
S_MATERIAL_CHANGE 23364
S_MATERIAL_PARAM_CHANGE 52302
S_MEDAL_STORE_BASKET 23434
S_MEDAL_STORE_SELL_LIST 48992
S_MERGE_PARTY_TO_RAID 48685
S_MINIGAME_END 62650
S_MINIGAME_FAIL 58690
S_MINIGAME_RANK_END_POINT 48122
S_MINIGAME_START 44094
S_MINIGAME_WAIT 48472
S_MODIFY_INTER_PARTY_MATCH_POOL 51633
S_MOUNT_CARD 46423
S_MOUNT_VEHICLE 46634
S_MOUNT_VEHICLE_EX 64707
S_MOVE_DISTANCE_DELTA 29154
S_MOVE_SHUTTLE 25742
S_MUTE 30547
S_MY_DESCRIPTION 36877
S_MY_PARTY_MATCH_INFO 51417
S_NAME_PREEMPTION_EVENT_INFO 26089
S_NEED_WAREHOUSE_COMMISION 32639
S_NEW_GOLD_RACE_INFO 24466
S_NOCTAN_VARIATION_INFO 32695
S_NOTIFY_ACTIVE_BUILD_TERRITORY_STATE 49209
S_NOTIFY_BATTLE_FIELD_CHAT_BAN 42634
S_NOTIFY_BATTLE_FIELD_NPC_DESPAWN 44414
S_NOTIFY_BATTLE_FIELD_NPC_SPAWN 51057
S_NOTIFY_DISCONNECT_BY_LEVEL_LIMIT 43561
S_NOTIFY_GUILD_QUEST_URGENT 28900
S_NOTIFY_GUILD_WAR_INFO 51762
S_NOTIFY_GUILD_WAR_STATUS_CHANGE 63073
S_NOTIFY_QUEST_RESTART 25682
S_NOTIFY_TO_FRIENDS_WALK_INTO_SAME_AREA 24062
S_NOTIFY_USER_SKILL_POLISHING_LEVEL_UP 50772
S_NOTIFY_VM_STATUS 54340
S_NPCGUILD_LIST 49543
S_NPC_AI_EVENT 37414
S_NPC_CHANGE_MESH 59355
S_NPC_INTERACTION_COMBO_INFO 40251
S_NPC_LOCATION 32964
S_NPC_MENU_SELECT 23404
S_NPC_OCCUPIER_INFO 56117
S_NPC_PARTIAL_DESTRUCT 48220
S_NPC_PART_BLINK 20240
S_NPC_PART_BREAK_ACTIVE 50279
S_NPC_RESPAWN_PLAN_ALARM 32460
S_NPC_SCALE 44502
S_NPC_SITUATION 39045
S_NPC_STATUS 60454
S_NPC_TARGET_USER 64156
S_NPC_TRANSLATIONZ 61834
S_OBTAIN_TOKEN_ITEM 52421
S_ONGOING_FIELD_EVENT_LIST 21680
S_ONGOING_LEVEL_EVENT_LIST 26781
S_OPEN_AWESOMIUM_WEB_URL 44806
S_OPEN_BOARD 59270
S_OPEN_CHANGE_CHARACTER_NAME_POPUP 50917
S_OPEN_CITY_WAR_SEASON_HISTORY 49695
S_OPEN_DUAL_OPTION_MATERIAL_INFO 45817
S_OPEN_EPPERK_RESET_POPUP 59325
S_OPEN_EXPAND_INVEN_WINDOW 23269
S_OPEN_FLOATING_CASTLE_STORE 57806
S_OPEN_GUARD_INFO_WINDOW 37633
S_OPEN_GUILD_FLAG_WINDOW 52942
S_OPEN_GUILD_LOGO_WINDOW 24150
S_OPEN_GUILD_WAR_WINDOW 45154
S_OPEN_RENAME_GUILD_POPUP 34528
S_OPEN_VM_SELLBUY_WINDOW 62073
S_OPEN_VM_SETTING_WINDOW 55915
S_OP_COMMAND 32193
S_OTHER_USER_APPLY_PARTY 35333
S_PARCEL_READ_RECV_STATUS 38104
S_PARCEL_REPORT 30414
S_PARTY_INFO 60716
S_PARTY_LOOTING_METHOD 43073
S_PARTY_LOOTING_METHOD_VOTE 22555
S_PARTY_MARKER 27590
S_PARTY_MATCH_LINK 33383
S_PARTY_MEMBER_ABNORMAL_ADD 36907
S_PARTY_MEMBER_ABNORMAL_CLEAR 64383
S_PARTY_MEMBER_ABNORMAL_DEL 64738
S_PARTY_MEMBER_ABNORMAL_REFRESH 55367
S_PARTY_MEMBER_BUFF_UPDATE 44928
S_PARTY_MEMBER_CHANGE_HP 28450
S_PARTY_MEMBER_CHANGE_MP 51400
S_PARTY_MEMBER_CHANGE_STAMINA 25767
S_PARTY_MEMBER_INFO 33085
S_PARTY_MEMBER_INTERVAL_POS_UPDATE 41106
S_PARTY_MEMBER_LIST 52581
S_PARTY_MEMBER_QUEST_DATA 42085
S_PARTY_MEMBER_STAT_UPDATE 54373
S_PARTY_NOTIFY_MY_POSITION 61398
S_PENDING_TRANSFORM_DATA 44093
S_PETITION_CANCEL 23346
S_PETITION_CHAT_BEGIN 39069
S_PETITION_CHAT_END 45844
S_PETITION_CHAT_GM_MESSAGE 21223
S_PETITION_CHECK_CREATABLE 47732
S_PETITION_CHECK_SURVEYABLE 27812
S_PETITION_COMPLETE 42635
S_PETITION_CREATE 21849
S_PETITION_FORCE_CREATE 32581
S_PETITION_INFO 57406
S_PET_ATTACKED 54558
S_PET_DURABILITY_CHANGE 42671
S_PET_INCUBATOR_INFO_CHANGE 35569
S_PET_INCUBATOR_PROGRESS 45349
S_PET_INCUBATOR_SHOW 28630
S_PET_INFO_CHANGE 54135
S_PET_INFO_CLEAR 34670
S_PET_MANAGER_SHOW 61565
S_PET_STOP_ALERT 32458
S_PING 51255
S_PK_END 52693
S_PK_START 20744
S_PK_TAG 48360
S_PLAYER_AUTOPILOT 47902
S_PLAYER_CHANGE_ACTPOINT 28638
S_PLAYER_CHANGE_ALL_PROF 62578
S_PLAYER_CHANGE_DRAIN 23963
S_PLAYER_CHANGE_EP 33194
S_PLAYER_CHANGE_EXP 22417
S_PLAYER_CHANGE_FLIGHT_ENERGY 20346
S_PLAYER_CHANGE_MP 34446
S_PLAYER_CHANGE_NOCTAN_COUNT 48355
S_PLAYER_CHANGE_PROF 63075
S_PLAYER_CHANGE_STAMINA 41950
S_PLAYER_LACK_OF_ACTPOINT 49974
S_PLAYER_RESET_EP 44228
S_PLAYER_STAT_UPDATE 41538
S_PLAYER_VEHICLE_EX_STAT_UPDATE 59409
S_PLAYTIME 44399
S_PLAYTIME_EVENT_END 52632
S_PLAYTIME_EVENT_REWARD_DATA 32824
S_PLAY_ANIMATION 54707
S_PLAY_EFFECT 39856
S_PLAY_EVENT_SOUND 59295
S_PLAY_MAGNETIC 39391
S_PLAY_MOVIE 25256
S_PLAY_SOUND 30138
S_PLAY_SOUND_BYNAME 33777
S_PLAY_TIME 20891
S_POINT_STORE_BASKET 34283
S_POINT_STORE_SELL_LIST 51858
S_POLITICS_POINT_STORE_BASKET 60684
S_POLITICS_POINT_STORE_SELL_LIST 34206
S_POSITION_SWAP 51614
S_POST_PROCESS 25781
S_POST_PROCESS_MATERIAL 21413
S_PRECONFIRM_INVITE_CODE 60080
S_PREMIUM_COMPOSE_ADD_ITEM 64747
S_PREMIUM_COMPOSE_DEL_ITEM 50259
S_PREMIUM_COMPOSE_RESET 44328
S_PREMIUM_COMPOSE_RESULT 20099
S_PREMIUM_COMPOSE_START 23176
S_PREMIUM_COMPOSE_UI_INFO 50746
S_PREMIUM_SLOT_DATALIST 63931
S_PREMIUM_SLOT_OFF 51430
S_PREPARE_CHANGE_USER_APPEARANCE 35764
S_PREPARE_DONE_WORKOBJECT 29671
S_PREPARE_EXIT 65255
S_PREPARE_INGAME_CHANGE_USER_APPEARANCE 34091
S_PREPARE_RETURN_TO_LOBBY 61367
S_PREPARE_SELECT_CHANNEL 47283
S_PREPARE_WORKOBJECT 49506
S_PREVIEW_ITEM 63425
S_PRIVATE_CHANNEL_NOTICE 32961
S_PRIVATE_CHAT 36628
S_PRODUCE_CRITICAL 52696
S_PROMOTION_INFO 50570
S_PROMOTION_PROCESS 51048
S_PROMOTION_SUCCESS 27595
S_PROTECT 20517
S_PURCHASE_PROD 52316
S_PUSHED_BY_SHIELD 55450
S_PVE_LEADER_BOARD_INFO 27063
S_PVE_RANKING_LIST 23110
S_PVP_LEADER_BOARD_INFO 34946
S_PVP_RANKING_LIST 62377
S_QA_SET_ADMIN_LEVEL 34401
S_QUEST_BALLOON 25928
S_QUEST_INFO 38126
S_QUEST_VILLAGER_INFO 46688
S_RACE_CHANGE_RESTRICTION 32119
S_RANK_MESSAGE 32569
S_RANK_POINT_STATUS 46946
S_READY_PULL 56815
S_RECEIVE_COLLECTION_BOOK_REWARD 46403
S_RECEIVE_TOKEN_TARGET_ITEM 33867
S_RECV_PARCEL 24354
S_RECV_PARCEL_ALL 39040
S_RECV_PARCEL_EX 27263
S_REGISTER_CARD 21691
S_REGISTER_COMBINE_ITEM 53227
S_REGISTER_ENCHANT_ITEM 53469
S_REGISTER_EVOLUTION_ITEM 20289
S_REGISTER_REPAIR_ITEM 41100
S_REGISTER_SERVANT_RESULT 27726
S_REIGN_INFO 58112
S_REJECT_CONTRACT 49435
S_REMAIN_PLAY_TIME 40467
S_REMOVE_BLOCKED_USER 45668
S_REMOVE_EFFECT 50427
S_REMOVE_EVENT_MATCHING_QUEST 47453
S_REMOVE_GUILD_GROUP 21392
S_REMOVE_GUILD_MEMBER 31018
S_REMOVE_SOUND_BYNAME 22351
S_RENAME_ITEMSTRING_START 20237
S_REPLY_GUILD_LIST 42880
S_REPLY_GUILD_WANTED_WRITING_LIST 55092
S_REPLY_INVITE_GUILD_LIST 58841
S_REPLY_NONDB_ITEM_INFO 36887
S_REPLY_REQUEST_CONTRACT 26101
S_REPLY_RET_VILLAGE_INFO 49689
S_REPLY_SET_GUILD_WANTED_WRITING 26008
S_REQUEST_ABILITY_TRANSFER 46815
S_REQUEST_CHANGE_LOOKS_SERVANT 46826
S_REQUEST_CHANGE_PARTY_MATCH_RULE 48657
S_REQUEST_CITY_WAR_MAP_INFO 55592
S_REQUEST_CITY_WAR_MAP_INFO_DETAIL 23955
S_REQUEST_CITY_WAR_MAP_INFO_END 33375
S_REQUEST_CONTRACT 51132
S_REQUEST_COOLTIME_TO_JOIN_GUILD 21570
S_REQUEST_DEMOLIST_GUILD_TOWER_POPUP 46852
S_REQUEST_DESPAWN_SERVANT 59191
S_REQUEST_DUNGEON_MATCHING_UI 38526
S_REQUEST_FLOATING_CASTLE_PARTS_COOL_TIME 60256
S_REQUEST_GUILD_FLAG_IMAGE_DATA 46363
S_REQUEST_GUILD_INFO_BEFORE_APPLY_GUILD 38966
S_REQUEST_INGAMESTORE_PRODUCT_DETAIL 61617
S_REQUEST_INGAMESTORE_SALE_PRODUCTLIST 21529
S_REQUEST_INVITE_GUILD_TAG 40511
S_REQUEST_JOINED_CHANNEL_LIST 22068
S_REQUEST_JOIN_GUILD_NOTICE 51884
S_REQUEST_NAME_PREEMPTION 61917
S_REQUEST_PET_CONSUME_EXP_ITEM 43940
S_REQUEST_PRIVATE_CHANNEL_INFO 36497
S_REQUEST_REACTION_POS_TICK 24074
S_REQUEST_RENEW_ALL_PARTS_ITEM 24604
S_REQUEST_SECOND_PASSWORD_AUTH 64936
S_REQUEST_SECOND_PASSWORD_REGISTER 53699
S_REQUEST_SERVANT_AUTO_POTION_INFO 62611
S_REQUEST_SERVANT_COMPOSE 49416
S_REQUEST_SERVANT_EVOLUTION 36172
S_REQUEST_SERVANT_INFO_LIST 36361
S_REQUEST_SERVANT_LEVEL_UP 32859
S_REQUEST_SPAWN_SERVANT 26222
S_REQUEST_STYLE_SHOP_MARK_PRODUCTLIST 51105
S_REQUEST_UPDATE_CUSTOM_USER_CUSTOMIZING 64797
S_REQUEST_WRITE_BOARD_RESULT 43514
S_RESET_ALL_PRODUCT_MARK_EVENT 51379
S_RESET_EP_PERK 28440
S_RESET_GUILD_PERK 58117
S_RESET_SKILL 49650
S_RESPONSE_ACCESSORY_COST_INFO 30174
S_RESPONSE_GAMESTAT_PONG 24165
S_RESPONSE_SERVER_ADMINTOOL_AWESOMIUM_URL 41747
S_RESPONSE_USE_PREMIUM_SLOT 53294
S_RESULT_BATTLE_FIELD_CHAT_BAN 43765
S_RESULT_BIDDING_DICE_THROW 41567
S_RESULT_CHANGE_CHARACTER_NAME 50616
S_RESULT_CHANGE_DUAL_OPTION_IDX 48198
S_RESULT_CHANGE_FRIEND_MEMO 32259
S_RESULT_CHANGE_MY_PROFILE 46607
S_RESULT_COMBINE_ITEM 50761
S_RESULT_ENCHANT 50688
S_RESULT_EQUIPMENT_INHERITANCE 53611
S_RESULT_EVENT_SEED 20204
S_RESULT_EVOLUTION 46251
S_RESULT_GROUP_DUEL_MSG 24094
S_RESULT_ITEM_BIDDING 45032
S_RESULT_ITEM_COLORING 38702
S_RESULT_LEARN_GUILD_PERK 26166
S_RESULT_MATERIAL_AWAKEN 45678
S_RESULT_OPEN_DUAL_OPTION 23931
S_RESULT_RENAME_GUILD 30186
S_RESULT_REPAIR_ITEM 49580
S_RESULT_SEREN_GUIDE 61703
S_RESULT_USABLE_CHARACTER_NAME 47810
S_RESULT_USABLE_GUILD_NAME 48636
S_RETURN_PARCEL 49476
S_RETURN_TO_LOBBY 51280
S_RETURN_USER 57338
S_RETURN_USER_REWARD_END 52598
S_REWARDNPC_SPAWN_ALARM 45794
S_REWRITE_ITEM_STRING 47108
S_RIGHT_ITEM_LIST 51913
S_ROUND_PVE_BATTLE_FIELD_BOARD 33615
S_ROUND_PVE_CLOSE_SKILL_UI 28786
S_ROUND_PVE_OPEN_SKILL_UI 51906
S_ROUND_PVE_SCORE 51114
S_ROUND_PVP_BATTLE_FIELD_BOARD 63064
S_ROUND_RESULT 60685
S_ROUND_START 39187
S_RP_ADD_ITEM_TO_DECOMPOSITION_CONTRACT 61485
S_RP_COMMIT_DECOMPOSITION_CONTRACT 43986
S_RP_DEL_ITEM_FROM_DECOMPOSITION_CONTRACT 45211
S_RP_SKILL_POLISHING_CHANGE_OPTION 28856
S_RP_SKILL_POLISHING_EXP_INFO 53891
S_RP_SKILL_POLISHING_LIST 33271
S_RP_SKILL_POLISHING_UNLOCK_OPTION 61728
S_RP_SKILL_POLISHING_UPGRADE_LEVEL 48732
S_RP_START_SOCIAL_ON_PROGRESS_DECOMPOSITION 55868
S_RP_UPDATE_ITEM_TO_DECOMPOSITION_CONTRACT 54846
S_SCENARIO_DUNGEON_UI 56811
S_SECOND_PASSWORD_AUTH_RESULT 58628
S_SECOND_PASSWORD_REGISTER_RESULT 53301
S_SELECT_CHANNEL 59274
S_SELECT_EVENT_MATCHING 20815
S_SELECT_USER 32006
S_SEND_CHANGE_REPUTATION_EXP 30758
S_SEND_CHANGE_REPUTATION_POINT 65392
S_SEND_PARCEL 37772
S_SEND_PARCEL_TAX 55867
S_SEND_QUEST_ITEM_INFO 28624
S_SEND_ROUND_PVE_SKILL_LIST 28059
S_SEND_USER_PLAY_TIME 45369
S_SEND_VIP_SYSTEM_INFO 45559
S_SERVANT_ABILITY 55751
S_SERVER_TIME 43851
S_SET_AWESOMIUM_WEB_URL 42393
S_SET_FLY_MOVE_INFO 40402
S_SET_GUILD_JOIN_CONDITION 43313
S_SET_ITEM_BIDDING_FLAG 36642
S_SET_ITEM_STRING 42219
S_SET_KUMAS_BATTLE_FIELD_TREASURE_SCORE 28256
S_SET_NEW_TERA_USER 33675
S_SET_POS 58638
S_SET_RECIPE_BOOKMARK 44438
S_SET_SEND_PARCEL_ITEM 37919
S_SET_SEND_PARCEL_MONEY 50947
S_SET_VISIBLE 51750
S_SET_WORKOBJECT 58666
S_SHARE_USER_PING 34364
S_SHORTCUT_CHANGE 24828
S_SHOW_ARTISAN_MENU 34623
S_SHOW_AWESOMIUMWEB_SHOP 36573
S_SHOW_CANDIDATE_LIST 21534
S_SHOW_CHANGE_CHARACTER_UI 60096
S_SHOW_CREST_LEARN 62475
S_SHOW_DARKRIFT_USER_HP 49211
S_SHOW_DEAD_CITY_WAR_UI 35190
S_SHOW_DEAD_UI 20711
S_SHOW_DUNGEON_RETRY_UI 41581
S_SHOW_GAGE 61026
S_SHOW_GUILD_QUEST_LIST 56331
S_SHOW_HP 56824
S_SHOW_ITEM_TOOLTIP 23382
S_SHOW_NAME_PLATE_ICON 41792
S_SHOW_NPC_TO_MAP 21585
S_SHOW_PARCEL_MESSAGE 21809
S_SHOW_PARTY_MATCH_INFO 55139
S_SHOW_PEGASUS_MAP 57933
S_SHOW_REVIVE_UI 63896
S_SHOW_TEMPER_WINDOW 37743
S_SHOW_TRADE_ITEM 24907
S_SHOW_TRADE_LOG 58110
S_SHOW_USER_EP_INFO 44810
S_SIMPLE_TIP_REPEAT_CHECK 25287
S_SKILL_ATTENTION_TARGET 58692
S_SKILL_CATEGORY 65328
S_SKILL_CHASE_EFFECT_TARGET 33537
S_SKILL_FORGET 46313
S_SKILL_LEARN_LIST 28341
S_SKILL_LEARN_RESULT 33164
S_SKILL_LIST 49323
S_SKILL_PERIOD 38130
S_SKILL_TARGETING_AREA 36972
S_SNOW_EVENT_BATTLE_FIELD_BOARD 42749
S_SNOW_EVENT_BATTLE_FIELD_SPAWN_USER 37974
S_SOCIAL 53014
S_SOCIAL_CANCEL 62356
S_SOCIAL_FORGET 64468
S_SOCIAL_LEARN_RESULT 46203
S_SPAWN_BONFIRE 36738
S_SPAWN_BUILD_OBJECT 41643
S_SPAWN_COLLECTION 23910
S_SPAWN_DOOR 34712
S_SPAWN_DROPITEM 54612
S_SPAWN_EVENT_SEED 34855
S_SPAWN_GAMBLE_BOX 21414
S_SPAWN_ME 58436
S_SPAWN_NPC 43645
S_SPAWN_PET 29439
S_SPAWN_PROJECTILE 50301
S_SPAWN_REMOTE_PROJECTILE 23435
S_SPAWN_SHUTTLE 26715
S_SPAWN_STATUE 22705
S_SPAWN_USER 39188
S_SPAWN_WORKOBJECT 22140
S_STAGE_RESULT 60480
S_START_ACTION_SCRIPT 34624
S_START_CHANGE_USER_APPEARANCE 37293
S_START_CHAT_BAN 33925
S_START_CHAT_BAN_INFINITY 56937
S_START_CLIENT_CUSTOM_SKILL 26463
S_START_CLIMBING 48021
S_START_COMMANDER_SKILL 24756
S_START_COOLTIME_ITEM 24526
S_START_COOLTIME_SERVANT_SKILL 59249
S_START_COOLTIME_SKILL 44652
S_START_DRIVE_AIRSHIP 25946
S_START_FISHING_CHARGE 26377
S_START_FISHING_MINIGAME 40318
S_START_FIX_SPIRIT 52783
S_START_FIX_VEHICLE 51024
S_START_GUILD_QUEST 50567
S_START_GUILD_WAR 36670
S_START_INVERSE_CAPTURE 43353
S_START_LEVEL_COMPENSATION 29225
S_START_PEGASUS 31757
S_START_PRODUCE 48937
S_START_ROUND_PVE_ROUND 32174
S_START_STACK_ATTENDANCE_EVENT_INFO 24783
S_START_USER_PROJECTILE 21366
S_START_VM_BUY 55449
S_START_VM_SELL 61350
S_STEER_DEBUG_COMMAND 23872
S_STICK_TO_USER_END 35577
S_STICK_TO_USER_START 38431
S_STOP_VM 32920
S_STORE_BASKET 54436
S_STORE_SELL_LIST 51865
S_STRONGHOLD_OCCUPATION_BATTLE_FIELD_BOARD 42339
S_STRONGHOLD_OCCUPATION_BATTLE_FIELD_STRONGHOLD_INFO 34378
S_STR_EVALUATE_LIST 42337
S_STYLE_SHOP_BUY_TCAT_ITEM 20322
S_SUCCESS_COUNTER 51184
S_SUCCESS_STYLE_SHOP_BUY_REPUTATION_ITEM 29388
S_SUGGEST_DARK_RIFT_PARTY_MATCHING 47055
S_SURVEY_QUESTION 34099
S_SWITCH_INFO 50263
S_SYNC_PEGASUS_TIME 22040
S_SYSTEM_MESSAGE 25627
S_SYSTEM_MESSAGE_CUSTOM 42172
S_SYSTEM_MESSAGE_LOOT_ITEM 30120
S_SYSTEM_MESSAGE_LOOT_SPECIAL_ITEM 33846
S_SYSTEM_REWARD_MESSAGE 60593
S_SYS_PARTY_INFO 23468
S_TARGET_INFO 59366
S_TASK_INFO_GUARD 54769
S_TAX_INFO 32730
S_TELEPORT_TO_CAMP 30560
S_TEMPER_MATERIALS 59012
S_TEMPER_RESULT 57699
S_TERRITORY_STEP_ENTER 60865
S_TERRITORY_STEP_LEAVE 51638
S_TERRITORY_STEP_PROGRESS 38459
S_TIMEOVER_CONTRACT 28519
S_TOGGLE_TASK_INFO_WINDOW 51201
S_TOKEN_POINT_STATUS 38808
S_TOTAL_GUILD_WAR_DATA 20020
S_TRADE_ACCEPT 48671
S_TRADE_BAG_CLOSE 28155
S_TRADE_BAG_DONE 35897
S_TRADE_BOX 51891
S_TRADE_BROKER_BOUGHT_ITEM_LIST 49102
S_TRADE_BROKER_BUY_IT_NOW 55497
S_TRADE_BROKER_CALC_NOTIFY 62374
S_TRADE_BROKER_DEAL_INFO_UPDATE 31971
S_TRADE_BROKER_DEAL_SUGGESTED 34273
S_TRADE_BROKER_HIGHEST_ITEM_LEVEL 26390
S_TRADE_BROKER_HISTORY_ITEM_LIST 59955
S_TRADE_BROKER_INPUT_PRICE 43236
S_TRADE_BROKER_REGISTERED_ITEM_LIST 21833
S_TRADE_BROKER_REQUEST_DEAL_RESULT 65052
S_TRADE_BROKER_SOLD_ITEM_LIST 21224
S_TRADE_BROKER_SUGGEST_DEAL 56603
S_TRADE_BROKER_WAITING_ITEM_LIST 65027
S_TRADE_MESSAGE 36137
S_TRANSFER_KUMAS_BATTLE_FIELD_TREASURE 48704
S_TUTORIAL_PLAY_FINISHED 60296
S_UNEQUIP_SERVANT_ITEM 44136
S_UNICAST_FLOATING_CASTLE_INFO 54804
S_UNICAST_FLOATING_CASTLE_NAMEPLATE 61326
S_UNICAST_TRANSFORM_DATA 40645
S_UNMOUNT_CARD 40449
S_UNMOUNT_VEHICLE 36992
S_UNMOUNT_VEHICLE_EX 61542
S_UNREGISTER_COMBINE_ITEM 27830
S_UNREGISTER_ENCHANT_ITEM 28606
S_UNREGISTER_EVOLUTION_ITEM 22256
S_UNREGISTER_REPAIR_ITEM 50437
S_UPDATE_ACHIEVEMENT_PROGRESS 44248
S_UPDATE_BIDDING_COUNT 20039
S_UPDATE_CONTENTS_ON_OFF 31608
S_UPDATE_EVENT_MATCHING_BONUS_INFO 50816
S_UPDATE_EVENT_SEED_STATE 65253
S_UPDATE_EVENT_SYSTEM 27457
S_UPDATE_EXP_LEVEL 10034
S_UPDATE_FRIENDSHIP_GAGE 60738
S_UPDATE_FRIEND_INFO 32349
S_UPDATE_GAMBLE_BOX_STATE 25727
S_UPDATE_GUILD_ANNOUNCE 34889
S_UPDATE_GUILD_FLAG 28824
S_UPDATE_GUILD_GROUP 61086
S_UPDATE_GUILD_MEMBER 63950
S_UPDATE_GUILD_QUEST_STATUS 52780
S_UPDATE_GUILD_TOWER_INFO 22406
S_UPDATE_KUMAS_BATTLE_FIELD_TREASURE_INFO 32712
S_UPDATE_KUMAS_BOSS_POS 25890
S_UPDATE_LICENSE 10032
S_UPDATE_NPCGUILD 49752
S_UPDATE_PARTY_MEMBER_QUEST_DATA 24708
S_UPDATE_PROF_BUG 10037
S_UPDATE_PROF_ENERGY 10038
S_UPDATE_PROF_HERB 10039
S_UPDATE_PROF_MINERAL 10036
S_UPDATE_QUEST 26525
S_UPDATE_SERVANT_INFO 35239
S_UPDATE_STACK_ATTENDANCE_EVENT_INFO 30658
S_UPDATE_STACK_ATTENDANCE_EVENT_RESET_TIME 61211
S_UPDATE_STYLE_SHOP_MARK_PRODUCT 63005
S_UPDATE_USER_AWAKEN_GRADE 25571
S_UPDATE_USER_PKDECLARECOUNT 10041
S_UPDATE_USER_PKDECLARECOUNT2 10189
S_UPDATE_USER_PKPOINT 10043
S_UPDATE_VM_SELLBUY_WINDOW 54270
S_UPDATE_VM_SETTING_WINDOW 47353
S_UPDATE_VM_STATUS 44770
S_USER_AIM 32405
S_USER_AIM_TO 23324
S_USER_APPEARANCE_CHANGE 48645
S_USER_BLOCK_LIST 63466
S_USER_CHANGE_FACE_CUSTOM 31563
S_USER_CHANGE_NAME 28122
S_USER_DEATH 61263
S_USER_EFFECT 31786
S_USER_EXTERNAL_CHANGE 51689
S_USER_FLYING_LOCATION 48904
S_USER_ITEMLEVEL_INFO 50650
S_USER_ITEM_EQUIP_CHANGER 46155
S_USER_LEVELUP 36525
S_USER_LOCATION 57503
S_USER_LOCATION_IN_ACTION 46864
S_USER_MOVETYPE 21138
S_USER_PAPERDOLL_INFO 37493
S_USER_PVE_RANKING 20923
S_USER_PVP_RANKING 27710
S_USER_REPORT 43880
S_USER_SITUATION 31541
S_USER_STATUS 47448
S_USER_WEAPON_APPEARANCE_CHANGE 49357
S_USE_CHRONOSCROLL_RESULT 30665
S_USE_COUPON 31332
S_USE_JUMPGEAR 22296
S_USE_RIGHT_ITEM 57335
S_VEHICLE_EX_ARROW 48055
S_VERSION_INFO 40933
S_VIEW_BATTLE_FIELD_RESULT 30760
S_VIEW_GUILD_WAR 54076
S_VIEW_INTER_PARTY_MATCH_BATTLEFIELD_LIST 47689
S_VIEW_INTER_PARTY_MATCH_DUNGOEN_LIST 54813
S_VIEW_PARTY_INVITE 39067
S_VIEW_VM_SETTING_WINDOW 53153
S_VIEW_WARE 26028
S_VIEW_WARE_EX 22483
S_VILLAGER_BUFF_INFO 25474
S_VILLAGER_POPUP_DIALOG 64530
S_VILLAGE_LIST_TO_TELEPORT 24569
S_VIP_STORE_ITEM_LIST 59944
S_VISITED_SECTION_LIST 64640
S_VISIT_NEW_SECTION 24129
S_VISIT_NEW_TEL_CAMP 53866
S_VM_BUY_BASKET_INFO 49538
S_VM_SELL_BASKET_INFO 22448
S_VOID_GUARD_INFO 47586
S_VOTE_DISMISS_PARTY 46959
S_VOTE_HISTORY 56134
S_VOTE_RESET_ALL_DUNGEON 59455
S_VOTE_TO_DUNGEON_MENTO 29805
S_WAITING_LIST 34717
S_WATCHED_MOVIES 41093
S_WEAK_POINT 47948
S_WELCOME_PET_OWNER 38705
S_WHISPER 47827
S_WORK_WORKOBJECT 27725
S_WORLD_OF_TANK_BATTLE_FIELD_BOARD 23277
S_WORLD_OF_TANK_BATTLE_FIELD_RESULT 23596
S_WORLD_QUEST_VILLAGER_INFO 51167