C_ACCEPT_CONTRACT = 37463
C_ACCEPT_FRIEND = 43173
C_ACCEPT_GUILD_APPLY = 39640
C_ADD_CRYSTAL_COMBINE_MATERIAL = 32206
C_ADD_FRIEND = 22201
C_ADD_FRIEND_GROUP = 53979
C_ADD_INTER_PARTY_MATCH_POOL = 32986
C_ADD_ITEM_TO_VM_BUY_BASKET = 51237
C_ADD_ITEM_TO_VM_SELL_BASKET = 44425
C_ADD_TELEPORT_TO_POS_LIST = 43929
C_ADD_TRADE_BAG = 54193
C_ADMIN = 51048
C_ADMIN_ADD_CUSTOM_BOOKMARK = 41315
C_ADMIN_CHAT_BAN = 48357
C_ADMIN_CHECK_USERNAME = 28284
C_ADMIN_GET_DUNGEON_USER_LIST = 40357
C_ADMIN_GET_USER_INFO_BY_DBID = 39576
C_ADMIN_GET_USER_INFO_LIST_BY_DISTANCE = 36514
C_ADMIN_GMEVENT_NOTICE = 57833
C_ADMIN_GMEVENT_OFF = 62543
C_ADMIN_GMEVENT_OX_QUIZ_NEXT_QUIZ = 21103
C_ADMIN_GMEVENT_OX_QUIZ_NEXT_REPE_QUIZ = 56211
C_ADMIN_GMEVENT_STATUS = 62821
C_ADMIN_GMEVENT_USER_KICK = 35764
C_ADMIN_GMEVENT_USER_SUMMON = 34196
C_ADMIN_GM_MAPTELEPORT = 38336
C_ADMIN_GM_SKILL = 65376
C_ADMIN_GM_TELEPORT = 28000
C_ADMIN_HOLD_CHARACTER = 29677
C_ADMIN_KILL_NPC = 42321
C_ADMIN_LOBBY = 45881
C_ADMIN_REMOVE_CUSTOM_BOOKMARK = 61571
C_ADMIN_REMOVE_NPC = 31798
C_ADMIN_REQUEST_CUSTOM_BOOKMARK = 22910
C_ADMIN_REQUEST_DEFAULT_BOOKMARK = 26247
C_ADMIN_REQUEST_USERACTION = 61049
C_ADMIN_REQUEST_USERINFO = 39511
C_ADMIN_SPAWN_NPC = 46900
C_ADMIN_VANISH_PET = 52248
C_ADMIN_WARNING_MESSAGE = 44117
C_ANSWER_BANNING_PARTY_MEMBER = 39123
C_ANS_QUEST_SHARE = 36507
C_APPLY_GUILD = 24526
C_APPLY_PARTY = 24294
C_APPLY_TITLE = 30366
C_ASK_HANCOIN_AMOUNT = 25647
C_ASK_INTERACTIVE = 21994
C_AVAILABLE_EVENT_MATCHING_LIST = 30773
C_AWESOMIUM_WEB_COUNTING = 38146
C_BANISH_GUILD_MEMBER = 61294
C_BAN_FROM_GROUP_DUEL = 51424
C_BAN_PARTY_MEMBER = 25024
C_BATTLE_FIELD_BOARD_REQUEST = 37922
C_BATTLE_FIELD_CANCEL_OCCUPATION = 21792
C_BATTLE_FIELD_HELP = 56881
C_BATTLE_FIELD_MAP_ALARM = 40245
C_BATTLE_FIELD_POINT_STORE_BUY_ADD_BASKET = 59465
C_BATTLE_FIELD_POINT_STORE_BUY_DEL_BASKET = 37613
C_BATTLE_FIELD_POINT_STORE_COMMIT = 35385
C_BATTLE_FIELD_REWARD = 52150
C_BATTLE_FIELD_START_OCCUPATION = 50001
C_BETTING_TRY = 38775
C_BIND_ITEM_BEGIN_PROGRESS = 64359
C_BIND_ITEM_EXECUTE = 65350
C_BLOCK_USER = 56166
C_BOARD_ITEM_LIST = 37537
C_BROADCAST_CLIMBING = 60464
C_BUY_INGAMESTORE_MONEYPRODUCT = 35031
C_BUY_INGAMESTORE_TCATPRODUCT = 59823
C_BUY_VILLAGER_BUFF = 29843
C_CANCEL_CHANGE_USER_APPEARANCE = 48112
C_CANCEL_CONTRACT = 48942
C_CANCEL_DELETE_USER = 29673
C_CANCEL_DUNGEON_RETRY = 56274
C_CANCEL_EXIT = 44214
C_CANCEL_FIX_VEHICLE = 37809
C_CANCEL_LOCKON_TARGET = 39211
C_CANCEL_PENDING = 41714
C_CANCEL_PREPARE_CHANGE_USER_APPEARANCE = 31935
C_CANCEL_QUEST = 53814
C_CANCEL_RETURN_TO_LOBBY = 33421
C_CANCEL_REVIVE = 62166
C_CANCEL_SELECT_CHANNEL = 64074
C_CANCEL_SKILL = 40566
C_CAN_CREATE_USER = 48477
C_CAN_LOCKON_TARGET = 28396
C_CAST_FISHING_ROD = 27871
C_CHANGE_CHANNEL_PASSWORD = 38868
C_CHANGE_CHARACTER = 39489
C_CHANGE_EQUIP_PRESET = 59559
C_CHANGE_FRIEND_MEMO = 39607
C_CHANGE_GROUP_DUEL_SETTING = 58700
C_CHANGE_GUILDGROUP = 44267
C_CHANGE_GUILDNAME = 46211
C_CHANGE_GUILD_CHIEF = 37194
C_CHANGE_ITEM_COLORING_POTION = 44915
C_CHANGE_ITEM_PASSIVE_LIST = 20709
C_CHANGE_LOOKS_PREMIUM_TRY = 23546
C_CHANGE_MY_PROFILE = 63157
C_CHANGE_MY_STATE = 42039
C_CHANGE_PARTY_MANAGER = 59439
C_CHANGE_PARTY_MEMBER_AUTHORITY = 41857
C_CHANGE_SERVANT_NAME = 56217
C_CHANGE_USER_LOBBY_SLOT_ID = 50259
C_CHANGE_USER_NAME = 22971
C_CHANGE_VM_MODE = 42385
C_CHAT = 26359
C_CHAT_REPORT = 57338
C_CHECK_CHANGE_GUILDNAME = 49917
C_CHECK_EVENT_MATCHING_LIST_CHECKBOX = 53468
C_CHECK_EVENT_SYSTEM_REWARD = 59021
C_CHECK_TO_DECLARE_GUILD_WAR = 45922
C_CHECK_TO_OPPOSITE_DECLARE_GUILD_WAR = 45364
C_CHECK_TO_READY_PARTY = 24468
C_CHECK_TO_READY_PARTY_ANSWER = 57533
C_CHECK_USERNAME = 32265
C_CHECK_VERSION = 19900
C_CITY_WAR_INFO_HISTROY = 25650
C_CITY_WAR_SEASON_HISTROY = 39289
C_CLEAR_SEND_PARCEL = 63309
C_CLOSE_SEND_PARCEL = 46540
C_CLOSE_VM = 32909
C_COLLECTION_PICKEND = 48224
C_COLLECTION_PICKSTART = 34945
C_COMMIT_ACCESSORY_TRANSFORM = 26871
C_COMMIT_CHANGE_USER_APPEARANCE = 60935
C_COMMIT_FACE_BONE_DATA = 37072
C_COMMIT_INGAME_CHANGE_USER_APPEARANCE = 38982
C_COMMIT_VM_TRADE = 64365
C_COMPLETE_DAILY_EVENT = 36800
C_COMPLETE_EXTRA_EVENT = 41458
C_COMPLETE_QUEST = 60350
C_CONFIRM_EVENT_SYSTEM = 33626
C_CONFIRM_INVITE_CODE = 24769
C_CONFIRM_UPDATE_NOTIFICATION = 26273
C_CREATE_GROUP_DUEL = 58898
C_CREATE_GUILDGROUP = 34352
C_CREATE_PRIVATE_CHANNEL = 46037
C_CREATE_USER = 37911
C_CREST_APPLY = 45435
C_CREST_APPLY_LIST = 53400
C_CREST_DISAPPLY_ALL = 63075
C_CRYSTAL_COMBINE_EXECUTE = 21580
C_CURRENT_CHANNEL = 34623
C_CUSTOM_USER_CUSTOMIZING = 32649
C_DECLARE_GUILD_WAR = 29401
C_DECOMPOSE_REGISTER_ITEM = 24315
C_DECOMPOSE_UNREGISTER_ITEM = 58976
C_DELETE_COUPON = 40097
C_DELETE_FRIEND = 47165
C_DELETE_FRIEND_GROUP = 55495
C_DELETE_PARCEL = 52192
C_DELETE_TELEPORT_TO_POS_LIST = 49850
C_DELETE_USER = 31433
C_DELIVERY_STORE_ADD_BASKET = 34691
C_DELIVERY_STORE_COMMIT = 23829
C_DELIVERY_STORE_DEL_BASKET = 40197
C_DEL_CRYSTAL_COMBINE_MATERIAL = 26396
C_DEL_INTER_PARTY_MATCH_POOL = 26369
C_DEL_ITEM = 31410
C_DESPAWN_BUILD_OBJECT = 57818
C_DESTROY_GUILD = 32277
C_DIALOG = 38842
C_DIALOG_EVENT = 28045
C_DISMISS_PARTY = 34223
C_DISTRIBUTOR_ANSWER = 59879
C_DUEL_CANCEL = 41289
C_DUNGEON_CLEAR_COUNT_LIST = 41715
C_DUNGEON_COOL_TIME_LIST = 31300
C_DUNGEON_RANK_RECORD_LIST = 27847
C_DUNGEON_RANK_SEASON_LIST = 38049
C_DUNGEON_SUMMON_PARTY = 22150
C_DUNGEON_UI_OPENED = 27649
C_DUNGEON_WORK_ENTER = 22812
C_DUNGEON_WORK_LEAVE = 56693
C_DUNGEON_WORK_POINT_STORE_BUY_ADD_BASKET = 35323
C_DUNGEON_WORK_POINT_STORE_BUY_DEL_BASKET = 37900
C_DUNGEON_WORK_POINT_STORE_COMMIT = 60171
C_DUNGEON_WORK_RETRY = 27549
C_EDIT_BLOCKED_USER_MEMO = 52574
C_EDIT_FRIEND_GROUP = 64894
C_EDIT_PRIVATE_CHANNEL = 22740
C_ENCHANTER_USE = 46896
C_END_CLIMBING = 55297
C_END_CUSTOMIZING_PARTS_SHAPE = 47931
C_END_FISHING_MINIGAME = 32911
C_END_ITEM_BIDDING = 61869
C_END_MOVIE = 27657
C_END_RESTORE_CUSTOMIZING_PARTS_SHAPE = 60543
C_ENTER_BATTLE_FIELD = 56046
C_ENTER_DUNGEON = 43571
C_ENTER_SCENARIO_DUNGEON = 23421
C_ENTER_TELEPORTTERRITORY = 50685
C_EQUIPMENT_ENCHANT_SCROLL_USE = 41944
C_EQUIP_ITEM = 50130
C_EVENT_GUIDE = 35426
C_EVENT_MATCHING_BATTLEFIELD_DETAIL_INFO = 61790
C_EVENT_MATCHING_DUNGEON_DETAIL_INFO = 55198
C_EXIT = 23438
C_EXPAND_INVEN_SIZE = 47468
C_EXTEND_PARTY = 26432
C_FACIAL_ATTACHMENT = 53533
C_FIELD_EVENT_BAN = 34128
C_FINDNAME = 56694
C_FLOATING_CASTLE_PARTS_STORE_BUY_ADD_BASKET = 64102
C_FLOATING_CASTLE_PARTS_STORE_BUY_DEL_BASKET = 59107
C_FLOATING_CASTLE_PARTS_STORE_COMMIT = 59485
C_GACHA_CANCEL = 59433
C_GACHA_TRY = 25048
C_GAMBLE_CANCEL = 35641
C_GAMBLE_CHANGE_BET_ITEM = 27393
C_GAMBLE_GO = 41491
C_GAMBLE_STOP = 54612
C_GAMBLE_TRY = 56444
C_GET_ATTENDANCE_REWARD = 24754
C_GET_EVENT_DETAIL = 45403
C_GET_EVENT_SYSTEM_REWARD = 36705
C_GET_GUILD_HISTORY = 44129
C_GET_GUILD_WARE_HISTORY = 65521
C_GET_IN_SHUTTLE = 27184
C_GET_OUT_SHUTTLE = 30813
C_GET_USER_GUILD_LOGO = 25903
C_GET_USER_LIST = 47040
C_GET_WARE_ITEM = 56477
C_GIVE_UP_GUILD_WAR = 53460
C_GMEVENT_LEAVE_EVENT = 62710
C_GMEVENT_MOVE_TO_STADIUM = 51514
C_GMEVENT_OX_REPE_QUIZ_ANSWER = 29110
C_GROUP_DUEL_ADD_BETTING_ITEM = 59681
C_GROUP_DUEL_BETTING = 20368
C_GROUP_DUEL_BETTING_MONEY = 60586
C_GROUP_DUEL_CHANGE_REPRESENT = 34810
C_GROUP_DUEL_DEL_BETTING_ITEM = 32905
C_GROUP_DUEL_RECORD = 56419
C_GUARD_PK_POLICY = 49295
C_GUILD_APPLY_LIST = 25367
C_GUILD_APPLY_LIST_PAGE = 53206
C_GUILD_STORE_BUY_ADD_BASKET = 42634
C_GUILD_STORE_BUY_DEL_BASKET = 38308
C_GUILD_STORE_COMMIT = 23392
C_HARDWARE_INFO = 55075
C_HIT_USER_PROJECTILE = 61695
C_INGAME_CHANGE_USER_APPEARANCE_CANCEL = 44163
C_INGAME_CHANGE_USER_APPEARANCE_TRY = 45226
C_INVALID_BUILD_VERSION = 58585
C_INVENTORY_AUTO_SORT = 21714
C_INVITE_FRIEND_CODE = 46825
C_INVITE_USER_TO_GUILD = 54768
C_ITEMSYNTHESIZER_REQUEST_CANCEL = 65243
C_ITEMSYNTHESIZER_REQUEST_MATERIAL = 21280
C_ITEMSYNTHESIZER_REQUEST_START = 58385
C_ITEM_COLORING_ADD_ITEM = 37148
C_ITEM_COLORING_REMOVE_ITEM = 54227
C_ITEM_COLORING_SET_COLOR = 51785
C_JOIN_GROUP_DUEL = 40716
C_JOIN_PRIVATE_CHANNEL = 53848
C_KICK_CHANNEL_MEMBER = 29218
C_LEARN_EP_PERK = 30141
C_LEAVE_GROUP_DUEL = 58333
C_LEAVE_GUILD = 48426
C_LEAVE_PARTY = 24135
C_LEAVE_PRIVATE_CHANNEL = 35406
C_LEAVE_TELEPORTTERRITORY = 40751
C_LIST_CHANNEL = 58975
C_LIST_PARCEL = 30974
C_LOAD_EP_INFO = 27682
C_LOAD_TOPO_FIN = 45326
C_LOGIN_ARBITER = 60331
C_LORD_CALC_TAX = 47784
C_LORD_CANDIDATE_LIST = 42841
C_LORD_CANDIDATE_PLEDGE = 27894
C_LORD_CHANGE_GREETINGS = 34088
C_LORD_CHANGE_POLICY = 27709
C_LORD_GUARD_INFO = 33736
C_LORD_RANK_INFO = 45066
C_LORD_REGISTER = 55983
C_LORD_REGISTER_INFO = 50219
C_LORD_TAX_SET = 37639
C_LORD_VOTE = 22062
C_LORD_VOTE_CANDIDATE_LIST = 21355
C_MAIN_MENU_COMMAND_EXEC = 62188
C_MEDAL_STORE_BUY_ADD_BASKET = 35803
C_MEDAL_STORE_BUY_DEL_BASKET = 32000
C_MEDAL_STORE_COMMIT = 60341
C_MEET_BOSS_INFO = 60344
C_MERGE_ITEM = 60451
C_MERGE_ITEM_EXECUTE = 49662
C_MERGE_PARTY_TO_RAID = 28257
C_MOUNT_VEHICLE_EX = 57216
C_MOVE_INVEN_POS = 58306
C_MOVE_SLOT_IN_GROUP_DUEL = 33331
C_MOVE_WARE_POS = 33780
C_NOTIFY_LOCATION_IN_ACTION = 41704
C_NOTIFY_LOCATION_IN_DASH = 53905
C_NOTIFY_LOCATION_IN_REACTION = 31034
C_NOTIFY_SPIRIT_LOCATION_IN_ACTION = 48649
C_NOTIMELINE_SKILL = 32110
C_NPCGUILD_LIST = 52110
C_NPC_CONTACT = 59664
C_OPEN_GUILD_WAR_WINDOW = 22392
C_OPPOSITE_DECLARE_GUILD_WAR = 40707
C_OP_COMMAND = 33293
C_PARCEL_REPORT = 38193
C_PARTY_APPLICATION_DENIED = 33647
C_PARTY_LOOTING_METHOD = 28094
C_PARTY_LOOTING_METHOD_VOTE = 62613
C_PARTY_MARKER = 28827
C_PARTY_MATCH_WINDOW_CLOSED = 55157
C_PAY_WAREHOUSE_COMMISION = 59005
C_PCBANGINVENTORY_USE_SLOT = 50960
C_PETITION_CANCEL = 52691
C_PETITION_CHAT_USER_MESSAGE = 39107
C_PETITION_CHECK_CREATABLE = 51970
C_PETITION_CHECK_SURVEYABLE = 22406
C_PETITION_COMPLETE_CONFIRM = 55130
C_PETITION_CREATE = 45952
C_PETITION_FEEDBACK = 38533
C_PET_EQUIP = 26677
C_PET_INCUBATOR_GET = 61816
C_PET_INCUBATOR_PUT = 37721
C_PET_INCUBATOR_START = 48484
C_PET_INCUBATOR_TAKEALL = 53502
C_PET_ORB_ATTACH = 35968
C_PET_ORB_DELETE = 41088
C_PET_REPAIR = 38218
C_PET_UNEQUIP = 62619
C_PLAYER_FLYING_LOCATION = 49420
C_PLAYER_LOCATION = 54031
C_PLAY_TIME = 45085
C_POINT_STORE_BUY_ADD_BASKET = 42219
C_POINT_STORE_BUY_DEL_BASKET = 29201
C_POINT_STORE_COMMIT = 44025
C_POLITICS_POINT_STORE_BUY_ADD_BASKET = 33069
C_POLITICS_POINT_STORE_BUY_DEL_BASKET = 50939
C_POLITICS_POINT_STORE_COMMIT = 33020
C_PONG = 50051
C_PRECONFIRM_INVITE_CODE = 62466
C_PREMIUM_COMPOSE_ADD_ITEM = 62210
C_PREMIUM_COMPOSE_CANCEL = 46670
C_PREMIUM_COMPOSE_DEL_ITEM = 34492
C_PREMIUM_COMPOSE_RESET = 31219
C_PREMIUM_COMPOSE_TRY = 22707
C_PREMIUM_SLOT_USE_SLOT = 64333
C_PREPARE_WORKOBJECT = 42964
C_PRESS_SKILL = 38960
C_PREVIEW_ITEM = 37314
C_PROMOTION_CANCEL = 55574
C_PROMOTION_INFO = 32815
C_PROMOTION_RESET = 42687
C_PROMOTION_START = 61189
C_PURCHASE_PROD = 35395
C_PUT_INTO_PRISON = 50498
C_PUT_WARE_ITEM = 47100
C_QUERY_COIN = 48126
C_RECEIVE_PCBANG_STYLE_SHOP_ITEMS = 59545
C_RECEIVE_PLAYTIME_EVENT_REWARD = 39600
C_RECOMMEND_GUILD = 23832
C_RECOMMEND_USER_GUILD = 49291
C_RECV_PARCEL = 28636
C_REGISTER_ENCHANT_ITEM = 24767
C_REGISTER_EVOLUTION_ITEM = 42881
C_REGISTER_PARTY_INFO = 47348
C_REGISTER_REPAIR_ITEM = 43138
C_REGISTER_VM_BUY_ITEM = 63829
C_REGISTER_VM_SELL_ITEM = 55388
C_REGIST_CUSTOMIZING_PARTS_SHAPE_ITEM = 35483
C_REIGN_INFO = 48465
C_REJECT_CONTRACT = 28626
C_REJECT_INVITE_USER_TO_GUILD = 54060
C_RELEASE_FROM_PRISON = 64170
C_REMOVE_BLOCKED_USER = 24257
C_REMOVE_COLORING_POTION = 21381
C_REMOVE_GUILDGROUP = 46796
C_REMOVE_ITEM_FROM_VM_BUY_BASKET = 26039
C_REMOVE_ITEM_FROM_VM_SELL_BASKET = 32381
C_RENAME_TELEPORT_TO_POS_LIST = 64686
C_REPLY_INTER_PARTY_MAKE = 22409
C_REPLY_TELEPORT = 24089
C_REPLY_TELEPORT_NEAR_TOWN = 45419
C_REPLY_TELEPORT_WALK_THROUGH = 42381
C_REPLY_THROUGH_ARBITER_CONTRACT = 30263
C_REQUEST_ACCESSORY_COST_INFO = 23122
C_REQUEST_ACHIEVEMENT_LIST = 64277
C_REQUEST_ARENA_BETTING_INFO = 24685
C_REQUEST_BATTLE_FIELD_CHAT_BAN = 60725
C_REQUEST_BATTLE_FIELD_PARTY_MARKER = 40282
C_REQUEST_BATTLE_FIELD_PARTY_MARKER_CLEAR = 20950
C_REQUEST_BOSS_GAGE_INFO = 44702
C_REQUEST_BUY_VIP_STORE_ITEM = 45371
C_REQUEST_CANCEL_GUILD_QUEST = 49937
C_REQUEST_CANDIDATE_LIST = 30668
C_REQUEST_CHANGE_CHARACTER_NAME = 43822
C_REQUEST_CHANGE_DUAL_OPTION_IDX = 33303
C_REQUEST_CHANGE_PARTY_MATCH_RULE = 48251
C_REQUEST_CITY_WAR_MAP_INFO = 65493
C_REQUEST_CONTRACT = 30356
C_REQUEST_COOLTIME_TO_JOIN_GUILD = 57277
C_REQUEST_COUPON_DATA = 40705
C_REQUEST_COUPON_LIST = 44165
C_REQUEST_DEMOLISH_GUILD_TOWER = 22585
C_REQUEST_DEMOLIST_GUILD_TOWER_POPUP = 21734
C_REQUEST_DICE_THROW = 62980
C_REQUEST_DUNGEON_WORK_LIST = 39376
C_REQUEST_ENCHANT = 51697
C_REQUEST_ENTER_VIP_DUNGEON = 59482
C_REQUEST_EQUIPMENT_INHERITANCE = 42916
C_REQUEST_EVENT_MATCHING_TELEPORT = 20756
C_REQUEST_EVOLUTION = 55913
C_REQUEST_FIELD_POINT_REWARD = 44799
C_REQUEST_FINISH_GUILD_QUEST = 38090
C_REQUEST_FLOATING_CASTLE_PARTS_COOL_TIME = 23423
C_REQUEST_FLY_MOVE_INFO = 62363
C_REQUEST_GAMESTAT_PING = 51719
C_REQUEST_GUILD_FLAG_IMAGE_DATA = 59903
C_REQUEST_GUILD_INCENTIVE = 29200
C_REQUEST_GUILD_INFO = 48802
C_REQUEST_GUILD_INFO_BEFORE_APPLY_GUILD = 30246
C_REQUEST_GUILD_LEVEL_RANKING = 31425
C_REQUEST_GUILD_LIST = 30875
C_REQUEST_GUILD_LIST_PAGE = 33422
C_REQUEST_GUILD_LIST_SORT = 49497
C_REQUEST_GUILD_PERK_LIST = 52285
C_REQUEST_GUILD_WANTED_WRITING_LIST = 35314
C_REQUEST_GUILD_WANTED_WRITING_LIST_PAGE = 36639
C_REQUEST_GUILD_WAR_PENALTY_INFO = 54742
C_REQUEST_IMAGE_DATA = 43142
C_REQUEST_INGAMESTORE_PRODUCT_DETAIL = 32178
C_REQUEST_INGAMESTORE_PRODUCT_LIST = 39876
C_REQUEST_INVITE_GUILD_LIST = 53928
C_REQUEST_INVITE_GUILD_LIST_PAGE = 45900
C_REQUEST_ITEM_COLORING_VALUE = 56041
C_REQUEST_LATEST_UPDATE_NOTIFICATION = 30713
C_REQUEST_LEARN_GUILD_PERK = 24258
C_REQUEST_MEGAPHONE = 64877
C_REQUEST_MENTO_REWARD = 54352
C_REQUEST_MY_PARTY_MATCH_INFO = 56442
C_REQUEST_NAME_PREEMPTION = 49235
C_REQUEST_NONDB_ITEM_INFO = 50504
C_REQUEST_ONGOING_FIELD_EVENT_LIST = 52231
C_REQUEST_OPEN_DUAL_OPTION = 47157
C_REQUEST_OPEN_DUAL_OPTION_MATERIAL_INFO = 64594
C_REQUEST_PARTY_INFO = 28658
C_REQUEST_PARTY_MATCH_INFO = 26786
C_REQUEST_PARTY_MATCH_INFO_PAGE = 34686
C_REQUEST_PARTY_MATCH_LINK = 35751
C_REQUEST_PLAYTIME = 38927
C_REQUEST_PRIVATE_CHANNEL_INFO = 53615
C_REQUEST_PVE_RANKING = 51201
C_REQUEST_PVP_RANKING = 60707
C_REQUEST_QUEST_BACKUP_ITEM = 41406
C_REQUEST_RECV_DAILY_TOKEN = 28932
C_REQUEST_RENAME_GUILD = 40299
C_REQUEST_RENEW_ALL_PARTS_ITEM = 28177
C_REQUEST_REPAIR_ITEM = 24490
C_REQUEST_REPUTATION_STORE_TELEPORT = 65097
C_REQUEST_RESET_EPPERK = 62462
C_REQUEST_RESET_VIP_STORE = 61238
C_REQUEST_RET_VILLAGE_INFO = 47719
C_REQUEST_RIGHT_ITEM_LIST = 31256
C_REQUEST_ROUND_PVE_SKILL_LIST = 50168
C_REQUEST_SEREN_GUIDE = 32837
C_REQUEST_SET_GUILD_WANTED_WRITING = 64208
C_REQUEST_SHARE_QUEST = 24387
C_REQUEST_STACK_ATTENDANCE_EVENT_INFO_UPDATE = 61369
C_REQUEST_STACK_ATTENDANCE_EVENT_REWARD = 64167
C_REQUEST_START_GUILD_QUEST = 54671
C_REQUEST_TOKEN_TARGET_ITEM = 41946
C_REQUEST_UPDATE_ANNOUNCE = 27600
C_REQUEST_UPDATE_INTRODUCE = 37824
C_REQUEST_USABLE_CHARACTER_NAME = 35656
C_REQUEST_USABLE_GUILD_NAME = 35916
C_REQUEST_USER_ITEMLEVEL_INFO = 48655
C_REQUEST_USER_PAPERDOLL_INFO = 34935
C_REQUEST_USER_PAPERDOLL_INFO_WITH_GAMEID = 63140
C_REQUEST_VIP_STORE_ITEM_LIST = 46256
C_REQUEST_VIP_SYSTEM_INFO = 28582
C_REQUEST_WRITE_BOARD = 36428
C_RESET_ALL_DUNGEON = 46491
C_RESPONSE_SPAWN_DROPITEM = 29235
C_RETURN_PARCEL = 51303
C_RETURN_TO_LOBBY = 37388
C_RETURN_USER_GIFT = 29735
C_REUQUEST_JOINED_CHANNEL_LIST = 57367
C_REVIVE_NOW = 63556
C_REWRITE_ITEM_STRING = 42475
C_RIDE_PEGASUS = 58281
C_ROLLBACK_QUEST = 48468
C_ROUND_PVE_SKILL_SELECT = 52567
C_RQ_ADD_ITEM_TO_DECOMPOSITION_CONTRACT = 62602
C_RQ_COMMIT_DECOMPOSITION_CONTRACT = 57121
C_RQ_DEL_ITEM_FROM_DECOMPOSITION_CONTRACT = 31394
C_RQ_START_SOCIAL_ON_PROGRESS_DECOMPOSITION = 62126
C_RQ_UPDATE_ITEM_TO_DECOMPOSITION_CONTRACT = 22180
C_SAVE_CLIENT_ACCOUNT_SETTING = 21897
C_SAVE_CLIENT_USER_SETTING = 30726
C_SECOND_PASSWORD_AUTH = 59092
C_SECOND_PASSWORD_REGISTER = 26502
C_SELECT_CHANNEL = 28415
C_SELECT_EVENT_MATCHING = 63175
C_SELECT_USER = 49510
C_SEND_PARCEL = 62251
C_SEND_UI_LOG = 62670
C_SERVANT_ABILITY = 42535
C_SERVER_TIME = 44193
C_SETTLE_UP_BUY_VM = 28127
C_SETTLE_UP_SELL_VM = 22185
C_SET_GUILDGROUP_AUTHORITY = 24978
C_SET_GUILD_JOIN_CONDITION = 51409
C_SET_ITEM_STRING = 43711
C_SET_RECIPE_BOOKMARK = 46001
C_SET_SEND_PARCEL_ITEM = 50066
C_SET_SEND_PARCEL_MONEY = 20042
C_SET_SEND_PARCEL_TYPE = 20460
C_SET_TARGET_INFO = 52816
C_SET_VISIBLE_RANGE = 43437
C_SHARE_USER_PING = 35327
C_SHOW_AWESOMIUMWEB_SHOP = 47438
C_SHOW_GUILD_QUEST_LIST = 62650
C_SHOW_INVEN = 49344
C_SHOW_ITEM_TOOLTIP_EX = 21297
C_SHOW_PARCEL_MESSAGE = 42013
C_SHOW_PETMANAGER = 60457
C_SHOW_QUEST_INFO_DIALOG = 43487
C_SHOW_STYLE = 58945
C_SHOW_TRADE_ITEM = 20682
C_SHOW_TRADE_LOG = 59530
C_SIMPLE_TIP_DONT_REPEAT = 62383
C_SIMPLE_TIP_REPEAT_CHECK = 30653
C_SKILL_LEARN_LIST = 48908
C_SKILL_LEARN_REQUEST = 55733
C_SOCIAL = 37696
C_SPAWN_BUILD_OBJECT = 31592
C_START_CLIMBING = 25866
C_START_COMBO_INSTANT_SKILL = 54444
C_START_COMMANDER_SKILL = 63329
C_START_DECOMPOSE = 47650
C_START_ENCHANT = 40492
C_START_EVOLUTION = 36901
C_START_FISHING_MINIGAME = 41826
C_START_FIX_SPIRIT = 44500
C_START_FIX_VEHICLE = 41943
C_START_GUILD_SKILL = 51454
C_START_INSTANCE_SKILL = 34166
C_START_INSTANCE_SKILL_EX = 36833
C_START_PRODUCE = 62260
C_START_REPAIR_ITEM = 52459
C_START_SKILL = 59719
C_START_SKILL_BY_VEHICLE_EX = 43965
C_START_TARGETED_SKILL = 33756
C_START_VM_BUY = 33926
C_START_VM_SELL = 65421
C_STOP_FISHING = 54062
C_STOP_VM = 37005
C_STORE_BUY_ADD_BASKET = 51289
C_STORE_BUY_DEL_BASKET = 59813
C_STORE_COMMIT = 27153
C_STORE_SELL_ADD_BASKET = 49467
C_STORE_SELL_DEL_BASKET = 24806
C_STR_EVALUATE_LIST = 22411
C_STYLE_SHOP_BUY_REPUTATION_ITEM = 36788
C_STYLE_SHOP_BUY_TCAT_ITEM = 38943
C_SUGGEST_DARK_RIFT_PARTY_MATCHING = 51650
C_SURVEY_ANSWER = 22721
C_SWAP_PARTY = 22754
C_TELEPORT_DARK_RIFT = 57457
C_TELEPORT_TO_CAMP = 46379
C_TELEPORT_TO_POS = 30159
C_TELEPORT_TO_VILLAGE = 20237
C_TEL_CAMP = 26669
C_TOGGLE_GROUP_DUEL_READY = 31918
C_TOGGLE_GROUP_DUEL_SLOT = 44392
C_TOGGLE_TASK_INFO_WINDOW = 57514
C_TRADE_BAG_CLOSE = 51499
C_TRADE_BAG_DONE = 55908
C_TRADE_BROKER_BOUGHT_ITEM_LIST = 39145
C_TRADE_BROKER_BUY_IT_NOW = 46480
C_TRADE_BROKER_CALC_BOUGHT_ITEM = 57275
C_TRADE_BROKER_CALC_SOLD_ITEM = 20752
C_TRADE_BROKER_CLOSE = 64317
C_TRADE_BROKER_DEAL_CONFIRM = 58301
C_TRADE_BROKER_DEAL_PRICE_UPDATE = 61808
C_TRADE_BROKER_HIGHEST_ITEM_LEVEL = 25982
C_TRADE_BROKER_HISTORY_ITEM_LIST_NEW = 41068
C_TRADE_BROKER_HISTORY_ITEM_LIST_PAGE = 40749
C_TRADE_BROKER_HISTORY_ITEM_LIST_SORT = 45959
C_TRADE_BROKER_INPUT_PRICE = 51766
C_TRADE_BROKER_REGISTERED_ITEM_LIST = 62021
C_TRADE_BROKER_REGISTER_ITEM = 43542
C_TRADE_BROKER_REJECT_SUGGEST = 37411
C_TRADE_BROKER_SOLD_ITEM_LIST = 41449
C_TRADE_BROKER_SUGGEST_DEAL = 58500
C_TRADE_BROKER_UNREGISTER_ITEM = 45228
C_TRADE_BROKER_WAITING_ITEM_LIST_NEW = 50928
C_TRADE_BROKER_WAITING_ITEM_LIST_PAGE = 59745
C_TRADE_BROKER_WAITING_ITEM_LIST_SORT = 57376
C_TRANSFER_VEHICLE_EX = 51882
C_TRY_ITEM_BIDDING = 54231
C_TRY_LOOT_DROPITEM = 46795
C_TRY_NPC_INTERACTION = 58755
C_TRY_TELEPORT_FIELD_EVENT = 42708
C_UNBIND_ITEM = 27280
C_UNEQUIP_ITEM = 39864
C_UNMOUNT_VEHICLE = 32895
C_UNREGISTER_ENCHANT_ITEM = 22455
C_UNREGISTER_EVOLUTION_ITEM = 37968
C_UNREGISTER_PARTY_INFO = 37055
C_UNREGISTER_REPAIR_ITEM = 38378
C_UNREGISTER_VM_BUY_ITEM = 20706
C_UNREGISTER_VM_SELL_ITEM = 40493
C_UNREGIST_CUSTOMIZING_PARTS_SHAPE_ITEM = 25098
C_UPDATE_CONTENTS_PLAYTIME = 30921
C_UPDATE_FRIEND_INFO = 30257
C_UPDATE_GUILD_FLAG = 27735
C_UPDATE_GUILD_LOGO = 27148
C_UPDATE_MY_DESCRIPTION = 50368
C_UPDATE_REACTION_POS = 38511
C_UPDATE_SKILL_SCRIPT = 57847
C_USER_AIM = 38601
C_USER_AIM_TO = 53742
C_USER_REPORT = 20873
C_USE_COUPON = 47139
C_USE_ITEM = 27830
C_USE_RIGHT_ITEM = 60682
C_VEHICLEEX_LOCATION = 62662
C_VEHICLE_EX_ARROW_HIT = 26241
C_VIEW_BATTLEFIELD_STORE = 44271
C_VIEW_BATTLE_FIELD_RESULT = 34978
C_VIEW_DUNGEONWORK_STORE = 50220
C_VIEW_GUILD_WAR = 41306
C_VIEW_INTER_PARTY_MATCH_BATTLEFIELD_LIST = 44663
C_VIEW_INTER_PARTY_MATCH_DUNGEON_LIST = 20078
C_VIEW_PARTY_INVITE = 36874
C_VIEW_WARE = 32858
C_VISIT_NEW_SECTION = 58635
C_VOTE_DISMISS_PARTY = 50580
C_VOTE_HISTORY = 23929
C_VOTE_RESET_ALL_DUNGEON = 33917
C_WATCHED_MOVIES = 29716
C_WHISPER = 46067
C_WITHDRAW_GUILD_WAR = 45267
C_WRITE_BOARD = 28844
I_CLOSE_SERVER_CONNECTION = 22
I_GFX_ADMIN_COMMAND = 18
I_GFX_COMMAND = 17
I_INPUT_COMMAND = 19
I_MOVE_KEY = 20
I_SKILL_KEY = 21
I_SPAWN_BARRACK_CHARACTER = 1
I_TELEPORT = 0
R_CAMERA_ROTATE = 4
R_PLAYER_LOCATION = 2
R_TELEPORT_REPLAY_LOCATION = 3
S_ABNORMALITY_BEGIN = 63886
S_ABNORMALITY_DAMAGE_ABSORB = 56641
S_ABNORMALITY_END = 50197
S_ABNORMALITY_EXTRA = 23637
S_ABNORMALITY_FAIL = 60049
S_ABNORMALITY_REFRESH = 36360
S_ABNORMALITY_RESIST = 21026
S_ABNORMALITY_SCALE_UP = 53199
S_ACCEPT_CONTRACT = 30576
S_ACCOMPLISH_ACHIEVEMENT = 57449
S_ACCOUNT_BENEFIT_LIST = 35638
S_ACCOUNT_PACKAGE_LIST = 62690
S_ACTION_END = 58638
S_ACTION_STAGE = 42937
S_ACTIVATE_BATTLE_FIELD_CHAT_BAN = 50101
S_ADD_AWAKEN_CHANGE_DATA = 50304
S_ADD_AWAKEN_ENCHANT_DATA = 42903
S_ADD_BLOCKED_USER = 24801
S_ADD_CRYSTAL_COMBINE_MATERIAL = 42951
S_ADD_FRIEND = 51468
S_ADD_GUILD_GROUP = 29912
S_ADD_GUILD_MEMBER = 29241
S_ADD_INTER_PARTY_MATCH_POOL = 22045
S_ADD_NEW_EVENT_MATCHING_QUEST = 55987
S_ADD_TRADE_BAG = 21459
S_ADMIN_CHECK_USERNAME = 57999
S_ADMIN_CUSTOM_BOOKMARK_LIST = 37985
S_ADMIN_DEFAULT_BOOKMARK_LIST = 26412
S_ADMIN_DELETE_QUEST = 56198
S_ADMIN_GET_DUNGEON_USER_LIST = 61101
S_ADMIN_GET_USERINFO_INVEN = 21924
S_ADMIN_GET_USERINFO_SKILL = 61422
S_ADMIN_GET_USERINFO_WAREHOUSE = 56264
S_ADMIN_GET_USER_INFO_BY_DBID = 61335
S_ADMIN_GET_USER_INFO_LIST_BY_DISTANCE = 30787
S_ADMIN_GMEVENT_STATUS = 34456
S_ADMIN_GM_SKILL = 44640
S_ADMIN_HOLD_CHARACTER = 65473
S_ADMIN_NOTICE = 32902
S_ADMIN_PRIVILEGE = 42360
S_ADMIN_VIP_TEST = 52915
S_ADMIN_WARNING_MESSAGE = 20209
S_AERO = 55552
S_AIR_REACTION_END = 21090
S_ANNOUNCE_MESSAGE = 55394
S_ANNOUNCE_UPDATE_NOTIFICATION = 50981
S_ANSWER_INTERACTIVE = 34513
S_APPLY_TITLE = 45241
S_ARENA_END_FIGHT = 59949
S_ARENA_FIGHTER_CHANGE_HP = 45581
S_ARENA_FIGHT_ABNORMALITY_BEGIN = 48991
S_ARENA_FIGHT_ABNORMALITY_END = 43180
S_ARENA_FIGHT_ABNORMALITY_REFRESH = 38200
S_ARENA_OPTIMIZATION = 35291
S_ARENA_RESULT = 57048
S_ARENA_START_FIGHT = 36067
S_ARTISAN_RECIPE_LIST = 26312
S_ARTISAN_SKILL_LIST = 27169
S_ASK_BANNING_PARTY_MEMBER = 36493
S_ASK_BIDDING_RARE_ITEM = 56427
S_ASK_CODE_HASH = 29733
S_ASK_EXPAND_INVEN_SIZE = 23447
S_ASK_INTER_PARTY_MAKE = 55613
S_ASK_QUEST_SHARE = 27336
S_ASK_TELEPORT = 55879
S_ATTENDANCE_EVENT_REWARD_COUNT = 56643
S_AVAILABLE_EVENT_MATCHING_LIST = 33811
S_AVAILABLE_SOCIAL_LIST = 52350
S_AWAKEN_RESULT = 25185
S_BAN_PARTY = 23440
S_BAN_PARTY_MEMBER = 53685
S_BASE_POINT_BATTLE_FIELD_NODEPOINT_INFO = 30652
S_BATTLE_FIELD_ADD_SCORE = 48081
S_BATTLE_FIELD_CANCEL_OCCUPATION = 51472
S_BATTLE_FIELD_CHANGE_NPC_HP_EVENT = 36470
S_BATTLE_FIELD_CHAT_BAN_INFO = 40711
S_BATTLE_FIELD_END_OCCUPATION = 36972
S_BATTLE_FIELD_ENTRANCE_INFO = 55695
S_BATTLE_FIELD_HELP = 26227
S_BATTLE_FIELD_JACKPOT_EVENT_START = 42745
S_BATTLE_FIELD_MAP_ALARM = 47330
S_BATTLE_FIELD_NODEPOINT_GAUGE_INFO = 20157
S_BATTLE_FIELD_NPC_KILL_EVENT = 23535
S_BATTLE_FIELD_PARTY_MARKER = 20520
S_BATTLE_FIELD_PARTY_MARKER_CLEAR = 41695
S_BATTLE_FIELD_POINT_STORE_BASKET = 44272
S_BATTLE_FIELD_POINT_STORE_SELL_LIST = 25998
S_BATTLE_FIELD_RESULT = 20736
S_BATTLE_FIELD_SCORE = 44471
S_BATTLE_FIELD_START_OCCUPATION = 53051
S_BATTLE_FIELD_STATE = 26179
S_BATTLE_FIELD_STRONGHOLD_EVENT = 22828
S_BATTLE_FIELD_STRONGHOLD_NONE_STATE = 63611
S_BATTLE_FIELD_STRONGHOLD_STATE = 22574
S_BATTLE_FIELD_TEAM_MEMBERS_POS_INFO = 36108
S_BATTLE_FIELD_USER_ASSIST_EVENT = 62701
S_BATTLE_FIELD_USER_KILL_EVENT = 26185
S_BATTLE_FIELD_USER_KILL_MESSAGE = 40444
S_BATTLE_FIELD_USER_LOAD_INFO = 34844
S_BATTLE_FIELD_USER_OCCUPIABLE_ENTER = 58783
S_BATTLE_FIELD_USER_OCCUPIABLE_LEAVE = 44432
S_BEGIN_THROUGH_ARBITER_CONTRACT = 42217
S_BETTING_INFO = 28505
S_BETTING_START = 63598
S_BOARD_ITEM_LIST = 54548
S_BONFIRE_CHARM_ADDED = 28476
S_BONFIRE_CHARM_BURNED = 39192
S_BONFIRE_STATUS = 38335
S_BOSS_BATTLE_INFO = 30170
S_BOSS_GAGE_INFO = 47841
S_BOSS_GAGE_PRIORITY = 53465
S_BOSS_GAGE_STACK_INFO = 60392
S_BREAK_SHIELD = 47730
S_BREAK_SHIELD_END = 46832
S_BROADCAST_CLIMBING = 25936
S_BROADCAST_FLOATING_CASTLE_INFO = 29024
S_BROADCAST_FLOATING_CASTLE_NAMEPLATE = 55133
S_BROCAST_GUILD_FLAG = 61181
S_BROCAST_UPDATE_GUILD_FLAG = 30858
S_BUY_INGAMESTORE_MONEYPRODUCT = 41250
S_BUY_VIP_STORE_ITEM_SUCCESS = 38901
S_BYE_PET = 25526
S_CAMERA_SHAKE = 55811
S_CANCEL_CONTRACT = 56459
S_CANCEL_DELETE_USER = 61659
S_CANCEL_EXIT = 41115
S_CANCEL_PARTY_LOOTING_METHOD_VOTE = 25069
S_CANCEL_PARTY_MATCH_POOL = 47630
S_CANCEL_PARTY_MEMBER_BAN = 32505
S_CANCEL_PREPARE_CHANGE_USER_APPEARANCE = 40702
S_CANCEL_QUEST_SHARE = 51944
S_CANCEL_RETURN_TO_LOBBY = 20425
S_CANCEL_SELECT_CHANNEL = 35747
S_CANCEL_VOTE_DISMISS_PARTY = 53934
S_CANCEL_VOTE_RESET_ALL_DUNGEON = 59702
S_CANNON_BATTLE_FIELD_BOARD = 47867
S_CANNON_BATTLE_FIELD_CRASH_DOOR = 45301
S_CANNON_BATTLE_FIELD_GUARDTOWER_STATUS = 57063
S_CANNON_BATTLE_FIELD_STRONGHOLD_INFO = 52349
S_CANNOT_EQUIP_SAMEKIND = 38115
S_CANNOT_START_SKILL = 50316
S_CANNOT_USE_CHAT_CHANNEL = 54592
S_CANT_FLY_ANYMORE = 50895
S_CAN_CREATE_USER = 46173
S_CAN_DUNGEON_RETRY = 47829
S_CAN_LOCKON_TARGET = 42232
S_CAST_FISHING_ROD = 51817
S_CHANGE_CHARACTER = 57618
S_CHANGE_CITY_WAR_STATE = 42459
S_CHANGE_DESTPOS_PROJECTILE = 24556
S_CHANGE_EP_EXP_DAILY_LIMIT = 59547
S_CHANGE_EP_POINT = 47597
S_CHANGE_EVENT_MATCHING_STATE = 63403
S_CHANGE_FREE_FIGHT_BATTLE_FIELD_RANKING = 29442
S_CHANGE_FRIEND_PROFILE = 32769
S_CHANGE_FRIEND_STATE = 63332
S_CHANGE_GUILDNAME = 44586
S_CHANGE_GUILD_CHIEF = 21140
S_CHANGE_ITEM_PASSIVE_LIST = 30413
S_CHANGE_LOOKS_PREMIUM_RESULT = 60196
S_CHANGE_LOOKS_PREMIUM_START = 34541
S_CHANGE_LOOT_ITEM_AMOUNT = 53697
S_CHANGE_MODE = 61511
S_CHANGE_NAME_STRING = 23462
S_CHANGE_PARTY_MANAGER = 43235
S_CHANGE_PARTY_MEMBER_AUTHORITY = 35535
S_CHANGE_PK_INFO = 27997
S_CHANGE_RELATION = 25263
S_CHANGE_SERVANT_ENERGY = 32349
S_CHANGE_SERVANT_NAME = 63626
S_CHANGE_USER_NAME_RESULT = 40928
S_CHANGE_VOICE_USE_QAC = 58907
S_CHAPTERHOUSE_QUEST_LIST = 65286
S_CHAT = 30551
S_CHAT_REPORT = 29151
S_CHECK_CHANGE_GUILDNAME = 40581
S_CHECK_EVENT_SYSTEM_REWARD = 44496
S_CHECK_NEW_GUILDNAME = 57327
S_CHECK_TO_DECLARE_GUILD_WAR = 47668
S_CHECK_TO_OPPOSITE_DECLARE_GUILD_WAR = 43519
S_CHECK_TO_READY_PARTY = 57718
S_CHECK_TO_READY_PARTY_FIN = 52169
S_CHECK_USERNAME = 33930
S_CHECK_VERSION = 19901
S_CITYWAR_WARNING_UNDERATTACK = 62273
S_CITY_WAR_INFO_HISTROY = 24627
S_CITY_WAR_NPC_INFO = 53151
S_CITY_WAR_NPC_KILL = 54263
S_CITY_WAR_SEASON_HISTROY = 28643
S_CLEAR_ALL_HOLDED_ABNORMALITY = 56216
S_CLEAR_QUEST_INFO = 33860
S_CLEAR_WORLD_QUEST_VILLAGER_INFO = 49935
S_CLIENT_COMMAND = 28459
S_CLOSE_VM_SETTING_WINDOW = 27626
S_COLLECTION_PICKEND = 41413
S_COLLECTION_PICKSTART = 36844
S_COMBO_START = 49250
S_COMMAND_HELP = 31970
S_COMMIT_ACCESSORY_TRANSFORM_RESULT = 37647
S_COMPLETED_MISSION_INFO = 34904
S_COMPLETE_CHRONOSCROLL_USE = 47267
S_COMPLETE_EVENT_MATCHING_QUEST = 53666
S_COMPLETE_LOOP_QUEST = 20050
S_COMPLETE_QUEST = 39458
S_COMPLETE_VOTE = 35356
S_CONFIRM_INVITE_CODE = 25573
S_CONFIRM_INVITE_CODE_BUTTON = 61817
S_CONNECT_SKILL_ARROW = 64492
S_CONTENTS_TIMER = 61834
S_CONTROL_DOOR = 44641
S_COUNTDOWN_GROUP_DUEL = 32164
S_COUPON_DATA = 47347
S_COUPON_LIST = 62573
S_COUPON_NOTIFY = 22907
S_CREATE_CHARACTER_RESTRICTION = 56432
S_CREATE_GUILD_RESULT = 46807
S_CREATE_USER = 52340
S_CREATURE_CHANGE_HP = 39087
S_CREATURE_LIFE = 29871
S_CREATURE_ROTATE = 48358
S_CREST_APPLY = 35465
S_CREST_ASK_DISAPPLY_ALL = 58708
S_CREST_CHANGE_FAIL = 28212
S_CREST_INFO = 24070
S_CREST_MESSAGE = 37073
S_CREST_UPGRADE_INFO = 34023
S_CRYSTAL_COMBINE_RESULT = 48898
S_CURRENT_CHANNEL = 26903
S_CURRENT_ELECTION_STATE = 61526
S_CURR_FLY_MOVE_INFO = 45864
S_CUSTOMIZING_PARTS_SHAPE_ITEM_LIST = 41454
S_CUSTOM_MESSAGE = 61182
S_CUSTOM_STYLE_SYSTEM_MESSAGE = 43957
S_DAILY_QUEST_COMPLETE_COUNT = 43271
S_DARK_RIFT_ALL_DESPAWN_WORLD_NOTI = 62341
S_DARK_RIFT_AVAILABLE_QUEST_USER_COUNT = 48897
S_DARK_RIFT_CHANGE_AREA_WORLD_NOTI = 48880
S_DARK_RIFT_CLEAR_MAP_MARKER_WORLD_NOTI = 47384
S_DARK_RIFT_DEFENCE_OBJECT_CHANGE_HP = 35674
S_DARK_RIFT_DEFENCE_OBJECT_INIT = 41496
S_DARK_RIFT_DESPAWN_WORLD_NOTI = 40327
S_DARK_RIFT_DESTORY_OBJECT = 46698
S_DARK_RIFT_JOIN_LIST = 20555
S_DARK_RIFT_MAIN_DEFENCE_CHANGE_HP = 34114
S_DARK_RIFT_PROGRESS_STEP_WORLD_NOTI = 24104
S_DARK_RIFT_QUEST_INFO = 61207
S_DARK_RIFT_REWARD_RESULT = 62848
S_DARK_RIFT_SPAWN_WORLD_NOTI = 20198
S_DARK_RIFT_SYNC_TIME = 50687
S_DEAD_LOCATION = 58853
S_DECOMPOSE_REGISTERED_ITEM = 40535
S_DECREASE_COOLTIME_SKILL = 45502
S_DEFAULT_ANIM_CHANGE = 63777
S_DEFEND_SUCCESS = 54938
S_DELETE_ALL_PRODUCT = 36046
S_DELETE_AWAKEN_CHANGE_DATA = 47112
S_DELETE_AWAKEN_ENCHANT_DATA = 27606
S_DELETE_FRIEND = 20195
S_DELETE_GUILD_TOWER_MY_GUILD = 31815
S_DELETE_NPC_FROM_MAP = 48189
S_DELETE_PARCEL = 54694
S_DELETE_QUEST = 53831
S_DELETE_USER = 52875
S_DELIVERY_STORE_BASKET = 41526
S_DELIVERY_STORE_ITEM = 40826
S_DEL_CRYSTAL_COMBINE_MATERIAL = 35773
S_DEL_INTER_PARTY_MATCH_POOL = 34587
S_DEL_TRADE_BAG = 29767
S_DESPAWN_BONFIRE = 54786
S_DESPAWN_BUILD_OBJECT = 57312
S_DESPAWN_COLLECTION = 23290
S_DESPAWN_DOOR = 62716
S_DESPAWN_DROPITEM = 32805
S_DESPAWN_EVENT_SEED = 40315
S_DESPAWN_GAMBLE_BOX = 25019
S_DESPAWN_NPC = 62473
S_DESPAWN_PET = 36937
S_DESPAWN_PROJECTILE = 22192
S_DESPAWN_SERVANT = 37462
S_DESPAWN_SHUTTLE = 60623
S_DESPAWN_STATUE = 29558
S_DESPAWN_USER = 36340
S_DESPAWN_WORKOBJECT = 61120
S_DESTROY_GUILD = 36421
S_DESTROY_GUILD_TOWER = 22567
S_DIALOG = 32695
S_DIALOG_CLOSE = 22961
S_DIALOG_EVENT = 37870
S_DIRECTION_WEAKNESS_BEGIN = 39938
S_DIRECTION_WEAKNESS_END = 61425
S_DISTRIBUTOR_DATA = 48833
S_DONE_TEL_CAMP = 22648
S_DUEL_END = 43583
S_DUEL_START = 39033
S_DUEL_TAG = 61134
S_DUEL_TIME = 62961
S_DUNGEON_ADDITIONAL_WORK_UI = 45920
S_DUNGEON_CAMERA_SET = 26054
S_DUNGEON_CHANGE_NPC_ANIM = 25798
S_DUNGEON_CHANGE_NPC_ANIMSET = 61841
S_DUNGEON_CHANGE_NPC_CYLINDER = 52623
S_DUNGEON_CLEAR = 20944
S_DUNGEON_CLEAR_COUNT_LIST = 54729
S_DUNGEON_CONSOLE_EVENT = 20454
S_DUNGEON_COOL_TIME_LIST = 41616
S_DUNGEON_EVENT_GAGE = 41837
S_DUNGEON_EVENT_MESSAGE = 62548
S_DUNGEON_GUIDE_OFF = 62588
S_DUNGEON_GUIDE_ON = 37376
S_DUNGEON_JACKPOT_EVENT_START = 52097
S_DUNGEON_LOOK_AT_NPC = 55949
S_DUNGEON_NEWBIE = 63671
S_DUNGEON_RANK_END_POINT = 49696
S_DUNGEON_RANK_END_TIME = 57687
S_DUNGEON_RANK_MESSAGE = 26401
S_DUNGEON_RANK_RECORD_LIST = 39614
S_DUNGEON_RANK_SEASON_LIST = 58168
S_DUNGEON_RECORD_INFO = 42352
S_DUNGEON_STATUS = 45431
S_DUNGEON_SUMMON_PARTY = 60647
S_DUNGEON_TIMER = 37509
S_DUNGEON_UI_HIGHLIGHT = 62452
S_DUNGEON_VEHICLE_REPAIRABLE = 43002
S_DUNGEON_VISIBLE_BG = 24814
S_DUNGEON_WORK_ENTER = 56781
S_DUNGEON_WORK_LIST = 48317
S_DUNGEON_WORK_POINT_STORE_BASKET = 55256
S_DUNGEON_WORK_POINT_STORE_SELL_LIST = 54887
S_DUNGEON_WORK_RESULT = 57987
S_DUNGEON_WORK_UPDATE = 61774
S_DUNGEON_WORK_UPDATE_MEDAL_COUNT = 46096
S_EACH_SKILL_RESULT = 48240
S_EMITTER = 46314
S_EMITTER_SET_Z = 64990
S_EMPTY_GUILD_WINDOW = 31513
S_ENABLE_DISABLE_SELLABLE_ITEM_LIST = 34156
S_ENCHANT_BOOSTER_DROP_ITEM = 28560
S_ENCHANT_BOOSTER_REGISTER_ITEM = 28684
S_ENCHANT_BOOSTER_STATUS = 29594
S_ENCHANT_BOOSTER_SUCCESS = 42675
S_ENCHANT_SCROLL_RESULT = 36201
S_END_CHANGE_USER_APPEARANCE = 60019
S_END_CHAT_BAN = 33198
S_END_CUSTOMIZING_PARTS_SHAPE = 26342
S_END_DARKRIFT_USER_HP = 50779
S_END_DRIVE_AIRSHIP = 34555
S_END_FIX_SPIRIT = 42970
S_END_FIX_VEHICLE = 60890
S_END_LEVEL_COMPENSATION = 29331
S_END_PEGASUS = 41869
S_END_PRODUCE = 36315
S_END_PRODUCT_SALE_INFO = 48865
S_END_RESTORE_CUSTOMIZING_PARTS_SHAPE = 55534
S_END_STACK_ATTENDANCE_EVENT_INFO = 54212
S_END_STYLE_SHOP_MARK_PRODUCT = 49797
S_END_THROUGH_ARBITER_CONTRACT = 30234
S_END_USER_PROJECTILE = 44167
S_ENEMY_BATTLE_FIELD_COMMANDER_CHANGED = 43319
S_ENTER_CITY_WAR = 35680
S_ENTER_DUNGEON_POP_UP_REOPEN = 40570
S_EP_SYSTEM_DAILY_EVENT_EXP_ON_OFF = 24835
S_EVENT_DIALOG = 53927
S_EVENT_GUIDE = 60018
S_EVENT_INFO = 31805
S_EVENT_MATCHING_BATTLEFIELD_DETAIL_INFO = 31703
S_EVENT_MATCHING_DUNGEON_DETAIL_INFO = 37212
S_EVENT_QUEST_SUMMARY = 36968
S_EXIT = 65402
S_F2P_PremiumUser_Permission = 63555
S_FACIAL_ATTACHMENT_BROADCAST = 36627
S_FAIL_ENCHANT = 40004
S_FAIL_GUILD_QUEST = 45534
S_FAIL_LOOT_NON_OWNERSHIP = 37269
S_FATIGABILITY_POINT = 27787
S_FEARMOVE_END = 22363
S_FEARMOVE_STAGE = 37108
S_FESTIVAL_LIST = 21180
S_FEUDAL_LORD_FLAG_INFO = 54445
S_FIELD_EVENT_CHANNEL_FULL_GUIDE = 24734
S_FIELD_EVENT_GUIDE = 57740
S_FIELD_EVENT_ON_ENTER = 26340
S_FIELD_EVENT_ON_LEAVE = 28228
S_FIELD_EVENT_PROGRESS_INFO = 22240
S_FIELD_EVENT_PROGRESS_TIMER = 62056
S_FIELD_EVENT_RANK_LIST = 20821
S_FIELD_POINT_INFO = 30332
S_FIELD_POINT_REWARD_INFO_LIST = 29738
S_FINDNAME = 61607
S_FINISH_GUILD_QUEST = 63769
S_FIN_BASE_POINT_BATTLE_FIELD = 20053
S_FIN_CANNON_BATTLE_FIELD = 20463
S_FIN_FREE_FIGHT_BATTLE_FIELD = 64893
S_FIN_INTER_PARTY_MATCH = 39362
S_FIN_KUMAS_BATTLE_FIELD = 42513
S_FIN_KUMAS_BOSS_BATTLE_FIELD = 26685
S_FIN_ROUND_PVE_BATTLE_FIELD = 44365
S_FIN_ROUND_PVE_ROUND = 23032
S_FIN_ROUND_PVP_BATTLE_FIELD = 64803
S_FIN_SNOW_EVENT_BATTLE_FIELD = 52327
S_FIN_STRONGHOLD_OCCUPATION_BATTLE_FIELD = 47118
S_FIN_WORLD_OF_TANK_BATTLE_FIELD = 60283
S_FISHING_BITE = 42148
S_FISHING_CATCH = 51796
S_FISHING_CATCH_FAIL = 49606
S_FISHING_STOP = 50645
S_FIX_SPIRIT_COMPLETE = 64157
S_FIX_SPIRIT_PROGRESS = 44821
S_FIX_VEHICLE_COMPLETE = 31888
S_FIX_VEHICLE_PROGRESS = 65047
S_FLOATING_CASTLE_PARTS_STORE_BASKET = 58996
S_FLOATING_CASTLE_PARTS_STORE_SELL_LIST = 60640
S_FONT_SWAP_INFO = 44897
S_FREENAMED_STATUS = 46533
S_FREE_FIGHT_BATTLE_FIELD_BOARD = 27456
S_FREE_FIGHT_BATTLE_FIELD_MY_WARPOINT_INFO = 59080
S_FRIEND_GROUP_LIST = 53568
S_FRIEND_LIST = 55120
S_GACHA_END = 27814
S_GACHA_START = 59771
S_GAMBLE_BEGIN = 30899
S_GAMBLE_CHANGE_BET_ITEM = 50040
S_GAMBLE_END = 39318
S_GAMBLE_RESULT = 46673
S_GATE_ATTACK_ALARM = 36923
S_GET_ATTENDANCE_REWARD = 22507
S_GET_EVENT_DETAIL = 62958
S_GET_IN_SHUTTLE = 52477
S_GET_OUT_SHUTTLE = 47863
S_GET_USER_GUILD_LOGO = 54427
S_GET_USER_LIST = 27627
S_GET_WARE_ITEM = 20060
S_GMEVENT_CONFIRM_LEAVE_EVENT = 46583
S_GMEVENT_END_EVENT = 49980
S_GMEVENT_ENTER_EVENT = 62754
S_GMEVENT_GUIDE_MESSAGE = 40732
S_GMEVENT_OFF_GUIDE_MESSAGE = 29248
S_GMEVENT_OX_QUIZ_OPEN = 64133
S_GMEVENT_OX_QUIZ_RESULT = 37424
S_GMEVENT_OX_QUIZ_USER_STATUS = 20428
S_GMEVENT_OX_REPE_QUIZ_OPEN = 62732
S_GMEVENT_OX_REPE_QUIZ_RESULT = 49042
S_GMEVENT_OX_RESURRECT_RESULT = 51419
S_GMEVENT_RECV_REWARD = 62849
S_GMEVENT_START_EVENT = 44772
S_GMEVENT_WRITE_EVENTBOARD = 21430
S_GRANT_SKILL = 57825
S_GROUP_DUEL_CURRENT_BETTING_ITEM = 34510
S_GROUP_DUEL_FIN = 61738
S_GROUP_DUEL_INIT = 31655
S_GROUP_DUEL_RECORD = 57914
S_GROUP_NPC_LOCATION = 45927
S_GUARDTOWER_ATTACK_ALARM = 30743
S_GUARD_PK_POLICY = 56219
S_GUILD_ACCOUNT_LIMIT_INFO_CHANGED = 59612
S_GUILD_ANNOUNCE = 65293
S_GUILD_APPLY_COUNT = 52929
S_GUILD_APPLY_LIST = 64482
S_GUILD_EMBLEM = 45859
S_GUILD_HISTORY = 33252
S_GUILD_INFO = 20921
S_GUILD_LEVEL_INFO_CHANGED = 27503
S_GUILD_LEVEL_RANKING_LIST = 27788
S_GUILD_MEMBER_LIST = 44492
S_GUILD_MONEY_INFO_CHANGED = 46110
S_GUILD_NAME = 23029
S_GUILD_PERK_LIST = 46773
S_GUILD_POINT_INFO_CHANGED = 54303
S_GUILD_QUEST_LIST = 31155
S_GUILD_STORE_BASKET = 46935
S_GUILD_STORE_SELL_LIST = 47349
S_GUILD_TOWER_INFO = 53828
S_GUILD_WARE_HISTORY = 54004
S_GUILD_WAR_PENALTY_INFO = 23305
S_HANCOIN_AMOUNT = 59311
S_HIDE_HP = 34034
S_HIT_COMBO = 21112
S_HOLD_ABNORMALITY_ADD = 42182
S_HOLD_ABNORMALITY_REMOVE = 44002
S_HUDDLE_ADDING = 54864
S_IMAGE_DATA = 44031
S_INGAMESHOP_CATEGORY_BEGIN = 54395
S_INGAMESHOP_CATEGORY_DATA = 47779
S_INGAMESHOP_CATEGORY_END = 64354
S_INGAMESHOP_PRODUCT_BEGIN = 28350
S_INGAMESHOP_PRODUCT_DATA = 37983
S_INGAMESHOP_PRODUCT_END = 20056
S_INGAMESHOP_PRODUCT_ITEMID = 48690
S_INGAMESHOP_PRODUCT_SUBPROD = 28604
S_INGAMESHOP_PRODUCT_TAG = 63173
S_INGAME_CHANGE_USER_APPEARANCE_CANCEL = 31986
S_INGAME_CHANGE_USER_APPEARANCE_START = 60048
S_INIT_BASE_POINT_BATTLE_FIELD = 60599
S_INIT_CANNON_BATTLE_FIELD = 59603
S_INIT_FREE_FIGHT_BATTLE_FIELD = 39867
S_INIT_KUMAS_BATTLE_FIELD = 20801
S_INIT_KUMAS_BOSS_BATTLE_FIELD = 20554
S_INIT_KUMAS_BOSS_INFO = 26418
S_INIT_ROUND_PVE_BATTLE_FIELD = 54464
S_INIT_ROUND_PVP_BATTLE_FIELD = 53080
S_INIT_SEREN_GUIDE = 58858
S_INIT_SNOW_EVENT_BATTLE_FIELD = 27529
S_INIT_STRONGHOLD_OCCUPATION_BATTLE_FIELD = 49357
S_INIT_WORLD_OF_TANK_BATTLE_FIELD = 60318
S_INSTANCE_ARROW = 57262
S_INSTANT_CATCH = 41793
S_INSTANT_DASH = 42684
S_INSTANT_MOVE = 58905
S_INSTANT_PULL = 23238
S_INSTANT_THROW = 52208
S_INTERACTION_RESULT = 46559
S_INTEREST_INFO = 31124
S_INVALID_BUILD_VERSION = 33979
S_INVEN = 49795
S_INVEN_CHANGEDSLOT = 34398
S_INVITE_CODE_EXPIRE_TIME = 47178
S_INVITE_COMPENSATION_GUIDE = 53970
S_INVITE_FRIEND_CODE = 49613
S_IS_LORD = 27574
S_IS_NOT_LORD = 55911
S_ITEMSYNTHESIZER_MATERIAL = 49636
S_ITEMSYNTHESIZER_RESULT = 41702
S_ITEM_COLORING_BAG = 52385
S_ITEM_CUSTOM_STRING = 27194
S_ITEM_DECOMPOSE = 34504
S_ITEM_EXPLOSION_RESULT = 37797
S_ITEM_TRANSFORM_DATA = 40358
S_JOIN_PRIVATE_CHANNEL = 23417
S_KUMAS_BATTLE_FIELD_BOARD = 43316
S_KUMAS_BATTLE_FIELD_LOOT_ITEM = 23012
S_KUMAS_BATTLE_FIELD_RESULT = 22847
S_KUMAS_BOSS_BATTLE_FIELD_BOARD = 31641
S_KUMAS_BOSS_BATTLE_FIELD_RESULT = 48313
S_KUMAS_BOSS_CHANGE_INFO = 53718
S_LEARN_EP_PERK = 40564
S_LEAVE_CITY_WAR = 36789
S_LEAVE_GUILD = 44745
S_LEAVE_PARTY = 32644
S_LEAVE_PARTY_MEMBER = 37976
S_LEAVE_PRIVATE_CHANNEL = 62372
S_LIST_CHANNEL = 59670
S_LIST_PARCEL = 27098
S_LIST_PARCEL_EX = 49020
S_LOADING_SCREEN_CONTROL_INFO = 29491
S_LOAD_ACHIEVEMENT_LIST = 45709
S_LOAD_CLIENT_ACCOUNT_SETTING = 63994
S_LOAD_CLIENT_USER_SETTING = 51316
S_LOAD_DUNGEON_SOUND_HINT = 27723
S_LOAD_EP_INFO = 51959
S_LOAD_HINT = 38995
S_LOAD_SKILL_SCRIPT_LIST = 29915
S_LOAD_TELEPORT_TO_POS_LIST = 55584
S_LOAD_TOPO = 34786
S_LOCKON_ARROW = 53259
S_LOCKON_YOU = 25124
S_LOGIN = 58366
S_LOGIN_ACCOUNT_INFO = 46008
S_LOGIN_ARBITER = 20574
S_LOGOUT_PARTY_MEMBER = 34646
S_LOOT_DROPITEM = 57573
S_LORD_CANDIDATE_LIST = 55345
S_LORD_CANDIDATE_PLEDGE = 59841
S_LORD_GUARD_INFO = 38235
S_LORD_OPEN_CANDIDATE_WINDOW = 46027
S_LORD_OPEN_REGISTER_WINDOW = 38951
S_LORD_OPEN_VOTE_WINDOW = 36804
S_LORD_POLICY_SET = 47079
S_LORD_RANK_INFO = 62029
S_LORD_REGISTER_INFO = 33549
S_LORD_TAX_SET = 46780
S_LORD_VOTE_CANDIDATE_LIST = 64022
S_MAIN_MENU_COMMAND = 22443
S_MASSTIGE_STATUS = 63744
S_MATERIAL_CHANGE = 57421
S_MATERIAL_PARAM_CHANGE = 57207
S_MEDAL_STORE_BASKET = 64755
S_MEDAL_STORE_SELL_LIST = 23359
S_MERGE_PARTY_TO_RAID = 50747
S_MINIGAME_END = 56648
S_MINIGAME_FAIL = 43426
S_MINIGAME_RANK_END_POINT = 28899
S_MINIGAME_START = 24738
S_MINIGAME_WAIT = 23533
S_MODIFY_INTER_PARTY_MATCH_POOL = 38921
S_MOUNT_VEHICLE = 34758
S_MOUNT_VEHICLE_EX = 26242
S_MOVE_DISTANCE_DELTA = 55592
S_MOVE_SHUTTLE = 62102
S_MUTE = 33047
S_MY_DESCRIPTION = 28064
S_MY_PARTY_MATCH_INFO = 45974
S_NAME_PREEMPTION_EVENT_INFO = 53643
S_NEED_WAREHOUSE_COMMISION = 36181
S_NEW_GOLD_RACE_INFO = 57513
S_NOCTAN_VARIATION_INFO = 31393
S_NOTIFY_ACTIVE_BUILD_TERRITORY_STATE = 55859
S_NOTIFY_BATTLE_FIELD_CHAT_BAN = 48730
S_NOTIFY_BATTLE_FIELD_NPC_DESPAWN = 23839
S_NOTIFY_BATTLE_FIELD_NPC_SPAWN = 21302
S_NOTIFY_DISCONNECT_BY_LEVEL_LIMIT = 35218
S_NOTIFY_GUILD_QUEST_URGENT = 21188
S_NOTIFY_GUILD_WAR_INFO = 63440
S_NOTIFY_GUILD_WAR_STATUS_CHANGE = 36812
S_NOTIFY_QUEST_RESTART = 48207
S_NOTIFY_TO_FRIENDS_WALK_INTO_SAME_AREA = 53983
S_NOTIFY_VM_STATUS = 55646
S_NPCGUILD_LIST = 37425
S_NPC_AI_EVENT = 41272
S_NPC_CHANGE_MESH = 57419
S_NPC_INTERACTION_COMBO_INFO = 60524
S_NPC_LOCATION = 65068
S_NPC_MENU_SELECT = 28592
S_NPC_OCCUPIER_INFO = 30870
S_NPC_PARTIAL_DESTRUCT = 26417
S_NPC_PART_BLINK = 41504
S_NPC_PART_BREAK_ACTIVE = 34450
S_NPC_RESPAWN_PLAN_ALARM = 37371
S_NPC_SCALE = 53877
S_NPC_SITUATION = 59070
S_NPC_STATUS = 28622
S_NPC_TARGET_USER = 37843
S_NPC_TRANSLATIONZ = 50548
S_OBTAIN_TOKEN_ITEM = 27392
S_ONGOING_FIELD_EVENT_LIST = 63007
S_ONGOING_HUNTING_EVENT_LIST = 36597
S_ONGOING_LEVEL_EVENT_LIST = 59826
S_OPEN_AWESOMIUM_WEB_URL = 34282
S_OPEN_BOARD = 64113
S_OPEN_CHANGE_CHARACTER_NAME_POPUP = 47255
S_OPEN_CITY_WAR_SEASON_HISTORY = 25972
S_OPEN_DUAL_OPTION_MATERIAL_INFO = 44752
S_OPEN_EPPERK_RESET_POPUP = 37078
S_OPEN_FLOATING_CASTLE_STORE = 29505
S_OPEN_GUARD_INFO_WINDOW = 28099
S_OPEN_GUILD_FLAG_WINDOW = 44705
S_OPEN_GUILD_LOGO_WINDOW = 28998
S_OPEN_GUILD_WAR_WINDOW = 63504
S_OPEN_RENAME_GUILD_POPUP = 23932
S_OPEN_VM_SELLBUY_WINDOW = 48674
S_OPEN_VM_SETTING_WINDOW = 21166
S_OP_COMMAND = 38692
S_OTHER_USER_APPLY_PARTY = 25363
S_PARCEL_READ_RECV_STATUS = 24610
S_PARCEL_REPORT = 44668
S_PARTY_INFO = 41909
S_PARTY_LOOTING_METHOD = 32887
S_PARTY_LOOTING_METHOD_VOTE = 46083
S_PARTY_MARKER = 52692
S_PARTY_MATCH_LINK = 41518
S_PARTY_MEMBER_ABNORMAL_ADD = 21039
S_PARTY_MEMBER_ABNORMAL_CLEAR = 24455
S_PARTY_MEMBER_ABNORMAL_DEL = 51524
S_PARTY_MEMBER_ABNORMAL_REFRESH = 34565
S_PARTY_MEMBER_BUFF_UPDATE = 53403
S_PARTY_MEMBER_CHANGE_HP = 49711
S_PARTY_MEMBER_CHANGE_MP = 49848
S_PARTY_MEMBER_CHANGE_STAMINA = 42731
S_PARTY_MEMBER_INFO = 31409
S_PARTY_MEMBER_INTERVAL_POS_UPDATE = 55396
S_PARTY_MEMBER_LIST = 20442
S_PARTY_MEMBER_QUEST_DATA = 64964
S_PARTY_MEMBER_STAT_UPDATE = 38371
S_PARTY_NOTIFY_MY_POSITION = 31718
S_PCBANGINVENTORY_DATALIST = 62236
S_PENDING_TRANSFORM_DATA = 36658
S_PETITION_CANCEL = 34501
S_PETITION_CHAT_BEGIN = 22466
S_PETITION_CHAT_END = 40586
S_PETITION_CHAT_GM_MESSAGE = 51681
S_PETITION_CHECK_CREATABLE = 57934
S_PETITION_CHECK_SURVEYABLE = 50170
S_PETITION_COMPLETE = 46452
S_PETITION_CREATE = 40367
S_PETITION_FORCE_CREATE = 54659
S_PETITION_INFO = 34578
S_PET_ATTACKED = 45692
S_PET_DURABILITY_CHANGE = 52374
S_PET_INCUBATOR_INFO_CHANGE = 47383
S_PET_INCUBATOR_PROGRESS = 47658
S_PET_INCUBATOR_SHOW = 35761
S_PET_INFO_CHANGE = 52878
S_PET_INFO_CLEAR = 40600
S_PET_MANAGER_SHOW = 53412
S_PET_STOP_ALERT = 25115
S_PING = 37720
S_PK_END = 59634
S_PK_START = 53809
S_PK_TAG = 33660
S_PLAYER_AUTOPILOT = 30373
S_PLAYER_CHANGE_ALL_PROF = 38919
S_PLAYER_CHANGE_DRAIN = 52054
S_PLAYER_CHANGE_EP = 34419
S_PLAYER_CHANGE_EXP = 44740
S_PLAYER_CHANGE_FLIGHT_ENERGY = 47475
S_PLAYER_CHANGE_MP = 49063
S_PLAYER_CHANGE_NOCTAN_COUNT = 56879
S_PLAYER_CHANGE_PROF = 23216
S_PLAYER_CHANGE_STAMINA = 21713
S_PLAYER_RESET_EP = 65029
S_PLAYER_STAT_UPDATE = 51336
S_PLAYER_VEHICLE_EX_STAT_UPDATE = 34514
S_PLAYTIME = 33874
S_PLAYTIME_EVENT_END = 30229
S_PLAYTIME_EVENT_REWARD_DATA = 29530
S_PLAY_ANIMATION = 49245
S_PLAY_EFFECT = 42264
S_PLAY_EVENT_SOUND = 62384
S_PLAY_MAGNETIC = 53335
S_PLAY_MOVIE = 32823
S_PLAY_SOUND = 30218
S_PLAY_SOUND_BYNAME = 61308
S_PLAY_TIME = 57784
S_POINT_STORE_BASKET = 46485
S_POINT_STORE_SELL_LIST = 55540
S_POLITICS_POINT_STORE_BASKET = 38241
S_POLITICS_POINT_STORE_SELL_LIST = 63353
S_POSITION_SWAP = 61290
S_POST_PROCESS = 27292
S_POST_PROCESS_MATERIAL = 24413
S_PRECONFIRM_INVITE_CODE = 30935
S_PREMIUM_COMPOSE_ADD_ITEM = 60672
S_PREMIUM_COMPOSE_DEL_ITEM = 41065
S_PREMIUM_COMPOSE_RESET = 45633
S_PREMIUM_COMPOSE_RESULT = 59038
S_PREMIUM_COMPOSE_START = 56667
S_PREMIUM_COMPOSE_UI_INFO = 49007
S_PREMIUM_SLOT_DATALIST = 35156
S_PREMIUM_SLOT_OFF = 56367
S_PREPARE_CHANGE_USER_APPEARANCE = 32303
S_PREPARE_DONE_WORKOBJECT = 31459
S_PREPARE_EXIT = 43946
S_PREPARE_INGAME_CHANGE_USER_APPEARANCE = 45713
S_PREPARE_RETURN_TO_LOBBY = 32098
S_PREPARE_SELECT_CHANNEL = 21933
S_PREPARE_WORKOBJECT = 33999
S_PREVIEW_ITEM = 58518
S_PRIVATE_CHANNEL_NOTICE = 60486
S_PRIVATE_CHAT = 26922
S_PRODUCE_CRITICAL = 38442
S_PROMOTION_INFO = 51489
S_PROMOTION_PROCESS = 23872
S_PROMOTION_SUCCESS = 50921
S_PROTECT = 50806
S_PURCHASE_PROD = 33769
S_PUSHED_BY_SHIELD = 54596
S_PUT_WARE_ITEM = 46326
S_PVE_LEADER_BOARD_INFO = 24242
S_PVE_RANKING_LIST = 38802
S_PVP_LEADER_BOARD_INFO = 22128
S_PVP_RANKING_LIST = 59255
S_QA_SET_ADMIN_LEVEL = 47855
S_QUEST_BALLOON = 42248
S_QUEST_INFO = 59050
S_QUEST_VILLAGER_INFO = 59896
S_RACE_CHANGE_RESTRICTION = 29207
S_RANK_MESSAGE = 39399
S_RANK_POINT_STATUS = 56262
S_READY_PULL = 50535
S_RECEIVE_TOKEN_TARGET_ITEM = 21711
S_RECV_PARCEL = 26876
S_REGISTER_ENCHANT_ITEM = 44240
S_REGISTER_EVOLUTION_ITEM = 39767
S_REGISTER_REPAIR_ITEM = 33179
S_REIGN_INFO = 42880
S_REJECT_CONTRACT = 52672
S_REMAIN_PLAY_TIME = 51867
S_REMOVE_BLOCKED_USER = 23133
S_REMOVE_EFFECT = 54032
S_REMOVE_EVENT_MATCHING_QUEST = 23903
S_REMOVE_GUILD_GROUP = 25622
S_REMOVE_GUILD_MEMBER = 24735
S_REMOVE_SOUND_BYNAME = 26012
S_RENAME_ITEMSTRING_START = 29096
S_REPLY_GUILD_LIST = 50487
S_REPLY_GUILD_WANTED_WRITING_LIST = 54644
S_REPLY_INVITE_GUILD_LIST = 29667
S_REPLY_NONDB_ITEM_INFO = 23491
S_REPLY_REQUEST_CONTRACT = 40159
S_REPLY_RET_VILLAGE_INFO = 21346
S_REPLY_SET_GUILD_WANTED_WRITING = 50451
S_REQUEST_CHANGE_PARTY_MATCH_RULE = 52666
S_REQUEST_CITY_WAR_MAP_INFO = 59550
S_REQUEST_CITY_WAR_MAP_INFO_DETAIL = 27278
S_REQUEST_CITY_WAR_MAP_INFO_END = 43422
S_REQUEST_CONTRACT = 54039
S_REQUEST_COOLTIME_TO_JOIN_GUILD = 32690
S_REQUEST_DEMOLIST_GUILD_TOWER_POPUP = 46231
S_REQUEST_DUNGEON_MATCHING_UI = 58682
S_REQUEST_FLOATING_CASTLE_PARTS_COOL_TIME = 45404
S_REQUEST_GUILD_FLAG_IMAGE_DATA = 33913
S_REQUEST_GUILD_INFO_BEFORE_APPLY_GUILD = 46575
S_REQUEST_INGAMESTORE_PRODUCT_DETAIL = 41443
S_REQUEST_INGAMESTORE_SALE_PRODUCTLIST = 48783
S_REQUEST_INVITE_GUILD_TAG = 64750
S_REQUEST_JOINED_CHANNEL_LIST = 21644
S_REQUEST_JOIN_GUILD_NOTICE = 28002
S_REQUEST_NAME_PREEMPTION = 55462
S_REQUEST_PRIVATE_CHANNEL_INFO = 59624
S_REQUEST_REACTION_POS_TICK = 20146
S_REQUEST_RENEW_ALL_PARTS_ITEM = 46073
S_REQUEST_SECOND_PASSWORD_AUTH = 45264
S_REQUEST_SECOND_PASSWORD_REGISTER = 58208
S_REQUEST_STYLE_SHOP_MARK_PRODUCTLIST = 20201
S_REQUEST_UPDATE_CUSTOM_USER_CUSTOMIZING = 58568
S_REQUEST_WRITE_BOARD_RESULT = 28439
S_RESET_ALL_PRODUCT_MARK_EVENT = 52966
S_RESET_EP_PERK = 55303
S_RESET_GUILD_PERK = 34292
S_RESET_SKILL = 38659
S_RESPONSE_ACCESSORY_COST_INFO = 24183
S_RESPONSE_GAMESTAT_PONG = 22245
S_RESULT_BATTLE_FIELD_CHAT_BAN = 52454
S_RESULT_BIDDING_DICE_THROW = 63817
S_RESULT_CHANGE_CHARACTER_NAME = 26245
S_RESULT_CHANGE_DUAL_OPTION_IDX = 44405
S_RESULT_CHANGE_FRIEND_MEMO = 54018
S_RESULT_CHANGE_MY_PROFILE = 45491
S_RESULT_ENCHANT = 60610
S_RESULT_EQUIPMENT_INHERITANCE = 61719
S_RESULT_EVENT_SEED = 58313
S_RESULT_EVOLUTION = 30472
S_RESULT_GROUP_DUEL_MSG = 21303
S_RESULT_ITEM_BIDDING = 60991
S_RESULT_ITEM_COLORING = 32140
S_RESULT_LEARN_GUILD_PERK = 28373
S_RESULT_MATERIAL_AWAKEN = 59034
S_RESULT_OPEN_DUAL_OPTION = 34467
S_RESULT_RENAME_GUILD = 52601
S_RESULT_REPAIR_ITEM = 55702
S_RESULT_SEREN_GUIDE = 49822
S_RESULT_USABLE_CHARACTER_NAME = 51082
S_RESULT_USABLE_GUILD_NAME = 64512
S_RETURN_PARCEL = 56476
S_RETURN_TO_LOBBY = 25169
S_RETURN_USER = 58722
S_RETURN_USER_REWARD_END = 55763
S_REWARDNPC_SPAWN_ALARM = 63445
S_REWRITE_ITEM_STRING = 27683
S_RIGHT_ITEM_LIST = 20437
S_ROUND_PVE_BATTLE_FIELD_BOARD = 47202
S_ROUND_PVE_CLOSE_SKILL_UI = 58015
S_ROUND_PVE_OPEN_SKILL_UI = 37459
S_ROUND_PVE_SCORE = 50593
S_ROUND_PVP_BATTLE_FIELD_BOARD = 44678
S_ROUND_RESULT = 20208
S_ROUND_START = 33908
S_RP_ADD_ITEM_TO_DECOMPOSITION_CONTRACT = 24833
S_RP_COMMIT_DECOMPOSITION_CONTRACT = 49072
S_RP_DEL_ITEM_FROM_DECOMPOSITION_CONTRACT = 43758
S_RP_START_SOCIAL_ON_PROGRESS_DECOMPOSITION = 22175
S_RP_UPDATE_ITEM_TO_DECOMPOSITION_CONTRACT = 37012
S_SCENARIO_DUNGEON_UI = 34895
S_SECOND_PASSWORD_AUTH_RESULT = 43037
S_SECOND_PASSWORD_REGISTER_RESULT = 30685
S_SELECT_CHANNEL = 53985
S_SELECT_EVENT_MATCHING = 61945
S_SELECT_USER = 26554
S_SEND_CHANGE_REPUTATION_EXP = 20399
S_SEND_CHANGE_REPUTATION_POINT = 32917
S_SEND_PARCEL = 23742
S_SEND_PARCEL_TAX = 40041
S_SEND_QUEST_ITEM_INFO = 45565
S_SEND_ROUND_PVE_SKILL_LIST = 22305
S_SEND_USER_PLAY_TIME = 39413
S_SEND_VIP_SYSTEM_INFO = 58973
S_SERVANT_ABILITY = 28615
S_SERVER_TIME = 20398
S_SET_AWESOMIUM_WEB_URL = 23916
S_SET_FLY_MOVE_INFO = 32007
S_SET_GUILD_JOIN_CONDITION = 32575
S_SET_ITEM_BIDDING_FLAG = 54100
S_SET_ITEM_STRING = 64121
S_SET_KUMAS_BATTLE_FIELD_TREASURE_SCORE = 36434
S_SET_NEW_TERA_USER = 57564
S_SET_POS = 58327
S_SET_RECIPE_BOOKMARK = 53811
S_SET_SEND_PARCEL_ITEM = 63836
S_SET_SEND_PARCEL_MONEY = 44717
S_SET_VISIBLE = 34921
S_SET_WORKOBJECT = 50706
S_SHARE_USER_PING = 36796
S_SHORTCUT_CHANGE = 62789
S_SHOW_ARTISAN_MENU = 41051
S_SHOW_AWESOMIUMWEB_SHOP = 29914
S_SHOW_CANDIDATE_LIST = 35871
S_SHOW_CHANGE_CHARACTER_UI = 23074
S_SHOW_CREST_LEARN = 27190
S_SHOW_DARKRIFT_USER_HP = 20983
S_SHOW_DEAD_CITY_WAR_UI = 21540
S_SHOW_DEAD_UI = 55064
S_SHOW_DUNGEON_RETRY_UI = 24686
S_SHOW_GAGE = 37522
S_SHOW_GUILD_QUEST_LIST = 61435
S_SHOW_HP = 39044
S_SHOW_ITEM_TOOLTIP = 53319
S_SHOW_NPC_TO_MAP = 45406
S_SHOW_PARCEL_MESSAGE = 49387
S_SHOW_PARTY_MATCH_INFO = 31834
S_SHOW_PCBANG_ICON = 43040
S_SHOW_PEGASUS_MAP = 62142
S_SHOW_REVIVE_UI = 32036
S_SHOW_TEMPER_WINDOW = 36049
S_SHOW_TRADE_ITEM = 36624
S_SHOW_TRADE_LOG = 37190
S_SHOW_USER_EP_INFO = 35847
S_SIMPLE_TIP_REPEAT_CHECK = 28215
S_SKILL_ATTENTION_TARGET = 34732
S_SKILL_CATEGORY = 26963
S_SKILL_CHASE_EFFECT_TARGET = 37370
S_SKILL_FORGET = 32032
S_SKILL_LEARN_LIST = 55820
S_SKILL_LEARN_RESULT = 54911
S_SKILL_LIST = 48529
S_SKILL_PERIOD = 54459
S_SKILL_TARGETING_AREA = 36253
S_SNOW_EVENT_BATTLE_FIELD_BOARD = 42509
S_SNOW_EVENT_BATTLE_FIELD_SPAWN_USER = 39592
S_SOCIAL = 58308
S_SOCIAL_CANCEL = 46064
S_SOCIAL_FORGET = 48612
S_SOCIAL_LEARN_RESULT = 22685
S_SPAWN_BONFIRE = 43299
S_SPAWN_BUILD_OBJECT = 37773
S_SPAWN_COLLECTION = 37101
S_SPAWN_DOOR = 62998
S_SPAWN_DROPITEM = 26282
S_SPAWN_EVENT_SEED = 44955
S_SPAWN_GAMBLE_BOX = 64324
S_SPAWN_ME = 50268
S_SPAWN_NPC = 21294
S_SPAWN_PET = 58613
S_SPAWN_PROJECTILE = 64339
S_SPAWN_REMOTE_PROJECTILE = 26893
S_SPAWN_SERVANT = 27035
S_SPAWN_SHUTTLE = 60819
S_SPAWN_STATUE = 32701
S_SPAWN_USER = 49581
S_SPAWN_WORKOBJECT = 53007
S_STAGE_RESULT = 65489
S_START_ACTION_SCRIPT = 24125
S_START_CHANGE_USER_APPEARANCE = 24394
S_START_CHAT_BAN = 43591
S_START_CHAT_BAN_INFINITY = 52176
S_START_CLIENT_CUSTOM_SKILL = 58143
S_START_CLIMBING = 21870
S_START_COMMANDER_SKILL = 31461
S_START_COOLTIME_ITEM = 51447
S_START_COOLTIME_SKILL = 56242
S_START_DRIVE_AIRSHIP = 56683
S_START_FISHING_CHARGE = 65415
S_START_FISHING_MINIGAME = 31252
S_START_FIX_SPIRIT = 35627
S_START_FIX_VEHICLE = 34789
S_START_GUILD_QUEST = 36104
S_START_GUILD_WAR = 23665
S_START_INVERSE_CAPTURE = 47401
S_START_LEVEL_COMPENSATION = 53124
S_START_PEGASUS = 36556
S_START_PRODUCE = 49183
S_START_ROUND_PVE_ROUND = 49990
S_START_STACK_ATTENDANCE_EVENT_INFO = 52163
S_START_USER_PROJECTILE = 62562
S_START_VM_BUY = 63605
S_START_VM_SELL = 49377
S_STEER_DEBUG_COMMAND = 37658
S_STICK_TO_USER_END = 65325
S_STICK_TO_USER_START = 37534
S_STOP_VM = 48659
S_STORE_BASKET = 27932
S_STORE_SELL_LIST = 36920
S_STRONGHOLD_OCCUPATION_BATTLE_FIELD_BOARD = 36170
S_STRONGHOLD_OCCUPATION_BATTLE_FIELD_STRONGHOLD_INFO = 51659
S_STR_EVALUATE_LIST = 51025
S_STYLE_SHOP_BUY_TCAT_ITEM = 26709
S_SUCCESS_COUNTER = 32950
S_SUCCESS_STYLE_SHOP_BUY_REPUTATION_ITEM = 26270
S_SUGGEST_DARK_RIFT_PARTY_MATCHING = 49168
S_SURVEY_QUESTION = 35182
S_SWITCH_INFO = 51381
S_SYNC_PEGASUS_TIME = 27444
S_SYSTEM_MESSAGE = 38936
S_SYSTEM_MESSAGE_CUSTOM = 39953
S_SYSTEM_MESSAGE_LOOT_ITEM = 51574
S_SYSTEM_MESSAGE_LOOT_SPECIAL_ITEM = 35349
S_SYSTEM_REWARD_MESSAGE = 52757
S_SYS_PARTY_INFO = 50740
S_TARGET_INFO = 44977
S_TASK_INFO_GUARD = 37693
S_TAX_INFO = 59938
S_TELEPORT_TO_CAMP = 32408
S_TEMPER_MATERIALS = 26865
S_TEMPER_RESULT = 59233
S_TERRITORY_STEP_ENTER = 42455
S_TERRITORY_STEP_LEAVE = 28321
S_TERRITORY_STEP_PROGRESS = 60803
S_TIMEOVER_CONTRACT = 42086
S_TOGGLE_TASK_INFO_WINDOW = 46227
S_TOKEN_POINT_STATUS = 41184
S_TOTAL_GUILD_WAR_DATA = 32578
S_TRADE_ACCEPT = 25245
S_TRADE_BAG_CLOSE = 26338
S_TRADE_BAG_DONE = 56607
S_TRADE_BOX = 55517
S_TRADE_BROKER_BOUGHT_ITEM_LIST = 21980
S_TRADE_BROKER_BUY_IT_NOW = 60731
S_TRADE_BROKER_CALC_NOTIFY = 44850
S_TRADE_BROKER_DEAL_INFO_UPDATE = 56801
S_TRADE_BROKER_DEAL_SUGGESTED = 62108
S_TRADE_BROKER_HIGHEST_ITEM_LEVEL = 60540
S_TRADE_BROKER_HISTORY_ITEM_LIST = 35471
S_TRADE_BROKER_INPUT_PRICE = 52128
S_TRADE_BROKER_REGISTERED_ITEM_LIST = 25926
S_TRADE_BROKER_REQUEST_DEAL_RESULT = 56506
S_TRADE_BROKER_SOLD_ITEM_LIST = 50683
S_TRADE_BROKER_SUGGEST_DEAL = 53171
S_TRADE_BROKER_WAITING_ITEM_LIST = 49270
S_TRADE_MESSAGE = 61561
S_TRANSFER_KUMAS_BATTLE_FIELD_TREASURE = 56745
S_TUTORIAL_PLAY_FINISHED = 64298
S_UNICAST_FLOATING_CASTLE_INFO = 58619
S_UNICAST_FLOATING_CASTLE_NAMEPLATE = 47735
S_UNICAST_TRANSFORM_DATA = 51682
S_UNMOUNT_VEHICLE = 50529
S_UNMOUNT_VEHICLE_EX = 63271
S_UNREGISTER_ENCHANT_ITEM = 64567
S_UNREGISTER_EVOLUTION_ITEM = 29298
S_UNREGISTER_REPAIR_ITEM = 62205
S_UPDATE_ACHIEVEMENT_PROGRESS = 45014
S_UPDATE_BIDDING_COUNT = 52759
S_UPDATE_CONTENTS_ON_OFF = 61617
S_UPDATE_EVENT_MATCHING_BONUS_INFO = 29279
S_UPDATE_EVENT_SEED_STATE = 38925
S_UPDATE_EVENT_SYSTEM = 47930
S_UPDATE_FRIENDSHIP_GAGE = 46300
S_UPDATE_FRIEND_INFO = 35868
S_UPDATE_GAMBLE_BOX_STATE = 21023
S_UPDATE_GUILD_ANNOUNCE = 32200
S_UPDATE_GUILD_FLAG = 29004
S_UPDATE_GUILD_GROUP = 31991
S_UPDATE_GUILD_MEMBER = 48418
S_UPDATE_GUILD_QUEST_STATUS = 44476
S_UPDATE_GUILD_TOWER_INFO = 64227
S_UPDATE_KUMAS_BATTLE_FIELD_TREASURE_INFO = 58883
S_UPDATE_KUMAS_BOSS_POS = 56935
S_UPDATE_NPCGUILD = 55868
S_UPDATE_PARTY_MEMBER_QUEST_DATA = 49333
S_UPDATE_QUEST = 20797
S_UPDATE_STACK_ATTENDANCE_EVENT_INFO = 64981
S_UPDATE_STACK_ATTENDANCE_EVENT_RESET_TIME = 50814
S_UPDATE_STYLE_SHOP_MARK_PRODUCT = 44845
S_UPDATE_USER_AWAKEN_GRADE = 45479
S_UPDATE_VM_SELLBUY_WINDOW = 36337
S_UPDATE_VM_SETTING_WINDOW = 28863
S_UPDATE_VM_STATUS = 46468
S_USER_AIM = 63633
S_USER_AIM_TO = 63135
S_USER_APPEARANCE_CHANGE = 29793
S_USER_BLOCK_LIST = 26360
S_USER_CHANGE_FACE_CUSTOM = 31454
S_USER_CHANGE_NAME = 24961
S_USER_DEATH = 46220
S_USER_EFFECT = 33950
S_USER_EXTERNAL_CHANGE = 26851
S_USER_FLYING_LOCATION = 60687
S_USER_ITEMLEVEL_INFO = 45913
S_USER_ITEM_EQUIP_CHANGER = 45017
S_USER_LEVELUP = 56067
S_USER_LOCATION = 50673
S_USER_LOCATION_IN_ACTION = 54204
S_USER_MOVETYPE = 27221
S_USER_PAPERDOLL_INFO = 31276
S_USER_PVE_RANKING = 37354
S_USER_PVP_RANKING = 33616
S_USER_REPORT = 53954
S_USER_SITUATION = 49849
S_USER_STATUS = 39942
S_USER_WEAPON_APPEARANCE_CHANGE = 49192
S_USE_CHRONOSCROLL_RESULT = 54401
S_USE_COUPON = 51908
S_USE_RIGHT_ITEM = 29219
S_VEHICLE_EX_ARROW = 49767
S_VERSION_INFO = 34793
S_VIEW_BATTLE_FIELD_RESULT = 34913
S_VIEW_GUILD_WAR = 24954
S_VIEW_INTER_PARTY_MATCH_BATTLEFIELD_LIST = 48546
S_VIEW_INTER_PARTY_MATCH_DUNGOEN_LIST = 64941
S_VIEW_PARTY_INVITE = 44245
S_VIEW_VM_SETTING_WINDOW = 42055
S_VIEW_WARE = 60324
S_VIEW_WARE_EX = 39921
S_VILLAGER_BUFF_INFO = 20568
S_VILLAGER_POPUP_DIALOG = 45210
S_VILLAGE_LIST_TO_TELEPORT = 52888
S_VIP_STORE_ITEM_LIST = 27074
S_VISITED_SECTION_LIST = 31904
S_VISIT_NEW_SECTION = 32962
S_VISIT_NEW_TEL_CAMP = 62395
S_VM_BUY_BASKET_INFO = 29513
S_VM_SELL_BASKET_INFO = 42015
S_VOID_GUARD_INFO = 23252
S_VOTE_DISMISS_PARTY = 48302
S_VOTE_HISTORY = 55598
S_VOTE_RESET_ALL_DUNGEON = 59042
S_VOTE_TO_DUNGEON_MENTO = 61488
S_WAITING_LIST = 64972
S_WATCHED_MOVIES = 35333
S_WEAK_POINT = 44611
S_WELCOME_PET_OWNER = 65318
S_WHISPER = 30938
S_WORK_WORKOBJECT = 38312
S_WORLD_OF_TANK_BATTLE_FIELD_BOARD = 64931
S_WORLD_OF_TANK_BATTLE_FIELD_RESULT = 37450
S_WORLD_QUEST_VILLAGER_INFO = 29537
