C_ACCEPT_CONTRACT 47225
C_ACCEPT_FRIEND 33531
C_ACCEPT_GUILD_APPLY 57322
C_ACCEPT_GUILD_WAR 21101
C_ACTIVATE_CARD_COMBINE_LIST 38021
C_ADD_CRYSTAL_COMBINE_MATERIAL 33146
C_ADD_FRIEND 43770
C_ADD_FRIEND_GROUP 37392
C_ADD_INTER_PARTY_MATCH_POOL 62798
C_ADD_ITEM_TO_VM_BUY_BASKET 26369
C_ADD_ITEM_TO_VM_SELL_BASKET 26744
C_ADD_MATERIAL_AWAKEN 22348
C_ADD_TELEPORT_TO_POS_LIST 44354
C_ADD_TO_TEMPER_MATERIAL_EX 39862
C_ADD_TRADE_BAG 58119
C_ADMIN 46293
C_ADMIN_ADD_CUSTOM_BOOKMARK 36141
C_ADMIN_CHAT_BAN 55931
C_ADMIN_CHECK_USERNAME 26592
C_ADMIN_CHECK_USERNAME_WITH_GAMEID 25750
C_ADMIN_GET_DUNGEON_USER_LIST 56193
C_ADMIN_GET_USER_INFO_BY_DBID 56796
C_ADMIN_GET_USER_INFO_LIST_BY_DISTANCE 26103
C_ADMIN_GMEVENT_NOTICE 57284
C_ADMIN_GMEVENT_OFF 27524
C_ADMIN_GMEVENT_OX_QUIZ_NEXT_QUIZ 50374
C_ADMIN_GMEVENT_OX_QUIZ_NEXT_REPE_QUIZ 43092
C_ADMIN_GMEVENT_STATUS 23545
C_ADMIN_GMEVENT_USER_KICK 26668
C_ADMIN_GMEVENT_USER_SUMMON 34142
C_ADMIN_GM_MAPTELEPORT 35473
C_ADMIN_GM_SKILL 24063
C_ADMIN_GM_TELEPORT 28771
C_ADMIN_HOLD_CHARACTER 58653
C_ADMIN_KILL_NPC 43879
C_ADMIN_LOBBY 34987
C_ADMIN_REMOVE_CUSTOM_BOOKMARK 34293
C_ADMIN_REMOVE_NPC 58465
C_ADMIN_REQUEST_CHAT_BAN 25778
C_ADMIN_REQUEST_CUSTOM_BOOKMARK 34587
C_ADMIN_REQUEST_DEFAULT_BOOKMARK 26979
C_ADMIN_REQUEST_USERACTION 64982
C_ADMIN_REQUEST_USERINFO 58587
C_ADMIN_SPAWN_NPC 55763
C_ADMIN_VANISH_PET 49063
C_ADMIN_WARNING_MESSAGE 28965
C_ANSWER_BANNING_PARTY_MEMBER 52953
C_ANSWER_CODE_HASH 29478
C_ANS_QUEST_SHARE 52060
C_APPLY_GUILD 57927
C_APPLY_INVEN_POCKET_SORT 56935
C_APPLY_PARTY 36896
C_APPLY_TITLE 32577
C_ARRIVE_AT_JUMPGEAR_DESTINATION 48408
C_ASK_HANCOIN_AMOUNT 34900
C_ASK_INTERACTIVE 47784
C_AVAILABLE_EVENT_MATCHING_LIST 31950
C_AWESOMIUM_WEB_COUNTING 54429
C_BANISH_GUILD_MEMBER 59475
C_BAN_FROM_GROUP_DUEL 46089
C_BAN_PARTY_MEMBER 51091
C_BATTLE_FIELD_BOARD_REQUEST 25351
C_BATTLE_FIELD_CANCEL_OCCUPATION 39307
C_BATTLE_FIELD_HELP 38017
C_BATTLE_FIELD_MAP_ALARM 60100
C_BATTLE_FIELD_POINT_STORE_BUY_ADD_BASKET 43385
C_BATTLE_FIELD_POINT_STORE_BUY_DEL_BASKET 63453
C_BATTLE_FIELD_POINT_STORE_COMMIT 33596
C_BATTLE_FIELD_REWARD 39824
C_BATTLE_FIELD_START_OCCUPATION 46846
C_BETTING_TRY 25876
C_BIND_ITEM_BEGIN_PROGRESS 61801
C_BIND_ITEM_CANCEL 32570
C_BIND_ITEM_EXECUTE 57312
C_BLOCK_USER 29040
C_BOARD_ITEM_LIST 54615
C_BOT_CANDIDATE_INFO 40510
C_BROADCAST_CLIMBING 48591
C_BUY_INGAMESTORE_MONEYPRODUCT 36198
C_BUY_INGAMESTORE_TCATPRODUCT 43126
C_BUY_VILLAGER_BUFF 54205
C_CANCEL_CHANGE_USER_APPEARANCE 23625
C_CANCEL_CONTRACT 58113
C_CANCEL_DELETE_USER 63248
C_CANCEL_DUNGEON_RETRY 58877
C_CANCEL_EXIT 24940
C_CANCEL_FIX_SPIRIT 33015
C_CANCEL_FIX_VEHICLE 25295
C_CANCEL_LOCKON_TARGET 40960
C_CANCEL_PENDING 54727
C_CANCEL_PREPARE_CHANGE_USER_APPEARANCE 27071
C_CANCEL_QUEST 32949
C_CANCEL_RETURN_TO_LOBBY 58884
C_CANCEL_REVIVE 59844
C_CANCEL_SELECT_CHANNEL 54209
C_CANCEL_SKILL 22922
C_CANCEL_TEMPER 57272
C_CAN_CREATE_USER 52522
C_CAN_LOCKON_TARGET 56009
C_CAST_FISHING_ROD 36536
C_CHANGE_CARD_PRESET 25719
C_CHANGE_CHANNEL_PASSWORD 57547
C_CHANGE_CHARACTER 56802
C_CHANGE_EQUIP_PRESET 33482
C_CHANGE_FRIEND_MEMO 45668
C_CHANGE_GROUP_DUEL_SETTING 60495
C_CHANGE_GUILDGROUP 39890
C_CHANGE_GUILDNAME 44512
C_CHANGE_GUILD_CHIEF 63610
C_CHANGE_ITEM_COLORING_POTION 24506
C_CHANGE_ITEM_PASSIVE_LIST 41906
C_CHANGE_LOOKS_PREMIUM_TRY 27973
C_CHANGE_LOOKS_SERVANT 54902
C_CHANGE_MODE 63945
C_CHANGE_MY_PROFILE 39975
C_CHANGE_MY_STATE 48845
C_CHANGE_PARTY_MANAGER 40425
C_CHANGE_PARTY_MEMBER_AUTHORITY 27213
C_CHANGE_SERVANT_CONDITIONAL_SKILL 24922
C_CHANGE_SERVANT_NAME 38001
C_CHANGE_USER_LOBBY_SLOT_ID 27257
C_CHANGE_USER_NAME 60505
C_CHANGE_VM_MODE 29959
C_CHAT 46952
C_CHAT_REPORT 25847
C_CHECK_CHANGE_GUILDNAME 39239
C_CHECK_EVENT_MATCHING_LIST_CHECKBOX 42777
C_CHECK_EVENT_SYSTEM_REWARD 55366
C_CHECK_EXTRACT 43564
C_CHECK_NEW_GUILDNAME 54503
C_CHECK_TO_DECLARE_GUILD_WAR 22050
C_CHECK_TO_OPPOSITE_DECLARE_GUILD_WAR 63753
C_CHECK_TO_RAISE_GUILD_WAR 53264
C_CHECK_TO_READY_PARTY 39669
C_CHECK_TO_READY_PARTY_ANSWER 28381
C_CHECK_USERNAME 50939
C_CHECK_VERSION 19900
C_CITY_WAR_INFO_HISTROY 33449
C_CITY_WAR_SEASON_HISTROY 54570
C_CLEAR_SEND_PARCEL 35965
C_CLOSE_SEND_PARCEL 25065
C_CLOSE_VM 41292
C_COLLECTION_PICKEND 47540
C_COLLECTION_PICKSTART 60653
C_COLLIDE_FLY_NPC 27147
C_COMBATLOG_USER_INFO_RESET 35350
C_COMBINE_ITEM 36714
C_COMMIT_ACCESSORY_TRANSFORM 63523
C_COMMIT_CHANGE_USER_APPEARANCE 37605
C_COMMIT_FACE_BONE_DATA 36148
C_COMMIT_INGAME_CHANGE_USER_APPEARANCE 32250
C_COMMIT_VM_TRADE 27231
C_COMPLETE_DAILY_EVENT 29389
C_COMPLETE_EXTRA_EVENT 29465
C_COMPLETE_QUEST 46061
C_CONFIRM_EVENT_SYSTEM 64043
C_CONFIRM_INVITE_CODE 58213
C_CONFIRM_SERVANT_AUTO_POTION_INFO 21821
C_CONFIRM_UPDATE_NOTIFICATION 49505
C_CREATE_GROUP_DUEL 62638
C_CREATE_GUILDGROUP 49043
C_CREATE_PRIVATE_CHANNEL 24912
C_CREATE_USER 39389
C_CREST_APPLY 50097
C_CREST_APPLY_LIST 59795
C_CREST_DISAPPLY_ALL 52760
C_CRYSTAL_COMBINE_EXECUTE 35916
C_CURRENT_CHANNEL 35571
C_CUSTOM_USER_CUSTOMIZING 22967
C_DEACTIVATE_CARD_COMBINE_LIST 26783
C_DECLARE_GUILD_WAR 51123
C_DECOMPOSE_REGISTER_ITEM 62973
C_DECOMPOSE_UNREGISTER_ITEM 48746
C_DECOMPOSITION_ITEM 31267
C_DELETE_COUPON 42845
C_DELETE_FRIEND 46826
C_DELETE_FRIEND_GROUP 27363
C_DELETE_PARCEL 53695
C_DELETE_SERVANT 48941
C_DELETE_SERVANT_ABILITY 22060
C_DELETE_TELEPORT_TO_POS_LIST 60865
C_DELETE_USER 56093
C_DELIVERY_STORE_ADD_BASKET 63782
C_DELIVERY_STORE_COMMIT 23446
C_DELIVERY_STORE_DEL_BASKET 54631
C_DEL_CRYSTAL_COMBINE_MATERIAL 51924
C_DEL_FROM_AWAKEN 51140
C_DEL_FROM_TEMPER_MATERIAL 59172
C_DEL_INTER_PARTY_MATCH_POOL 37086
C_DEL_ITEM 44531
C_DEL_TRADE_BAG 50066
C_DESPAWN_BUILD_OBJECT 62031
C_DESTROY_GUILD 44238
C_DIALOG 32699
C_DIALOG_EVENT 51832
C_DISMISS_PARTY 64508
C_DISTRIBUTOR_ANSWER 46527
C_DUEL_CANCEL 44199
C_DUNGEON_CLEAR_COUNT_LIST 46156
C_DUNGEON_COOL_TIME_LIST 21861
C_DUNGEON_RANK_RECORD_LIST 50743
C_DUNGEON_RANK_SEASON_LIST 46262
C_DUNGEON_SUMMON_PARTY 59691
C_DUNGEON_UI_OPENED 25089
C_DUNGEON_WORK_ENTER 58532
C_DUNGEON_WORK_LEAVE 46032
C_DUNGEON_WORK_POINT_STORE_BUY_ADD_BASKET 56885
C_DUNGEON_WORK_POINT_STORE_BUY_DEL_BASKET 63405
C_DUNGEON_WORK_POINT_STORE_COMMIT 22435
C_DUNGEON_WORK_RETRY 22882
C_EDIT_BLOCKED_USER_MEMO 59592
C_EDIT_FRIEND_GROUP 28723
C_EDIT_PRIVATE_CHANNEL 46006
C_ENCHANTER_USE 65510
C_ENCHANT_BOOSTER_DROP_ITEM 27002
C_ENCHANT_BOOSTER_REGISTER_ITEM 26579
C_ENCHANT_BOOSTER_START 39803
C_END_CLIMBING 42461
C_END_CUSTOMIZING_PARTS_SHAPE 21681
C_END_FISHING_MINIGAME 31995
C_END_ITEM_BIDDING 65106
C_END_MOVIE 41508
C_END_RESTORE_CUSTOMIZING_PARTS_SHAPE 26649
C_END_STYLE_SHOP 62729
C_ENTER_BATTLE_FIELD 34595
C_ENTER_DUNGEON 63040
C_ENTER_SCENARIO_DUNGEON 48803
C_ENTER_TELEPORTTERRITORY 50350
C_EQUIPMENT_ENCHANT_SCROLL_USE 57741
C_EQUIP_ITEM 53149
C_EQUIP_SERVANT_ITEM 47072
C_EVENT_GUIDE 49195
C_EVENT_MATCHING_BATTLEFIELD_DETAIL_INFO 23731
C_EVENT_MATCHING_DUNGEON_DETAIL_INFO 31297
C_EXECUTE_AWAKEN 61185
C_EXECUTE_TEMPER 58180
C_EXIT 45024
C_EXPAND_INVEN_POCKET 36725
C_EXTEND_PARTY 58851
C_EXTRACT_REGISTER_ITEM 30858
C_EXTRACT_UNREGISTER_ITEM 38170
C_FACIAL_ATTACHMENT 34525
C_FIELD_EVENT_BAN 60619
C_FINDNAME 52966
C_FLOATING_CASTLE_PARTS_STORE_BUY_ADD_BASKET 33909
C_FLOATING_CASTLE_PARTS_STORE_BUY_DEL_BASKET 44080
C_FLOATING_CASTLE_PARTS_STORE_COMMIT 39560
C_GACHA_CANCEL 28154
C_GACHA_TRY 21027
C_GAMBLE_CANCEL 64348
C_GAMBLE_CHANGE_BET_ITEM 32253
C_GAMBLE_GO 22261
C_GAMBLE_STOP 58406
C_GAMBLE_TRY 39145
C_GET_AOI_INFO 52083
C_GET_ATTENDANCE_REWARD 59366
C_GET_EVENT_DETAIL 64332
C_GET_EVENT_SYSTEM_REWARD 40411
C_GET_GUILD_HISTORY 41133
C_GET_GUILD_WARE_HISTORY 27284
C_GET_IN_SHUTTLE 50024
C_GET_OUT_SHUTTLE 48896
C_GET_USER_GUILD_LOGO 51393
C_GET_USER_LIST 43128
C_GET_WARE_ITEM 41110
C_GIVE_UP_GUILD_WAR 52808
C_GMEVENT_ENTER_EVENT 29721
C_GMEVENT_LEAVE_EVENT 42709
C_GMEVENT_MOVE_TO_STADIUM 33156
C_GMEVENT_OX_REPE_QUIZ_ANSWER 56821
C_GROUP_DUEL_ADD_BETTING_ITEM 63358
C_GROUP_DUEL_BETTING 62679
C_GROUP_DUEL_BETTING_MONEY 23993
C_GROUP_DUEL_CHANGE_REPRESENT 30544
C_GROUP_DUEL_DEL_BETTING_ITEM 51343
C_GROUP_DUEL_RECORD 57052
C_GUARD_PK_POLICY 25734
C_GUILD_APPLY_LIST 58189
C_GUILD_APPLY_LIST_PAGE 61285
C_GUILD_STORE_BUY_ADD_BASKET 59442
C_GUILD_STORE_BUY_DEL_BASKET 55276
C_GUILD_STORE_COMMIT 60214
C_HARDWARE_INFO 63992
C_HIT_USER_PROJECTILE 43113
C_INGAME_CHANGE_USER_APPEARANCE_CANCEL 21500
C_INGAME_CHANGE_USER_APPEARANCE_TRY 28996
C_INVALID_BUILD_VERSION 45823
C_INVITE_FRIEND_CODE 22575
C_INVITE_USER_TO_GUILD 20598
C_ITEMSYNTHESIZER_REQUEST_CANCEL 36881
C_ITEMSYNTHESIZER_REQUEST_MATERIAL 60069
C_ITEMSYNTHESIZER_REQUEST_START 31524
C_ITEM_COLORING_ADD_ITEM 51790
C_ITEM_COLORING_REMOVE_ITEM 57320
C_ITEM_COLORING_SET_COLOR 53861
C_JOIN_GROUP_DUEL 61178
C_JOIN_PRIVATE_CHANNEL 32384
C_KICK_CHANNEL_MEMBER 25403
C_LEARN_EP_PERK 22560
C_LEAVE_GROUP_DUEL 63316
C_LEAVE_GUILD 46730
C_LEAVE_PARTY 52283
C_LEAVE_PRIVATE_CHANNEL 29394
C_LEAVE_TELEPORTTERRITORY 29087
C_LIST_CHANNEL 39931
C_LIST_PARCEL 64391
C_LOAD_EP_INFO 59148
C_LOAD_TOPO_FIN 49633
C_LOGIN_ARBITER 56836
C_LOGIN_WORLD 29724
C_LORD_ACHIEVEMENT_ACCOMPLISHED_LIST 42989
C_LORD_CALC_TAX 40772
C_LORD_CANDIDATE_LIST 33782
C_LORD_CANDIDATE_PLEDGE 64957
C_LORD_CHANGE_GREETINGS 28284
C_LORD_CHANGE_POLICY 21562
C_LORD_GUARD_INFO 20303
C_LORD_RANK_INFO 57254
C_LORD_REGISTER 40918
C_LORD_REGISTER_INFO 39555
C_LORD_TAX_SET 23245
C_LORD_VOTE 26506
C_LORD_VOTE_CANDIDATE_LIST 50721
C_MAIN_MENU_COMMAND 38892
C_MAIN_MENU_COMMAND_EXEC 54839
C_MAKE_ITEM_DEPRECATED 42694
C_MAKE_MONEY_DEPRECATED 46403
C_MEDAL_STORE_BUY_ADD_BASKET 61733
C_MEDAL_STORE_BUY_DEL_BASKET 45943
C_MEDAL_STORE_COMMIT 29697
C_MEET_BOSS_INFO 43375
C_MERGE_ITEM 31682
C_MERGE_ITEM_EXECUTE 52494
C_MERGE_PARTY_TO_RAID 47809
C_MOUNT_CARD 47669
C_MOUNT_VEHICLE_EX 31757
C_MOVE_INVEN_POS 58390
C_MOVE_ITEM 39729
C_MOVE_SLOT_IN_GROUP_DUEL 22570
C_MOVE_WARE_POS 51139
C_NOTIFY_LOCATION_IN_ACTION 46202
C_NOTIFY_LOCATION_IN_DASH 36916
C_NOTIFY_LOCATION_IN_REACTION 35295
C_NOTIFY_SPIRIT_LOCATION_IN_ACTION 45641
C_NOTIMELINE_SKILL 59228
C_NPCGUILD_LIST 53731
C_NPC_CONTACT 20066
C_OPEN_GUILD_WAR_WINDOW 58964
C_OPPOSITE_DECLARE_GUILD_WAR 59476
C_OP_COMMAND 23099
C_PARCEL_READ_RECV_STATUS 31403
C_PARCEL_REPORT 61598
C_PARTY_APPLICATION_DENIED 60152
C_PARTY_LOOTING_METHOD 48577
C_PARTY_LOOTING_METHOD_VOTE 20930
C_PARTY_MARKER 41519
C_PARTY_MATCH_WINDOW_CLOSED 49332
C_PARTY_NOTIFY_MY_POSITION 64996
C_PAY_WAREHOUSE_COMMISION 30222
C_PDH_QUERY 34889
C_PETITION_CANCEL 30094
C_PETITION_CHAT_USER_MESSAGE 63425
C_PETITION_CHECK_CREATABLE 44072
C_PETITION_CHECK_SURVEYABLE 23834
C_PETITION_COMPLETE_CONFIRM 21288
C_PETITION_CREATE 39095
C_PETITION_FEEDBACK 50728
C_PET_EQUIP 62125
C_PET_INCUBATOR_GET 38891
C_PET_INCUBATOR_PUT 29460
C_PET_INCUBATOR_START 42967
C_PET_INCUBATOR_TAKEALL 46555
C_PET_LEVEL_UP_ITEM_ADD_TO_LIST 56062
C_PET_LEVEL_UP_ITEM_REMOVE_FROM_LIST 58720
C_PET_ORB_ATTACH 51726
C_PET_ORB_DELETE 43469
C_PET_REPAIR 35077
C_PET_UNEQUIP 28756
C_PET_USE_ORB 28522
C_PING 23843
C_PK_DECLARE 62207
C_PLAYER_FLYING_LOCATION 28081
C_PLAYER_LOCATION 24428
C_PLAY_EXECUTE_TEMPER 43028
C_PLAY_TIME 40781
C_POINT_STORE_BUY_ADD_BASKET 62446
C_POINT_STORE_BUY_DEL_BASKET 37828
C_POINT_STORE_COMMIT 28478
C_POLITICS_POINT_STORE_BUY_ADD_BASKET 61095
C_POLITICS_POINT_STORE_BUY_DEL_BASKET 41104
C_POLITICS_POINT_STORE_COMMIT 50180
C_PONG 53169
C_PRECONFIRM_INVITE_CODE 20058
C_PREMIUM_COMPOSE_ADD_ITEM 48966
C_PREMIUM_COMPOSE_CANCEL 28609
C_PREMIUM_COMPOSE_DEL_ITEM 38723
C_PREMIUM_COMPOSE_RESET 32772
C_PREMIUM_COMPOSE_TRY 36564
C_PREPARE_WORKOBJECT 49969
C_PRESS_SKILL 40192
C_PREVIEW_ITEM 21950
C_PROMOTION_CANCEL 40485
C_PROMOTION_INFO 60713
C_PROMOTION_RESET 57589
C_PROMOTION_START 30344
C_PURCHASE_PROD 64003
C_PUT_INTO_PRISON 55162
C_PUT_WARE_ITEM 49789
C_QUERY_COIN 45682
C_RAISE_GUILD_WAR 34043
C_RECEIVE_COLLECTION_BOOK_REWARD 44808
C_RECEIVE_FREE_STYLE_SHOP_ITEMS 60000
C_RECEIVE_PLAYTIME_EVENT_REWARD 47071
C_RECOMMEND_GUILD 41786
C_RECOMMEND_USER_GUILD 20390
C_RECV_PARCEL 35591
C_RECV_PARCEL_ALL 51687
C_RECV_PARCEL_EX 43506
C_REGISTER_COMBINE_ITEM 55901
C_REGISTER_ENCHANT_ITEM 26767
C_REGISTER_EVOLUTION_ITEM 63469
C_REGISTER_PARTY_INFO 34691
C_REGISTER_REPAIR_ITEM 34501
C_REGISTER_VM_BUY_ITEM 64744
C_REGISTER_VM_SELL_ITEM 35048
C_REGIST_CUSTOMIZING_PARTS_SHAPE_ITEM 56996
C_REIGN_INFO 53306
C_REJECT_CONTRACT 64977
C_REJECT_INVITE_USER_TO_GUILD 60735
C_RELEASE_FROM_PRISON 40552
C_REMOVE_BLOCKED_USER 50688
C_REMOVE_COLORING_POTION 23876
C_REMOVE_GUILDGROUP 24852
C_REMOVE_ITEM_FROM_VM_BUY_BASKET 36768
C_REMOVE_ITEM_FROM_VM_SELL_BASKET 30535
C_RENAME_TELEPORT_TO_POS_LIST 52587
C_REPLY_INTER_PARTY_MAKE 63697
C_REPLY_TELEPORT 36292
C_REPLY_TELEPORT_NEAR_TOWN 30503
C_REPLY_TELEPORT_WALK_THROUGH 61787
C_REPLY_THROUGH_ARBITER_CONTRACT 55663
C_REQUEST_ABILITY_TRANSFER 39435
C_REQUEST_ACCESSORY_COST_INFO 59850
C_REQUEST_ACHIEVEMENT_LIST 36811
C_REQUEST_ARENA_BETTING_INFO 53907
C_REQUEST_BATTLE_FIELD_CHAT_BAN 41348
C_REQUEST_BATTLE_FIELD_PARTY_MARKER 21124
C_REQUEST_BATTLE_FIELD_PARTY_MARKER_CLEAR 51437
C_REQUEST_BOSS_GAGE_INFO 61526
C_REQUEST_BUY_VIP_STORE_ITEM 36782
C_REQUEST_CANCEL_GUILD_QUEST 43753
C_REQUEST_CANDIDATE_LIST 50624
C_REQUEST_CHANGE_CHARACTER_NAME 62647
C_REQUEST_CHANGE_DUAL_OPTION_IDX 24023
C_REQUEST_CHANGE_LOOKS_SERVANT 50274
C_REQUEST_CHANGE_PARTY_MATCH_RULE 54593
C_REQUEST_CITY_WAR_MAP_INFO 60023
C_REQUEST_CONTRACT 35163
C_REQUEST_COOLTIME_TO_JOIN_GUILD 43137
C_REQUEST_COUPON_DATA 21295
C_REQUEST_COUPON_LIST 43220
C_REQUEST_DEMOLISH_GUILD_TOWER 36870
C_REQUEST_DEMOLIST_GUILD_TOWER_POPUP 44440
C_REQUEST_DESPAWN_SERVANT 33804
C_REQUEST_DICE_THROW 53812
C_REQUEST_DUNGEON_WORK_LIST 62658
C_REQUEST_ENCHANT 35840
C_REQUEST_ENTER_VIP_DUNGEON 64900
C_REQUEST_EQUIPMENT_INHERITANCE 29091
C_REQUEST_EVENT_MATCHING_TELEPORT 60037
C_REQUEST_EVOLUTION 38226
C_REQUEST_FIELD_POINT_REWARD 20309
C_REQUEST_FINISH_GUILD_QUEST 48052
C_REQUEST_FLOATING_CASTLE_PARTS_COOL_TIME 31906
C_REQUEST_FLY_MOVE_INFO 39026
C_REQUEST_GAMESTAT_PING 25616
C_REQUEST_GUILD_FLAG_IMAGE_DATA 35900
C_REQUEST_GUILD_INCENTIVE 42824
C_REQUEST_GUILD_INFO 43547
C_REQUEST_GUILD_INFO_BEFORE_APPLY_GUILD 42811
C_REQUEST_GUILD_LEVEL_RANKING 61302
C_REQUEST_GUILD_LIST 20977
C_REQUEST_GUILD_LIST_PAGE 21961
C_REQUEST_GUILD_LIST_SORT 27405
C_REQUEST_GUILD_MEMBER_LIST 46251
C_REQUEST_GUILD_PERK_LIST 51533
C_REQUEST_GUILD_WANTED_WRITING_LIST 20164
C_REQUEST_GUILD_WANTED_WRITING_LIST_PAGE 20986
C_REQUEST_GUILD_WAR_PENALTY_INFO 40065
C_REQUEST_GUILD_WAR_TELEPORT 32950
C_REQUEST_GUILD_WAR_TRACKING_INFO 22221
C_REQUEST_IMAGE_DATA 38011
C_REQUEST_INCREASE_CARD_PRESET 42749
C_REQUEST_INGAMESTORE_PRODUCT_DETAIL 64338
C_REQUEST_INGAMESTORE_PRODUCT_LIST 65153
C_REQUEST_INVITE_GUILD_LIST 56406
C_REQUEST_INVITE_GUILD_LIST_PAGE 28994
C_REQUEST_ITEM_COLORING_VALUE 56211
C_REQUEST_LATEST_UPDATE_NOTIFICATION 39655
C_REQUEST_LEARN_GUILD_PERK 27619
C_REQUEST_MEGAPHONE 20386
C_REQUEST_MENTO_REWARD 62210
C_REQUEST_MISSION_QUEST_TELEPORT 27611
C_REQUEST_MY_ACTIVATE_CARD_COMBINE_LIST_DATA 51459
C_REQUEST_MY_PARTY_MATCH_INFO 38110
C_REQUEST_NAME_PREEMPTION 54949
C_REQUEST_NONDB_ITEM_INFO 45550
C_REQUEST_ONGOING_FIELD_EVENT_LIST 33216
C_REQUEST_OPEN_DUAL_OPTION 37307
C_REQUEST_OPEN_DUAL_OPTION_MATERIAL_INFO 54067
C_REQUEST_OTHERS_ACTIVATE_CARD_COMBINE_LIST_DATA_WITH_GAMEID 35254
C_REQUEST_OTHERS_CARD_DATA 24438
C_REQUEST_OTHERS_CARD_DATA_WITH_GAMEID 64273
C_REQUEST_PARTY_INFO 29114
C_REQUEST_PARTY_MATCH_INFO 57102
C_REQUEST_PARTY_MATCH_INFO_PAGE 46255
C_REQUEST_PARTY_MATCH_LINK 49314
C_REQUEST_PERF 41215
C_REQUEST_PET_CONSUME_EXP_ITEM 27788
C_REQUEST_PING 62897
C_REQUEST_PLAYTIME 46966
C_REQUEST_PRIVATE_CHANNEL_INFO 48351
C_REQUEST_PVE_RANKING 20212
C_REQUEST_PVP_RANKING 43992
C_REQUEST_QUEST_BACKUP_ITEM 55675
C_REQUEST_RECV_DAILY_TOKEN 53687
C_REQUEST_RENAME_GUILD 22000
C_REQUEST_RENEW_ALL_PARTS_ITEM 32939
C_REQUEST_REPAIR_ITEM 44526
C_REQUEST_REPUTATION_STORE_TELEPORT 58443
C_REQUEST_RESET_EPPERK 50246
C_REQUEST_RESET_VIP_STORE 58852
C_REQUEST_RET_VILLAGE_INFO 37965
C_REQUEST_RIGHT_ITEM_LIST 42045
C_REQUEST_ROUND_PVE_SKILL_LIST 27943
C_REQUEST_SELL_LIST 37430
C_REQUEST_SEREN_GUIDE 58923
C_REQUEST_SERVANT_AUTO_POTION_INFO 29429
C_REQUEST_SERVANT_COMPOSE 58512
C_REQUEST_SERVANT_EVOLUTION 20618
C_REQUEST_SERVANT_INFO_LIST 27908
C_REQUEST_SERVANT_LEVEL_UP 34768
C_REQUEST_SERVER_ADMINTOOL_AWESOMIUM_URL 22559
C_REQUEST_SET_GUILD_WANTED_WRITING 51904
C_REQUEST_SHARE_QUEST 41535
C_REQUEST_SPAWN_SERVANT 47162
C_REQUEST_STACK_ATTENDANCE_EVENT_INFO_UPDATE 31475
C_REQUEST_STACK_ATTENDANCE_EVENT_REWARD 54853
C_REQUEST_START_GUILD_QUEST 36858
C_REQUEST_TOKEN_TARGET_ITEM 33096
C_REQUEST_TOTAL_GUILD_WAR_DATA 45154
C_REQUEST_UPDATE_ANNOUNCE 60101
C_REQUEST_UPDATE_INTRODUCE 52159
C_REQUEST_USABLE_CHARACTER_NAME 27064
C_REQUEST_USABLE_GUILD_NAME 21296
C_REQUEST_USER_ITEMLEVEL_INFO 50232
C_REQUEST_USER_PAPERDOLL_INFO 35446
C_REQUEST_USER_PAPERDOLL_INFO_WITH_GAMEID 38204
C_REQUEST_VIP_STORE_ITEM_LIST 60801
C_REQUEST_VIP_SYSTEM_INFO 20796
C_REQUEST_WRITE_BOARD 38084
C_RESET_ALL_DUNGEON 62549
C_RESET_EP_PERK 26352
C_RESPONSE_SPAWN_DROPITEM 34052
C_RESTORE_CUSTOMIZING_PARTS_SHAPE 56125
C_RETURN_PARCEL 46174
C_RETURN_TO_LOBBY 47898
C_RETURN_USER_GIFT 44747
C_REUQUEST_JOINED_CHANNEL_LIST 31510
C_REVIVE_NOW 41116
C_REWRITE_ITEM_STRING 63612
C_RIDE_PEGASUS 48684
C_ROLLBACK_QUEST 27862
C_ROUND_PVE_SKILL_SELECT 25994
C_RQ_ADD_ITEM_TO_DECOMPOSITION_CONTRACT 50739
C_RQ_COMMIT_DECOMPOSITION_CONTRACT 21040
C_RQ_DEL_ITEM_FROM_DECOMPOSITION_CONTRACT 28914
C_RQ_SKILL_POLISHING_CHANGE_OPTION 31703
C_RQ_SKILL_POLISHING_EXP_INFO 38922
C_RQ_SKILL_POLISHING_LIST 27980
C_RQ_SKILL_POLISHING_UNLOCK_OPTION 27705
C_RQ_SKILL_POLISHING_UPGRADE_LEVEL 47770
C_RQ_START_SOCIAL_ON_PROGRESS_DECOMPOSITION 20360
C_RQ_UPDATE_ITEM_TO_DECOMPOSITION_CONTRACT 49056
C_SAVE_CHAT_SETTING 30493
C_SAVE_CLIENT_ACCOUNT_SETTING 61880
C_SAVE_CLIENT_USER_SETTING 24554
C_SECOND_PASSWORD_AUTH 41916
C_SECOND_PASSWORD_REGISTER 47815
C_SELECT_CHANNEL 20656
C_SELECT_EVENT_MATCHING 39248
C_SELECT_USER 60897
C_SEND_PARCEL 47528
C_SEND_UI_LOG 42819
C_SERVANT_ABILITY 63707
C_SERVER_TIME 27858
C_SETTLE_UP_BUY_VM 34740
C_SETTLE_UP_SELL_VM 26413
C_SET_GUILDGROUP_AUTHORITY 58806
C_SET_GUILD_JOIN_CONDITION 24365
C_SET_INVEN_POCKET_GET_FILTER 58150
C_SET_ITEM_STRING 37331
C_SET_POS 27658
C_SET_RECIPE_BOOKMARK 23924
C_SET_SEND_PARCEL_ITEM 26614
C_SET_SEND_PARCEL_MONEY 48865
C_SET_SEND_PARCEL_TYPE 50766
C_SET_SERVANT_SEQUENCE 22328
C_SET_TARGET_INFO 27550
C_SET_VISIBLE_RANGE 33399
C_SHARE_USER_PING 31508
C_SHOW_AWESOMIUMWEB_SHOP 20413
C_SHOW_GUILD_QUEST_LIST 58442
C_SHOW_INVEN 57493
C_SHOW_ITEMLIST 21908
C_SHOW_ITEM_TOOLTIP 56504
C_SHOW_ITEM_TOOLTIP_EX 56814
C_SHOW_NAME_PLATE_ICON 36847
C_SHOW_PARCEL_MESSAGE 24153
C_SHOW_PETMANAGER 57753
C_SHOW_QUEST_INFO_DIALOG 38713
C_SHOW_STYLE 51432
C_SHOW_TRADE_ITEM 24432
C_SHOW_TRADE_LOG 39035
C_SIMPLE_TIP_DONT_REPEAT 57496
C_SIMPLE_TIP_REPEAT_CHECK 50512
C_SKILL_LEARN_LIST 65342
C_SKILL_LEARN_REQUEST 27191
C_SLASH_COMMAND 42305
C_SOCIAL 24160
C_SPAWN_BUILD_OBJECT 46895
C_START_CLIMBING 56205
C_START_COMBINE_ITEM 29656
C_START_COMBO_INSTANT_SKILL 27740
C_START_COMMANDER_SKILL 23991
C_START_CUSTOMIZING_PARTS_SHAPE 48907
C_START_DECOMPOSE 52897
C_START_DRIVE_AIRSHIP 46663
C_START_ENCHANT 30233
C_START_EVOLUTION 38127
C_START_EXTRACT 20060
C_START_FISHING_MINIGAME 28334
C_START_FIX_SPIRIT 43461
C_START_FIX_VEHICLE 32051
C_START_GUILD_SKILL 64392
C_START_INSTANCE_SKILL 55993
C_START_INSTANCE_SKILL_EX 46845
C_START_PRODUCE 55061
C_START_REPAIR_ITEM 20967
C_START_SERVANT_ACTIVE_SKILL 30872
C_START_SKILL 21493
C_START_SKILL_BY_VEHICLE_EX 64450
C_START_TARGETED_SKILL 53584
C_START_VM_BUY 53583
C_START_VM_SELL 64020
C_STOP_FISHING 55101
C_STOP_VM 45016
C_STORE_BUY_ADD_BASKET 51772
C_STORE_BUY_DEL_BASKET 53129
C_STORE_COMMIT 45147
C_STORE_SELL_ADD_BASKET 60707
C_STORE_SELL_DEL_BASKET 51965
C_STR_EVALUATE_LIST 55576
C_STYLE_SHOP_BUY_REPUTATION_ITEM 27187
C_STYLE_SHOP_BUY_TCAT_ITEM 45952
C_SUGGEST_DARK_RIFT_PARTY_MATCHING 37722
C_SURVEY_ANSWER 49108
C_SWAP_PARTY 48057
C_TELEPORT_DARK_RIFT 43577
C_TELEPORT_TO_CAMP 55213
C_TELEPORT_TO_POS 26953
C_TELEPORT_TO_VILLAGE 33847
C_TEL_CAMP 46294
C_TOGGLE_GROUP_DUEL_READY 29273
C_TOGGLE_GROUP_DUEL_SLOT 35533
C_TOGGLE_TASK_INFO_WINDOW 63757
C_TRADE_BAG_CLOSE 23050
C_TRADE_BAG_DONE 20573
C_TRADE_BROKER_BOUGHT_ITEM_LIST 37803
C_TRADE_BROKER_BUY_IT_NOW 35720
C_TRADE_BROKER_CALC_BOUGHT_ITEM 37190
C_TRADE_BROKER_CALC_SOLD_ITEM 24005
C_TRADE_BROKER_CLOSE 53502
C_TRADE_BROKER_DEAL_CONFIRM 59203
C_TRADE_BROKER_DEAL_PRICE_UPDATE 23798
C_TRADE_BROKER_HIGHEST_ITEM_LEVEL 25970
C_TRADE_BROKER_HISTORY_ITEM_LIST_NEW 35626
C_TRADE_BROKER_HISTORY_ITEM_LIST_PAGE 63327
C_TRADE_BROKER_HISTORY_ITEM_LIST_SORT 51060
C_TRADE_BROKER_INPUT_PRICE 61597
C_TRADE_BROKER_REGISTERED_ITEM_LIST 32821
C_TRADE_BROKER_REGISTER_ITEM 30591
C_TRADE_BROKER_REJECT_SUGGEST 35358
C_TRADE_BROKER_SOLD_ITEM_LIST 27240
C_TRADE_BROKER_SUGGEST_DEAL 21134
C_TRADE_BROKER_UNREGISTER_ITEM 47593
C_TRADE_BROKER_WAITING_ITEM_LIST_NEW 26630
C_TRADE_BROKER_WAITING_ITEM_LIST_PAGE 23790
C_TRADE_BROKER_WAITING_ITEM_LIST_SORT 24421
C_TRANSFER_VEHICLE_EX 54699
C_TRY_ITEM_BIDDING 41422
C_TRY_LOOT_DROPITEM 49766
C_TRY_NPC_INTERACTION 25335
C_TRY_TELEPORT_FIELD_EVENT 59794
C_UNBIND_ITEM 54922
C_UNEQUIP_ITEM 36869
C_UNEQUIP_SERVANT_ITEM 48179
C_UNLOCK_POCKET 29467
C_UNMOUNT_CARD 45716
C_UNMOUNT_VEHICLE 29562
C_UNMOUNT_VEHICLE_EX 63106
C_UNREGISTER_COMBINE_ITEM 35721
C_UNREGISTER_ENCHANT_ITEM 61834
C_UNREGISTER_EVOLUTION_ITEM 41085
C_UNREGISTER_PARTY_INFO 57399
C_UNREGISTER_REPAIR_ITEM 40627
C_UNREGISTER_VM_BUY_ITEM 45903
C_UNREGISTER_VM_SELL_ITEM 33481
C_UNREGIST_CUSTOMIZING_PARTS_SHAPE_ITEM 33534
C_UPDATE_AFK_STATUS 47609
C_UPDATE_CONTENTS_PLAYTIME 55372
C_UPDATE_FRIEND_INFO 64971
C_UPDATE_GUILD_FLAG 33837
C_UPDATE_GUILD_LOGO 40997
C_UPDATE_GUILD_TITLE 20083
C_UPDATE_MY_DESCRIPTION 65400
C_UPDATE_REACTION_POS 20183
C_UPDATE_SKILL_SCRIPT 43897
C_USER_AIM 41692
C_USER_AIM_TO 45987
C_USER_REPORT 55645
C_USE_COUPON 64911
C_USE_ITEM 27712
C_USE_JUMPGEAR 47787
C_USE_PREMIUM_SLOT 47702
C_USE_RIGHT_ITEM 59446
C_USE_SERVANT_FEED_ITEM 52744
C_VEHICLEEX_LOCATION 31334
C_VEHICLE_EX_ARROW_HIT 40378
C_VIEW_BATTLEFIELD_STORE 22128
C_VIEW_BATTLE_FIELD_RESULT 27904
C_VIEW_DUNGEONWORK_STORE 46450
C_VIEW_GUILD_WAR 22197
C_VIEW_INTER_PARTY_MATCH_BATTLEFIELD_LIST 30002
C_VIEW_INTER_PARTY_MATCH_DUNGEON_LIST 21849
C_VIEW_PARTY_INVITE 46383
C_VIEW_WARE 35259
C_VISIT_NEW_SECTION 35203
C_VOTE_DISMISS_PARTY 64377
C_VOTE_HISTORY 22624
C_VOTE_RESET_ALL_DUNGEON 21674
C_WAREHOUSE_AUTO_SORT 59234
C_WATCHED_MOVIES 24445
C_WHISPER 39603
C_WITHDRAW_GUILD_WAR 26893
C_WRITE_BOARD 58030
C_XIGNCODE_SECURITY_DATA 44265
I_CLOSE_SERVER_CONNECTION 22
I_GFX_ADMIN_COMMAND 18
I_GFX_COMMAND 17
I_INPUT_COMMAND 19
I_MOVE_KEY 20
I_SKILL_KEY 21
I_SPAWN_BARRACK_CHARACTER 1
I_TELEPORT 0
S_ABNORMALITY_BEGIN 28206
S_ABNORMALITY_DAMAGE_ABSORB 37449
S_ABNORMALITY_END 61668
S_ABNORMALITY_EXTRA 24542
S_ABNORMALITY_FAIL 35857
S_ABNORMALITY_REFRESH 59977
S_ABNORMALITY_RESIST 25610
S_ABNORMALITY_SCALE_UP 42312
S_ACCEPT_CONTRACT 38613
S_ACCOMPLISH_ACHIEVEMENT 43633
S_ACCOUNT_BENEFIT_LIST 27180
S_ACCOUNT_PACKAGE_LIST 27834
S_ACTION_END 26812
S_ACTION_STAGE 40215
S_ACTIVATE_BATTLE_FIELD_CHAT_BAN 58654
S_ACTIVATE_CARD_COMBINE_LIST 44438
S_ACTIVATE_CARD_COMBINE_LIST_DATA 54888
S_ADD_AWAKEN_CHANGE_DATA 40441
S_ADD_AWAKEN_ENCHANT_DATA 39267
S_ADD_BLOCKED_USER 21899
S_ADD_CHARM_STATUS 61329
S_ADD_CRYSTAL_COMBINE_MATERIAL 41713
S_ADD_FRIEND 55802
S_ADD_GUILD_GROUP 49237
S_ADD_GUILD_MEMBER 42647
S_ADD_INTER_PARTY_MATCH_POOL 63494
S_ADD_NEW_EVENT_MATCHING_QUEST 25067
S_ADD_TO_TEMPER_MATERIAL_EX 53963
S_ADD_TRADE_BAG 39278
S_ADMIN_CHECK_USERNAME 53945
S_ADMIN_CUSTOM_BOOKMARK_LIST 36502
S_ADMIN_DEFAULT_BOOKMARK_LIST 36142
S_ADMIN_DELETE_QUEST 43869
S_ADMIN_GET_DUNGEON_USER_LIST 55996
S_ADMIN_GET_USERINFO_INVEN 54244
S_ADMIN_GET_USERINFO_QUEST 25427
S_ADMIN_GET_USERINFO_SKILL 32275
S_ADMIN_GET_USERINFO_WAREHOUSE 35063
S_ADMIN_GET_USER_INFO_BY_DBID 32048
S_ADMIN_GET_USER_INFO_LIST_BY_DISTANCE 36124
S_ADMIN_GMEVENT_STATUS 21762
S_ADMIN_GM_SKILL 62156
S_ADMIN_HOLD_CHARACTER 46585
S_ADMIN_NOTICE 38067
S_ADMIN_PRIVILEGE 65434
S_ADMIN_VIP_TEST 42410
S_ADMIN_WARNING_MESSAGE 54282
S_AERO 59685
S_AIR_REACTION_END 64362
S_ANNOUNCE_MESSAGE 26652
S_ANNOUNCE_UPDATE_NOTIFICATION 38748
S_ANSWER_INTERACTIVE 25676
S_APPLY_TITLE 29869
S_ARENA_END_FIGHT 58379
S_ARENA_FIGHTER_CHANGE_HP 55438
S_ARENA_FIGHT_ABNORMALITY_BEGIN 27820
S_ARENA_FIGHT_ABNORMALITY_END 41693
S_ARENA_FIGHT_ABNORMALITY_REFRESH 49748
S_ARENA_OPTIMIZATION 55010
S_ARENA_RESULT 23682
S_ARENA_START_FIGHT 38649
S_ARRIVE_AT_JUMPGEAR_DESTINATION 40080
S_ARTISAN_RECIPE_LIST 34106
S_ARTISAN_SKILL_LIST 38774
S_ASK_BANNING_PARTY_MEMBER 34451
S_ASK_BIDDING_RARE_ITEM 57619
S_ASK_CODE_HASH 64002
S_ASK_EXPAND_INVEN_SIZE 41908
S_ASK_INTER_PARTY_MAKE 46222
S_ASK_QUEST_SHARE 34444
S_ASK_TELEPORT 39024
S_ATTENDANCE_CHECK 30756
S_ATTENDANCE_EVENT_REWARD_COUNT 30953
S_AVAILABLE_EVENT_MATCHING_LIST 50711
S_AVAILABLE_SOCIAL_LIST 28523
S_AWAKEN_RESULT 64138
S_AWESOMIUM_DEBUG_MODE 37289
S_BANISH_GUILD_MEMBER 26518
S_BAN_PARTY 38010
S_BAN_PARTY_MEMBER 39819
S_BASE_POINT_BATTLE_FIELD_NODEPOINT_INFO 33088
S_BATTLE_FIELD_ADD_SCORE 44114
S_BATTLE_FIELD_CANCEL_OCCUPATION 62565
S_BATTLE_FIELD_CHANGE_NPC_HP_EVENT 49297
S_BATTLE_FIELD_CHAT_BAN_INFO 39934
S_BATTLE_FIELD_END_OCCUPATION 25527
S_BATTLE_FIELD_ENTRANCE_INFO 53663
S_BATTLE_FIELD_HELP 35951
S_BATTLE_FIELD_JACKPOT_EVENT_START 36535
S_BATTLE_FIELD_MAP_ALARM 36322
S_BATTLE_FIELD_NODEPOINT_GAUGE_INFO 43745
S_BATTLE_FIELD_NPC_KILL_EVENT 55624
S_BATTLE_FIELD_PARTY_MARKER 36623
S_BATTLE_FIELD_PARTY_MARKER_CLEAR 56008
S_BATTLE_FIELD_POINT_STORE_BASKET 49939
S_BATTLE_FIELD_POINT_STORE_SELL_LIST 28548
S_BATTLE_FIELD_RESULT 35194
S_BATTLE_FIELD_SCORE 23058
S_BATTLE_FIELD_START_OCCUPATION 54849
S_BATTLE_FIELD_STATE 21189
S_BATTLE_FIELD_STRONGHOLD_EVENT 34702
S_BATTLE_FIELD_STRONGHOLD_NONE_STATE 60898
S_BATTLE_FIELD_STRONGHOLD_STATE 37748
S_BATTLE_FIELD_TEAM_MEMBERS_POS_INFO 55328
S_BATTLE_FIELD_USER_ASSIST_EVENT 44969
S_BATTLE_FIELD_USER_KILL_EVENT 47897
S_BATTLE_FIELD_USER_KILL_MESSAGE 55511
S_BATTLE_FIELD_USER_LOAD_INFO 24570
S_BATTLE_FIELD_USER_OCCUPIABLE_ENTER 39704
S_BATTLE_FIELD_USER_OCCUPIABLE_LEAVE 23561
S_BEGIN_THROUGH_ARBITER_CONTRACT 39640
S_BETTING_INFO 28971
S_BETTING_START 25137
S_BIND_ITEM_BEGIN 38577
S_BIND_ITEM_END 30413
S_BOARD_ITEM_LIST 20188
S_BONFIRE_CHARM_ADDED 43418
S_BONFIRE_CHARM_BURNED 23996
S_BONFIRE_STATUS 49622
S_BOSS_BATTLE_INFO 41768
S_BOSS_GAGE_INFO 39667
S_BOSS_GAGE_PRIORITY 63413
S_BOSS_GAGE_STACK_INFO 48942
S_BREAK_SHIELD 39517
S_BREAK_SHIELD_END 21263
S_BROADCAST_CLIMBING 24024
S_BROADCAST_FLOATING_CASTLE_INFO 42688
S_BROADCAST_FLOATING_CASTLE_NAMEPLATE 64048
S_BROCAST_GUILD_FLAG 35042
S_BROCAST_UPDATE_GUILD_FLAG 52192
S_BUY_INGAMESTORE_MONEYPRODUCT 32691
S_BUY_VIP_STORE_ITEM_SUCCESS 47238
S_BYE_PET 45636
S_CAMERA_SHAKE 27144
S_CANCEL_CONTRACT 61689
S_CANCEL_DELETE_USER 37711
S_CANCEL_EXIT 41589
S_CANCEL_PARTY_LOOTING_METHOD_VOTE 23930
S_CANCEL_PARTY_MATCH_POOL 61307
S_CANCEL_PARTY_MEMBER_BAN 64989
S_CANCEL_PREPARE_CHANGE_USER_APPEARANCE 26824
S_CANCEL_QUEST_SHARE 40335
S_CANCEL_RETURN_TO_LOBBY 23987
S_CANCEL_SELECT_CHANNEL 26536
S_CANCEL_VOTE_DISMISS_PARTY 23240
S_CANCEL_VOTE_RESET_ALL_DUNGEON 59028
S_CANNON_BATTLE_FIELD_BOARD 63112
S_CANNON_BATTLE_FIELD_CRASH_DOOR 33126
S_CANNON_BATTLE_FIELD_GUARDTOWER_STATUS 31836
S_CANNON_BATTLE_FIELD_RESULT 48798
S_CANNON_BATTLE_FIELD_STRONGHOLD_INFO 29581
S_CANNOT_EQUIP_SAMEKIND 58359
S_CANNOT_START_SKILL 21276
S_CANNOT_USE_CHAT_CHANNEL 42548
S_CANT_FLY_ANYMORE 46619
S_CAN_CREATE_USER 22405
S_CAN_DUNGEON_RETRY 46018
S_CAN_LOCKON_TARGET 52828
S_CARD_COLLECTION_BOOK_LEVEL_UP 59517
S_CARD_DATA 22691
S_CARD_DATA_RESET 44988
S_CAST_FISHING_ROD 40438
S_CHANGE_CARD_PRESET 29882
S_CHANGE_CHARACTER 49187
S_CHANGE_CITY_WAR_STATE 23092
S_CHANGE_DESTPOS_PROJECTILE 22755
S_CHANGE_EP_EXP_DAILY_LIMIT 43023
S_CHANGE_EP_POINT 41357
S_CHANGE_EVENT_MATCHING_STATE 38137
S_CHANGE_FREE_FIGHT_BATTLE_FIELD_RANKING 34135
S_CHANGE_FRIEND_PROFILE 37406
S_CHANGE_FRIEND_STATE 65358
S_CHANGE_GUILDNAME 30359
S_CHANGE_GUILD_CHIEF 29375
S_CHANGE_ITEM_PASSIVE_LIST 52818
S_CHANGE_LOOKS_PREMIUM_RESULT 27561
S_CHANGE_LOOKS_PREMIUM_START 49416
S_CHANGE_LOOKS_SERVANT 25530
S_CHANGE_LOOT_ITEM_AMOUNT 31624
S_CHANGE_MODE 39888
S_CHANGE_NAME_STRING 61813
S_CHANGE_PARTY_MANAGER 21510
S_CHANGE_PARTY_MEMBER_AUTHORITY 39639
S_CHANGE_PK_INFO 60022
S_CHANGE_RELATION 47982
S_CHANGE_SERVANT_CONDITIONAL_SKILL 26243
S_CHANGE_SERVANT_ENERGY 59933
S_CHANGE_SERVANT_NAME 43438
S_CHANGE_USER_NAME_RESULT 42640
S_CHANGE_VOICE_USE_QAC 49803
S_CHAPTERHOUSE_QUEST_LIST 35934
S_CHAT 61208
S_CHAT_REPORT 40559
S_CHECK_CHANGE_GUILDNAME 55153
S_CHECK_EVENT_SYSTEM_REWARD 37532
S_CHECK_EXTRACT 39752
S_CHECK_NEW_GUILDNAME 64671
S_CHECK_TO_DECLARE_GUILD_WAR 55142
S_CHECK_TO_OPPOSITE_DECLARE_GUILD_WAR 64904
S_CHECK_TO_RAISE_GUILD_WAR 26210
S_CHECK_TO_READY_PARTY 27535
S_CHECK_TO_READY_PARTY_FIN 25344
S_CHECK_USERNAME 33625
S_CHECK_VERSION 19901
S_CITYWAR_WARNING_UNDERATTACK 29436
S_CITY_WAR_INFO_HISTROY 22091
S_CITY_WAR_NPC_INFO 49957
S_CITY_WAR_NPC_KILL 34089
S_CITY_WAR_SEASON_HISTROY 23428
S_CLEAR_ALL_HOLDED_ABNORMALITY 39257
S_CLEAR_QUEST_INFO 35967
S_CLEAR_WORLD_QUEST_VILLAGER_INFO 39219
S_CLIENT_COMMAND 62640
S_CLOSE_VM_SETTING_WINDOW 56100
S_COLLECTION_PICKEND 28393
S_COLLECTION_PICKSTART 53900
S_COMBATLOG_ADD_VALUE 31242
S_COMBATLOG_COMBAT_ENGAGED_MONSTER_LIST 58259
S_COMBATLOG_CURRENT_AGGRO_LIST 27538
S_COMBATLOG_START 42295
S_COMBATLOG_USER_INFO 25410
S_COMBO_START 61075
S_COMMAND_HELP 63824
S_COMMIT_ACCESSORY_TRANSFORM_RESULT 42326
S_COMPLETED_MISSION_INFO 53562
S_COMPLETE_CHRONOSCROLL_USE 64495
S_COMPLETE_EVENT_MATCHING_QUEST 54851
S_COMPLETE_LOOP_QUEST 24553
S_COMPLETE_QUEST 64674
S_COMPLETE_VOTE 21409
S_CONFIRM_INVITE_CODE 47328
S_CONFIRM_INVITE_CODE_BUTTON 23529
S_CONFIRM_SERVANT_AUTO_POTION_INFO 62812
S_CONNECT_SKILL_ARROW 61231
S_CONTENTS_TIMER 35106
S_CONTRACT_PET_LEVEL_UP_ITEM_LIST_UPDATE 41002
S_CONTROL_DOOR 22738
S_COUNTDOWN_GROUP_DUEL 64197
S_COUPON_DATA 58910
S_COUPON_LIST 38273
S_COUPON_NOTIFY 45237
S_CREATE_CHARACTER_RESTRICTION 32235
S_CREATE_GUILD_RESULT 62305
S_CREATE_PRIVATE_CHANNEL 33139
S_CREATE_USER 46158
S_CREATURE_CHANGE_HP 24037
S_CREATURE_LIFE 49979
S_CREATURE_ROTATE 61451
S_CREST_APPLY 33509
S_CREST_ASK_DISAPPLY_ALL 50429
S_CREST_CHANGE_FAIL 55534
S_CREST_INFO 33162
S_CREST_MESSAGE 25846
S_CREST_UPGRADE_INFO 38187
S_CRYSTAL_COMBINE_RESULT 31165
S_CURRENT_CHANNEL 46317
S_CURRENT_ELECTION_STATE 57830
S_CURR_FLY_MOVE_INFO 53425
S_CUSTOMIZING_PARTS_SHAPE_ITEM_LIST 52903
S_CUSTOM_MESSAGE 60661
S_CUSTOM_STYLE_SYSTEM_MESSAGE 62198
S_DAILY_QUEST_COMPLETE_COUNT 30554
S_DARK_RIFT_ALL_DESPAWN_WORLD_NOTI 56934
S_DARK_RIFT_AVAILABLE_QUEST_USER_COUNT 22389
S_DARK_RIFT_CHANGE_AREA_WORLD_NOTI 30932
S_DARK_RIFT_CLEAR_MAP_MARKER_WORLD_NOTI 26685
S_DARK_RIFT_DEFENCE_OBJECT_CHANGE_HP 43961
S_DARK_RIFT_DEFENCE_OBJECT_INIT 40679
S_DARK_RIFT_DESPAWN_WORLD_NOTI 61131
S_DARK_RIFT_DESTORY_OBJECT 34482
S_DARK_RIFT_JOIN_LIST 39785
S_DARK_RIFT_MAIN_DEFENCE_CHANGE_HP 24921
S_DARK_RIFT_PROGRESS_STEP_WORLD_NOTI 49303
S_DARK_RIFT_QUEST_INFO 21633
S_DARK_RIFT_REWARD_RESULT 28565
S_DARK_RIFT_SPAWN_WORLD_NOTI 50963
S_DARK_RIFT_SYNC_TIME 45274
S_DEACTIVATE_CARD_COMBINE_LIST 47562
S_DEAD_LOCATION 41968
S_DEBUG_POS 50119
S_DEBUG_REMOTE_PROJECTILE_POS 45468
S_DECOMPOSE_REGISTERED_ITEM 20069
S_DECOMPOSITION_ITEM_RESULT 27184
S_DECREASE_COOLTIME_SKILL 34122
S_DEFAULT_ANIM_CHANGE 44987
S_DEFEND_SUCCESS 32891
S_DELETE_ALL_PRODUCT 20296
S_DELETE_AWAKEN_CHANGE_DATA 51975
S_DELETE_AWAKEN_ENCHANT_DATA 49837
S_DELETE_COUPON 29367
S_DELETE_FRIEND 46740
S_DELETE_GUILD_TOWER_MY_GUILD 45239
S_DELETE_NPC_FROM_MAP 40858
S_DELETE_PARCEL 53478
S_DELETE_QUEST 46311
S_DELETE_SERVANT 26849
S_DELETE_USER 24211
S_DELIVERY_STORE_BASKET 45818
S_DELIVERY_STORE_ITEM 47905
S_DEL_CRYSTAL_COMBINE_MATERIAL 64325
S_DEL_INTER_PARTY_MATCH_POOL 39756
S_DEL_TRADE_BAG 22049
S_DESPAWN_BONFIRE 41863
S_DESPAWN_BUILD_OBJECT 46387
S_DESPAWN_COLLECTION 34411
S_DESPAWN_DARK_RIFT_CLOUD 53609
S_DESPAWN_DOOR 21126
S_DESPAWN_DROPITEM 33526
S_DESPAWN_EGG 23027
S_DESPAWN_EVENT_SEED 32795
S_DESPAWN_GAMBLE_BOX 61887
S_DESPAWN_NPC 58581
S_DESPAWN_PET 49952
S_DESPAWN_PROJECTILE 22776
S_DESPAWN_SHUTTLE 40702
S_DESPAWN_STATUE 38129
S_DESPAWN_TARGET_OBJECT 30184
S_DESPAWN_USER 52762
S_DESPAWN_WORKOBJECT 38799
S_DESTROY_GUILD 57223
S_DESTROY_GUILD_TOWER 57630
S_DIALOG 64917
S_DIALOG_CLOSE 34655
S_DIALOG_EVENT 62091
S_DIRECTION_WEAKNESS_BEGIN 55252
S_DIRECTION_WEAKNESS_END 50703
S_DISTRIBUTOR_DATA 44292
S_DONE_TEL_CAMP 24272
S_DUEL_END 36330
S_DUEL_START 25629
S_DUEL_TAG 65102
S_DUEL_TIME 43509
S_DUNGEON_ADDITIONAL_WORK_UI 46992
S_DUNGEON_CAMERA_SET 32382
S_DUNGEON_CHANGE_NPC_ANIM 65020
S_DUNGEON_CHANGE_NPC_ANIMSET 27963
S_DUNGEON_CHANGE_NPC_CYLINDER 60329
S_DUNGEON_CLEAR 36622
S_DUNGEON_CLEAR_COUNT_LIST 47493
S_DUNGEON_CONSOLE_EVENT 34003
S_DUNGEON_COOL_TIME_LIST 25675
S_DUNGEON_EVENT_GAGE 30465
S_DUNGEON_EVENT_MESSAGE 53223
S_DUNGEON_GUIDE_OFF 26206
S_DUNGEON_GUIDE_ON 44884
S_DUNGEON_JACKPOT_EVENT_START 54095
S_DUNGEON_LOOK_AT_NPC 34796
S_DUNGEON_NEWBIE 64773
S_DUNGEON_RANK_END_POINT 50025
S_DUNGEON_RANK_END_TIME 20715
S_DUNGEON_RANK_MESSAGE 58441
S_DUNGEON_RANK_RECORDER 26521
S_DUNGEON_RANK_RECORD_LIST 29163
S_DUNGEON_RANK_SEASON_LIST 49642
S_DUNGEON_RECORD_INFO 62970
S_DUNGEON_STATUS 25140
S_DUNGEON_SUMMON_PARTY 25180
S_DUNGEON_TIMER 34252
S_DUNGEON_UI_HIGHLIGHT 64632
S_DUNGEON_VEHICLE_REPAIRABLE 35084
S_DUNGEON_VISIBLE_BG 55578
S_DUNGEON_WORK_ENTER 55006
S_DUNGEON_WORK_LIST 43824
S_DUNGEON_WORK_POINT_STORE_BASKET 51510
S_DUNGEON_WORK_POINT_STORE_SELL_LIST 47986
S_DUNGEON_WORK_RESULT 44603
S_DUNGEON_WORK_UPDATE 34869
S_DUNGEON_WORK_UPDATE_MEDAL_COUNT 61470
S_EACH_SKILL_RESULT 20534
S_ELEMENT_POINT 51548
S_EMITTER 29382
S_EMITTER_SET_Z 34818
S_EMPTY_GUILD_WINDOW 45780
S_ENABLE_CHARM_STATUS 45198
S_ENABLE_DISABLE_SELLABLE_ITEM_LIST 57337
S_ENCHANT_BOOSTER_DROP_ITEM 30232
S_ENCHANT_BOOSTER_REGISTER_ITEM 65128
S_ENCHANT_BOOSTER_STATUS 51775
S_ENCHANT_BOOSTER_SUCCESS 49145
S_ENCHANT_SCROLL_RESULT 37486
S_END_CHANGE_USER_APPEARANCE 43481
S_END_CHAT_BAN 64460
S_END_CUSTOMIZING_PARTS_SHAPE 38734
S_END_DARKRIFT_USER_HP 33978
S_END_DRIVE_AIRSHIP 61077
S_END_FIX_SPIRIT 62097
S_END_FIX_VEHICLE 30474
S_END_GUILD_WAR 54626
S_END_LEVEL_COMPENSATION 62567
S_END_PEGASUS 31056
S_END_PRODUCE 30030
S_END_PRODUCT_SALE_INFO 31411
S_END_RESTORE_CUSTOMIZING_PARTS_SHAPE 35583
S_END_STACK_ATTENDANCE_EVENT_INFO 59071
S_END_STYLE_SHOP_MARK_PRODUCT 23347
S_END_THROUGH_ARBITER_CONTRACT 40604
S_END_USER_PROJECTILE 49461
S_ENEMY_BATTLE_FIELD_COMMANDER_CHANGED 53782
S_ENTER_CITY_WAR 36983
S_ENTER_DUNGEON_POP_UP_REOPEN 38858
S_EP_SYSTEM_DAILY_EVENT_EXP_ON_OFF 35364
S_EQUIP_ITEM 64050
S_EQUIP_ITEM_SET 31146
S_EQUIP_SERVANT_ITEM 53955
S_EVENT_DIALOG 57256
S_EVENT_GUIDE 20297
S_EVENT_INFO 28605
S_EVENT_MATCHING_BATTLEFIELD_DETAIL_INFO 59434
S_EVENT_MATCHING_DUNGEON_DETAIL_INFO 30531
S_EVENT_QUEST_SUMMARY 48127
S_EXIT 41260
S_EXTRACT_REGISTERED_ITEM 44407
S_F2P_PremiumUser_Permission 26069
S_FACIAL_ATTACHMENT_BROADCAST 29783
S_FAIL_CHARM_STATUS 53684
S_FAIL_ENCHANT 27357
S_FAIL_GUILD_QUEST 31000
S_FAIL_LOOT_NON_OWNERSHIP 38592
S_FATIGABILITY_POINT 36009
S_FEARMOVE_END 20174
S_FEARMOVE_STAGE 29792
S_FESTIVAL_LIST 38804
S_FEUDAL_LORD_FLAG_INFO 54788
S_FIELD_EVENT_CHANNEL_FULL_GUIDE 43600
S_FIELD_EVENT_COMBO 53721
S_FIELD_EVENT_GUIDE 63403
S_FIELD_EVENT_ON_ENTER 56495
S_FIELD_EVENT_ON_LEAVE 56758
S_FIELD_EVENT_PROGRESS_INFO 36281
S_FIELD_EVENT_PROGRESS_TIMER 60558
S_FIELD_EVENT_RANK_LIST 36356
S_FIELD_POINT_INFO 64343
S_FIELD_POINT_REWARD_INFO_LIST 32128
S_FINDNAME 32005
S_FINISH_GUILD_QUEST 47442
S_FIN_BASE_POINT_BATTLE_FIELD 22628
S_FIN_CANNON_BATTLE_FIELD 37354
S_FIN_FREE_FIGHT_BATTLE_FIELD 59303
S_FIN_INTER_PARTY_MATCH 59959
S_FIN_KUMAS_BATTLE_FIELD 25799
S_FIN_KUMAS_BOSS_BATTLE_FIELD 43907
S_FIN_ROUND_PVE_BATTLE_FIELD 60193
S_FIN_ROUND_PVE_ROUND 26245
S_FIN_ROUND_PVP_BATTLE_FIELD 37464
S_FIN_SNOW_EVENT_BATTLE_FIELD 55415
S_FIN_STRONGHOLD_OCCUPATION_BATTLE_FIELD 58659
S_FIN_WORLD_OF_TANK_BATTLE_FIELD 52027
S_FISHING_BITE 23894
S_FISHING_CATCH 29655
S_FISHING_CATCH_FAIL 56689
S_FISHING_STOP 21907
S_FIX_SPIRIT_COMPLETE 51613
S_FIX_SPIRIT_PROGRESS 41767
S_FIX_VEHICLE_COMPLETE 40349
S_FIX_VEHICLE_PROGRESS 58834
S_FLOATING_CASTLE_PARTS_STORE_BASKET 45737
S_FLOATING_CASTLE_PARTS_STORE_SELL_LIST 46157
S_FONT_SWAP_INFO 36921
S_FREENAMED_STATUS 37576
S_FREE_FIGHT_BATTLE_FIELD_BOARD 63972
S_FREE_FIGHT_BATTLE_FIELD_MY_WARPOINT_INFO 53720
S_FRIEND_GROUP_LIST 23088
S_FRIEND_LIST 31113
S_GACHA_CANCEL 44804
S_GACHA_END 21551
S_GACHA_START 58579
S_GAMBLE_BEGIN 62651
S_GAMBLE_CHANGE_BET_ITEM 24351
S_GAMBLE_END 26689
S_GAMBLE_RESULT 29947
S_GATE_ATTACK_ALARM 37248
S_GET_AOI_INFO 57829
S_GET_ATTENDANCE_REWARD 37171
S_GET_EVENT_DETAIL 24831
S_GET_IN_SHUTTLE 62989
S_GET_OUT_SHUTTLE 41132
S_GET_USER_GUILD_LOGO 61369
S_GET_USER_LIST 25389
S_GET_WARE_ITEM 45250
S_GHOST 44832
S_GMEVENT_CONFIRM_LEAVE_EVENT 33259
S_GMEVENT_END_EVENT 55619
S_GMEVENT_ENTER_EVENT 42837
S_GMEVENT_GUIDE_MESSAGE 33359
S_GMEVENT_OFF_GUIDE_MESSAGE 60405
S_GMEVENT_OX_QUIZ_OPEN 56306
S_GMEVENT_OX_QUIZ_RESULT 55146
S_GMEVENT_OX_QUIZ_USER_STATUS 59490
S_GMEVENT_OX_REPE_QUIZ_OPEN 57908
S_GMEVENT_OX_REPE_QUIZ_RESULT 34276
S_GMEVENT_OX_RESURRECT_RESULT 60422
S_GMEVENT_RECV_REWARD 27507
S_GMEVENT_START_EVENT 37328
S_GMEVENT_WRITE_EVENTBOARD 65370
S_GRANT_SKILL 28074
S_GROUND_EFFECT 56709
S_GROUP_DUEL_CURRENT_BETTING_ITEM 54792
S_GROUP_DUEL_FIN 27757
S_GROUP_DUEL_INIT 43575
S_GROUP_DUEL_RECORD 42862
S_GROUP_NPC_LOCATION 24861
S_GUARDTOWER_ATTACK_ALARM 63155
S_GUARD_PK_POLICY 39867
S_GUILD_ACCOUNT_LIMIT_INFO_CHANGED 47329
S_GUILD_ANNOUNCE 42949
S_GUILD_APPLY_COUNT 56697
S_GUILD_APPLY_LIST 29879
S_GUILD_EMBLEM 41305
S_GUILD_HISTORY 57652
S_GUILD_INFO 26613
S_GUILD_LEVEL_INFO_CHANGED 57360
S_GUILD_LEVEL_RANKING_LIST 45192
S_GUILD_LOG 48513
S_GUILD_MEMBER_LIST 31193
S_GUILD_MONEY_INFO_CHANGED 33769
S_GUILD_NAME 28816
S_GUILD_PERK_LIST 25569
S_GUILD_POINT_INFO_CHANGED 40222
S_GUILD_QUEST_LIST 30160
S_GUILD_STORE_BASKET 48403
S_GUILD_STORE_SELL_LIST 31020
S_GUILD_TOWER_INFO 64417
S_GUILD_WARE_HISTORY 43031
S_GUILD_WAR_PENALTY_INFO 61809
S_HANCOIN_AMOUNT 63960
S_HIDE_HP 32020
S_HIT_COMBO 47824
S_HOLD_ABNORMALITY_ADD 25753
S_HOLD_ABNORMALITY_REMOVE 48419
S_HUDDLE_ADDING 45235
S_HUNTING_ZONE_EVENT_LIST 23767
S_IMAGE_DATA 48872
S_INCREASE_CARD_PRESET 39450
S_INCREASE_SERVANT_STORAGE_COUNT 35205
S_INGAMESHOP_CATEGORY_BEGIN 36794
S_INGAMESHOP_CATEGORY_DATA 39905
S_INGAMESHOP_CATEGORY_END 49291
S_INGAMESHOP_PRODUCT_BEGIN 35492
S_INGAMESHOP_PRODUCT_DATA 21720
S_INGAMESHOP_PRODUCT_END 37867
S_INGAMESHOP_PRODUCT_ITEMID 53611
S_INGAMESHOP_PRODUCT_SUBPROD 33002
S_INGAMESHOP_PRODUCT_TAG 60718
S_INGAME_CHANGE_USER_APPEARANCE_CANCEL 62952
S_INGAME_CHANGE_USER_APPEARANCE_START 63887
S_INITIALIZE_AWESOMIUM 58340
S_INIT_BASE_POINT_BATTLE_FIELD 35144
S_INIT_CANNON_BATTLE_FIELD 62174
S_INIT_FREE_FIGHT_BATTLE_FIELD 52469
S_INIT_KUMAS_BATTLE_FIELD 34724
S_INIT_KUMAS_BOSS_BATTLE_FIELD 26882
S_INIT_KUMAS_BOSS_INFO 63623
S_INIT_ROUND_PVE_BATTLE_FIELD 56957
S_INIT_ROUND_PVP_BATTLE_FIELD 26645
S_INIT_SEREN_GUIDE 28409
S_INIT_SNOW_EVENT_BATTLE_FIELD 34544
S_INIT_STRONGHOLD_OCCUPATION_BATTLE_FIELD 62102
S_INIT_WORLD_OF_TANK_BATTLE_FIELD 21089
S_INSTANCE_ARROW 42523
S_INSTANT_CATCH 25204
S_INSTANT_DASH 52316
S_INSTANT_MOVE 59491
S_INSTANT_PULL 57057
S_INSTANT_THROW 25515
S_INTERACTION_RESULT 33882
S_INTEREST_INFO 65085
S_INVALID_BUILD_VERSION 22877
S_INVEN 57674
S_INVEN_CHANGEDSLOT 59951
S_INVEN_USERDATA 39922
S_INVITE_CODE_EXPIRE_TIME 34752
S_INVITE_COMPENSATION_GUIDE 62096
S_INVITE_FRIEND_CODE 26241
S_IS_LORD 41975
S_IS_NOT_LORD 34053
S_ITEMLIST 20624
S_ITEMSYNTHESIZER_MATERIAL 62778
S_ITEMSYNTHESIZER_RESULT 30253
S_ITEM_COLORING_BAG 24313
S_ITEM_CUSTOM_STRING 59026
S_ITEM_DECOMPOSE 46056
S_ITEM_EXPLOSION_RESULT 33025
S_ITEM_EXTRACT 42447
S_ITEM_IDENTIFY_RESULT 34785
S_ITEM_RESET_RESULT 53022
S_ITEM_TRANSFORM_DATA 40786
S_ITEM_UNIDENTIFY_RESULT 58740
S_JOIN_PRIVATE_CHANNEL 45824
S_KNOCK_BACK 53927
S_KUMAS_BATTLE_FIELD_BOARD 40105
S_KUMAS_BATTLE_FIELD_LOOT_ITEM 64031
S_KUMAS_BATTLE_FIELD_RESULT 54252
S_KUMAS_BOSS_BATTLE_FIELD_BOARD 59952
S_KUMAS_BOSS_BATTLE_FIELD_RESULT 22302
S_KUMAS_BOSS_CHANGE_INFO 58507
S_LEARN_EP_PERK 38352
S_LEAVE_CITY_WAR 22528
S_LEAVE_GUILD 21570
S_LEAVE_PARTY 33182
S_LEAVE_PARTY_MEMBER 31227
S_LEAVE_PRIVATE_CHANNEL 26373
S_LIST_CHANNEL 47227
S_LIST_PARCEL 64863
S_LIST_PARCEL_EX 57454
S_LOADING_SCREEN_CONTROL_INFO 65422
S_LOAD_ACHIEVEMENT_LIST 37280
S_LOAD_CHAT_SETTING 24246
S_LOAD_CLIENT_ACCOUNT_SETTING 23898
S_LOAD_CLIENT_USER_SETTING 21605
S_LOAD_DUNGEON_SOUND_HINT 34445
S_LOAD_EP_INFO 30687
S_LOAD_HINT 51963
S_LOAD_SKILL_SCRIPT_LIST 25423
S_LOAD_TELEPORT_TO_POS_LIST 38943
S_LOAD_TOPO 59325
S_LOCKON_ARROW 39063
S_LOCKON_YOU 58805
S_LOGIN 53458
S_LOGIN_ACCOUNT_INFO 63644
S_LOGIN_ARBITER 28782
S_LOGOUT_PARTY_MEMBER 30109
S_LOOT_DROPITEM 51217
S_LORD_ACHIEVEMENT_ACCOMPLISHED_LIST 42535
S_LORD_CANDIDATE_LIST 34586
S_LORD_CANDIDATE_PLEDGE 40171
S_LORD_GUARD_INFO 33884
S_LORD_OPEN_CANDIDATE_WINDOW 53162
S_LORD_OPEN_REGISTER_WINDOW 63388
S_LORD_OPEN_VOTE_WINDOW 50053
S_LORD_POLICY_SET 55035
S_LORD_RANK_INFO 38954
S_LORD_REGISTER_INFO 28811
S_LORD_TAX_SET 23002
S_LORD_VOTE_CANDIDATE_LIST 48883
S_MAIN_MENU_COMMAND 55508
S_MASSTIGE_STATUS 53746
S_MATERIAL_CHANGE 53315
S_MATERIAL_PARAM_CHANGE 44383
S_MEDAL_STORE_BASKET 52003
S_MEDAL_STORE_SELL_LIST 37445
S_MERGE_PARTY_TO_RAID 58972
S_MINIGAME_END 41271
S_MINIGAME_FAIL 25562
S_MINIGAME_RANK_END_POINT 52438
S_MINIGAME_START 50542
S_MINIGAME_WAIT 35095
S_MODIFY_INTER_PARTY_MATCH_POOL 59468
S_MOUNT_CARD 28160
S_MOUNT_VEHICLE 59793
S_MOUNT_VEHICLE_EX 29603
S_MOVE_DISTANCE_DELTA 42525
S_MOVE_SHUTTLE 25766
S_MUTE 50420
S_MY_CONDITION 35029
S_MY_DESCRIPTION 58577
S_MY_PARTY_MATCH_INFO 45672
S_NAME_PREEMPTION_EVENT_INFO 32070
S_NEED_WAREHOUSE_COMMISION 61585
S_NEW_GOLD_RACE_INFO 35437
S_NOCTAN_VARIATION_INFO 23680
S_NOTIFY_ACTIVE_BUILD_TERRITORY_STATE 52737
S_NOTIFY_BATTLE_FIELD_CHAT_BAN 63809
S_NOTIFY_BATTLE_FIELD_NPC_DESPAWN 59353
S_NOTIFY_BATTLE_FIELD_NPC_SPAWN 25318
S_NOTIFY_DISCONNECT_BY_LEVEL_LIMIT 38785
S_NOTIFY_GUILD_QUEST_URGENT 47851
S_NOTIFY_GUILD_WAR_INFO 58252
S_NOTIFY_GUILD_WAR_STATUS_CHANGE 43785
S_NOTIFY_QUEST_RESTART 23144
S_NOTIFY_TO_FRIENDS_WALK_INTO_SAME_AREA 42847
S_NOTIFY_USER_SKILL_POLISHING_LEVEL_UP 49300
S_NOTIFY_VM_STATUS 37912
S_NPCGUILD_LIST 56094
S_NPC_AI_EVENT 53970
S_NPC_CHANGE_MESH 20716
S_NPC_INTERACTION_COMBO_INFO 33730
S_NPC_LOCATION 21377
S_NPC_MENU_SELECT 30097
S_NPC_OCCUPIER_INFO 39420
S_NPC_PARTIAL_DESTRUCT 25263
S_NPC_PART_BLINK 40082
S_NPC_PART_BREAK_ACTIVE 29271
S_NPC_RESPAWN_PLAN_ALARM 29552
S_NPC_SCALE 25821
S_NPC_SITUATION 43089
S_NPC_STATUS 58110
S_NPC_TARGET_USER 64363
S_NPC_TRANSLATIONZ 40380
S_OBTAIN_TOKEN_ITEM 47265
S_ONGOING_FIELD_EVENT_LIST 54762
S_ONGOING_LEVEL_EVENT_LIST 28486
S_OPEN_AWESOMIUM_WEB_URL 60057
S_OPEN_BOARD 53131
S_OPEN_CHANGE_CHARACTER_NAME_POPUP 22135
S_OPEN_CITY_WAR_SEASON_HISTORY 32201
S_OPEN_CREST_WINDOW 48857
S_OPEN_DUAL_OPTION_MATERIAL_INFO 20629
S_OPEN_EPPERK_RESET_POPUP 53948
S_OPEN_EXPAND_INVEN_WINDOW 35653
S_OPEN_FLOATING_CASTLE_STORE 33304
S_OPEN_GUARD_INFO_WINDOW 35216
S_OPEN_GUILD_FLAG_WINDOW 57715
S_OPEN_GUILD_LOGO_WINDOW 32675
S_OPEN_GUILD_WAR_WINDOW 49076
S_OPEN_RENAME_GUILD_POPUP 37829
S_OPEN_VM_SELLBUY_WINDOW 46154
S_OPEN_VM_SETTING_WINDOW 22692
S_OP_COMMAND 38534
S_OTHER_USER_APPLY_PARTY 60764
S_PARCEL_READ_RECV_STATUS 25016
S_PARCEL_REPORT 29932
S_PARTY_INFO 55509
S_PARTY_LOOTING_METHOD 41736
S_PARTY_LOOTING_METHOD_VOTE 30789
S_PARTY_MARKER 30241
S_PARTY_MATCH_LINK 27541
S_PARTY_MEMBER_ABNORMAL_ADD 26393
S_PARTY_MEMBER_ABNORMAL_CLEAR 61269
S_PARTY_MEMBER_ABNORMAL_DEL 46216
S_PARTY_MEMBER_ABNORMAL_REFRESH 20269
S_PARTY_MEMBER_BUFF_UPDATE 45888
S_PARTY_MEMBER_CHANGE_HP 59253
S_PARTY_MEMBER_CHANGE_MP 29729
S_PARTY_MEMBER_CHANGE_STAMINA 63649
S_PARTY_MEMBER_CHARM_ADD 31057
S_PARTY_MEMBER_CHARM_DEL 22195
S_PARTY_MEMBER_CHARM_ENABLE 56843
S_PARTY_MEMBER_CHARM_RESET 32211
S_PARTY_MEMBER_INFO 37479
S_PARTY_MEMBER_INTERVAL_POS_UPDATE 34628
S_PARTY_MEMBER_LIST 28635
S_PARTY_MEMBER_QUEST_DATA 27850
S_PARTY_MEMBER_STAT_UPDATE 61911
S_PARTY_NOTIFY_MY_POSITION 24401
S_PENDING_TRANSFORM_DATA 47126
S_PETITION_CANCEL 27185
S_PETITION_CHAT_BEGIN 48481
S_PETITION_CHAT_END 29717
S_PETITION_CHAT_GM_MESSAGE 45525
S_PETITION_CHECK_CREATABLE 30528
S_PETITION_CHECK_SURVEYABLE 51893
S_PETITION_COMPLETE 26361
S_PETITION_CREATE 34953
S_PETITION_FORCE_CREATE 38053
S_PETITION_INFO 35827
S_PET_ATTACKED 52556
S_PET_DURABILITY_CHANGE 45368
S_PET_INCUBATOR_INFO_CHANGE 23572
S_PET_INCUBATOR_PROGRESS 41756
S_PET_INCUBATOR_SHOW 60925
S_PET_INFO_CHANGE 34131
S_PET_INFO_CLEAR 35345
S_PET_MANAGER_SHOW 21116
S_PET_STOP_ALERT 41387
S_PING 49002
S_PK_DECLARE 42139
S_PK_DECLARE_COUNT 24463
S_PK_END 62071
S_PK_POINT 46611
S_PK_READY 22433
S_PK_START 41907
S_PK_TAG 48144
S_PLAYER_AUTOPILOT 37023
S_PLAYER_CHANGE_ACTPOINT 45883
S_PLAYER_CHANGE_ALL_PROF 35687
S_PLAYER_CHANGE_DRAIN 65080
S_PLAYER_CHANGE_EP 35890
S_PLAYER_CHANGE_EXP 23945
S_PLAYER_CHANGE_FLIGHT_ENERGY 45574
S_PLAYER_CHANGE_MP 37879
S_PLAYER_CHANGE_NOCTAN_COUNT 50666
S_PLAYER_CHANGE_PROF 51348
S_PLAYER_CHANGE_STAMINA 37669
S_PLAYER_CHANGE_UNION_SKILL_COUNT 64129
S_PLAYER_CUSTOM_ITEM_SLOT 42691
S_PLAYER_LACK_OF_ACTPOINT 44683
S_PLAYER_RESET_EP 60871
S_PLAYER_STAT_UPDATE 23408
S_PLAYER_VEHICLE_EX_STAT_UPDATE 39508
S_PLAYTIME 59645
S_PLAYTIME_EVENT_END 63402
S_PLAYTIME_EVENT_REWARD_DATA 27790
S_PLAY_ANIMATION 28446
S_PLAY_EFFECT 35536
S_PLAY_EVENT_SOUND 63441
S_PLAY_MAGNETIC 30143
S_PLAY_MOVIE 34022
S_PLAY_SOUND 65418
S_PLAY_SOUND_BYNAME 42620
S_PLAY_TIME 62625
S_POINT_STORE_BASKET 30438
S_POINT_STORE_SELL_LIST 48317
S_POLITICS_POINT_STORE_BASKET 43132
S_POLITICS_POINT_STORE_SELL_LIST 44789
S_POSITION_SWAP 44136
S_POST_PROCESS 37956
S_POST_PROCESS_MATERIAL 37304
S_PRECONFIRM_INVITE_CODE 33104
S_PREMIUM_COMPOSE_ADD_ITEM 45703
S_PREMIUM_COMPOSE_DEL_ITEM 60571
S_PREMIUM_COMPOSE_RESET 25071
S_PREMIUM_COMPOSE_RESULT 51334
S_PREMIUM_COMPOSE_START 38567
S_PREMIUM_COMPOSE_UI_INFO 53381
S_PREMIUM_SLOT_DATALIST 33806
S_PREMIUM_SLOT_OFF 59059
S_PREPARE_CHANGE_USER_APPEARANCE 49265
S_PREPARE_DONE_WORKOBJECT 54614
S_PREPARE_EXIT 35567
S_PREPARE_INGAME_CHANGE_USER_APPEARANCE 56528
S_PREPARE_RETURN_TO_LOBBY 60537
S_PREPARE_SELECT_CHANNEL 48319
S_PREPARE_WORKOBJECT 59537
S_PREVIEW_ITEM 22497
S_PRIVATE_CHANNEL_NOTICE 35337
S_PRIVATE_CHAT 26093
S_PRODUCE_CRITICAL 64042
S_PROMOTION_INFO 20954
S_PROMOTION_PROCESS 37555
S_PROMOTION_SUCCESS 50568
S_PROTECT 38732
S_PURCHASE_PROD 53059
S_PUSHED_BY_SHIELD 42936
S_PUT_INTO_PRISON 43185
S_PVE_LEADER_BOARD_INFO 58715
S_PVE_RANKING_LIST 31548
S_PVP_LEADER_BOARD_INFO 24989
S_PVP_RANKING_LIST 27448
S_QA_SET_ADMIN_LEVEL 52822
S_QUEST_BALLOON 61630
S_QUEST_INFO 49790
S_QUEST_VILLAGER_INFO 25691
S_RACE_CHANGE_RESTRICTION 39614
S_RANK_MESSAGE 23728
S_RANK_POINT_STATUS 46316
S_READY_PULL 42636
S_RECEIVE_COLLECTION_BOOK_REWARD 50355
S_RECEIVE_TOKEN_TARGET_ITEM 43881
S_RECV_PARCEL 26908
S_RECV_PARCEL_ALL 27243
S_RECV_PARCEL_EX 20513
S_REGISTER_CARD 41540
S_REGISTER_COMBINE_ITEM 55748
S_REGISTER_ENCHANT_ITEM 22468
S_REGISTER_EVOLUTION_ITEM 43232
S_REGISTER_REPAIR_ITEM 22853
S_REGISTER_SERVANT_RESULT 45120
S_REIGN_INFO 42760
S_REJECT_CONTRACT 56982
S_RELEASE_FROM_PRISON 27105
S_REMAIN_PLAY_TIME 44339
S_REMOVE_BLOCKED_USER 57703
S_REMOVE_CHARM_STATUS 34066
S_REMOVE_EFFECT 57432
S_REMOVE_EVENT_MATCHING_QUEST 36100
S_REMOVE_GUILD_GROUP 60006
S_REMOVE_GUILD_MEMBER 44890
S_REMOVE_SOUND_BYNAME 36706
S_RENAME_ITEMSTRING_START 54358
S_REPLY_GUILD_LIST 55733
S_REPLY_GUILD_WANTED_WRITING_LIST 44154
S_REPLY_INVITE_GUILD_LIST 34980
S_REPLY_NONDB_ITEM_INFO 50547
S_REPLY_REQUEST_CONTRACT 58311
S_REPLY_RET_VILLAGE_INFO 61162
S_REPLY_SET_GUILD_WANTED_WRITING 56452
S_REQUEST_ABILITY_TRANSFER 34679
S_REQUEST_CHANGE_LOOKS_SERVANT 30998
S_REQUEST_CHANGE_PARTY_MATCH_RULE 21672
S_REQUEST_CITY_WAR_MAP_INFO 60086
S_REQUEST_CITY_WAR_MAP_INFO_DETAIL 48459
S_REQUEST_CITY_WAR_MAP_INFO_END 55231
S_REQUEST_CONTRACT 41223
S_REQUEST_COOLTIME_TO_JOIN_GUILD 20500
S_REQUEST_DEMOLIST_GUILD_TOWER_POPUP 65027
S_REQUEST_DESPAWN_SERVANT 23734
S_REQUEST_DUNGEON_MATCHING_UI 45241
S_REQUEST_FLOATING_CASTLE_PARTS_COOL_TIME 29361
S_REQUEST_GUILD_FLAG_IMAGE_DATA 44784
S_REQUEST_GUILD_INFO_BEFORE_APPLY_GUILD 36537
S_REQUEST_INGAMESTORE_PRODUCT_DETAIL 38646
S_REQUEST_INGAMESTORE_SALE_PRODUCTLIST 63676
S_REQUEST_INVITE_GUILD_TAG 33533
S_REQUEST_JOINED_CHANNEL_LIST 49731
S_REQUEST_JOIN_GUILD_NOTICE 34072
S_REQUEST_NAME_PREEMPTION 30454
S_REQUEST_PET_CONSUME_EXP_ITEM 51559
S_REQUEST_PRIVATE_CHANNEL_INFO 63430
S_REQUEST_REACTION_POS_TICK 50696
S_REQUEST_RENEW_ALL_PARTS_ITEM 34014
S_REQUEST_SECOND_PASSWORD_AUTH 47076
S_REQUEST_SECOND_PASSWORD_REGISTER 47619
S_REQUEST_SERVANT_AUTO_POTION_INFO 34524
S_REQUEST_SERVANT_COMPOSE 51743
S_REQUEST_SERVANT_EVOLUTION 64433
S_REQUEST_SERVANT_INFO_LIST 29829
S_REQUEST_SERVANT_LEVEL_UP 52706
S_REQUEST_SPAWN_SERVANT 41407
S_REQUEST_STYLE_SHOP_MARK_PRODUCTLIST 41686
S_REQUEST_UPDATE_CUSTOM_USER_CUSTOMIZING 50600
S_REQUEST_WRITE_BOARD_RESULT 25622
S_RESET_ALL_PRODUCT_MARK_EVENT 41543
S_RESET_CHARM_STATUS 61576
S_RESET_EP_PERK 51497
S_RESET_GUILD_PERK 56379
S_RESET_SKILL 63665
S_RESPONSE_ACCESSORY_COST_INFO 32432
S_RESPONSE_GAMESTAT_PONG 50344
S_RESPONSE_PONG 39282
S_RESPONSE_SERVER_ADMINTOOL_AWESOMIUM_URL 49318
S_RESPONSE_USE_PREMIUM_SLOT 57017
S_RESTORE_CUSTOMIZING_PARTS_SHAPE 55842
S_RESULT_BATTLE_FIELD_CHAT_BAN 54795
S_RESULT_BIDDING_DICE_THROW 64788
S_RESULT_CHANGE_CHARACTER_NAME 21558
S_RESULT_CHANGE_DUAL_OPTION_IDX 20768
S_RESULT_CHANGE_FRIEND_MEMO 37526
S_RESULT_CHANGE_MY_PROFILE 26819
S_RESULT_COMBINE_ITEM 38318
S_RESULT_ENCHANT 60969
S_RESULT_EQUIPMENT_INHERITANCE 55531
S_RESULT_EVENT_SEED 38404
S_RESULT_EVOLUTION 28263
S_RESULT_GROUP_DUEL_MSG 62039
S_RESULT_GUILD_INCENTIVE 27772
S_RESULT_INGAME_CHANGE_USER_APPEARANCE 49290
S_RESULT_ITEM_BIDDING 33612
S_RESULT_ITEM_COLORING 45253
S_RESULT_LEARN_GUILD_PERK 42244
S_RESULT_MATERIAL_AWAKEN 60376
S_RESULT_OPEN_DUAL_OPTION 60883
S_RESULT_RENAME_GUILD 38191
S_RESULT_REPAIR_ITEM 51749
S_RESULT_SEREN_GUIDE 58166
S_RESULT_USABLE_CHARACTER_NAME 27125
S_RESULT_USABLE_GUILD_NAME 54679
S_RETURN_PARCEL 32629
S_RETURN_TO_LOBBY 61186
S_RETURN_USER 48281
S_RETURN_USER_REWARD_END 57074
S_REWARDNPC_SPAWN_ALARM 64186
S_REWRITE_ITEM_STRING 22626
S_RIGHT_ITEM_LIST 35452
S_ROUND_PVE_BATTLE_FIELD_BOARD 56936
S_ROUND_PVE_BATTLE_FIELD_RESULT 60762
S_ROUND_PVE_CLOSE_SKILL_UI 53278
S_ROUND_PVE_OPEN_SKILL_UI 63561
S_ROUND_PVE_SCORE 46504
S_ROUND_PVE_SKILL_INVOKE 24414
S_ROUND_PVP_BATTLE_FIELD_BOARD 46057
S_ROUND_PVP_BATTLE_FIELD_RESULT 47886
S_ROUND_RESULT 28383
S_ROUND_START 23053
S_RP_ADD_ITEM_TO_DECOMPOSITION_CONTRACT 33061
S_RP_COMMIT_DECOMPOSITION_CONTRACT 31627
S_RP_DEL_ITEM_FROM_DECOMPOSITION_CONTRACT 32868
S_RP_SKILL_POLISHING_CHANGE_OPTION 58384
S_RP_SKILL_POLISHING_EXP_INFO 57861
S_RP_SKILL_POLISHING_LIST 49807
S_RP_SKILL_POLISHING_UNLOCK_OPTION 57215
S_RP_SKILL_POLISHING_UPGRADE_LEVEL 40697
S_RP_START_SOCIAL_ON_PROGRESS_DECOMPOSITION 60832
S_RP_UPDATE_ITEM_TO_DECOMPOSITION_CONTRACT 58356
S_SCENARIO_DUNGEON_UI 32918
S_SECOND_PASSWORD_AUTH_RESULT 48862
S_SECOND_PASSWORD_REGISTER_RESULT 54168
S_SELECT_CHANNEL 28144
S_SELECT_EVENT_MATCHING 34341
S_SELECT_USER 36018
S_SEND_CHANGE_REPUTATION_EXP 27119
S_SEND_CHANGE_REPUTATION_POINT 50390
S_SEND_PARCEL 42270
S_SEND_PARCEL_TAX 26049
S_SEND_QUEST_ITEM_INFO 46463
S_SEND_ROUND_PVE_SKILL_LIST 28084
S_SEND_USER_PLAY_TIME 54129
S_SEND_VIP_SYSTEM_INFO 39670
S_SERVANT_ABILITY 33459
S_SERVER_TIME 33366
S_SET_AWESOMIUM_WEB_URL 65069
S_SET_GUILD_JOIN_CONDITION 40821
S_SET_ITEM_BIDDING_FLAG 31596
S_SET_ITEM_STRING 23206
S_SET_KUMAS_BATTLE_FIELD_TREASURE_SCORE 49182
S_SET_NEW_TERA_USER 24182
S_SET_POS 30984
S_SET_RECIPE_BOOKMARK 23423
S_SET_SEND_PARCEL_ITEM 59502
S_SET_SEND_PARCEL_MONEY 51066
S_SET_VISIBLE 24898
S_SET_WORKOBJECT 23357
S_SHARE_USER_PING 60039
S_SHORTCUT_CHANGE 38896
S_SHOW_ARTISAN_MENU 23325
S_SHOW_AWESOMIUMWEB_SHOP 53150
S_SHOW_CANDIDATE_LIST 45066
S_SHOW_CHANGE_CHARACTER_UI 34144
S_SHOW_CREST_LEARN 20578
S_SHOW_DARKRIFT_USER_HP 63700
S_SHOW_DEAD_CITY_WAR_UI 58028
S_SHOW_DEAD_UI 21082
S_SHOW_DUNGEON_RETRY_UI 32001
S_SHOW_GAGE 36658
S_SHOW_GUILD_QUEST_LIST 26672
S_SHOW_HP 45416
S_SHOW_ITEM_TOOLTIP 58003
S_SHOW_NAME_PLATE_ICON 43687
S_SHOW_NPC_TO_MAP 60045
S_SHOW_PARCEL 26916
S_SHOW_PARCEL_MESSAGE 36588
S_SHOW_PARTY_MATCH_INFO 51454
S_SHOW_PEGASUS_MAP 22653
S_SHOW_REVIVE_UI 29517
S_SHOW_TEMPER_WINDOW 27699
S_SHOW_TRADE_ITEM 60958
S_SHOW_TRADE_LOG 38841
S_SHOW_USER_EP_INFO 55311
S_SIMPLE_TIP_REPEAT_CHECK 28503
S_SKILL_ATTENTION_TARGET 41513
S_SKILL_CATEGORY 54074
S_SKILL_CHASE_EFFECT_TARGET 63976
S_SKILL_FORGET 63198
S_SKILL_LEARN_LIST 53500
S_SKILL_LEARN_RESULT 39916
S_SKILL_LIST 52979
S_SKILL_PERIOD 55131
S_SKILL_TARGETING_AREA 62065
S_SNOW_EVENT_BATTLE_FIELD_BOARD 27371
S_SNOW_EVENT_BATTLE_FIELD_RESULT 57246
S_SNOW_EVENT_BATTLE_FIELD_SPAWN_USER 33287
S_SOCIAL 43905
S_SOCIAL_CANCEL 51839
S_SOCIAL_FORGET 33774
S_SOCIAL_LEARN_RESULT 32701
S_SPAWN_BONFIRE 51251
S_SPAWN_BUILD_OBJECT 35174
S_SPAWN_COLLECTION 33875
S_SPAWN_DARK_RIFT_CLOUD 45434
S_SPAWN_DOOR 29588
S_SPAWN_DROPITEM 61704
S_SPAWN_EGG 58506
S_SPAWN_EVENT_SEED 25667
S_SPAWN_GAMBLE_BOX 41229
S_SPAWN_ME 59603
S_SPAWN_NPC 56436
S_SPAWN_PET 29456
S_SPAWN_PROJECTILE 64940
S_SPAWN_REMOTE_PROJECTILE 50225
S_SPAWN_SHUTTLE 59565
S_SPAWN_STATUE 29343
S_SPAWN_TARGET_OBJECT 39949
S_SPAWN_USER 65437
S_SPAWN_WORKOBJECT 59678
S_STAGE_RESULT 49350
S_STAGE_START 31835
S_START_ACTION_SCRIPT 62466
S_START_CHANGE_USER_APPEARANCE 22477
S_START_CHAT_BAN 63193
S_START_CHAT_BAN_INFINITY 54499
S_START_CLIENT_CUSTOM_SKILL 56210
S_START_CLIMBING 63240
S_START_COMMANDER_SKILL 40049
S_START_COOLTIME_ITEM 56942
S_START_COOLTIME_SERVANT_SKILL 49114
S_START_COOLTIME_SKILL 65192
S_START_CUSTOMIZING_PARTS_SHAPE 62656
S_START_DRIVE_AIRSHIP 32237
S_START_FISHING_CHARGE 23197
S_START_FISHING_MINIGAME 38566
S_START_FIX_SPIRIT 44547
S_START_FIX_VEHICLE 54905
S_START_GUILD_QUEST 29041
S_START_GUILD_WAR 23696
S_START_INVERSE_CAPTURE 37951
S_START_LEVEL_COMPENSATION 24335
S_START_PEGASUS 45334
S_START_PRODUCE 28980
S_START_ROUND_PVE_ROUND 29119
S_START_STACK_ATTENDANCE_EVENT_INFO 31287
S_START_USER_PROJECTILE 62066
S_START_VM_BUY 27942
S_START_VM_SELL 26800
S_STEER_DEBUG_COMMAND 49750
S_STICK_TO_USER_END 21974
S_STICK_TO_USER_START 59371
S_STOP_VM 29912
S_STORE_BASKET 60162
S_STORE_COMMIT 47096
S_STORE_SELL_LIST 40570
S_STRONGHOLD_OCCUPATION_BATTLE_FIELD_BOARD 63923
S_STRONGHOLD_OCCUPATION_BATTLE_FIELD_STRONGHOLD_INFO 27038
S_STR_EVALUATE_LIST 21749
S_STYLE_SHOP_BUY_TCAT_ITEM 40126
S_SUCCESS_COUNTER 56572
S_SUCCESS_STYLE_SHOP_BUY_REPUTATION_ITEM 41783
S_SUGGEST_DARK_RIFT_PARTY_MATCHING 47166
S_SURVEY_QUESTION 57818
S_SWITCH_INFO 26644
S_SYNC_PEGASUS_TIME 40367
S_SYSTEM_MESSAGE 22417
S_SYSTEM_MESSAGE_CUSTOM 64485
S_SYSTEM_MESSAGE_LOOT_ITEM 58426
S_SYSTEM_MESSAGE_LOOT_SPECIAL_ITEM 47582
S_SYSTEM_REWARD_MESSAGE 37898
S_SYS_PARTY_INFO 22956
S_TARGET_INFO 55777
S_TASK_INFO_GUARD 49001
S_TAX_INFO 55158
S_TELEPORT_TO_CAMP 47882
S_TEMPER_MATERIALS 26388
S_TEMPER_RESULT 50608
S_TERRITORY_STEP_ENTER 24767
S_TERRITORY_STEP_LEAVE 36575
S_TERRITORY_STEP_PROGRESS 23885
S_TIMEOVER_CONTRACT 50649
S_TOGGLE_TASK_INFO_WINDOW 35427
S_TOKEN_POINT_STATUS 34893
S_TOTAL_GUILD_WAR_DATA 39840
S_TRADE_ACCEPT 29185
S_TRADE_BAG_CLOSE 37013
S_TRADE_BAG_DONE 54939
S_TRADE_BOX 47385
S_TRADE_BROKER_BOUGHT_ITEM_LIST 22315
S_TRADE_BROKER_BUY_IT_NOW 46024
S_TRADE_BROKER_CALC_BOUGHT_ITEM 52765
S_TRADE_BROKER_CALC_NOTIFY 22395
S_TRADE_BROKER_CALC_SOLD_ITEM 38233
S_TRADE_BROKER_DEAL_INFO_UPDATE 37265
S_TRADE_BROKER_DEAL_SUGGESTED 28840
S_TRADE_BROKER_HIGHEST_ITEM_LEVEL 34738
S_TRADE_BROKER_HISTORY_ITEM_LIST 39373
S_TRADE_BROKER_INPUT_PRICE 54633
S_TRADE_BROKER_REGISTERED_ITEM_LIST 59003
S_TRADE_BROKER_REQUEST_DEAL_RESULT 20014
S_TRADE_BROKER_SOLD_ITEM_LIST 29938
S_TRADE_BROKER_SUGGEST_DEAL 22137
S_TRADE_BROKER_WAITING_ITEM_LIST 34986
S_TRADE_MESSAGE 30326
S_TRANSFER_KUMAS_BATTLE_FIELD_TREASURE 37148
S_TUTORIAL_PLAY_FINISHED 22164
S_UNBIND_ITEM_RESULT 24561
S_UNEQUIP_ITEM 50896
S_UNEQUIP_SERVANT_ITEM 51435
S_UNICAST_FLOATING_CASTLE_INFO 60717
S_UNICAST_FLOATING_CASTLE_NAMEPLATE 27359
S_UNICAST_TRANSFORM_DATA 64697
S_UNMOUNT_CARD 36793
S_UNMOUNT_VEHICLE 42290
S_UNMOUNT_VEHICLE_EX 23772
S_UNREGISTER_COMBINE_ITEM 53077
S_UNREGISTER_ENCHANT_ITEM 34078
S_UNREGISTER_EVOLUTION_ITEM 23644
S_UNREGISTER_REPAIR_ITEM 29735
S_UPDATE_ACHIEVEMENT_PROGRESS 38061
S_UPDATE_BIDDING_COUNT 60011
S_UPDATE_CONTENTS_ON_OFF 47465
S_UPDATE_EVENT_MATCHING_BONUS_INFO 35184
S_UPDATE_EVENT_SEED_STATE 39816
S_UPDATE_EVENT_SYSTEM 28955
S_UPDATE_EXP_LEVEL 10034
S_UPDATE_FRIENDSHIP_GAGE 26074
S_UPDATE_FRIEND_INFO 22478
S_UPDATE_GAMBLE_BOX_STATE 40413
S_UPDATE_GUILD_ANNOUNCE 32494
S_UPDATE_GUILD_FLAG 46449
S_UPDATE_GUILD_GROUP 62502
S_UPDATE_GUILD_MEMBER 37158
S_UPDATE_GUILD_QUEST_STATUS 26487
S_UPDATE_GUILD_TOWER_INFO 52147
S_UPDATE_KUMAS_BATTLE_FIELD_TREASURE_INFO 51858
S_UPDATE_KUMAS_BOSS_POS 55558
S_UPDATE_LICENSE 10032
S_UPDATE_NPCGUILD 21018
S_UPDATE_PARTY_MEMBER_QUEST_DATA 43034
S_UPDATE_PROF_BUG 10037
S_UPDATE_PROF_ENERGY 10038
S_UPDATE_PROF_HERB 10039
S_UPDATE_PROF_MINERAL 10036
S_UPDATE_QUEST 42050
S_UPDATE_SERVANT_INFO 61443
S_UPDATE_STACK_ATTENDANCE_EVENT_INFO 49184
S_UPDATE_STACK_ATTENDANCE_EVENT_RESET_TIME 60477
S_UPDATE_STYLE_SHOP_MARK_PRODUCT 53655
S_UPDATE_USER_AWAKEN_GRADE 61505
S_UPDATE_USER_PKDECLARECOUNT 10041
S_UPDATE_USER_PKDECLARECOUNT2 10189
S_UPDATE_USER_PKPOINT 10043
S_UPDATE_VM_SELLBUY_WINDOW 26492
S_UPDATE_VM_SETTING_WINDOW 22339
S_UPDATE_VM_STATUS 21395
S_USER_AIM 24284
S_USER_AIM_TO 28174
S_USER_APPEARANCE_CHANGE 61810
S_USER_BLOCK_LIST 30600
S_USER_CHANGE_FACE_CUSTOM 57700
S_USER_CHANGE_NAME 32800
S_USER_DEATH 57302
S_USER_EFFECT 54796
S_USER_EXTERNAL_CHANGE 40608
S_USER_FLYING_LOCATION 44879
S_USER_ITEMLEVEL_INFO 33249
S_USER_ITEM_EQUIP_CHANGER 43070
S_USER_LEVELUP 57725
S_USER_LOCATION 58949
S_USER_LOCATION_IN_ACTION 21583
S_USER_MOVETYPE 30492
S_USER_PAPERDOLL_INFO 38128
S_USER_PVE_RANKING 21381
S_USER_PVP_RANKING 58584
S_USER_REPORT 47635
S_USER_SITUATION 31857
S_USER_STATUS 23070
S_USER_WEAPON_APPEARANCE_CHANGE 31200
S_USE_CHRONOSCROLL_RESULT 42764
S_USE_COUPON 50076
S_USE_JUMPGEAR 34901
S_USE_RIGHT_ITEM 25710
S_VEHICLE_EX_ARROW 58250
S_VEHICLE_EX_RELATION 40691
S_VERSION_INFO 61117
S_VIEW_BATTLE_FIELD_RANKING 22896
S_VIEW_BATTLE_FIELD_RANKING_SERVER_LIST 36503
S_VIEW_BATTLE_FIELD_RESULT 46916
S_VIEW_COMBINE_BATTLE_FIELD_RANKING 60208
S_VIEW_GUILD_WAR 39006
S_VIEW_INTER_PARTY_MATCH_BATTLEFIELD_LIST 44411
S_VIEW_INTER_PARTY_MATCH_DUNGOEN_LIST 39792
S_VIEW_PARTY_INVITE 57940
S_VIEW_VM_SETTING_WINDOW 33016
S_VIEW_WARE 61682
S_VIEW_WARE_EX 21190
S_VILLAGER_BUFF_INFO 27035
S_VILLAGER_POPUP_DIALOG 34259
S_VILLAGE_LIST_TO_TELEPORT 48652
S_VIP_STORE_ITEM_LIST 26018
S_VIRTUAL_LATENCY 36086
S_VISITED_SECTION_LIST 54183
S_VISIT_NEW_SECTION 33860
S_VISIT_NEW_TEL_CAMP 58490
S_VM_BUY_BASKET_INFO 27118
S_VM_SELL_BASKET_INFO 21555
S_VOID_GUARD_INFO 34910
S_VOTE_DISMISS_PARTY 26601
S_VOTE_HISTORY 47001
S_VOTE_RESET_ALL_DUNGEON 38316
S_VOTE_TO_DUNGEON_MENTO 34821
S_WAITING_LIST 41117
S_WATCHED_MOVIES 29321
S_WEAK_POINT 38949
S_WELCOME_PET_OWNER 37892
S_WHISPER 42424
S_WORK_WORKOBJECT 54174
S_WORLD_OF_TANK_BATTLE_FIELD_BOARD 59023
S_WORLD_OF_TANK_BATTLE_FIELD_RESULT 33038
S_WORLD_QUEST_VILLAGER_INFO 35059
S_XIGNCODE_SECURITY_DATA 55159