C_ACCEPT_CONTRACT = 33436
C_ACCEPT_FRIEND = 45257
C_ACCEPT_GUILD_APPLY = 41752
C_ADD_CRYSTAL_COMBINE_MATERIAL = 63013
C_ADD_FRIEND = 27133
C_ADD_FRIEND_GROUP = 27122
C_ADD_INTER_PARTY_MATCH_POOL = 46995
C_ADD_ITEM_TO_VM_BUY_BASKET = 47758
C_ADD_ITEM_TO_VM_SELL_BASKET = 51947
C_ADD_TELEPORT_TO_POS_LIST = 39717
C_ADD_TRADE_BAG = 30888
C_ADMIN = 46070
C_ADMIN_ADD_CUSTOM_BOOKMARK = 49936
C_ADMIN_CHAT_BAN = 60200
C_ADMIN_CHECK_USERNAME = 33655
C_ADMIN_GET_DUNGEON_USER_LIST = 45453
C_ADMIN_GET_USER_INFO_BY_DBID = 43021
C_ADMIN_GET_USER_INFO_LIST_BY_DISTANCE = 52284
C_ADMIN_GMEVENT_NOTICE = 33094
C_ADMIN_GMEVENT_OFF = 51365
C_ADMIN_GMEVENT_OX_QUIZ_NEXT_QUIZ = 57947
C_ADMIN_GMEVENT_OX_QUIZ_NEXT_REPE_QUIZ = 50556
C_ADMIN_GMEVENT_STATUS = 29133
C_ADMIN_GMEVENT_USER_KICK = 20315
C_ADMIN_GMEVENT_USER_SUMMON = 51408
C_ADMIN_GM_MAPTELEPORT = 30637
C_ADMIN_GM_SKILL = 38389
C_ADMIN_GM_TELEPORT = 21813
C_ADMIN_HOLD_CHARACTER = 39777
C_ADMIN_KILL_NPC = 52168
C_ADMIN_LOBBY = 40234
C_ADMIN_REMOVE_CUSTOM_BOOKMARK = 47365
C_ADMIN_REMOVE_NPC = 62232
C_ADMIN_REQUEST_CUSTOM_BOOKMARK = 55493
C_ADMIN_REQUEST_DEFAULT_BOOKMARK = 52490
C_ADMIN_REQUEST_USERACTION = 35402
C_ADMIN_REQUEST_USERINFO = 48675
C_ADMIN_SPAWN_NPC = 56155
C_ADMIN_VANISH_PET = 36987
C_ADMIN_WARNING_MESSAGE = 60845
C_ANSWER_BANNING_PARTY_MEMBER = 22851
C_ANS_QUEST_SHARE = 54910
C_APPLY_GUILD = 48001
C_APPLY_PARTY = 41880
C_APPLY_TITLE = 36880
C_ASK_HANCOIN_AMOUNT = 45812
C_ASK_INTERACTIVE = 64534
C_AVAILABLE_EVENT_MATCHING_LIST = 28971
C_AWESOMIUM_WEB_COUNTING = 23618
C_BANISH_GUILD_MEMBER = 57030
C_BAN_FROM_GROUP_DUEL = 22345
C_BAN_PARTY_MEMBER = 60855
C_BATTLE_FIELD_BOARD_REQUEST = 56381
C_BATTLE_FIELD_CANCEL_OCCUPATION = 57234
C_BATTLE_FIELD_HELP = 35554
C_BATTLE_FIELD_MAP_ALARM = 29470
C_BATTLE_FIELD_POINT_STORE_BUY_ADD_BASKET = 58259
C_BATTLE_FIELD_POINT_STORE_BUY_DEL_BASKET = 46606
C_BATTLE_FIELD_POINT_STORE_COMMIT = 21973
C_BATTLE_FIELD_REWARD = 20425
C_BATTLE_FIELD_START_OCCUPATION = 56837
C_BETTING_TRY = 55145
C_BIND_ITEM_BEGIN_PROGRESS = 45027
C_BIND_ITEM_EXECUTE = 53310
C_BLOCK_USER = 62599
C_BOARD_ITEM_LIST = 36596
C_BROADCAST_CLIMBING = 60969
C_BUY_INGAMESTORE_MONEYPRODUCT = 57384
C_BUY_INGAMESTORE_TCATPRODUCT = 48422
C_BUY_VILLAGER_BUFF = 43375
C_CANCEL_CHANGE_USER_APPEARANCE = 51319
C_CANCEL_CONTRACT = 43103
C_CANCEL_DELETE_USER = 44589
C_CANCEL_DUNGEON_RETRY = 58074
C_CANCEL_EXIT = 20026
C_CANCEL_FIX_VEHICLE = 21356
C_CANCEL_LOCKON_TARGET = 50254
C_CANCEL_PENDING = 56918
C_CANCEL_PREPARE_CHANGE_USER_APPEARANCE = 58455
C_CANCEL_QUEST = 31717
C_CANCEL_RETURN_TO_LOBBY = 33155
C_CANCEL_REVIVE = 62648
C_CANCEL_SELECT_CHANNEL = 63092
C_CANCEL_SKILL = 29714
C_CAN_CREATE_USER = 23163
C_CAN_LOCKON_TARGET = 32613
C_CAST_FISHING_ROD = 21205
C_CHANGE_CHANNEL_PASSWORD = 48374
C_CHANGE_CHARACTER = 23888
C_CHANGE_EQUIP_PRESET = 50202
C_CHANGE_FRIEND_MEMO = 44593
C_CHANGE_GROUP_DUEL_SETTING = 40531
C_CHANGE_GUILDGROUP = 38641
C_CHANGE_GUILDNAME = 39674
C_CHANGE_GUILD_CHIEF = 60087
C_CHANGE_ITEM_COLORING_POTION = 40965
C_CHANGE_ITEM_PASSIVE_LIST = 43538
C_CHANGE_LOOKS_PREMIUM_TRY = 30375
C_CHANGE_MY_PROFILE = 35588
C_CHANGE_MY_STATE = 63580
C_CHANGE_PARTY_MANAGER = 41606
C_CHANGE_PARTY_MEMBER_AUTHORITY = 39029
C_CHANGE_SERVANT_NAME = 58393
C_CHANGE_USER_LOBBY_SLOT_ID = 54975
C_CHANGE_USER_NAME = 56397
C_CHANGE_VM_MODE = 41114
C_CHAT = 33798
C_CHAT_REPORT = 63332
C_CHECK_CHANGE_GUILDNAME = 50403
C_CHECK_EVENT_MATCHING_LIST_CHECKBOX = 39896
C_CHECK_EVENT_SYSTEM_REWARD = 58319
C_CHECK_TO_DECLARE_GUILD_WAR = 55142
C_CHECK_TO_OPPOSITE_DECLARE_GUILD_WAR = 59237
C_CHECK_TO_READY_PARTY = 25080
C_CHECK_TO_READY_PARTY_ANSWER = 26636
C_CHECK_USERNAME = 53454
C_CHECK_VERSION = 19900
C_CITY_WAR_INFO_HISTROY = 32641
C_CITY_WAR_SEASON_HISTROY = 59576
C_CLEAR_SEND_PARCEL = 37019
C_CLOSE_SEND_PARCEL = 30063
C_CLOSE_VM = 41855
C_COLLECTION_PICKEND = 30710
C_COLLECTION_PICKSTART = 26221
C_COMMIT_ACCESSORY_TRANSFORM = 30286
C_COMMIT_CHANGE_USER_APPEARANCE = 53794
C_COMMIT_FACE_BONE_DATA = 40986
C_COMMIT_INGAME_CHANGE_USER_APPEARANCE = 64901
C_COMMIT_VM_TRADE = 56101
C_COMPLETE_DAILY_EVENT = 65008
C_COMPLETE_EXTRA_EVENT = 34491
C_COMPLETE_QUEST = 35912
C_CONFIRM_EVENT_SYSTEM = 22847
C_CONFIRM_INVITE_CODE = 32146
C_CONFIRM_UPDATE_NOTIFICATION = 60022
C_CREATE_GROUP_DUEL = 26709
C_CREATE_GUILDGROUP = 62073
C_CREATE_PRIVATE_CHANNEL = 34700
C_CREATE_USER = 20078
C_CREST_APPLY = 41567
C_CREST_APPLY_LIST = 24221
C_CREST_DISAPPLY_ALL = 46227
C_CRYSTAL_COMBINE_EXECUTE = 49143
C_CURRENT_CHANNEL = 20878
C_CUSTOM_USER_CUSTOMIZING = 36470
C_DECLARE_GUILD_WAR = 41475
C_DECOMPOSE_REGISTER_ITEM = 38973
C_DECOMPOSE_UNREGISTER_ITEM = 35719
C_DELETE_COUPON = 45356
C_DELETE_FRIEND = 39449
C_DELETE_FRIEND_GROUP = 64355
C_DELETE_PARCEL = 27701
C_DELETE_TELEPORT_TO_POS_LIST = 47767
C_DELETE_USER = 30897
C_DELIVERY_STORE_ADD_BASKET = 39686
C_DELIVERY_STORE_COMMIT = 21269
C_DELIVERY_STORE_DEL_BASKET = 62652
C_DEL_CRYSTAL_COMBINE_MATERIAL = 27899
C_DEL_INTER_PARTY_MATCH_POOL = 62251
C_DEL_ITEM = 56230
C_DESPAWN_BUILD_OBJECT = 44356
C_DESTROY_GUILD = 36363
C_DIALOG = 49320
C_DIALOG_EVENT = 47412
C_DISMISS_PARTY = 21810
C_DISTRIBUTOR_ANSWER = 20236
C_DUEL_CANCEL = 51610
C_DUNGEON_CLEAR_COUNT_LIST = 48306
C_DUNGEON_COOL_TIME_LIST = 30133
C_DUNGEON_RANK_RECORD_LIST = 22189
C_DUNGEON_RANK_SEASON_LIST = 55024
C_DUNGEON_SUMMON_PARTY = 28710
C_DUNGEON_UI_OPENED = 23522
C_DUNGEON_WORK_ENTER = 30100
C_DUNGEON_WORK_LEAVE = 23988
C_DUNGEON_WORK_POINT_STORE_BUY_ADD_BASKET = 32700
C_DUNGEON_WORK_POINT_STORE_BUY_DEL_BASKET = 51244
C_DUNGEON_WORK_POINT_STORE_COMMIT = 27828
C_DUNGEON_WORK_RETRY = 32053
C_EDIT_BLOCKED_USER_MEMO = 46824
C_EDIT_FRIEND_GROUP = 44634
C_EDIT_PRIVATE_CHANNEL = 54391
C_ENCHANTER_USE = 20272
C_END_CLIMBING = 64703
C_END_CUSTOMIZING_PARTS_SHAPE = 28687
C_END_FISHING_MINIGAME = 39236
C_END_ITEM_BIDDING = 20174
C_END_MOVIE = 30803
C_END_RESTORE_CUSTOMIZING_PARTS_SHAPE = 37867
C_ENTER_BATTLE_FIELD = 25788
C_ENTER_DUNGEON = 28540
C_ENTER_SCENARIO_DUNGEON = 25865
C_ENTER_TELEPORTTERRITORY = 45042
C_EQUIPMENT_ENCHANT_SCROLL_USE = 41534
C_EQUIP_ITEM = 20028
C_EVENT_GUIDE = 64171
C_EVENT_MATCHING_BATTLEFIELD_DETAIL_INFO = 40617
C_EVENT_MATCHING_DUNGEON_DETAIL_INFO = 47013
C_EXIT = 27644
C_EXPAND_INVEN_SIZE = 24580
C_EXTEND_PARTY = 57153
C_FACIAL_ATTACHMENT = 28866
C_FIELD_EVENT_BAN = 26976
C_FINDNAME = 44876
C_FLOATING_CASTLE_PARTS_STORE_BUY_ADD_BASKET = 24435
C_FLOATING_CASTLE_PARTS_STORE_BUY_DEL_BASKET = 43992
C_FLOATING_CASTLE_PARTS_STORE_COMMIT = 43919
C_GACHA_CANCEL = 40449
C_GACHA_TRY = 29750
C_GAMBLE_CANCEL = 42133
C_GAMBLE_CHANGE_BET_ITEM = 30118
C_GAMBLE_GO = 60972
C_GAMBLE_STOP = 25996
C_GAMBLE_TRY = 27028
C_GET_ATTENDANCE_REWARD = 30132
C_GET_EVENT_DETAIL = 25795
C_GET_EVENT_SYSTEM_REWARD = 61706
C_GET_GUILD_HISTORY = 62657
C_GET_GUILD_WARE_HISTORY = 24064
C_GET_IN_SHUTTLE = 57674
C_GET_OUT_SHUTTLE = 58275
C_GET_USER_GUILD_LOGO = 51020
C_GET_USER_LIST = 38667
C_GET_WARE_ITEM = 58999
C_GIVE_UP_GUILD_WAR = 43849
C_GMEVENT_LEAVE_EVENT = 64789
C_GMEVENT_MOVE_TO_STADIUM = 28553
C_GMEVENT_OX_REPE_QUIZ_ANSWER = 53239
C_GROUP_DUEL_ADD_BETTING_ITEM = 62011
C_GROUP_DUEL_BETTING = 46655
C_GROUP_DUEL_BETTING_MONEY = 50304
C_GROUP_DUEL_CHANGE_REPRESENT = 54487
C_GROUP_DUEL_DEL_BETTING_ITEM = 32716
C_GROUP_DUEL_RECORD = 27929
C_GUARD_PK_POLICY = 46485
C_GUILD_APPLY_LIST = 37060
C_GUILD_APPLY_LIST_PAGE = 53682
C_GUILD_STORE_BUY_ADD_BASKET = 39107
C_GUILD_STORE_BUY_DEL_BASKET = 37107
C_GUILD_STORE_COMMIT = 65272
C_HARDWARE_INFO = 56766
C_HIT_USER_PROJECTILE = 58059
C_INGAME_CHANGE_USER_APPEARANCE_CANCEL = 40177
C_INGAME_CHANGE_USER_APPEARANCE_TRY = 48681
C_INVALID_BUILD_VERSION = 62264
C_INVENTORY_AUTO_SORT = 38970
C_INVITE_FRIEND_CODE = 62588
C_INVITE_USER_TO_GUILD = 39775
C_ITEMSYNTHESIZER_REQUEST_CANCEL = 33479
C_ITEMSYNTHESIZER_REQUEST_MATERIAL = 21856
C_ITEMSYNTHESIZER_REQUEST_START = 36732
C_ITEM_COLORING_ADD_ITEM = 63079
C_ITEM_COLORING_REMOVE_ITEM = 44906
C_ITEM_COLORING_SET_COLOR = 20814
C_JOIN_GROUP_DUEL = 48976
C_JOIN_PRIVATE_CHANNEL = 55783
C_KICK_CHANNEL_MEMBER = 65130
C_LEARN_EP_PERK = 28696
C_LEAVE_GROUP_DUEL = 52463
C_LEAVE_GUILD = 55365
C_LEAVE_PARTY = 24472
C_LEAVE_PRIVATE_CHANNEL = 20159
C_LEAVE_TELEPORTTERRITORY = 56255
C_LIST_CHANNEL = 64326
C_LIST_PARCEL = 53581
C_LOAD_EP_INFO = 56692
C_LOAD_TOPO_FIN = 30407
C_LOGIN_ARBITER = 39550
C_LORD_CALC_TAX = 65429
C_LORD_CANDIDATE_LIST = 39266
C_LORD_CANDIDATE_PLEDGE = 28239
C_LORD_CHANGE_GREETINGS = 56080
C_LORD_CHANGE_POLICY = 24400
C_LORD_GUARD_INFO = 61354
C_LORD_RANK_INFO = 46464
C_LORD_REGISTER = 59804
C_LORD_REGISTER_INFO = 47284
C_LORD_TAX_SET = 20732
C_LORD_VOTE = 63825
C_LORD_VOTE_CANDIDATE_LIST = 45074
C_MAIN_MENU_COMMAND_EXEC = 47626
C_MEDAL_STORE_BUY_ADD_BASKET = 39890
C_MEDAL_STORE_BUY_DEL_BASKET = 49483
C_MEDAL_STORE_COMMIT = 28246
C_MEET_BOSS_INFO = 46418
C_MERGE_ITEM = 40950
C_MERGE_ITEM_EXECUTE = 53822
C_MERGE_PARTY_TO_RAID = 64590
C_MOUNT_VEHICLE_EX = 65079
C_MOVE_INVEN_POS = 33109
C_MOVE_SLOT_IN_GROUP_DUEL = 28210
C_MOVE_WARE_POS = 46329
C_NOTIFY_LOCATION_IN_ACTION = 51647
C_NOTIFY_LOCATION_IN_DASH = 50576
C_NOTIFY_LOCATION_IN_REACTION = 57392
C_NOTIFY_SPIRIT_LOCATION_IN_ACTION = 50883
C_NOTIMELINE_SKILL = 58973
C_NPCGUILD_LIST = 28943
C_NPC_CONTACT = 20447
C_OPEN_GUILD_WAR_WINDOW = 23715
C_OPPOSITE_DECLARE_GUILD_WAR = 21710
C_OP_COMMAND = 20229
C_PARCEL_REPORT = 63508
C_PARTY_APPLICATION_DENIED = 24241
C_PARTY_LOOTING_METHOD = 41427
C_PARTY_LOOTING_METHOD_VOTE = 43824
C_PARTY_MARKER = 56667
C_PARTY_MATCH_WINDOW_CLOSED = 45758
C_PAY_WAREHOUSE_COMMISION = 25676
C_PCBANGINVENTORY_USE_SLOT = 28412
C_PETITION_CANCEL = 56768
C_PETITION_CHAT_USER_MESSAGE = 64175
C_PETITION_CHECK_CREATABLE = 53075
C_PETITION_CHECK_SURVEYABLE = 42222
C_PETITION_COMPLETE_CONFIRM = 28230
C_PETITION_CREATE = 49858
C_PETITION_FEEDBACK = 41688
C_PET_EQUIP = 33770
C_PET_INCUBATOR_GET = 64620
C_PET_INCUBATOR_PUT = 56844
C_PET_INCUBATOR_START = 26995
C_PET_INCUBATOR_TAKEALL = 41951
C_PET_ORB_ATTACH = 25297
C_PET_ORB_DELETE = 53624
C_PET_REPAIR = 30379
C_PET_UNEQUIP = 21335
C_PLAYER_FLYING_LOCATION = 38535
C_PLAYER_LOCATION = 32878
C_PLAY_TIME = 52617
C_POINT_STORE_BUY_ADD_BASKET = 20888
C_POINT_STORE_BUY_DEL_BASKET = 20221
C_POINT_STORE_COMMIT = 44941
C_POLITICS_POINT_STORE_BUY_ADD_BASKET = 46384
C_POLITICS_POINT_STORE_BUY_DEL_BASKET = 60017
C_POLITICS_POINT_STORE_COMMIT = 46853
C_PONG = 38543
C_PRECONFIRM_INVITE_CODE = 63349
C_PREMIUM_COMPOSE_ADD_ITEM = 54295
C_PREMIUM_COMPOSE_CANCEL = 25530
C_PREMIUM_COMPOSE_DEL_ITEM = 52633
C_PREMIUM_COMPOSE_RESET = 57025
C_PREMIUM_COMPOSE_TRY = 38951
C_PREMIUM_SLOT_USE_SLOT = 39921
C_PREPARE_WORKOBJECT = 33448
C_PRESS_SKILL = 58006
C_PREVIEW_ITEM = 57470
C_PROMOTION_CANCEL = 31701
C_PROMOTION_INFO = 56180
C_PROMOTION_RESET = 60594
C_PROMOTION_START = 45007
C_PURCHASE_PROD = 62502
C_PUT_INTO_PRISON = 26472
C_PUT_WARE_ITEM = 32930
C_QUERY_COIN = 59313
C_RECEIVE_PCBANG_STYLE_SHOP_ITEMS = 52901
C_RECEIVE_PLAYTIME_EVENT_REWARD = 36354
C_RECOMMEND_GUILD = 49019
C_RECOMMEND_USER_GUILD = 47359
C_RECV_PARCEL = 53951
C_REGISTER_ENCHANT_ITEM = 36152
C_REGISTER_EVOLUTION_ITEM = 44958
C_REGISTER_PARTY_INFO = 63039
C_REGISTER_REPAIR_ITEM = 53932
C_REGISTER_VM_BUY_ITEM = 41281
C_REGISTER_VM_SELL_ITEM = 39174
C_REGIST_CUSTOMIZING_PARTS_SHAPE_ITEM = 39727
C_REIGN_INFO = 64178
C_REJECT_CONTRACT = 52276
C_REJECT_INVITE_USER_TO_GUILD = 63475
C_RELEASE_FROM_PRISON = 63629
C_REMOVE_BLOCKED_USER = 42401
C_REMOVE_COLORING_POTION = 51793
C_REMOVE_GUILDGROUP = 38534
C_REMOVE_ITEM_FROM_VM_BUY_BASKET = 46167
C_REMOVE_ITEM_FROM_VM_SELL_BASKET = 63954
C_RENAME_TELEPORT_TO_POS_LIST = 63760
C_REPLY_INTER_PARTY_MAKE = 23262
C_REPLY_TELEPORT = 42230
C_REPLY_TELEPORT_NEAR_TOWN = 62884
C_REPLY_TELEPORT_WALK_THROUGH = 62584
C_REPLY_THROUGH_ARBITER_CONTRACT = 30261
C_REQUEST_ACCESSORY_COST_INFO = 33545
C_REQUEST_ACHIEVEMENT_LIST = 24814
C_REQUEST_ARENA_BETTING_INFO = 56817
C_REQUEST_BATTLE_FIELD_CHAT_BAN = 25035
C_REQUEST_BATTLE_FIELD_PARTY_MARKER = 61939
C_REQUEST_BATTLE_FIELD_PARTY_MARKER_CLEAR = 57274
C_REQUEST_BOSS_GAGE_INFO = 61173
C_REQUEST_BUY_VIP_STORE_ITEM = 22816
C_REQUEST_CANCEL_GUILD_QUEST = 32982
C_REQUEST_CANDIDATE_LIST = 41268
C_REQUEST_CHANGE_CHARACTER_NAME = 26092
C_REQUEST_CHANGE_DUAL_OPTION_IDX = 22855
C_REQUEST_CHANGE_PARTY_MATCH_RULE = 56589
C_REQUEST_CITY_WAR_MAP_INFO = 40964
C_REQUEST_CONTRACT = 48178
C_REQUEST_COOLTIME_TO_JOIN_GUILD = 49451
C_REQUEST_COUPON_DATA = 39866
C_REQUEST_COUPON_LIST = 23054
C_REQUEST_DEMOLISH_GUILD_TOWER = 32142
C_REQUEST_DEMOLIST_GUILD_TOWER_POPUP = 32839
C_REQUEST_DICE_THROW = 23511
C_REQUEST_DUNGEON_WORK_LIST = 41809
C_REQUEST_ENCHANT = 60238
C_REQUEST_ENTER_VIP_DUNGEON = 27940
C_REQUEST_EQUIPMENT_INHERITANCE = 65433
C_REQUEST_EVENT_MATCHING_TELEPORT = 56190
C_REQUEST_EVOLUTION = 33275
C_REQUEST_FIELD_POINT_REWARD = 62223
C_REQUEST_FINISH_GUILD_QUEST = 43044
C_REQUEST_FLOATING_CASTLE_PARTS_COOL_TIME = 24404
C_REQUEST_FLY_MOVE_INFO = 21256
C_REQUEST_GAMESTAT_PING = 58310
C_REQUEST_GUILD_FLAG_IMAGE_DATA = 40501
C_REQUEST_GUILD_INCENTIVE = 47395
C_REQUEST_GUILD_INFO = 22476
C_REQUEST_GUILD_INFO_BEFORE_APPLY_GUILD = 38585
C_REQUEST_GUILD_LEVEL_RANKING = 23820
C_REQUEST_GUILD_LIST = 23373
C_REQUEST_GUILD_LIST_PAGE = 39115
C_REQUEST_GUILD_LIST_SORT = 60117
C_REQUEST_GUILD_PERK_LIST = 51706
C_REQUEST_GUILD_WANTED_WRITING_LIST = 58721
C_REQUEST_GUILD_WANTED_WRITING_LIST_PAGE = 63560
C_REQUEST_GUILD_WAR_PENALTY_INFO = 50341
C_REQUEST_IMAGE_DATA = 21942
C_REQUEST_INGAMESTORE_PRODUCT_DETAIL = 44211
C_REQUEST_INGAMESTORE_PRODUCT_LIST = 37185
C_REQUEST_INVITE_GUILD_LIST = 40826
C_REQUEST_INVITE_GUILD_LIST_PAGE = 64740
C_REQUEST_ITEM_COLORING_VALUE = 51057
C_REQUEST_LATEST_UPDATE_NOTIFICATION = 61184
C_REQUEST_LEARN_GUILD_PERK = 45073
C_REQUEST_MEGAPHONE = 21926
C_REQUEST_MENTO_REWARD = 30336
C_REQUEST_MY_PARTY_MATCH_INFO = 59383
C_REQUEST_NAME_PREEMPTION = 48915
C_REQUEST_NONDB_ITEM_INFO = 35475
C_REQUEST_ONGOING_FIELD_EVENT_LIST = 24589
C_REQUEST_OPEN_DUAL_OPTION = 29990
C_REQUEST_OPEN_DUAL_OPTION_MATERIAL_INFO = 56215
C_REQUEST_PARTY_INFO = 52216
C_REQUEST_PARTY_MATCH_INFO = 53545
C_REQUEST_PARTY_MATCH_INFO_PAGE = 48209
C_REQUEST_PARTY_MATCH_LINK = 59869
C_REQUEST_PLAYTIME = 39315
C_REQUEST_PRIVATE_CHANNEL_INFO = 39987
C_REQUEST_PVE_RANKING = 30472
C_REQUEST_PVP_RANKING = 59006
C_REQUEST_QUEST_BACKUP_ITEM = 43140
C_REQUEST_RECV_DAILY_TOKEN = 53530
C_REQUEST_RENAME_GUILD = 22895
C_REQUEST_RENEW_ALL_PARTS_ITEM = 42796
C_REQUEST_REPAIR_ITEM = 37484
C_REQUEST_REPUTATION_STORE_TELEPORT = 48216
C_REQUEST_RESET_EPPERK = 28062
C_REQUEST_RESET_VIP_STORE = 40859
C_REQUEST_RET_VILLAGE_INFO = 35455
C_REQUEST_RIGHT_ITEM_LIST = 62898
C_REQUEST_ROUND_PVE_SKILL_LIST = 33809
C_REQUEST_SEREN_GUIDE = 26931
C_REQUEST_SET_GUILD_WANTED_WRITING = 38380
C_REQUEST_SHARE_QUEST = 53048
C_REQUEST_STACK_ATTENDANCE_EVENT_INFO_UPDATE = 45953
C_REQUEST_STACK_ATTENDANCE_EVENT_REWARD = 37430
C_REQUEST_START_GUILD_QUEST = 62377
C_REQUEST_TOKEN_TARGET_ITEM = 59029
C_REQUEST_UPDATE_ANNOUNCE = 35916
C_REQUEST_UPDATE_INTRODUCE = 41089
C_REQUEST_USABLE_CHARACTER_NAME = 35936
C_REQUEST_USABLE_GUILD_NAME = 24455
C_REQUEST_USER_ITEMLEVEL_INFO = 27169
C_REQUEST_USER_PAPERDOLL_INFO = 22337
C_REQUEST_USER_PAPERDOLL_INFO_WITH_GAMEID = 60974
C_REQUEST_VIP_STORE_ITEM_LIST = 60826
C_REQUEST_VIP_SYSTEM_INFO = 34142
C_REQUEST_WRITE_BOARD = 26487
C_RESET_ALL_DUNGEON = 31956
C_RESPONSE_SPAWN_DROPITEM = 55975
C_RETURN_PARCEL = 60780
C_RETURN_TO_LOBBY = 54156
C_RETURN_USER_GIFT = 60655
C_REUQUEST_JOINED_CHANNEL_LIST = 42974
C_REVIVE_NOW = 26777
C_REWRITE_ITEM_STRING = 57214
C_RIDE_PEGASUS = 44846
C_ROLLBACK_QUEST = 26790
C_ROUND_PVE_SKILL_SELECT = 48148
C_RQ_ADD_ITEM_TO_DECOMPOSITION_CONTRACT = 28626
C_RQ_COMMIT_DECOMPOSITION_CONTRACT = 38546
C_RQ_DEL_ITEM_FROM_DECOMPOSITION_CONTRACT = 46881
C_RQ_START_SOCIAL_ON_PROGRESS_DECOMPOSITION = 27515
C_RQ_UPDATE_ITEM_TO_DECOMPOSITION_CONTRACT = 60877
C_SAVE_CLIENT_ACCOUNT_SETTING = 51992
C_SAVE_CLIENT_USER_SETTING = 30566
C_SECOND_PASSWORD_AUTH = 54114
C_SECOND_PASSWORD_REGISTER = 55398
C_SELECT_CHANNEL = 61195
C_SELECT_EVENT_MATCHING = 58237
C_SELECT_USER = 34058
C_SEND_PARCEL = 32821
C_SEND_UI_LOG = 60978
C_SERVANT_ABILITY = 52881
C_SERVER_TIME = 41211
C_SETTLE_UP_BUY_VM = 22524
C_SETTLE_UP_SELL_VM = 63139
C_SET_GUILDGROUP_AUTHORITY = 61262
C_SET_GUILD_JOIN_CONDITION = 54906
C_SET_ITEM_STRING = 24527
C_SET_RECIPE_BOOKMARK = 26907
C_SET_SEND_PARCEL_ITEM = 42055
C_SET_SEND_PARCEL_MONEY = 50818
C_SET_SEND_PARCEL_TYPE = 51939
C_SET_TARGET_INFO = 64896
C_SET_VISIBLE_RANGE = 40686
C_SHARE_USER_PING = 39611
C_SHOW_AWESOMIUMWEB_SHOP = 43347
C_SHOW_GUILD_QUEST_LIST = 62770
C_SHOW_INVEN = 48649
C_SHOW_ITEM_TOOLTIP_EX = 20010
C_SHOW_PARCEL_MESSAGE = 52828
C_SHOW_PETMANAGER = 20259
C_SHOW_QUEST_INFO_DIALOG = 30805
C_SHOW_STYLE = 22888
C_SHOW_TRADE_ITEM = 45828
C_SHOW_TRADE_LOG = 37154
C_SIMPLE_TIP_DONT_REPEAT = 39293
C_SIMPLE_TIP_REPEAT_CHECK = 25472
C_SKILL_LEARN_LIST = 33725
C_SKILL_LEARN_REQUEST = 58981
C_SOCIAL = 25779
C_SPAWN_BUILD_OBJECT = 51088
C_START_CLIMBING = 30194
C_START_COMBO_INSTANT_SKILL = 65355
C_START_COMMANDER_SKILL = 35087
C_START_DECOMPOSE = 60409
C_START_ENCHANT = 54946
C_START_EVOLUTION = 32838
C_START_FISHING_MINIGAME = 20693
C_START_FIX_SPIRIT = 31895
C_START_FIX_VEHICLE = 21105
C_START_GUILD_SKILL = 35020
C_START_INSTANCE_SKILL = 43518
C_START_INSTANCE_SKILL_EX = 47061
C_START_PRODUCE = 49516
C_START_REPAIR_ITEM = 33410
C_START_SKILL = 35079
C_START_SKILL_BY_VEHICLE_EX = 47826
C_START_TARGETED_SKILL = 50317
C_START_VM_BUY = 21301
C_START_VM_SELL = 33193
C_STOP_FISHING = 60129
C_STOP_VM = 23586
C_STORE_BUY_ADD_BASKET = 47958
C_STORE_BUY_DEL_BASKET = 60548
C_STORE_COMMIT = 36973
C_STORE_SELL_ADD_BASKET = 42341
C_STORE_SELL_DEL_BASKET = 44826
C_STR_EVALUATE_LIST = 62635
C_STYLE_SHOP_BUY_REPUTATION_ITEM = 39728
C_STYLE_SHOP_BUY_TCAT_ITEM = 44387
C_SUGGEST_DARK_RIFT_PARTY_MATCHING = 64665
C_SURVEY_ANSWER = 52559
C_SWAP_PARTY = 36000
C_TELEPORT_DARK_RIFT = 27846
C_TELEPORT_TO_CAMP = 52416
C_TELEPORT_TO_POS = 54193
C_TELEPORT_TO_VILLAGE = 51546
C_TEL_CAMP = 57265
C_TOGGLE_GROUP_DUEL_READY = 25460
C_TOGGLE_GROUP_DUEL_SLOT = 63746
C_TOGGLE_TASK_INFO_WINDOW = 39004
C_TRADE_BAG_CLOSE = 43057
C_TRADE_BAG_DONE = 26872
C_TRADE_BROKER_BOUGHT_ITEM_LIST = 56456
C_TRADE_BROKER_BUY_IT_NOW = 22993
C_TRADE_BROKER_CALC_BOUGHT_ITEM = 56593
C_TRADE_BROKER_CALC_SOLD_ITEM = 64991
C_TRADE_BROKER_CLOSE = 25252
C_TRADE_BROKER_DEAL_CONFIRM = 25523
C_TRADE_BROKER_DEAL_PRICE_UPDATE = 23303
C_TRADE_BROKER_HIGHEST_ITEM_LEVEL = 24148
C_TRADE_BROKER_HISTORY_ITEM_LIST_NEW = 28304
C_TRADE_BROKER_HISTORY_ITEM_LIST_PAGE = 24360
C_TRADE_BROKER_HISTORY_ITEM_LIST_SORT = 33083
C_TRADE_BROKER_INPUT_PRICE = 27092
C_TRADE_BROKER_REGISTERED_ITEM_LIST = 24586
C_TRADE_BROKER_REGISTER_ITEM = 30920
C_TRADE_BROKER_REJECT_SUGGEST = 51822
C_TRADE_BROKER_SOLD_ITEM_LIST = 49009
C_TRADE_BROKER_SUGGEST_DEAL = 39003
C_TRADE_BROKER_UNREGISTER_ITEM = 32252
C_TRADE_BROKER_WAITING_ITEM_LIST_NEW = 56590
C_TRADE_BROKER_WAITING_ITEM_LIST_PAGE = 28474
C_TRADE_BROKER_WAITING_ITEM_LIST_SORT = 62139
C_TRANSFER_VEHICLE_EX = 22210
C_TRY_ITEM_BIDDING = 27905
C_TRY_LOOT_DROPITEM = 23330
C_TRY_NPC_INTERACTION = 53917
C_TRY_TELEPORT_FIELD_EVENT = 52370
C_UNBIND_ITEM = 44317
C_UNEQUIP_ITEM = 53027
C_UNMOUNT_VEHICLE = 60975
C_UNREGISTER_ENCHANT_ITEM = 57683
C_UNREGISTER_EVOLUTION_ITEM = 38740
C_UNREGISTER_PARTY_INFO = 27919
C_UNREGISTER_REPAIR_ITEM = 49405
C_UNREGISTER_VM_BUY_ITEM = 54663
C_UNREGISTER_VM_SELL_ITEM = 38735
C_UNREGIST_CUSTOMIZING_PARTS_SHAPE_ITEM = 48903
C_UPDATE_CONTENTS_PLAYTIME = 55143
C_UPDATE_FRIEND_INFO = 21524
C_UPDATE_GUILD_FLAG = 34289
C_UPDATE_GUILD_LOGO = 26144
C_UPDATE_MY_DESCRIPTION = 33950
C_UPDATE_REACTION_POS = 26090
C_UPDATE_SKILL_SCRIPT = 55278
C_USER_AIM = 58957
C_USER_AIM_TO = 61546
C_USER_REPORT = 48950
C_USE_COUPON = 54542
C_USE_ITEM = 40032
C_USE_RIGHT_ITEM = 53669
C_VEHICLEEX_LOCATION = 20283
C_VEHICLE_EX_ARROW_HIT = 20620
C_VIEW_BATTLEFIELD_STORE = 49578
C_VIEW_BATTLE_FIELD_RESULT = 55163
C_VIEW_DUNGEONWORK_STORE = 61919
C_VIEW_GUILD_WAR = 31563
C_VIEW_INTER_PARTY_MATCH_BATTLEFIELD_LIST = 26838
C_VIEW_INTER_PARTY_MATCH_DUNGEON_LIST = 60150
C_VIEW_PARTY_INVITE = 56440
C_VIEW_WARE = 39565
C_VISIT_NEW_SECTION = 53465
C_VOTE_DISMISS_PARTY = 22481
C_VOTE_HISTORY = 31434
C_VOTE_RESET_ALL_DUNGEON = 49388
C_WATCHED_MOVIES = 22567
C_WHISPER = 57245
C_WITHDRAW_GUILD_WAR = 27377
C_WRITE_BOARD = 47336
I_CLOSE_SERVER_CONNECTION = 22
I_GFX_ADMIN_COMMAND = 18
I_GFX_COMMAND = 17
I_INPUT_COMMAND = 19
I_MOVE_KEY = 20
I_SKILL_KEY = 21
I_SPAWN_BARRACK_CHARACTER = 1
I_TELEPORT = 0
R_CAMERA_ROTATE = 4
R_PLAYER_LOCATION = 2
R_TELEPORT_REPLAY_LOCATION = 3
S_ABNORMALITY_BEGIN = 24033
S_ABNORMALITY_DAMAGE_ABSORB = 41660
S_ABNORMALITY_END = 58072
S_ABNORMALITY_EXTRA = 50947
S_ABNORMALITY_FAIL = 47007
S_ABNORMALITY_REFRESH = 30485
S_ABNORMALITY_RESIST = 26935
S_ABNORMALITY_SCALE_UP = 50617
S_ACCEPT_CONTRACT = 57968
S_ACCOMPLISH_ACHIEVEMENT = 56953
S_ACCOUNT_BENEFIT_LIST = 44281
S_ACCOUNT_PACKAGE_LIST = 39966
S_ACTION_END = 55310
S_ACTION_STAGE = 28485
S_ACTIVATE_BATTLE_FIELD_CHAT_BAN = 22769
S_ADD_AWAKEN_CHANGE_DATA = 37327
S_ADD_AWAKEN_ENCHANT_DATA = 49377
S_ADD_BLOCKED_USER = 62225
S_ADD_CRYSTAL_COMBINE_MATERIAL = 56340
S_ADD_FRIEND = 24581
S_ADD_GUILD_GROUP = 25204
S_ADD_GUILD_MEMBER = 47347
S_ADD_INTER_PARTY_MATCH_POOL = 34819
S_ADD_NEW_EVENT_MATCHING_QUEST = 53526
S_ADD_TRADE_BAG = 55965
S_ADMIN_CHECK_USERNAME = 45699
S_ADMIN_CUSTOM_BOOKMARK_LIST = 27471
S_ADMIN_DEFAULT_BOOKMARK_LIST = 35590
S_ADMIN_DELETE_QUEST = 35913
S_ADMIN_GET_DUNGEON_USER_LIST = 32196
S_ADMIN_GET_USERINFO_INVEN = 37312
S_ADMIN_GET_USERINFO_SKILL = 30728
S_ADMIN_GET_USERINFO_WAREHOUSE = 59226
S_ADMIN_GET_USER_INFO_BY_DBID = 62210
S_ADMIN_GET_USER_INFO_LIST_BY_DISTANCE = 65085
S_ADMIN_GMEVENT_STATUS = 42265
S_ADMIN_GM_SKILL = 36665
S_ADMIN_HOLD_CHARACTER = 49365
S_ADMIN_NOTICE = 23568
S_ADMIN_PRIVILEGE = 60198
S_ADMIN_VIP_TEST = 50273
S_ADMIN_WARNING_MESSAGE = 64239
S_AERO = 58379
S_AIR_REACTION_END = 32731
S_ANNOUNCE_MESSAGE = 37885
S_ANNOUNCE_UPDATE_NOTIFICATION = 53914
S_ANSWER_INTERACTIVE = 36001
S_APPLY_TITLE = 23208
S_ARENA_END_FIGHT = 42081
S_ARENA_FIGHTER_CHANGE_HP = 25477
S_ARENA_FIGHT_ABNORMALITY_BEGIN = 59274
S_ARENA_FIGHT_ABNORMALITY_END = 31676
S_ARENA_FIGHT_ABNORMALITY_REFRESH = 65247
S_ARENA_OPTIMIZATION = 48545
S_ARENA_RESULT = 26688
S_ARENA_START_FIGHT = 64932
S_ARTISAN_RECIPE_LIST = 26149
S_ARTISAN_SKILL_LIST = 65320
S_ASK_BANNING_PARTY_MEMBER = 30030
S_ASK_BIDDING_RARE_ITEM = 37906
S_ASK_CODE_HASH = 27144
S_ASK_EXPAND_INVEN_SIZE = 34106
S_ASK_INTER_PARTY_MAKE = 58870
S_ASK_QUEST_SHARE = 54626
S_ASK_TELEPORT = 54319
S_ATTENDANCE_EVENT_REWARD_COUNT = 31435
S_AVAILABLE_EVENT_MATCHING_LIST = 57642
S_AVAILABLE_SOCIAL_LIST = 44534
S_AWAKEN_RESULT = 63088
S_BAN_PARTY = 34453
S_BAN_PARTY_MEMBER = 56543
S_BASE_POINT_BATTLE_FIELD_NODEPOINT_INFO = 36078
S_BATTLE_FIELD_ADD_SCORE = 54485
S_BATTLE_FIELD_CANCEL_OCCUPATION = 57299
S_BATTLE_FIELD_CHANGE_NPC_HP_EVENT = 25076
S_BATTLE_FIELD_CHAT_BAN_INFO = 58576
S_BATTLE_FIELD_END_OCCUPATION = 25708
S_BATTLE_FIELD_ENTRANCE_INFO = 57263
S_BATTLE_FIELD_HELP = 22825
S_BATTLE_FIELD_JACKPOT_EVENT_START = 48060
S_BATTLE_FIELD_MAP_ALARM = 26309
S_BATTLE_FIELD_NODEPOINT_GAUGE_INFO = 39616
S_BATTLE_FIELD_NPC_KILL_EVENT = 32577
S_BATTLE_FIELD_PARTY_MARKER = 21276
S_BATTLE_FIELD_PARTY_MARKER_CLEAR = 57476
S_BATTLE_FIELD_POINT_STORE_BASKET = 33733
S_BATTLE_FIELD_POINT_STORE_SELL_LIST = 48629
S_BATTLE_FIELD_RESULT = 30630
S_BATTLE_FIELD_SCORE = 30487
S_BATTLE_FIELD_START_OCCUPATION = 29090
S_BATTLE_FIELD_STATE = 40316
S_BATTLE_FIELD_STRONGHOLD_EVENT = 21369
S_BATTLE_FIELD_STRONGHOLD_NONE_STATE = 58243
S_BATTLE_FIELD_STRONGHOLD_STATE = 21283
S_BATTLE_FIELD_TEAM_MEMBERS_POS_INFO = 36311
S_BATTLE_FIELD_USER_ASSIST_EVENT = 33317
S_BATTLE_FIELD_USER_KILL_EVENT = 33989
S_BATTLE_FIELD_USER_KILL_MESSAGE = 60357
S_BATTLE_FIELD_USER_LOAD_INFO = 24365
S_BATTLE_FIELD_USER_OCCUPIABLE_ENTER = 59479
S_BATTLE_FIELD_USER_OCCUPIABLE_LEAVE = 47832
S_BEGIN_THROUGH_ARBITER_CONTRACT = 51964
S_BETTING_INFO = 46957
S_BETTING_START = 41786
S_BOARD_ITEM_LIST = 23496
S_BONFIRE_CHARM_ADDED = 54256
S_BONFIRE_CHARM_BURNED = 20282
S_BONFIRE_STATUS = 58865
S_BOSS_BATTLE_INFO = 63575
S_BOSS_GAGE_INFO = 56359
S_BOSS_GAGE_PRIORITY = 60934
S_BOSS_GAGE_STACK_INFO = 64782
S_BREAK_SHIELD = 56053
S_BREAK_SHIELD_END = 64400
S_BROADCAST_CLIMBING = 35431
S_BROADCAST_FLOATING_CASTLE_INFO = 47046
S_BROADCAST_FLOATING_CASTLE_NAMEPLATE = 46089
S_BROCAST_GUILD_FLAG = 21485
S_BROCAST_UPDATE_GUILD_FLAG = 64223
S_BUY_INGAMESTORE_MONEYPRODUCT = 23899
S_BUY_VIP_STORE_ITEM_SUCCESS = 36479
S_BYE_PET = 28987
S_CAMERA_SHAKE = 25873
S_CANCEL_CONTRACT = 54142
S_CANCEL_DELETE_USER = 42611
S_CANCEL_EXIT = 39447
S_CANCEL_PARTY_LOOTING_METHOD_VOTE = 30751
S_CANCEL_PARTY_MATCH_POOL = 37547
S_CANCEL_PARTY_MEMBER_BAN = 52234
S_CANCEL_PREPARE_CHANGE_USER_APPEARANCE = 39166
S_CANCEL_QUEST_SHARE = 62773
S_CANCEL_RETURN_TO_LOBBY = 53481
S_CANCEL_SELECT_CHANNEL = 40729
S_CANCEL_VOTE_DISMISS_PARTY = 65144
S_CANCEL_VOTE_RESET_ALL_DUNGEON = 42079
S_CANNON_BATTLE_FIELD_BOARD = 61377
S_CANNON_BATTLE_FIELD_CRASH_DOOR = 24701
S_CANNON_BATTLE_FIELD_GUARDTOWER_STATUS = 54606
S_CANNON_BATTLE_FIELD_STRONGHOLD_INFO = 33594
S_CANNOT_EQUIP_SAMEKIND = 56165
S_CANNOT_START_SKILL = 26122
S_CANNOT_USE_CHAT_CHANNEL = 46953
S_CANT_FLY_ANYMORE = 38479
S_CAN_CREATE_USER = 28288
S_CAN_DUNGEON_RETRY = 35172
S_CAN_LOCKON_TARGET = 23052
S_CAST_FISHING_ROD = 41526
S_CHANGE_CHARACTER = 56547
S_CHANGE_CITY_WAR_STATE = 26613
S_CHANGE_DESTPOS_PROJECTILE = 63433
S_CHANGE_EP_EXP_DAILY_LIMIT = 48101
S_CHANGE_EP_POINT = 38452
S_CHANGE_EVENT_MATCHING_STATE = 26255
S_CHANGE_FREE_FIGHT_BATTLE_FIELD_RANKING = 54031
S_CHANGE_FRIEND_PROFILE = 28196
S_CHANGE_FRIEND_STATE = 28313
S_CHANGE_GUILDNAME = 61628
S_CHANGE_GUILD_CHIEF = 59643
S_CHANGE_ITEM_PASSIVE_LIST = 39954
S_CHANGE_LOOKS_PREMIUM_RESULT = 39257
S_CHANGE_LOOKS_PREMIUM_START = 39939
S_CHANGE_LOOT_ITEM_AMOUNT = 30126
S_CHANGE_MODE = 64383
S_CHANGE_NAME_STRING = 46331
S_CHANGE_PARTY_MANAGER = 65199
S_CHANGE_PARTY_MEMBER_AUTHORITY = 29911
S_CHANGE_PK_INFO = 63578
S_CHANGE_RELATION = 44429
S_CHANGE_SERVANT_ENERGY = 27693
S_CHANGE_SERVANT_NAME = 57829
S_CHANGE_USER_NAME_RESULT = 50369
S_CHANGE_VOICE_USE_QAC = 20099
S_CHAPTERHOUSE_QUEST_LIST = 31479
S_CHAT = 56483
S_CHAT_REPORT = 44029
S_CHECK_CHANGE_GUILDNAME = 53675
S_CHECK_EVENT_SYSTEM_REWARD = 33670
S_CHECK_NEW_GUILDNAME = 26407
S_CHECK_TO_DECLARE_GUILD_WAR = 54306
S_CHECK_TO_OPPOSITE_DECLARE_GUILD_WAR = 27567
S_CHECK_TO_READY_PARTY = 26902
S_CHECK_TO_READY_PARTY_FIN = 24451
S_CHECK_USERNAME = 25007
S_CHECK_VERSION = 19901
S_CITYWAR_WARNING_UNDERATTACK = 47475
S_CITY_WAR_INFO_HISTROY = 22893
S_CITY_WAR_NPC_INFO = 41386
S_CITY_WAR_NPC_KILL = 29810
S_CITY_WAR_SEASON_HISTROY = 57182
S_CLEAR_ALL_HOLDED_ABNORMALITY = 27769
S_CLEAR_QUEST_INFO = 46803
S_CLEAR_WORLD_QUEST_VILLAGER_INFO = 28528
S_CLIENT_COMMAND = 57716
S_CLOSE_VM_SETTING_WINDOW = 38858
S_COLLECTION_PICKEND = 35698
S_COLLECTION_PICKSTART = 48114
S_COMBO_START = 46237
S_COMMAND_HELP = 57935
S_COMMIT_ACCESSORY_TRANSFORM_RESULT = 28520
S_COMPLETED_MISSION_INFO = 40914
S_COMPLETE_CHRONOSCROLL_USE = 48222
S_COMPLETE_EVENT_MATCHING_QUEST = 20175
S_COMPLETE_LOOP_QUEST = 24358
S_COMPLETE_QUEST = 60387
S_COMPLETE_VOTE = 38136
S_CONFIRM_INVITE_CODE = 42130
S_CONFIRM_INVITE_CODE_BUTTON = 20167
S_CONNECT_SKILL_ARROW = 23531
S_CONTENTS_TIMER = 50638
S_CONTROL_DOOR = 57023
S_COUNTDOWN_GROUP_DUEL = 41630
S_COUPON_DATA = 63827
S_COUPON_LIST = 59418
S_COUPON_NOTIFY = 22957
S_CREATE_CHARACTER_RESTRICTION = 36848
S_CREATE_GUILD_RESULT = 37586
S_CREATE_USER = 47180
S_CREATURE_CHANGE_HP = 21104
S_CREATURE_LIFE = 64122
S_CREATURE_ROTATE = 23698
S_CREST_APPLY = 20706
S_CREST_ASK_DISAPPLY_ALL = 45181
S_CREST_CHANGE_FAIL = 48113
S_CREST_INFO = 54161
S_CREST_MESSAGE = 46543
S_CREST_UPGRADE_INFO = 41956
S_CRYSTAL_COMBINE_RESULT = 35214
S_CURRENT_CHANNEL = 59962
S_CURRENT_ELECTION_STATE = 24658
S_CURR_FLY_MOVE_INFO = 32120
S_CUSTOMIZING_PARTS_SHAPE_ITEM_LIST = 30318
S_CUSTOM_MESSAGE = 58472
S_CUSTOM_STYLE_SYSTEM_MESSAGE = 36602
S_DAILY_QUEST_COMPLETE_COUNT = 55677
S_DARK_RIFT_ALL_DESPAWN_WORLD_NOTI = 59552
S_DARK_RIFT_AVAILABLE_QUEST_USER_COUNT = 63515
S_DARK_RIFT_CHANGE_AREA_WORLD_NOTI = 54604
S_DARK_RIFT_CLEAR_MAP_MARKER_WORLD_NOTI = 53586
S_DARK_RIFT_DEFENCE_OBJECT_CHANGE_HP = 37352
S_DARK_RIFT_DEFENCE_OBJECT_INIT = 56310
S_DARK_RIFT_DESPAWN_WORLD_NOTI = 62571
S_DARK_RIFT_DESTORY_OBJECT = 33773
S_DARK_RIFT_JOIN_LIST = 56970
S_DARK_RIFT_MAIN_DEFENCE_CHANGE_HP = 42335
S_DARK_RIFT_PROGRESS_STEP_WORLD_NOTI = 20430
S_DARK_RIFT_QUEST_INFO = 62573
S_DARK_RIFT_REWARD_RESULT = 60148
S_DARK_RIFT_SPAWN_WORLD_NOTI = 26454
S_DARK_RIFT_SYNC_TIME = 22286
S_DEAD_LOCATION = 45046
S_DECOMPOSE_REGISTERED_ITEM = 34253
S_DECREASE_COOLTIME_SKILL = 59369
S_DEFAULT_ANIM_CHANGE = 30715
S_DEFEND_SUCCESS = 20479
S_DELETE_ALL_PRODUCT = 26072
S_DELETE_AWAKEN_CHANGE_DATA = 56453
S_DELETE_AWAKEN_ENCHANT_DATA = 22915
S_DELETE_FRIEND = 61440
S_DELETE_GUILD_TOWER_MY_GUILD = 54341
S_DELETE_NPC_FROM_MAP = 25498
S_DELETE_PARCEL = 55501
S_DELETE_QUEST = 64128
S_DELETE_USER = 27935
S_DELIVERY_STORE_BASKET = 24347
S_DELIVERY_STORE_ITEM = 33059
S_DEL_CRYSTAL_COMBINE_MATERIAL = 32606
S_DEL_INTER_PARTY_MATCH_POOL = 35741
S_DEL_TRADE_BAG = 61436
S_DESPAWN_BONFIRE = 21462
S_DESPAWN_BUILD_OBJECT = 36106
S_DESPAWN_COLLECTION = 53752
S_DESPAWN_DOOR = 20918
S_DESPAWN_DROPITEM = 51764
S_DESPAWN_EVENT_SEED = 60121
S_DESPAWN_GAMBLE_BOX = 27168
S_DESPAWN_NPC = 32175
S_DESPAWN_PET = 48279
S_DESPAWN_PROJECTILE = 34120
S_DESPAWN_SERVANT = 27342
S_DESPAWN_SHUTTLE = 29920
S_DESPAWN_STATUE = 44239
S_DESPAWN_USER = 42673
S_DESPAWN_WORKOBJECT = 64461
S_DESTROY_GUILD = 52683
S_DESTROY_GUILD_TOWER = 62734
S_DIALOG = 57273
S_DIALOG_CLOSE = 22924
S_DIALOG_EVENT = 26436
S_DIRECTION_WEAKNESS_BEGIN = 31015
S_DIRECTION_WEAKNESS_END = 59776
S_DISTRIBUTOR_DATA = 52093
S_DONE_TEL_CAMP = 33233
S_DUEL_END = 40525
S_DUEL_START = 30508
S_DUEL_TAG = 55467
S_DUEL_TIME = 63302
S_DUNGEON_ADDITIONAL_WORK_UI = 60139
S_DUNGEON_CAMERA_SET = 29336
S_DUNGEON_CHANGE_NPC_ANIM = 24139
S_DUNGEON_CHANGE_NPC_ANIMSET = 60486
S_DUNGEON_CHANGE_NPC_CYLINDER = 26735
S_DUNGEON_CLEAR = 36235
S_DUNGEON_CLEAR_COUNT_LIST = 46640
S_DUNGEON_CONSOLE_EVENT = 48032
S_DUNGEON_COOL_TIME_LIST = 54121
S_DUNGEON_EVENT_GAGE = 58994
S_DUNGEON_EVENT_MESSAGE = 31029
S_DUNGEON_GUIDE_OFF = 24842
S_DUNGEON_GUIDE_ON = 25113
S_DUNGEON_JACKPOT_EVENT_START = 59009
S_DUNGEON_LOOK_AT_NPC = 45742
S_DUNGEON_NEWBIE = 62429
S_DUNGEON_RANK_END_POINT = 30230
S_DUNGEON_RANK_END_TIME = 40496
S_DUNGEON_RANK_MESSAGE = 49462
S_DUNGEON_RANK_RECORD_LIST = 63944
S_DUNGEON_RANK_SEASON_LIST = 22269
S_DUNGEON_RECORD_INFO = 39827
S_DUNGEON_STATUS = 49781
S_DUNGEON_SUMMON_PARTY = 59559
S_DUNGEON_TIMER = 22395
S_DUNGEON_UI_HIGHLIGHT = 60305
S_DUNGEON_VEHICLE_REPAIRABLE = 29262
S_DUNGEON_VISIBLE_BG = 61825
S_DUNGEON_WORK_ENTER = 57896
S_DUNGEON_WORK_LIST = 37873
S_DUNGEON_WORK_POINT_STORE_BASKET = 28506
S_DUNGEON_WORK_POINT_STORE_SELL_LIST = 40258
S_DUNGEON_WORK_RESULT = 38457
S_DUNGEON_WORK_UPDATE = 50150
S_DUNGEON_WORK_UPDATE_MEDAL_COUNT = 37948
S_EACH_SKILL_RESULT = 54172
S_EMITTER = 35648
S_EMITTER_SET_Z = 42711
S_EMPTY_GUILD_WINDOW = 51804
S_ENABLE_DISABLE_SELLABLE_ITEM_LIST = 55892
S_ENCHANT_BOOSTER_DROP_ITEM = 54452
S_ENCHANT_BOOSTER_REGISTER_ITEM = 37305
S_ENCHANT_BOOSTER_STATUS = 55115
S_ENCHANT_BOOSTER_SUCCESS = 27754
S_ENCHANT_SCROLL_RESULT = 30034
S_END_CHANGE_USER_APPEARANCE = 35777
S_END_CHAT_BAN = 20719
S_END_CUSTOMIZING_PARTS_SHAPE = 25135
S_END_DARKRIFT_USER_HP = 57693
S_END_DRIVE_AIRSHIP = 48253
S_END_FIX_SPIRIT = 30197
S_END_FIX_VEHICLE = 46008
S_END_LEVEL_COMPENSATION = 26085
S_END_PEGASUS = 35573
S_END_PRODUCE = 20217
S_END_PRODUCT_SALE_INFO = 39033
S_END_RESTORE_CUSTOMIZING_PARTS_SHAPE = 57548
S_END_STACK_ATTENDANCE_EVENT_INFO = 26988
S_END_STYLE_SHOP_MARK_PRODUCT = 32337
S_END_THROUGH_ARBITER_CONTRACT = 41256
S_END_USER_PROJECTILE = 24910
S_ENEMY_BATTLE_FIELD_COMMANDER_CHANGED = 25428
S_ENTER_CITY_WAR = 56000
S_ENTER_DUNGEON_POP_UP_REOPEN = 33518
S_EP_SYSTEM_DAILY_EVENT_EXP_ON_OFF = 35941
S_EVENT_DIALOG = 29901
S_EVENT_GUIDE = 64657
S_EVENT_INFO = 26112
S_EVENT_MATCHING_BATTLEFIELD_DETAIL_INFO = 35462
S_EVENT_MATCHING_DUNGEON_DETAIL_INFO = 50129
S_EVENT_QUEST_SUMMARY = 23690
S_EXIT = 50125
S_F2P_PremiumUser_Permission = 20522
S_FACIAL_ATTACHMENT_BROADCAST = 42332
S_FAIL_ENCHANT = 29019
S_FAIL_GUILD_QUEST = 43745
S_FAIL_LOOT_NON_OWNERSHIP = 55262
S_FATIGABILITY_POINT = 50624
S_FEARMOVE_END = 52609
S_FEARMOVE_STAGE = 54860
S_FESTIVAL_LIST = 55665
S_FEUDAL_LORD_FLAG_INFO = 27838
S_FIELD_EVENT_CHANNEL_FULL_GUIDE = 52682
S_FIELD_EVENT_GUIDE = 22864
S_FIELD_EVENT_ON_ENTER = 24248
S_FIELD_EVENT_ON_LEAVE = 31337
S_FIELD_EVENT_PROGRESS_INFO = 21952
S_FIELD_EVENT_PROGRESS_TIMER = 28440
S_FIELD_EVENT_RANK_LIST = 24381
S_FIELD_POINT_INFO = 44013
S_FIELD_POINT_REWARD_INFO_LIST = 49572
S_FINDNAME = 59050
S_FINISH_GUILD_QUEST = 55229
S_FIN_BASE_POINT_BATTLE_FIELD = 51699
S_FIN_CANNON_BATTLE_FIELD = 53207
S_FIN_FREE_FIGHT_BATTLE_FIELD = 60905
S_FIN_INTER_PARTY_MATCH = 33872
S_FIN_KUMAS_BATTLE_FIELD = 45017
S_FIN_KUMAS_BOSS_BATTLE_FIELD = 64681
S_FIN_ROUND_PVE_BATTLE_FIELD = 31350
S_FIN_ROUND_PVE_ROUND = 50137
S_FIN_ROUND_PVP_BATTLE_FIELD = 61957
S_FIN_SNOW_EVENT_BATTLE_FIELD = 59689
S_FIN_STRONGHOLD_OCCUPATION_BATTLE_FIELD = 60142
S_FIN_WORLD_OF_TANK_BATTLE_FIELD = 25761
S_FISHING_BITE = 41766
S_FISHING_CATCH = 55122
S_FISHING_CATCH_FAIL = 43319
S_FISHING_STOP = 28888
S_FIX_SPIRIT_COMPLETE = 54718
S_FIX_SPIRIT_PROGRESS = 57815
S_FIX_VEHICLE_COMPLETE = 21445
S_FIX_VEHICLE_PROGRESS = 56643
S_FLOATING_CASTLE_PARTS_STORE_BASKET = 50497
S_FLOATING_CASTLE_PARTS_STORE_SELL_LIST = 59128
S_FONT_SWAP_INFO = 20980
S_FREENAMED_STATUS = 48720
S_FREE_FIGHT_BATTLE_FIELD_BOARD = 50285
S_FREE_FIGHT_BATTLE_FIELD_MY_WARPOINT_INFO = 48732
S_FRIEND_GROUP_LIST = 38626
S_FRIEND_LIST = 58165
S_GACHA_END = 39711
S_GACHA_START = 34228
S_GAMBLE_BEGIN = 58659
S_GAMBLE_CHANGE_BET_ITEM = 53924
S_GAMBLE_END = 53073
S_GAMBLE_RESULT = 20438
S_GATE_ATTACK_ALARM = 25426
S_GET_ATTENDANCE_REWARD = 26186
S_GET_EVENT_DETAIL = 58936
S_GET_IN_SHUTTLE = 46960
S_GET_OUT_SHUTTLE = 28215
S_GET_USER_GUILD_LOGO = 31257
S_GET_USER_LIST = 60816
S_GET_WARE_ITEM = 56391
S_GMEVENT_CONFIRM_LEAVE_EVENT = 34615
S_GMEVENT_END_EVENT = 40310
S_GMEVENT_ENTER_EVENT = 61105
S_GMEVENT_GUIDE_MESSAGE = 25808
S_GMEVENT_OFF_GUIDE_MESSAGE = 30166
S_GMEVENT_OX_QUIZ_OPEN = 52628
S_GMEVENT_OX_QUIZ_RESULT = 29176
S_GMEVENT_OX_QUIZ_USER_STATUS = 54249
S_GMEVENT_OX_REPE_QUIZ_OPEN = 38756
S_GMEVENT_OX_REPE_QUIZ_RESULT = 65432
S_GMEVENT_OX_RESURRECT_RESULT = 22125
S_GMEVENT_RECV_REWARD = 35952
S_GMEVENT_START_EVENT = 48971
S_GMEVENT_WRITE_EVENTBOARD = 52615
S_GRANT_SKILL = 55754
S_GROUP_DUEL_CURRENT_BETTING_ITEM = 48412
S_GROUP_DUEL_FIN = 53246
S_GROUP_DUEL_INIT = 55492
S_GROUP_DUEL_RECORD = 52197
S_GROUP_NPC_LOCATION = 27059
S_GUARDTOWER_ATTACK_ALARM = 23010
S_GUARD_PK_POLICY = 62365
S_GUILD_ACCOUNT_LIMIT_INFO_CHANGED = 53138
S_GUILD_ANNOUNCE = 56100
S_GUILD_APPLY_COUNT = 24123
S_GUILD_APPLY_LIST = 45500
S_GUILD_EMBLEM = 27872
S_GUILD_HISTORY = 28429
S_GUILD_INFO = 35926
S_GUILD_LEVEL_INFO_CHANGED = 21960
S_GUILD_LEVEL_RANKING_LIST = 35348
S_GUILD_MEMBER_LIST = 58443
S_GUILD_MONEY_INFO_CHANGED = 49490
S_GUILD_NAME = 58115
S_GUILD_PERK_LIST = 25409
S_GUILD_POINT_INFO_CHANGED = 36030
S_GUILD_QUEST_LIST = 26890
S_GUILD_STORE_BASKET = 37934
S_GUILD_STORE_SELL_LIST = 31391
S_GUILD_TOWER_INFO = 52456
S_GUILD_WARE_HISTORY = 29253
S_GUILD_WAR_PENALTY_INFO = 61277
S_HANCOIN_AMOUNT = 23655
S_HIDE_HP = 32694
S_HIT_COMBO = 32655
S_HOLD_ABNORMALITY_ADD = 63873
S_HOLD_ABNORMALITY_REMOVE = 26821
S_HUDDLE_ADDING = 63067
S_IMAGE_DATA = 29422
S_INGAMESHOP_CATEGORY_BEGIN = 59775
S_INGAMESHOP_CATEGORY_DATA = 20523
S_INGAMESHOP_CATEGORY_END = 55777
S_INGAMESHOP_PRODUCT_BEGIN = 61678
S_INGAMESHOP_PRODUCT_DATA = 26789
S_INGAMESHOP_PRODUCT_END = 51659
S_INGAMESHOP_PRODUCT_ITEMID = 37281
S_INGAMESHOP_PRODUCT_SUBPROD = 48193
S_INGAMESHOP_PRODUCT_TAG = 61781
S_INGAME_CHANGE_USER_APPEARANCE_CANCEL = 44210
S_INGAME_CHANGE_USER_APPEARANCE_START = 58442
S_INIT_BASE_POINT_BATTLE_FIELD = 34942
S_INIT_CANNON_BATTLE_FIELD = 51727
S_INIT_FREE_FIGHT_BATTLE_FIELD = 37027
S_INIT_KUMAS_BATTLE_FIELD = 41528
S_INIT_KUMAS_BOSS_BATTLE_FIELD = 51602
S_INIT_KUMAS_BOSS_INFO = 45026
S_INIT_ROUND_PVE_BATTLE_FIELD = 29916
S_INIT_ROUND_PVP_BATTLE_FIELD = 50146
S_INIT_SEREN_GUIDE = 42687
S_INIT_SNOW_EVENT_BATTLE_FIELD = 43793
S_INIT_STRONGHOLD_OCCUPATION_BATTLE_FIELD = 47154
S_INIT_WORLD_OF_TANK_BATTLE_FIELD = 25694
S_INSTANCE_ARROW = 63425
S_INSTANT_CATCH = 55530
S_INSTANT_DASH = 62890
S_INSTANT_MOVE = 64532
S_INSTANT_PULL = 43764
S_INSTANT_THROW = 20329
S_INTERACTION_RESULT = 21864
S_INTEREST_INFO = 23267
S_INVALID_BUILD_VERSION = 20403
S_INVEN = 63603
S_INVEN_CHANGEDSLOT = 51411
S_INVITE_CODE_EXPIRE_TIME = 38883
S_INVITE_COMPENSATION_GUIDE = 48868
S_INVITE_FRIEND_CODE = 57062
S_IS_LORD = 61216
S_IS_NOT_LORD = 57100
S_ITEMSYNTHESIZER_MATERIAL = 21831
S_ITEMSYNTHESIZER_RESULT = 38006
S_ITEM_COLORING_BAG = 23057
S_ITEM_CUSTOM_STRING = 54878
S_ITEM_DECOMPOSE = 41068
S_ITEM_EXPLOSION_RESULT = 55630
S_ITEM_TRANSFORM_DATA = 54076
S_JOIN_PRIVATE_CHANNEL = 36793
S_KUMAS_BATTLE_FIELD_BOARD = 43034
S_KUMAS_BATTLE_FIELD_LOOT_ITEM = 51980
S_KUMAS_BATTLE_FIELD_RESULT = 24311
S_KUMAS_BOSS_BATTLE_FIELD_BOARD = 25922
S_KUMAS_BOSS_BATTLE_FIELD_RESULT = 28361
S_KUMAS_BOSS_CHANGE_INFO = 21385
S_LEARN_EP_PERK = 31327
S_LEAVE_CITY_WAR = 58623
S_LEAVE_GUILD = 38935
S_LEAVE_PARTY = 20766
S_LEAVE_PARTY_MEMBER = 32168
S_LEAVE_PRIVATE_CHANNEL = 44522
S_LIST_CHANNEL = 55932
S_LIST_PARCEL = 61437
S_LIST_PARCEL_EX = 41924
S_LOADING_SCREEN_CONTROL_INFO = 47224
S_LOAD_ACHIEVEMENT_LIST = 24700
S_LOAD_CLIENT_ACCOUNT_SETTING = 60947
S_LOAD_CLIENT_USER_SETTING = 60250
S_LOAD_DUNGEON_SOUND_HINT = 62658
S_LOAD_EP_INFO = 58371
S_LOAD_HINT = 32974
S_LOAD_SKILL_SCRIPT_LIST = 29454
S_LOAD_TELEPORT_TO_POS_LIST = 41382
S_LOAD_TOPO = 43683
S_LOCKON_ARROW = 39221
S_LOCKON_YOU = 33889
S_LOGIN = 43658
S_LOGIN_ACCOUNT_INFO = 56759
S_LOGIN_ARBITER = 42799
S_LOGOUT_PARTY_MEMBER = 38293
S_LOOT_DROPITEM = 31244
S_LORD_CANDIDATE_LIST = 44413
S_LORD_CANDIDATE_PLEDGE = 29977
S_LORD_GUARD_INFO = 30965
S_LORD_OPEN_CANDIDATE_WINDOW = 53254
S_LORD_OPEN_REGISTER_WINDOW = 21270
S_LORD_OPEN_VOTE_WINDOW = 53715
S_LORD_POLICY_SET = 60571
S_LORD_RANK_INFO = 47706
S_LORD_REGISTER_INFO = 48983
S_LORD_TAX_SET = 57042
S_LORD_VOTE_CANDIDATE_LIST = 21647
S_MAIN_MENU_COMMAND = 26476
S_MASSTIGE_STATUS = 65515
S_MATERIAL_CHANGE = 65002
S_MATERIAL_PARAM_CHANGE = 24260
S_MEDAL_STORE_BASKET = 56407
S_MEDAL_STORE_SELL_LIST = 26163
S_MERGE_PARTY_TO_RAID = 57997
S_MINIGAME_END = 30809
S_MINIGAME_FAIL = 47919
S_MINIGAME_RANK_END_POINT = 58068
S_MINIGAME_START = 64552
S_MINIGAME_WAIT = 36727
S_MODIFY_INTER_PARTY_MATCH_POOL = 39385
S_MOUNT_VEHICLE = 42162
S_MOUNT_VEHICLE_EX = 20041
S_MOVE_DISTANCE_DELTA = 54242
S_MOVE_SHUTTLE = 32581
S_MUTE = 42392
S_MY_DESCRIPTION = 27209
S_MY_PARTY_MATCH_INFO = 54551
S_NAME_PREEMPTION_EVENT_INFO = 39020
S_NEED_WAREHOUSE_COMMISION = 62551
S_NEW_GOLD_RACE_INFO = 49759
S_NOCTAN_VARIATION_INFO = 25124
S_NOTIFY_ACTIVE_BUILD_TERRITORY_STATE = 60472
S_NOTIFY_BATTLE_FIELD_CHAT_BAN = 57231
S_NOTIFY_BATTLE_FIELD_NPC_DESPAWN = 30959
S_NOTIFY_BATTLE_FIELD_NPC_SPAWN = 40849
S_NOTIFY_DISCONNECT_BY_LEVEL_LIMIT = 21650
S_NOTIFY_GUILD_QUEST_URGENT = 64793
S_NOTIFY_GUILD_WAR_INFO = 30012
S_NOTIFY_GUILD_WAR_STATUS_CHANGE = 56517
S_NOTIFY_QUEST_RESTART = 58250
S_NOTIFY_TO_FRIENDS_WALK_INTO_SAME_AREA = 53452
S_NOTIFY_VM_STATUS = 23685
S_NPCGUILD_LIST = 20170
S_NPC_AI_EVENT = 35083
S_NPC_CHANGE_MESH = 34232
S_NPC_INTERACTION_COMBO_INFO = 24173
S_NPC_LOCATION = 44349
S_NPC_MENU_SELECT = 28950
S_NPC_OCCUPIER_INFO = 36635
S_NPC_PARTIAL_DESTRUCT = 43205
S_NPC_PART_BLINK = 43008
S_NPC_PART_BREAK_ACTIVE = 59716
S_NPC_RESPAWN_PLAN_ALARM = 20470
S_NPC_SCALE = 53759
S_NPC_SITUATION = 22689
S_NPC_STATUS = 62448
S_NPC_TARGET_USER = 31770
S_NPC_TRANSLATIONZ = 55523
S_OBTAIN_TOKEN_ITEM = 64764
S_ONGOING_FIELD_EVENT_LIST = 54139
S_ONGOING_HUNTING_EVENT_LIST = 49752
S_ONGOING_LEVEL_EVENT_LIST = 41913
S_OPEN_AWESOMIUM_WEB_URL = 26617
S_OPEN_BOARD = 55416
S_OPEN_CHANGE_CHARACTER_NAME_POPUP = 37529
S_OPEN_CITY_WAR_SEASON_HISTORY = 39574
S_OPEN_DUAL_OPTION_MATERIAL_INFO = 45736
S_OPEN_EPPERK_RESET_POPUP = 62904
S_OPEN_FLOATING_CASTLE_STORE = 56409
S_OPEN_GUARD_INFO_WINDOW = 42410
S_OPEN_GUILD_FLAG_WINDOW = 22046
S_OPEN_GUILD_LOGO_WINDOW = 34787
S_OPEN_GUILD_WAR_WINDOW = 60938
S_OPEN_RENAME_GUILD_POPUP = 47469
S_OPEN_VM_SELLBUY_WINDOW = 37611
S_OPEN_VM_SETTING_WINDOW = 61970
S_OP_COMMAND = 38760
S_OTHER_USER_APPLY_PARTY = 25628
S_PARCEL_READ_RECV_STATUS = 25742
S_PARCEL_REPORT = 55287
S_PARTY_INFO = 62416
S_PARTY_LOOTING_METHOD = 27512
S_PARTY_LOOTING_METHOD_VOTE = 45809
S_PARTY_MARKER = 60791
S_PARTY_MATCH_LINK = 57150
S_PARTY_MEMBER_ABNORMAL_ADD = 57710
S_PARTY_MEMBER_ABNORMAL_CLEAR = 53634
S_PARTY_MEMBER_ABNORMAL_DEL = 29116
S_PARTY_MEMBER_ABNORMAL_REFRESH = 43361
S_PARTY_MEMBER_BUFF_UPDATE = 47273
S_PARTY_MEMBER_CHANGE_HP = 37645
S_PARTY_MEMBER_CHANGE_MP = 48505
S_PARTY_MEMBER_CHANGE_STAMINA = 61396
S_PARTY_MEMBER_INFO = 34274
S_PARTY_MEMBER_INTERVAL_POS_UPDATE = 35844
S_PARTY_MEMBER_LIST = 46333
S_PARTY_MEMBER_QUEST_DATA = 60290
S_PARTY_MEMBER_STAT_UPDATE = 52100
S_PARTY_NOTIFY_MY_POSITION = 25770
S_PCBANGINVENTORY_DATALIST = 34946
S_PENDING_TRANSFORM_DATA = 57069
S_PETITION_CANCEL = 33936
S_PETITION_CHAT_BEGIN = 60507
S_PETITION_CHAT_END = 31111
S_PETITION_CHAT_GM_MESSAGE = 62115
S_PETITION_CHECK_CREATABLE = 46123
S_PETITION_CHECK_SURVEYABLE = 36104
S_PETITION_COMPLETE = 41700
S_PETITION_CREATE = 41568
S_PETITION_FORCE_CREATE = 51843
S_PETITION_INFO = 49195
S_PET_ATTACKED = 21169
S_PET_DURABILITY_CHANGE = 57651
S_PET_INCUBATOR_INFO_CHANGE = 31392
S_PET_INCUBATOR_PROGRESS = 20780
S_PET_INCUBATOR_SHOW = 20276
S_PET_INFO_CHANGE = 61529
S_PET_INFO_CLEAR = 22254
S_PET_MANAGER_SHOW = 42695
S_PET_STOP_ALERT = 60386
S_PING = 57252
S_PK_END = 25613
S_PK_START = 38093
S_PK_TAG = 38080
S_PLAYER_AUTOPILOT = 64858
S_PLAYER_CHANGE_ALL_PROF = 40019
S_PLAYER_CHANGE_DRAIN = 44231
S_PLAYER_CHANGE_EP = 50714
S_PLAYER_CHANGE_EXP = 51457
S_PLAYER_CHANGE_FLIGHT_ENERGY = 47588
S_PLAYER_CHANGE_MP = 36458
S_PLAYER_CHANGE_NOCTAN_COUNT = 28678
S_PLAYER_CHANGE_PROF = 24536
S_PLAYER_CHANGE_STAMINA = 36779
S_PLAYER_RESET_EP = 46142
S_PLAYER_STAT_UPDATE = 38365
S_PLAYER_VEHICLE_EX_STAT_UPDATE = 61364
S_PLAYTIME = 48155
S_PLAYTIME_EVENT_END = 44939
S_PLAYTIME_EVENT_REWARD_DATA = 58005
S_PLAY_ANIMATION = 29892
S_PLAY_EFFECT = 25904
S_PLAY_EVENT_SOUND = 24266
S_PLAY_MAGNETIC = 50420
S_PLAY_MOVIE = 35198
S_PLAY_SOUND = 49222
S_PLAY_SOUND_BYNAME = 42277
S_PLAY_TIME = 62044
S_POINT_STORE_BASKET = 40126
S_POINT_STORE_SELL_LIST = 22948
S_POLITICS_POINT_STORE_BASKET = 22029
S_POLITICS_POINT_STORE_SELL_LIST = 62310
S_POSITION_SWAP = 54058
S_POST_PROCESS = 62489
S_POST_PROCESS_MATERIAL = 56773
S_PRECONFIRM_INVITE_CODE = 42757
S_PREMIUM_COMPOSE_ADD_ITEM = 31106
S_PREMIUM_COMPOSE_DEL_ITEM = 23080
S_PREMIUM_COMPOSE_RESET = 42761
S_PREMIUM_COMPOSE_RESULT = 54780
S_PREMIUM_COMPOSE_START = 24444
S_PREMIUM_COMPOSE_UI_INFO = 23184
S_PREMIUM_SLOT_DATALIST = 36817
S_PREMIUM_SLOT_OFF = 39722
S_PREPARE_CHANGE_USER_APPEARANCE = 60018
S_PREPARE_DONE_WORKOBJECT = 22171
S_PREPARE_EXIT = 36143
S_PREPARE_INGAME_CHANGE_USER_APPEARANCE = 48071
S_PREPARE_RETURN_TO_LOBBY = 44219
S_PREPARE_SELECT_CHANNEL = 63967
S_PREPARE_WORKOBJECT = 47134
S_PREVIEW_ITEM = 28921
S_PRIVATE_CHANNEL_NOTICE = 55697
S_PRIVATE_CHAT = 24865
S_PRODUCE_CRITICAL = 53440
S_PROMOTION_INFO = 63654
S_PROMOTION_PROCESS = 54169
S_PROMOTION_SUCCESS = 34921
S_PROTECT = 37415
S_PURCHASE_PROD = 35750
S_PUSHED_BY_SHIELD = 29063
S_PUT_WARE_ITEM = 29139
S_PVE_LEADER_BOARD_INFO = 37639
S_PVE_RANKING_LIST = 33239
S_PVP_LEADER_BOARD_INFO = 22807
S_PVP_RANKING_LIST = 65406
S_QA_SET_ADMIN_LEVEL = 35268
S_QUEST_BALLOON = 54998
S_QUEST_INFO = 49717
S_QUEST_VILLAGER_INFO = 29445
S_RACE_CHANGE_RESTRICTION = 47672
S_RANK_MESSAGE = 50931
S_RANK_POINT_STATUS = 53849
S_READY_PULL = 27912
S_RECEIVE_TOKEN_TARGET_ITEM = 60950
S_RECV_PARCEL = 28033
S_REGISTER_ENCHANT_ITEM = 50749
S_REGISTER_EVOLUTION_ITEM = 28716
S_REGISTER_REPAIR_ITEM = 42062
S_REIGN_INFO = 30224
S_REJECT_CONTRACT = 51473
S_REMAIN_PLAY_TIME = 42374
S_REMOVE_BLOCKED_USER = 57700
S_REMOVE_EFFECT = 62267
S_REMOVE_EVENT_MATCHING_QUEST = 33743
S_REMOVE_GUILD_GROUP = 49553
S_REMOVE_GUILD_MEMBER = 50961
S_REMOVE_SOUND_BYNAME = 59150
S_RENAME_ITEMSTRING_START = 20551
S_REPLY_GUILD_LIST = 60886
S_REPLY_GUILD_WANTED_WRITING_LIST = 59981
S_REPLY_INVITE_GUILD_LIST = 22655
S_REPLY_NONDB_ITEM_INFO = 43346
S_REPLY_REQUEST_CONTRACT = 50417
S_REPLY_RET_VILLAGE_INFO = 27428
S_REPLY_SET_GUILD_WANTED_WRITING = 41032
S_REQUEST_CHANGE_PARTY_MATCH_RULE = 64950
S_REQUEST_CITY_WAR_MAP_INFO = 34035
S_REQUEST_CITY_WAR_MAP_INFO_DETAIL = 60511
S_REQUEST_CITY_WAR_MAP_INFO_END = 59020
S_REQUEST_CONTRACT = 62323
S_REQUEST_COOLTIME_TO_JOIN_GUILD = 56505
S_REQUEST_DEMOLIST_GUILD_TOWER_POPUP = 58209
S_REQUEST_DUNGEON_MATCHING_UI = 50477
S_REQUEST_FLOATING_CASTLE_PARTS_COOL_TIME = 62395
S_REQUEST_GUILD_FLAG_IMAGE_DATA = 30962
S_REQUEST_GUILD_INFO_BEFORE_APPLY_GUILD = 56259
S_REQUEST_INGAMESTORE_PRODUCT_DETAIL = 24606
S_REQUEST_INGAMESTORE_SALE_PRODUCTLIST = 46145
S_REQUEST_INVITE_GUILD_TAG = 21853
S_REQUEST_JOINED_CHANNEL_LIST = 30360
S_REQUEST_JOIN_GUILD_NOTICE = 41972
S_REQUEST_NAME_PREEMPTION = 20974
S_REQUEST_PRIVATE_CHANNEL_INFO = 30058
S_REQUEST_REACTION_POS_TICK = 38587
S_REQUEST_RENEW_ALL_PARTS_ITEM = 62136
S_REQUEST_SECOND_PASSWORD_AUTH = 23756
S_REQUEST_SECOND_PASSWORD_REGISTER = 24144
S_REQUEST_STYLE_SHOP_MARK_PRODUCTLIST = 49845
S_REQUEST_UPDATE_CUSTOM_USER_CUSTOMIZING = 37123
S_REQUEST_WRITE_BOARD_RESULT = 34853
S_RESET_ALL_PRODUCT_MARK_EVENT = 30363
S_RESET_EP_PERK = 24235
S_RESET_GUILD_PERK = 46721
S_RESET_SKILL = 26420
S_RESPONSE_ACCESSORY_COST_INFO = 27200
S_RESPONSE_GAMESTAT_PONG = 49721
S_RESULT_BATTLE_FIELD_CHAT_BAN = 59494
S_RESULT_BIDDING_DICE_THROW = 21953
S_RESULT_CHANGE_CHARACTER_NAME = 33582
S_RESULT_CHANGE_DUAL_OPTION_IDX = 25082
S_RESULT_CHANGE_FRIEND_MEMO = 38925
S_RESULT_CHANGE_MY_PROFILE = 39746
S_RESULT_ENCHANT = 41732
S_RESULT_EQUIPMENT_INHERITANCE = 39298
S_RESULT_EVENT_SEED = 45683
S_RESULT_EVOLUTION = 30886
S_RESULT_GROUP_DUEL_MSG = 49675
S_RESULT_ITEM_BIDDING = 36086
S_RESULT_ITEM_COLORING = 54835
S_RESULT_LEARN_GUILD_PERK = 24166
S_RESULT_MATERIAL_AWAKEN = 36505
S_RESULT_OPEN_DUAL_OPTION = 52257
S_RESULT_RENAME_GUILD = 61851
S_RESULT_REPAIR_ITEM = 40894
S_RESULT_SEREN_GUIDE = 49264
S_RESULT_USABLE_CHARACTER_NAME = 55226
S_RESULT_USABLE_GUILD_NAME = 35503
S_RETURN_PARCEL = 60175
S_RETURN_TO_LOBBY = 38837
S_RETURN_USER = 47681
S_RETURN_USER_REWARD_END = 44644
S_REWARDNPC_SPAWN_ALARM = 31343
S_REWRITE_ITEM_STRING = 47360
S_RIGHT_ITEM_LIST = 33468
S_ROUND_PVE_BATTLE_FIELD_BOARD = 36907
S_ROUND_PVE_CLOSE_SKILL_UI = 27199
S_ROUND_PVE_OPEN_SKILL_UI = 54798
S_ROUND_PVE_SCORE = 23017
S_ROUND_PVP_BATTLE_FIELD_BOARD = 36570
S_ROUND_RESULT = 29094
S_ROUND_START = 32649
S_RP_ADD_ITEM_TO_DECOMPOSITION_CONTRACT = 51289
S_RP_COMMIT_DECOMPOSITION_CONTRACT = 55847
S_RP_DEL_ITEM_FROM_DECOMPOSITION_CONTRACT = 50511
S_RP_START_SOCIAL_ON_PROGRESS_DECOMPOSITION = 51885
S_RP_UPDATE_ITEM_TO_DECOMPOSITION_CONTRACT = 49605
S_SCENARIO_DUNGEON_UI = 49372
S_SECOND_PASSWORD_AUTH_RESULT = 45553
S_SECOND_PASSWORD_REGISTER_RESULT = 31516
S_SELECT_CHANNEL = 26200
S_SELECT_EVENT_MATCHING = 40995
S_SELECT_USER = 22598
S_SEND_CHANGE_REPUTATION_EXP = 51796
S_SEND_CHANGE_REPUTATION_POINT = 27329
S_SEND_PARCEL = 46188
S_SEND_PARCEL_TAX = 30928
S_SEND_QUEST_ITEM_INFO = 55804
S_SEND_ROUND_PVE_SKILL_LIST = 46779
S_SEND_USER_PLAY_TIME = 43154
S_SEND_VIP_SYSTEM_INFO = 57943
S_SERVANT_ABILITY = 54735
S_SERVER_TIME = 32583
S_SET_AWESOMIUM_WEB_URL = 46855
S_SET_FLY_MOVE_INFO = 40590
S_SET_GUILD_JOIN_CONDITION = 28080
S_SET_ITEM_BIDDING_FLAG = 29590
S_SET_ITEM_STRING = 37367
S_SET_KUMAS_BATTLE_FIELD_TREASURE_SCORE = 29095
S_SET_NEW_TERA_USER = 33713
S_SET_POS = 23393
S_SET_RECIPE_BOOKMARK = 63377
S_SET_SEND_PARCEL_ITEM = 49259
S_SET_SEND_PARCEL_MONEY = 35241
S_SET_VISIBLE = 41053
S_SET_WORKOBJECT = 52732
S_SHARE_USER_PING = 36542
S_SHORTCUT_CHANGE = 56972
S_SHOW_ARTISAN_MENU = 23450
S_SHOW_AWESOMIUMWEB_SHOP = 37464
S_SHOW_CANDIDATE_LIST = 24331
S_SHOW_CHANGE_CHARACTER_UI = 56431
S_SHOW_CREST_LEARN = 47255
S_SHOW_DARKRIFT_USER_HP = 61412
S_SHOW_DEAD_CITY_WAR_UI = 48125
S_SHOW_DEAD_UI = 47517
S_SHOW_DUNGEON_RETRY_UI = 47714
S_SHOW_GAGE = 27773
S_SHOW_GUILD_QUEST_LIST = 29246
S_SHOW_HP = 52448
S_SHOW_ITEM_TOOLTIP = 45513
S_SHOW_NPC_TO_MAP = 51554
S_SHOW_PARCEL_MESSAGE = 30987
S_SHOW_PARTY_MATCH_INFO = 64792
S_SHOW_PCBANG_ICON = 21494
S_SHOW_PEGASUS_MAP = 46757
S_SHOW_REVIVE_UI = 23108
S_SHOW_TEMPER_WINDOW = 38377
S_SHOW_TRADE_ITEM = 29127
S_SHOW_TRADE_LOG = 39513
S_SHOW_USER_EP_INFO = 27647
S_SIMPLE_TIP_REPEAT_CHECK = 58872
S_SKILL_ATTENTION_TARGET = 59333
S_SKILL_CATEGORY = 60610
S_SKILL_CHASE_EFFECT_TARGET = 22006
S_SKILL_FORGET = 33384
S_SKILL_LEARN_LIST = 39133
S_SKILL_LEARN_RESULT = 55833
S_SKILL_LIST = 40371
S_SKILL_PERIOD = 22283
S_SKILL_TARGETING_AREA = 38250
S_SNOW_EVENT_BATTLE_FIELD_BOARD = 31088
S_SNOW_EVENT_BATTLE_FIELD_SPAWN_USER = 29119
S_SOCIAL = 36744
S_SOCIAL_CANCEL = 48500
S_SOCIAL_FORGET = 36460
S_SOCIAL_LEARN_RESULT = 41583
S_SPAWN_BONFIRE = 33541
S_SPAWN_BUILD_OBJECT = 58328
S_SPAWN_COLLECTION = 35436
S_SPAWN_DOOR = 53455
S_SPAWN_DROPITEM = 59170
S_SPAWN_EVENT_SEED = 39719
S_SPAWN_GAMBLE_BOX = 38939
S_SPAWN_ME = 45735
S_SPAWN_NPC = 36555
S_SPAWN_PET = 40381
S_SPAWN_PROJECTILE = 58724
S_SPAWN_REMOTE_PROJECTILE = 27116
S_SPAWN_SERVANT = 51549
S_SPAWN_SHUTTLE = 29330
S_SPAWN_STATUE = 41035
S_SPAWN_USER = 54727
S_SPAWN_WORKOBJECT = 21841
S_STAGE_RESULT = 63399
S_START_ACTION_SCRIPT = 56592
S_START_CHANGE_USER_APPEARANCE = 54147
S_START_CHAT_BAN = 46541
S_START_CHAT_BAN_INFINITY = 35707
S_START_CLIENT_CUSTOM_SKILL = 34841
S_START_CLIMBING = 63521
S_START_COMMANDER_SKILL = 59045
S_START_COOLTIME_ITEM = 23498
S_START_COOLTIME_SKILL = 28308
S_START_DRIVE_AIRSHIP = 56162
S_START_FISHING_CHARGE = 40114
S_START_FISHING_MINIGAME = 46037
S_START_FIX_SPIRIT = 40782
S_START_FIX_VEHICLE = 29386
S_START_GUILD_QUEST = 51544
S_START_GUILD_WAR = 48650
S_START_INVERSE_CAPTURE = 53524
S_START_LEVEL_COMPENSATION = 48875
S_START_PEGASUS = 59860
S_START_PRODUCE = 24467
S_START_ROUND_PVE_ROUND = 35838
S_START_STACK_ATTENDANCE_EVENT_INFO = 46704
S_START_USER_PROJECTILE = 39262
S_START_VM_BUY = 56010
S_START_VM_SELL = 42467
S_STEER_DEBUG_COMMAND = 39279
S_STICK_TO_USER_END = 44234
S_STICK_TO_USER_START = 63334
S_STOP_VM = 59453
S_STORE_BASKET = 53416
S_STORE_SELL_LIST = 59433
S_STRONGHOLD_OCCUPATION_BATTLE_FIELD_BOARD = 34513
S_STRONGHOLD_OCCUPATION_BATTLE_FIELD_STRONGHOLD_INFO = 26417
S_STR_EVALUATE_LIST = 40168
S_STYLE_SHOP_BUY_TCAT_ITEM = 60559
S_SUCCESS_COUNTER = 23864
S_SUCCESS_STYLE_SHOP_BUY_REPUTATION_ITEM = 31865
S_SUGGEST_DARK_RIFT_PARTY_MATCHING = 39068
S_SURVEY_QUESTION = 47864
S_SWITCH_INFO = 61749
S_SYNC_PEGASUS_TIME = 41228
S_SYSTEM_MESSAGE = 43978
S_SYSTEM_MESSAGE_CUSTOM = 53679
S_SYSTEM_MESSAGE_LOOT_ITEM = 64335
S_SYSTEM_MESSAGE_LOOT_SPECIAL_ITEM = 55950
S_SYSTEM_REWARD_MESSAGE = 35041
S_SYS_PARTY_INFO = 20957
S_TARGET_INFO = 36984
S_TASK_INFO_GUARD = 27354
S_TAX_INFO = 56358
S_TELEPORT_TO_CAMP = 31446
S_TEMPER_MATERIALS = 20367
S_TEMPER_RESULT = 61572
S_TERRITORY_STEP_ENTER = 56037
S_TERRITORY_STEP_LEAVE = 41193
S_TERRITORY_STEP_PROGRESS = 63660
S_TIMEOVER_CONTRACT = 54588
S_TOGGLE_TASK_INFO_WINDOW = 23432
S_TOKEN_POINT_STATUS = 45249
S_TOTAL_GUILD_WAR_DATA = 64424
S_TRADE_ACCEPT = 38120
S_TRADE_BAG_CLOSE = 32308
S_TRADE_BAG_DONE = 22554
S_TRADE_BOX = 31054
S_TRADE_BROKER_BOUGHT_ITEM_LIST = 59152
S_TRADE_BROKER_BUY_IT_NOW = 63839
S_TRADE_BROKER_CALC_NOTIFY = 61144
S_TRADE_BROKER_DEAL_INFO_UPDATE = 24475
S_TRADE_BROKER_DEAL_SUGGESTED = 44304
S_TRADE_BROKER_HIGHEST_ITEM_LEVEL = 50939
S_TRADE_BROKER_HISTORY_ITEM_LIST = 40090
S_TRADE_BROKER_INPUT_PRICE = 20216
S_TRADE_BROKER_REGISTERED_ITEM_LIST = 47913
S_TRADE_BROKER_REQUEST_DEAL_RESULT = 60605
S_TRADE_BROKER_SOLD_ITEM_LIST = 51996
S_TRADE_BROKER_SUGGEST_DEAL = 53895
S_TRADE_BROKER_WAITING_ITEM_LIST = 33708
S_TRADE_MESSAGE = 26516
S_TRANSFER_KUMAS_BATTLE_FIELD_TREASURE = 47319
S_TUTORIAL_PLAY_FINISHED = 39505
S_UNICAST_FLOATING_CASTLE_INFO = 48966
S_UNICAST_FLOATING_CASTLE_NAMEPLATE = 64921
S_UNICAST_TRANSFORM_DATA = 58833
S_UNMOUNT_VEHICLE = 30672
S_UNMOUNT_VEHICLE_EX = 27514
S_UNREGISTER_ENCHANT_ITEM = 55468
S_UNREGISTER_EVOLUTION_ITEM = 37687
S_UNREGISTER_REPAIR_ITEM = 53814
S_UPDATE_ACHIEVEMENT_PROGRESS = 35027
S_UPDATE_BIDDING_COUNT = 36876
S_UPDATE_CONTENTS_ON_OFF = 34306
S_UPDATE_EVENT_MATCHING_BONUS_INFO = 22612
S_UPDATE_EVENT_SEED_STATE = 59983
S_UPDATE_EVENT_SYSTEM = 49915
S_UPDATE_FRIENDSHIP_GAGE = 35551
S_UPDATE_FRIEND_INFO = 23047
S_UPDATE_GAMBLE_BOX_STATE = 50729
S_UPDATE_GUILD_ANNOUNCE = 22169
S_UPDATE_GUILD_FLAG = 24900
S_UPDATE_GUILD_GROUP = 40182
S_UPDATE_GUILD_MEMBER = 61666
S_UPDATE_GUILD_QUEST_STATUS = 43246
S_UPDATE_GUILD_TOWER_INFO = 21639
S_UPDATE_KUMAS_BATTLE_FIELD_TREASURE_INFO = 62777
S_UPDATE_KUMAS_BOSS_POS = 55071
S_UPDATE_NPCGUILD = 34972
S_UPDATE_PARTY_MEMBER_QUEST_DATA = 55174
S_UPDATE_QUEST = 63999
S_UPDATE_STACK_ATTENDANCE_EVENT_INFO = 28218
S_UPDATE_STACK_ATTENDANCE_EVENT_RESET_TIME = 22638
S_UPDATE_STYLE_SHOP_MARK_PRODUCT = 54393
S_UPDATE_USER_AWAKEN_GRADE = 56929
S_UPDATE_VM_SELLBUY_WINDOW = 32938
S_UPDATE_VM_SETTING_WINDOW = 36395
S_UPDATE_VM_STATUS = 46213
S_USER_AIM = 24449
S_USER_AIM_TO = 62731
S_USER_APPEARANCE_CHANGE = 35056
S_USER_BLOCK_LIST = 42533
S_USER_CHANGE_FACE_CUSTOM = 49077
S_USER_CHANGE_NAME = 38299
S_USER_DEATH = 26940
S_USER_EFFECT = 58076
S_USER_EXTERNAL_CHANGE = 63612
S_USER_FLYING_LOCATION = 32076
S_USER_ITEMLEVEL_INFO = 23349
S_USER_ITEM_EQUIP_CHANGER = 37167
S_USER_LEVELUP = 37463
S_USER_LOCATION = 64160
S_USER_LOCATION_IN_ACTION = 49040
S_USER_MOVETYPE = 38190
S_USER_PAPERDOLL_INFO = 59462
S_USER_PVE_RANKING = 25934
S_USER_PVP_RANKING = 62564
S_USER_REPORT = 54839
S_USER_SITUATION = 28640
S_USER_STATUS = 24662
S_USER_WEAPON_APPEARANCE_CHANGE = 44151
S_USE_CHRONOSCROLL_RESULT = 30694
S_USE_COUPON = 41647
S_USE_RIGHT_ITEM = 37535
S_VEHICLE_EX_ARROW = 45198
S_VERSION_INFO = 25100
S_VIEW_BATTLE_FIELD_RESULT = 61403
S_VIEW_GUILD_WAR = 45230
S_VIEW_INTER_PARTY_MATCH_BATTLEFIELD_LIST = 56691
S_VIEW_INTER_PARTY_MATCH_DUNGOEN_LIST = 56026
S_VIEW_PARTY_INVITE = 65401
S_VIEW_VM_SETTING_WINDOW = 32346
S_VIEW_WARE = 61054
S_VIEW_WARE_EX = 45349
S_VILLAGER_BUFF_INFO = 63861
S_VILLAGER_POPUP_DIALOG = 38399
S_VILLAGE_LIST_TO_TELEPORT = 30308
S_VIP_STORE_ITEM_LIST = 61863
S_VISITED_SECTION_LIST = 47269
S_VISIT_NEW_SECTION = 35820
S_VISIT_NEW_TEL_CAMP = 26446
S_VM_BUY_BASKET_INFO = 64661
S_VM_SELL_BASKET_INFO = 58808
S_VOID_GUARD_INFO = 35419
S_VOTE_DISMISS_PARTY = 31184
S_VOTE_HISTORY = 39370
S_VOTE_RESET_ALL_DUNGEON = 40932
S_VOTE_TO_DUNGEON_MENTO = 29739
S_WAITING_LIST = 54692
S_WATCHED_MOVIES = 28393
S_WEAK_POINT = 58439
S_WELCOME_PET_OWNER = 20055
S_WHISPER = 21083
S_WORK_WORKOBJECT = 36126
S_WORLD_OF_TANK_BATTLE_FIELD_BOARD = 27592
S_WORLD_OF_TANK_BATTLE_FIELD_RESULT = 46484
S_WORLD_QUEST_VILLAGER_INFO = 40152
